13:34:08 **** Build of configuration Debug for project microsd_spi_fatfs ****
make -j15 all 
arm-none-eabi-gcc "../USB_DEVICE/Target/usbd_conf.c" -mcpu=cortex-m7 -std=gnu11 -g3 -DDEBUG -DUSE_HAL_DRIVER -DSTM32F722xx -c -I../Core/Inc -I/Users/liufangzheng/STM32Cube/Repository/STM32Cube_FW_F7_V1.17.3/Drivers/STM32F7xx_HAL_Driver/Inc -I/Users/liufangzheng/STM32Cube/Repository/STM32Cube_FW_F7_V1.17.3/Drivers/STM32F7xx_HAL_Driver/Inc/Legacy -I/Users/liufangzheng/STM32Cube/Repository/STM32Cube_FW_F7_V1.17.3/Drivers/CMSIS/Device/ST/STM32F7xx/Include -I/Users/liufangzheng/STM32Cube/Repository/STM32Cube_FW_F7_V1.17.3/Drivers/CMSIS/Include -I../FATFS/Target -I../FATFS/App -I../USB_DEVICE/App -I../USB_DEVICE/Target -I/Users/liufangzheng/STM32Cube/Repository/STM32Cube_FW_F7_V1.17.3/Middlewares/Third_Party/FatFs/src -I/Users/liufangzheng/STM32Cube/Repository/STM32Cube_FW_F7_V1.17.3/Middlewares/ST/STM32_USB_Device_Library/Core/Inc -I/Users/liufangzheng/STM32Cube/Repository/STM32Cube_FW_F7_V1.17.3/Middlewares/ST/STM32_USB_Device_Library/Class/CDC/Inc -O0 -ffunction-sections -fdata-sections -Wall -fstack-usage -fcyclomatic-complexity -MMD -MP -MF"USB_DEVICE/Target/usbd_conf.d" -MT"USB_DEVICE/Target/usbd_conf.o" --specs=nano.specs -mfpu=fpv5-sp-d16 -mfloat-abi=hard -mthumb -o "USB_DEVICE/Target/usbd_conf.o"
arm-none-eabi-gcc "../USB_DEVICE/App/usb_device.c" -mcpu=cortex-m7 -std=gnu11 -g3 -DDEBUG -DUSE_HAL_DRIVER -DSTM32F722xx -c -I../Core/Inc -I/Users/liufangzheng/STM32Cube/Repository/STM32Cube_FW_F7_V1.17.3/Drivers/STM32F7xx_HAL_Driver/Inc -I/Users/liufangzheng/STM32Cube/Repository/STM32Cube_FW_F7_V1.17.3/Drivers/STM32F7xx_HAL_Driver/Inc/Legacy -I/Users/liufangzheng/STM32Cube/Repository/STM32Cube_FW_F7_V1.17.3/Drivers/CMSIS/Device/ST/STM32F7xx/Include -I/Users/liufangzheng/STM32Cube/Repository/STM32Cube_FW_F7_V1.17.3/Drivers/CMSIS/Include -I../FATFS/Target -I../FATFS/App -I../USB_DEVICE/App -I../USB_DEVICE/Target -I/Users/liufangzheng/STM32Cube/Repository/STM32Cube_FW_F7_V1.17.3/Middlewares/Third_Party/FatFs/src -I/Users/liufangzheng/STM32Cube/Repository/STM32Cube_FW_F7_V1.17.3/Middlewares/ST/STM32_USB_Device_Library/Core/Inc -I/Users/liufangzheng/STM32Cube/Repository/STM32Cube_FW_F7_V1.17.3/Middlewares/ST/STM32_USB_Device_Library/Class/CDC/Inc -O0 -ffunction-sections -fdata-sections -Wall -fstack-usage -fcyclomatic-complexity -MMD -MP -MF"USB_DEVICE/App/usb_device.d" -MT"USB_DEVICE/App/usb_device.o" --specs=nano.specs -mfpu=fpv5-sp-d16 -mfloat-abi=hard -mthumb -o "USB_DEVICE/App/usb_device.o"
arm-none-eabi-gcc "../USB_DEVICE/App/usbd_cdc_if.c" -mcpu=cortex-m7 -std=gnu11 -g3 -DDEBUG -DUSE_HAL_DRIVER -DSTM32F722xx -c -I../Core/Inc -I/Users/liufangzheng/STM32Cube/Repository/STM32Cube_FW_F7_V1.17.3/Drivers/STM32F7xx_HAL_Driver/Inc -I/Users/liufangzheng/STM32Cube/Repository/STM32Cube_FW_F7_V1.17.3/Drivers/STM32F7xx_HAL_Driver/Inc/Legacy -I/Users/liufangzheng/STM32Cube/Repository/STM32Cube_FW_F7_V1.17.3/Drivers/CMSIS/Device/ST/STM32F7xx/Include -I/Users/liufangzheng/STM32Cube/Repository/STM32Cube_FW_F7_V1.17.3/Drivers/CMSIS/Include -I../FATFS/Target -I../FATFS/App -I../USB_DEVICE/App -I../USB_DEVICE/Target -I/Users/liufangzheng/STM32Cube/Repository/STM32Cube_FW_F7_V1.17.3/Middlewares/Third_Party/FatFs/src -I/Users/liufangzheng/STM32Cube/Repository/STM32Cube_FW_F7_V1.17.3/Middlewares/ST/STM32_USB_Device_Library/Core/Inc -I/Users/liufangzheng/STM32Cube/Repository/STM32Cube_FW_F7_V1.17.3/Middlewares/ST/STM32_USB_Device_Library/Class/CDC/Inc -O0 -ffunction-sections -fdata-sections -Wall -fstack-usage -fcyclomatic-complexity -MMD -MP -MF"USB_DEVICE/App/usbd_cdc_if.d" -MT"USB_DEVICE/App/usbd_cdc_if.o" --specs=nano.specs -mfpu=fpv5-sp-d16 -mfloat-abi=hard -mthumb -o "USB_DEVICE/App/usbd_cdc_if.o"
arm-none-eabi-gcc "../USB_DEVICE/App/usbd_desc.c" -mcpu=cortex-m7 -std=gnu11 -g3 -DDEBUG -DUSE_HAL_DRIVER -DSTM32F722xx -c -I../Core/Inc -I/Users/liufangzheng/STM32Cube/Repository/STM32Cube_FW_F7_V1.17.3/Drivers/STM32F7xx_HAL_Driver/Inc -I/Users/liufangzheng/STM32Cube/Repository/STM32Cube_FW_F7_V1.17.3/Drivers/STM32F7xx_HAL_Driver/Inc/Legacy -I/Users/liufangzheng/STM32Cube/Repository/STM32Cube_FW_F7_V1.17.3/Drivers/CMSIS/Device/ST/STM32F7xx/Include -I/Users/liufangzheng/STM32Cube/Repository/STM32Cube_FW_F7_V1.17.3/Drivers/CMSIS/Include -I../FATFS/Target -I../FATFS/App -I../USB_DEVICE/App -I../USB_DEVICE/Target -I/Users/liufangzheng/STM32Cube/Repository/STM32Cube_FW_F7_V1.17.3/Middlewares/Third_Party/FatFs/src -I/Users/liufangzheng/STM32Cube/Repository/STM32Cube_FW_F7_V1.17.3/Middlewares/ST/STM32_USB_Device_Library/Core/Inc -I/Users/liufangzheng/STM32Cube/Repository/STM32Cube_FW_F7_V1.17.3/Middlewares/ST/STM32_USB_Device_Library/Class/CDC/Inc -O0 -ffunction-sections -fdata-sections -Wall -fstack-usage -fcyclomatic-complexity -MMD -MP -MF"USB_DEVICE/App/usbd_desc.d" -MT"USB_DEVICE/App/usbd_desc.o" --specs=nano.specs -mfpu=fpv5-sp-d16 -mfloat-abi=hard -mthumb -o "USB_DEVICE/App/usbd_desc.o"
arm-none-eabi-gcc "/Users/liufangzheng/STM32Cube/Repository/STM32Cube_FW_F7_V1.17.3/Middlewares/ST/STM32_USB_Device_Library/Class/CDC/Src/usbd_cdc.c" -mcpu=cortex-m7 -std=gnu11 -g3 -DDEBUG -DUSE_HAL_DRIVER -DSTM32F722xx -c -I../Core/Inc -I/Users/liufangzheng/STM32Cube/Repository/STM32Cube_FW_F7_V1.17.3/Drivers/STM32F7xx_HAL_Driver/Inc -I/Users/liufangzheng/STM32Cube/Repository/STM32Cube_FW_F7_V1.17.3/Drivers/STM32F7xx_HAL_Driver/Inc/Legacy -I/Users/liufangzheng/STM32Cube/Repository/STM32Cube_FW_F7_V1.17.3/Drivers/CMSIS/Device/ST/STM32F7xx/Include -I/Users/liufangzheng/STM32Cube/Repository/STM32Cube_FW_F7_V1.17.3/Drivers/CMSIS/Include -I../FATFS/Target -I../FATFS/App -I../USB_DEVICE/App -I../USB_DEVICE/Target -I/Users/liufangzheng/STM32Cube/Repository/STM32Cube_FW_F7_V1.17.3/Middlewares/Third_Party/FatFs/src -I/Users/liufangzheng/STM32Cube/Repository/STM32Cube_FW_F7_V1.17.3/Middlewares/ST/STM32_USB_Device_Library/Core/Inc -I/Users/liufangzheng/STM32Cube/Repository/STM32Cube_FW_F7_V1.17.3/Middlewares/ST/STM32_USB_Device_Library/Class/CDC/Inc -O0 -ffunction-sections -fdata-sections -Wall -fstack-usage -fcyclomatic-complexity -MMD -MP -MF"Middlewares/USB_Device_Library/usbd_cdc.d" -MT"Middlewares/USB_Device_Library/usbd_cdc.o" --specs=nano.specs -mfpu=fpv5-sp-d16 -mfloat-abi=hard -mthumb -o "Middlewares/USB_Device_Library/usbd_cdc.o"
arm-none-eabi-gcc "/Users/liufangzheng/STM32Cube/Repository/STM32Cube_FW_F7_V1.17.3/Middlewares/ST/STM32_USB_Device_Library/Core/Src/usbd_core.c" -mcpu=cortex-m7 -std=gnu11 -g3 -DDEBUG -DUSE_HAL_DRIVER -DSTM32F722xx -c -I../Core/Inc -I/Users/liufangzheng/STM32Cube/Repository/STM32Cube_FW_F7_V1.17.3/Drivers/STM32F7xx_HAL_Driver/Inc -I/Users/liufangzheng/STM32Cube/Repository/STM32Cube_FW_F7_V1.17.3/Drivers/STM32F7xx_HAL_Driver/Inc/Legacy -I/Users/liufangzheng/STM32Cube/Repository/STM32Cube_FW_F7_V1.17.3/Drivers/CMSIS/Device/ST/STM32F7xx/Include -I/Users/liufangzheng/STM32Cube/Repository/STM32Cube_FW_F7_V1.17.3/Drivers/CMSIS/Include -I../FATFS/Target -I../FATFS/App -I../USB_DEVICE/App -I../USB_DEVICE/Target -I/Users/liufangzheng/STM32Cube/Repository/STM32Cube_FW_F7_V1.17.3/Middlewares/Third_Party/FatFs/src -I/Users/liufangzheng/STM32Cube/Repository/STM32Cube_FW_F7_V1.17.3/Middlewares/ST/STM32_USB_Device_Library/Core/Inc -I/Users/liufangzheng/STM32Cube/Repository/STM32Cube_FW_F7_V1.17.3/Middlewares/ST/STM32_USB_Device_Library/Class/CDC/Inc -O0 -ffunction-sections -fdata-sections -Wall -fstack-usage -fcyclomatic-complexity -MMD -MP -MF"Middlewares/USB_Device_Library/usbd_core.d" -MT"Middlewares/USB_Device_Library/usbd_core.o" --specs=nano.specs -mfpu=fpv5-sp-d16 -mfloat-abi=hard -mthumb -o "Middlewares/USB_Device_Library/usbd_core.o"
arm-none-eabi-gcc "/Users/liufangzheng/STM32Cube/Repository/STM32Cube_FW_F7_V1.17.3/Middlewares/ST/STM32_USB_Device_Library/Core/Src/usbd_ctlreq.c" -mcpu=cortex-m7 -std=gnu11 -g3 -DDEBUG -DUSE_HAL_DRIVER -DSTM32F722xx -c -I../Core/Inc -I/Users/liufangzheng/STM32Cube/Repository/STM32Cube_FW_F7_V1.17.3/Drivers/STM32F7xx_HAL_Driver/Inc -I/Users/liufangzheng/STM32Cube/Repository/STM32Cube_FW_F7_V1.17.3/Drivers/STM32F7xx_HAL_Driver/Inc/Legacy -I/Users/liufangzheng/STM32Cube/Repository/STM32Cube_FW_F7_V1.17.3/Drivers/CMSIS/Device/ST/STM32F7xx/Include -I/Users/liufangzheng/STM32Cube/Repository/STM32Cube_FW_F7_V1.17.3/Drivers/CMSIS/Include -I../FATFS/Target -I../FATFS/App -I../USB_DEVICE/App -I../USB_DEVICE/Target -I/Users/liufangzheng/STM32Cube/Repository/STM32Cube_FW_F7_V1.17.3/Middlewares/Third_Party/FatFs/src -I/Users/liufangzheng/STM32Cube/Repository/STM32Cube_FW_F7_V1.17.3/Middlewares/ST/STM32_USB_Device_Library/Core/Inc -I/Users/liufangzheng/STM32Cube/Repository/STM32Cube_FW_F7_V1.17.3/Middlewares/ST/STM32_USB_Device_Library/Class/CDC/Inc -O0 -ffunction-sections -fdata-sections -Wall -fstack-usage -fcyclomatic-complexity -MMD -MP -MF"Middlewares/USB_Device_Library/usbd_ctlreq.d" -MT"Middlewares/USB_Device_Library/usbd_ctlreq.o" --specs=nano.specs -mfpu=fpv5-sp-d16 -mfloat-abi=hard -mthumb -o "Middlewares/USB_Device_Library/usbd_ctlreq.o"
arm-none-eabi-gcc "/Users/liufangzheng/STM32Cube/Repository/STM32Cube_FW_F7_V1.17.3/Middlewares/ST/STM32_USB_Device_Library/Core/Src/usbd_ioreq.c" -mcpu=cortex-m7 -std=gnu11 -g3 -DDEBUG -DUSE_HAL_DRIVER -DSTM32F722xx -c -I../Core/Inc -I/Users/liufangzheng/STM32Cube/Repository/STM32Cube_FW_F7_V1.17.3/Drivers/STM32F7xx_HAL_Driver/Inc -I/Users/liufangzheng/STM32Cube/Repository/STM32Cube_FW_F7_V1.17.3/Drivers/STM32F7xx_HAL_Driver/Inc/Legacy -I/Users/liufangzheng/STM32Cube/Repository/STM32Cube_FW_F7_V1.17.3/Drivers/CMSIS/Device/ST/STM32F7xx/Include -I/Users/liufangzheng/STM32Cube/Repository/STM32Cube_FW_F7_V1.17.3/Drivers/CMSIS/Include -I../FATFS/Target -I../FATFS/App -I../USB_DEVICE/App -I../USB_DEVICE/Target -I/Users/liufangzheng/STM32Cube/Repository/STM32Cube_FW_F7_V1.17.3/Middlewares/Third_Party/FatFs/src -I/Users/liufangzheng/STM32Cube/Repository/STM32Cube_FW_F7_V1.17.3/Middlewares/ST/STM32_USB_Device_Library/Core/Inc -I/Users/liufangzheng/STM32Cube/Repository/STM32Cube_FW_F7_V1.17.3/Middlewares/ST/STM32_USB_Device_Library/Class/CDC/Inc -O0 -ffunction-sections -fdata-sections -Wall -fstack-usage -fcyclomatic-complexity -MMD -MP -MF"Middlewares/USB_Device_Library/usbd_ioreq.d" -MT"Middlewares/USB_Device_Library/usbd_ioreq.o" --specs=nano.specs -mfpu=fpv5-sp-d16 -mfloat-abi=hard -mthumb -o "Middlewares/USB_Device_Library/usbd_ioreq.o"
arm-none-eabi-gcc "/Users/liufangzheng/STM32Cube/Repository/STM32Cube_FW_F7_V1.17.3/Middlewares/Third_Party/FatFs/src/diskio.c" -mcpu=cortex-m7 -std=gnu11 -g3 -DDEBUG -DUSE_HAL_DRIVER -DSTM32F722xx -c -I../Core/Inc -I/Users/liufangzheng/STM32Cube/Repository/STM32Cube_FW_F7_V1.17.3/Drivers/STM32F7xx_HAL_Driver/Inc -I/Users/liufangzheng/STM32Cube/Repository/STM32Cube_FW_F7_V1.17.3/Drivers/STM32F7xx_HAL_Driver/Inc/Legacy -I/Users/liufangzheng/STM32Cube/Repository/STM32Cube_FW_F7_V1.17.3/Drivers/CMSIS/Device/ST/STM32F7xx/Include -I/Users/liufangzheng/STM32Cube/Repository/STM32Cube_FW_F7_V1.17.3/Drivers/CMSIS/Include -I../FATFS/Target -I../FATFS/App -I../USB_DEVICE/App -I../USB_DEVICE/Target -I/Users/liufangzheng/STM32Cube/Repository/STM32Cube_FW_F7_V1.17.3/Middlewares/Third_Party/FatFs/src -I/Users/liufangzheng/STM32Cube/Repository/STM32Cube_FW_F7_V1.17.3/Middlewares/ST/STM32_USB_Device_Library/Core/Inc -I/Users/liufangzheng/STM32Cube/Repository/STM32Cube_FW_F7_V1.17.3/Middlewares/ST/STM32_USB_Device_Library/Class/CDC/Inc -O0 -ffunction-sections -fdata-sections -Wall -fstack-usage -fcyclomatic-complexity -MMD -MP -MF"Middlewares/FatFs/diskio.d" -MT"Middlewares/FatFs/diskio.o" --specs=nano.specs -mfpu=fpv5-sp-d16 -mfloat-abi=hard -mthumb -o "Middlewares/FatFs/diskio.o"
arm-none-eabi-gcc "/Users/liufangzheng/STM32Cube/Repository/STM32Cube_FW_F7_V1.17.3/Middlewares/Third_Party/FatFs/src/ff.c" -mcpu=cortex-m7 -std=gnu11 -g3 -DDEBUG -DUSE_HAL_DRIVER -DSTM32F722xx -c -I../Core/Inc -I/Users/liufangzheng/STM32Cube/Repository/STM32Cube_FW_F7_V1.17.3/Drivers/STM32F7xx_HAL_Driver/Inc -I/Users/liufangzheng/STM32Cube/Repository/STM32Cube_FW_F7_V1.17.3/Drivers/STM32F7xx_HAL_Driver/Inc/Legacy -I/Users/liufangzheng/STM32Cube/Repository/STM32Cube_FW_F7_V1.17.3/Drivers/CMSIS/Device/ST/STM32F7xx/Include -I/Users/liufangzheng/STM32Cube/Repository/STM32Cube_FW_F7_V1.17.3/Drivers/CMSIS/Include -I../FATFS/Target -I../FATFS/App -I../USB_DEVICE/App -I../USB_DEVICE/Target -I/Users/liufangzheng/STM32Cube/Repository/STM32Cube_FW_F7_V1.17.3/Middlewares/Third_Party/FatFs/src -I/Users/liufangzheng/STM32Cube/Repository/STM32Cube_FW_F7_V1.17.3/Middlewares/ST/STM32_USB_Device_Library/Core/Inc -I/Users/liufangzheng/STM32Cube/Repository/STM32Cube_FW_F7_V1.17.3/Middlewares/ST/STM32_USB_Device_Library/Class/CDC/Inc -O0 -ffunction-sections -fdata-sections -Wall -fstack-usage -fcyclomatic-complexity -MMD -MP -MF"Middlewares/FatFs/ff.d" -MT"Middlewares/FatFs/ff.o" --specs=nano.specs -mfpu=fpv5-sp-d16 -mfloat-abi=hard -mthumb -o "Middlewares/FatFs/ff.o"
arm-none-eabi-gcc "/Users/liufangzheng/STM32Cube/Repository/STM32Cube_FW_F7_V1.17.3/Middlewares/Third_Party/FatFs/src/ff_gen_drv.c" -mcpu=cortex-m7 -std=gnu11 -g3 -DDEBUG -DUSE_HAL_DRIVER -DSTM32F722xx -c -I../Core/Inc -I/Users/liufangzheng/STM32Cube/Repository/STM32Cube_FW_F7_V1.17.3/Drivers/STM32F7xx_HAL_Driver/Inc -I/Users/liufangzheng/STM32Cube/Repository/STM32Cube_FW_F7_V1.17.3/Drivers/STM32F7xx_HAL_Driver/Inc/Legacy -I/Users/liufangzheng/STM32Cube/Repository/STM32Cube_FW_F7_V1.17.3/Drivers/CMSIS/Device/ST/STM32F7xx/Include -I/Users/liufangzheng/STM32Cube/Repository/STM32Cube_FW_F7_V1.17.3/Drivers/CMSIS/Include -I../FATFS/Target -I../FATFS/App -I../USB_DEVICE/App -I../USB_DEVICE/Target -I/Users/liufangzheng/STM32Cube/Repository/STM32Cube_FW_F7_V1.17.3/Middlewares/Third_Party/FatFs/src -I/Users/liufangzheng/STM32Cube/Repository/STM32Cube_FW_F7_V1.17.3/Middlewares/ST/STM32_USB_Device_Library/Core/Inc -I/Users/liufangzheng/STM32Cube/Repository/STM32Cube_FW_F7_V1.17.3/Middlewares/ST/STM32_USB_Device_Library/Class/CDC/Inc -O0 -ffunction-sections -fdata-sections -Wall -fstack-usage -fcyclomatic-complexity -MMD -MP -MF"Middlewares/FatFs/ff_gen_drv.d" -MT"Middlewares/FatFs/ff_gen_drv.o" --specs=nano.specs -mfpu=fpv5-sp-d16 -mfloat-abi=hard -mthumb -o "Middlewares/FatFs/ff_gen_drv.o"
arm-none-eabi-gcc "/Users/liufangzheng/STM32Cube/Repository/STM32Cube_FW_F7_V1.17.3/Middlewares/Third_Party/FatFs/src/option/syscall.c" -mcpu=cortex-m7 -std=gnu11 -g3 -DDEBUG -DUSE_HAL_DRIVER -DSTM32F722xx -c -I../Core/Inc -I/Users/liufangzheng/STM32Cube/Repository/STM32Cube_FW_F7_V1.17.3/Drivers/STM32F7xx_HAL_Driver/Inc -I/Users/liufangzheng/STM32Cube/Repository/STM32Cube_FW_F7_V1.17.3/Drivers/STM32F7xx_HAL_Driver/Inc/Legacy -I/Users/liufangzheng/STM32Cube/Repository/STM32Cube_FW_F7_V1.17.3/Drivers/CMSIS/Device/ST/STM32F7xx/Include -I/Users/liufangzheng/STM32Cube/Repository/STM32Cube_FW_F7_V1.17.3/Drivers/CMSIS/Include -I../FATFS/Target -I../FATFS/App -I../USB_DEVICE/App -I../USB_DEVICE/Target -I/Users/liufangzheng/STM32Cube/Repository/STM32Cube_FW_F7_V1.17.3/Middlewares/Third_Party/FatFs/src -I/Users/liufangzheng/STM32Cube/Repository/STM32Cube_FW_F7_V1.17.3/Middlewares/ST/STM32_USB_Device_Library/Core/Inc -I/Users/liufangzheng/STM32Cube/Repository/STM32Cube_FW_F7_V1.17.3/Middlewares/ST/STM32_USB_Device_Library/Class/CDC/Inc -O0 -ffunction-sections -fdata-sections -Wall -fstack-usage -fcyclomatic-complexity -MMD -MP -MF"Middlewares/FatFs/syscall.d" -MT"Middlewares/FatFs/syscall.o" --specs=nano.specs -mfpu=fpv5-sp-d16 -mfloat-abi=hard -mthumb -o "Middlewares/FatFs/syscall.o"
arm-none-eabi-gcc "../FATFS/Target/user_diskio.c" -mcpu=cortex-m7 -std=gnu11 -g3 -DDEBUG -DUSE_HAL_DRIVER -DSTM32F722xx -c -I../Core/Inc -I/Users/liufangzheng/STM32Cube/Repository/STM32Cube_FW_F7_V1.17.3/Drivers/STM32F7xx_HAL_Driver/Inc -I/Users/liufangzheng/STM32Cube/Repository/STM32Cube_FW_F7_V1.17.3/Drivers/STM32F7xx_HAL_Driver/Inc/Legacy -I/Users/liufangzheng/STM32Cube/Repository/STM32Cube_FW_F7_V1.17.3/Drivers/CMSIS/Device/ST/STM32F7xx/Include -I/Users/liufangzheng/STM32Cube/Repository/STM32Cube_FW_F7_V1.17.3/Drivers/CMSIS/Include -I../FATFS/Target -I../FATFS/App -I../USB_DEVICE/App -I../USB_DEVICE/Target -I/Users/liufangzheng/STM32Cube/Repository/STM32Cube_FW_F7_V1.17.3/Middlewares/Third_Party/FatFs/src -I/Users/liufangzheng/STM32Cube/Repository/STM32Cube_FW_F7_V1.17.3/Middlewares/ST/STM32_USB_Device_Library/Core/Inc -I/Users/liufangzheng/STM32Cube/Repository/STM32Cube_FW_F7_V1.17.3/Middlewares/ST/STM32_USB_Device_Library/Class/CDC/Inc -O0 -ffunction-sections -fdata-sections -Wall -fstack-usage -fcyclomatic-complexity -MMD -MP -MF"FATFS/Target/user_diskio.d" -MT"FATFS/Target/user_diskio.o" --specs=nano.specs -mfpu=fpv5-sp-d16 -mfloat-abi=hard -mthumb -o "FATFS/Target/user_diskio.o"
arm-none-eabi-gcc "../FATFS/App/fatfs.c" -mcpu=cortex-m7 -std=gnu11 -g3 -DDEBUG -DUSE_HAL_DRIVER -DSTM32F722xx -c -I../Core/Inc -I/Users/liufangzheng/STM32Cube/Repository/STM32Cube_FW_F7_V1.17.3/Drivers/STM32F7xx_HAL_Driver/Inc -I/Users/liufangzheng/STM32Cube/Repository/STM32Cube_FW_F7_V1.17.3/Drivers/STM32F7xx_HAL_Driver/Inc/Legacy -I/Users/liufangzheng/STM32Cube/Repository/STM32Cube_FW_F7_V1.17.3/Drivers/CMSIS/Device/ST/STM32F7xx/Include -I/Users/liufangzheng/STM32Cube/Repository/STM32Cube_FW_F7_V1.17.3/Drivers/CMSIS/Include -I../FATFS/Target -I../FATFS/App -I../USB_DEVICE/App -I../USB_DEVICE/Target -I/Users/liufangzheng/STM32Cube/Repository/STM32Cube_FW_F7_V1.17.3/Middlewares/Third_Party/FatFs/src -I/Users/liufangzheng/STM32Cube/Repository/STM32Cube_FW_F7_V1.17.3/Middlewares/ST/STM32_USB_Device_Library/Core/Inc -I/Users/liufangzheng/STM32Cube/Repository/STM32Cube_FW_F7_V1.17.3/Middlewares/ST/STM32_USB_Device_Library/Class/CDC/Inc -O0 -ffunction-sections -fdata-sections -Wall -fstack-usage -fcyclomatic-complexity -MMD -MP -MF"FATFS/App/fatfs.d" -MT"FATFS/App/fatfs.o" --specs=nano.specs -mfpu=fpv5-sp-d16 -mfloat-abi=hard -mthumb -o "FATFS/App/fatfs.o"
arm-none-eabi-gcc "/Users/liufangzheng/STM32Cube/Repository/STM32Cube_FW_F7_V1.17.3/Drivers/STM32F7xx_HAL_Driver/Src/stm32f7xx_hal.c" -mcpu=cortex-m7 -std=gnu11 -g3 -DDEBUG -DUSE_HAL_DRIVER -DSTM32F722xx -c -I../Core/Inc -I/Users/liufangzheng/STM32Cube/Repository/STM32Cube_FW_F7_V1.17.3/Drivers/STM32F7xx_HAL_Driver/Inc -I/Users/liufangzheng/STM32Cube/Repository/STM32Cube_FW_F7_V1.17.3/Drivers/STM32F7xx_HAL_Driver/Inc/Legacy -I/Users/liufangzheng/STM32Cube/Repository/STM32Cube_FW_F7_V1.17.3/Drivers/CMSIS/Device/ST/STM32F7xx/Include -I/Users/liufangzheng/STM32Cube/Repository/STM32Cube_FW_F7_V1.17.3/Drivers/CMSIS/Include -I../FATFS/Target -I../FATFS/App -I../USB_DEVICE/App -I../USB_DEVICE/Target -I/Users/liufangzheng/STM32Cube/Repository/STM32Cube_FW_F7_V1.17.3/Middlewares/Third_Party/FatFs/src -I/Users/liufangzheng/STM32Cube/Repository/STM32Cube_FW_F7_V1.17.3/Middlewares/ST/STM32_USB_Device_Library/Core/Inc -I/Users/liufangzheng/STM32Cube/Repository/STM32Cube_FW_F7_V1.17.3/Middlewares/ST/STM32_USB_Device_Library/Class/CDC/Inc -O0 -ffunction-sections -fdata-sections -Wall -fstack-usage -fcyclomatic-complexity -MMD -MP -MF"Drivers/STM32F7xx_HAL_Driver/stm32f7xx_hal.d" -MT"Drivers/STM32F7xx_HAL_Driver/stm32f7xx_hal.o" --specs=nano.specs -mfpu=fpv5-sp-d16 -mfloat-abi=hard -mthumb -o "Drivers/STM32F7xx_HAL_Driver/stm32f7xx_hal.o"
arm-none-eabi-gcc "/Users/liufangzheng/STM32Cube/Repository/STM32Cube_FW_F7_V1.17.3/Drivers/STM32F7xx_HAL_Driver/Src/stm32f7xx_hal_cortex.c" -mcpu=cortex-m7 -std=gnu11 -g3 -DDEBUG -DUSE_HAL_DRIVER -DSTM32F722xx -c -I../Core/Inc -I/Users/liufangzheng/STM32Cube/Repository/STM32Cube_FW_F7_V1.17.3/Drivers/STM32F7xx_HAL_Driver/Inc -I/Users/liufangzheng/STM32Cube/Repository/STM32Cube_FW_F7_V1.17.3/Drivers/STM32F7xx_HAL_Driver/Inc/Legacy -I/Users/liufangzheng/STM32Cube/Repository/STM32Cube_FW_F7_V1.17.3/Drivers/CMSIS/Device/ST/STM32F7xx/Include -I/Users/liufangzheng/STM32Cube/Repository/STM32Cube_FW_F7_V1.17.3/Drivers/CMSIS/Include -I../FATFS/Target -I../FATFS/App -I../USB_DEVICE/App -I../USB_DEVICE/Target -I/Users/liufangzheng/STM32Cube/Repository/STM32Cube_FW_F7_V1.17.3/Middlewares/Third_Party/FatFs/src -I/Users/liufangzheng/STM32Cube/Repository/STM32Cube_FW_F7_V1.17.3/Middlewares/ST/STM32_USB_Device_Library/Core/Inc -I/Users/liufangzheng/STM32Cube/Repository/STM32Cube_FW_F7_V1.17.3/Middlewares/ST/STM32_USB_Device_Library/Class/CDC/Inc -O0 -ffunction-sections -fdata-sections -Wall -fstack-usage -fcyclomatic-complexity -MMD -MP -MF"Drivers/STM32F7xx_HAL_Driver/stm32f7xx_hal_cortex.d" -MT"Drivers/STM32F7xx_HAL_Driver/stm32f7xx_hal_cortex.o" --specs=nano.specs -mfpu=fpv5-sp-d16 -mfloat-abi=hard -mthumb -o "Drivers/STM32F7xx_HAL_Driver/stm32f7xx_hal_cortex.o"
arm-none-eabi-gcc "/Users/liufangzheng/STM32Cube/Repository/STM32Cube_FW_F7_V1.17.3/Drivers/STM32F7xx_HAL_Driver/Src/stm32f7xx_hal_dma.c" -mcpu=cortex-m7 -std=gnu11 -g3 -DDEBUG -DUSE_HAL_DRIVER -DSTM32F722xx -c -I../Core/Inc -I/Users/liufangzheng/STM32Cube/Repository/STM32Cube_FW_F7_V1.17.3/Drivers/STM32F7xx_HAL_Driver/Inc -I/Users/liufangzheng/STM32Cube/Repository/STM32Cube_FW_F7_V1.17.3/Drivers/STM32F7xx_HAL_Driver/Inc/Legacy -I/Users/liufangzheng/STM32Cube/Repository/STM32Cube_FW_F7_V1.17.3/Drivers/CMSIS/Device/ST/STM32F7xx/Include -I/Users/liufangzheng/STM32Cube/Repository/STM32Cube_FW_F7_V1.17.3/Drivers/CMSIS/Include -I../FATFS/Target -I../FATFS/App -I../USB_DEVICE/App -I../USB_DEVICE/Target -I/Users/liufangzheng/STM32Cube/Repository/STM32Cube_FW_F7_V1.17.3/Middlewares/Third_Party/FatFs/src -I/Users/liufangzheng/STM32Cube/Repository/STM32Cube_FW_F7_V1.17.3/Middlewares/ST/STM32_USB_Device_Library/Core/Inc -I/Users/liufangzheng/STM32Cube/Repository/STM32Cube_FW_F7_V1.17.3/Middlewares/ST/STM32_USB_Device_Library/Class/CDC/Inc -O0 -ffunction-sections -fdata-sections -Wall -fstack-usage -fcyclomatic-complexity -MMD -MP -MF"Drivers/STM32F7xx_HAL_Driver/stm32f7xx_hal_dma.d" -MT"Drivers/STM32F7xx_HAL_Driver/stm32f7xx_hal_dma.o" --specs=nano.specs -mfpu=fpv5-sp-d16 -mfloat-abi=hard -mthumb -o "Drivers/STM32F7xx_HAL_Driver/stm32f7xx_hal_dma.o"
arm-none-eabi-gcc "/Users/liufangzheng/STM32Cube/Repository/STM32Cube_FW_F7_V1.17.3/Drivers/STM32F7xx_HAL_Driver/Src/stm32f7xx_hal_dma_ex.c" -mcpu=cortex-m7 -std=gnu11 -g3 -DDEBUG -DUSE_HAL_DRIVER -DSTM32F722xx -c -I../Core/Inc -I/Users/liufangzheng/STM32Cube/Repository/STM32Cube_FW_F7_V1.17.3/Drivers/STM32F7xx_HAL_Driver/Inc -I/Users/liufangzheng/STM32Cube/Repository/STM32Cube_FW_F7_V1.17.3/Drivers/STM32F7xx_HAL_Driver/Inc/Legacy -I/Users/liufangzheng/STM32Cube/Repository/STM32Cube_FW_F7_V1.17.3/Drivers/CMSIS/Device/ST/STM32F7xx/Include -I/Users/liufangzheng/STM32Cube/Repository/STM32Cube_FW_F7_V1.17.3/Drivers/CMSIS/Include -I../FATFS/Target -I../FATFS/App -I../USB_DEVICE/App -I../USB_DEVICE/Target -I/Users/liufangzheng/STM32Cube/Repository/STM32Cube_FW_F7_V1.17.3/Middlewares/Third_Party/FatFs/src -I/Users/liufangzheng/STM32Cube/Repository/STM32Cube_FW_F7_V1.17.3/Middlewares/ST/STM32_USB_Device_Library/Core/Inc -I/Users/liufangzheng/STM32Cube/Repository/STM32Cube_FW_F7_V1.17.3/Middlewares/ST/STM32_USB_Device_Library/Class/CDC/Inc -O0 -ffunction-sections -fdata-sections -Wall -fstack-usage -fcyclomatic-complexity -MMD -MP -MF"Drivers/STM32F7xx_HAL_Driver/stm32f7xx_hal_dma_ex.d" -MT"Drivers/STM32F7xx_HAL_Driver/stm32f7xx_hal_dma_ex.o" --specs=nano.specs -mfpu=fpv5-sp-d16 -mfloat-abi=hard -mthumb -o "Drivers/STM32F7xx_HAL_Driver/stm32f7xx_hal_dma_ex.o"
arm-none-eabi-gcc "/Users/liufangzheng/STM32Cube/Repository/STM32Cube_FW_F7_V1.17.3/Drivers/STM32F7xx_HAL_Driver/Src/stm32f7xx_hal_exti.c" -mcpu=cortex-m7 -std=gnu11 -g3 -DDEBUG -DUSE_HAL_DRIVER -DSTM32F722xx -c -I../Core/Inc -I/Users/liufangzheng/STM32Cube/Repository/STM32Cube_FW_F7_V1.17.3/Drivers/STM32F7xx_HAL_Driver/Inc -I/Users/liufangzheng/STM32Cube/Repository/STM32Cube_FW_F7_V1.17.3/Drivers/STM32F7xx_HAL_Driver/Inc/Legacy -I/Users/liufangzheng/STM32Cube/Repository/STM32Cube_FW_F7_V1.17.3/Drivers/CMSIS/Device/ST/STM32F7xx/Include -I/Users/liufangzheng/STM32Cube/Repository/STM32Cube_FW_F7_V1.17.3/Drivers/CMSIS/Include -I../FATFS/Target -I../FATFS/App -I../USB_DEVICE/App -I../USB_DEVICE/Target -I/Users/liufangzheng/STM32Cube/Repository/STM32Cube_FW_F7_V1.17.3/Middlewares/Third_Party/FatFs/src -I/Users/liufangzheng/STM32Cube/Repository/STM32Cube_FW_F7_V1.17.3/Middlewares/ST/STM32_USB_Device_Library/Core/Inc -I/Users/liufangzheng/STM32Cube/Repository/STM32Cube_FW_F7_V1.17.3/Middlewares/ST/STM32_USB_Device_Library/Class/CDC/Inc -O0 -ffunction-sections -fdata-sections -Wall -fstack-usage -fcyclomatic-complexity -MMD -MP -MF"Drivers/STM32F7xx_HAL_Driver/stm32f7xx_hal_exti.d" -MT"Drivers/STM32F7xx_HAL_Driver/stm32f7xx_hal_exti.o" --specs=nano.specs -mfpu=fpv5-sp-d16 -mfloat-abi=hard -mthumb -o "Drivers/STM32F7xx_HAL_Driver/stm32f7xx_hal_exti.o"
arm-none-eabi-gcc "/Users/liufangzheng/STM32Cube/Repository/STM32Cube_FW_F7_V1.17.3/Drivers/STM32F7xx_HAL_Driver/Src/stm32f7xx_hal_flash.c" -mcpu=cortex-m7 -std=gnu11 -g3 -DDEBUG -DUSE_HAL_DRIVER -DSTM32F722xx -c -I../Core/Inc -I/Users/liufangzheng/STM32Cube/Repository/STM32Cube_FW_F7_V1.17.3/Drivers/STM32F7xx_HAL_Driver/Inc -I/Users/liufangzheng/STM32Cube/Repository/STM32Cube_FW_F7_V1.17.3/Drivers/STM32F7xx_HAL_Driver/Inc/Legacy -I/Users/liufangzheng/STM32Cube/Repository/STM32Cube_FW_F7_V1.17.3/Drivers/CMSIS/Device/ST/STM32F7xx/Include -I/Users/liufangzheng/STM32Cube/Repository/STM32Cube_FW_F7_V1.17.3/Drivers/CMSIS/Include -I../FATFS/Target -I../FATFS/App -I../USB_DEVICE/App -I../USB_DEVICE/Target -I/Users/liufangzheng/STM32Cube/Repository/STM32Cube_FW_F7_V1.17.3/Middlewares/Third_Party/FatFs/src -I/Users/liufangzheng/STM32Cube/Repository/STM32Cube_FW_F7_V1.17.3/Middlewares/ST/STM32_USB_Device_Library/Core/Inc -I/Users/liufangzheng/STM32Cube/Repository/STM32Cube_FW_F7_V1.17.3/Middlewares/ST/STM32_USB_Device_Library/Class/CDC/Inc -O0 -ffunction-sections -fdata-sections -Wall -fstack-usage -fcyclomatic-complexity -MMD -MP -MF"Drivers/STM32F7xx_HAL_Driver/stm32f7xx_hal_flash.d" -MT"Drivers/STM32F7xx_HAL_Driver/stm32f7xx_hal_flash.o" --specs=nano.specs -mfpu=fpv5-sp-d16 -mfloat-abi=hard -mthumb -o "Drivers/STM32F7xx_HAL_Driver/stm32f7xx_hal_flash.o"
arm-none-eabi-gcc "/Users/liufangzheng/STM32Cube/Repository/STM32Cube_FW_F7_V1.17.3/Drivers/STM32F7xx_HAL_Driver/Src/stm32f7xx_hal_flash_ex.c" -mcpu=cortex-m7 -std=gnu11 -g3 -DDEBUG -DUSE_HAL_DRIVER -DSTM32F722xx -c -I../Core/Inc -I/Users/liufangzheng/STM32Cube/Repository/STM32Cube_FW_F7_V1.17.3/Drivers/STM32F7xx_HAL_Driver/Inc -I/Users/liufangzheng/STM32Cube/Repository/STM32Cube_FW_F7_V1.17.3/Drivers/STM32F7xx_HAL_Driver/Inc/Legacy -I/Users/liufangzheng/STM32Cube/Repository/STM32Cube_FW_F7_V1.17.3/Drivers/CMSIS/Device/ST/STM32F7xx/Include -I/Users/liufangzheng/STM32Cube/Repository/STM32Cube_FW_F7_V1.17.3/Drivers/CMSIS/Include -I../FATFS/Target -I../FATFS/App -I../USB_DEVICE/App -I../USB_DEVICE/Target -I/Users/liufangzheng/STM32Cube/Repository/STM32Cube_FW_F7_V1.17.3/Middlewares/Third_Party/FatFs/src -I/Users/liufangzheng/STM32Cube/Repository/STM32Cube_FW_F7_V1.17.3/Middlewares/ST/STM32_USB_Device_Library/Core/Inc -I/Users/liufangzheng/STM32Cube/Repository/STM32Cube_FW_F7_V1.17.3/Middlewares/ST/STM32_USB_Device_Library/Class/CDC/Inc -O0 -ffunction-sections -fdata-sections -Wall -fstack-usage -fcyclomatic-complexity -MMD -MP -MF"Drivers/STM32F7xx_HAL_Driver/stm32f7xx_hal_flash_ex.d" -MT"Drivers/STM32F7xx_HAL_Driver/stm32f7xx_hal_flash_ex.o" --specs=nano.specs -mfpu=fpv5-sp-d16 -mfloat-abi=hard -mthumb -o "Drivers/STM32F7xx_HAL_Driver/stm32f7xx_hal_flash_ex.o"
arm-none-eabi-gcc "/Users/liufangzheng/STM32Cube/Repository/STM32Cube_FW_F7_V1.17.3/Drivers/STM32F7xx_HAL_Driver/Src/stm32f7xx_hal_gpio.c" -mcpu=cortex-m7 -std=gnu11 -g3 -DDEBUG -DUSE_HAL_DRIVER -DSTM32F722xx -c -I../Core/Inc -I/Users/liufangzheng/STM32Cube/Repository/STM32Cube_FW_F7_V1.17.3/Drivers/STM32F7xx_HAL_Driver/Inc -I/Users/liufangzheng/STM32Cube/Repository/STM32Cube_FW_F7_V1.17.3/Drivers/STM32F7xx_HAL_Driver/Inc/Legacy -I/Users/liufangzheng/STM32Cube/Repository/STM32Cube_FW_F7_V1.17.3/Drivers/CMSIS/Device/ST/STM32F7xx/Include -I/Users/liufangzheng/STM32Cube/Repository/STM32Cube_FW_F7_V1.17.3/Drivers/CMSIS/Include -I../FATFS/Target -I../FATFS/App -I../USB_DEVICE/App -I../USB_DEVICE/Target -I/Users/liufangzheng/STM32Cube/Repository/STM32Cube_FW_F7_V1.17.3/Middlewares/Third_Party/FatFs/src -I/Users/liufangzheng/STM32Cube/Repository/STM32Cube_FW_F7_V1.17.3/Middlewares/ST/STM32_USB_Device_Library/Core/Inc -I/Users/liufangzheng/STM32Cube/Repository/STM32Cube_FW_F7_V1.17.3/Middlewares/ST/STM32_USB_Device_Library/Class/CDC/Inc -O0 -ffunction-sections -fdata-sections -Wall -fstack-usage -fcyclomatic-complexity -MMD -MP -MF"Drivers/STM32F7xx_HAL_Driver/stm32f7xx_hal_gpio.d" -MT"Drivers/STM32F7xx_HAL_Driver/stm32f7xx_hal_gpio.o" --specs=nano.specs -mfpu=fpv5-sp-d16 -mfloat-abi=hard -mthumb -o "Drivers/STM32F7xx_HAL_Driver/stm32f7xx_hal_gpio.o"
arm-none-eabi-gcc "/Users/liufangzheng/STM32Cube/Repository/STM32Cube_FW_F7_V1.17.3/Drivers/STM32F7xx_HAL_Driver/Src/stm32f7xx_hal_i2c.c" -mcpu=cortex-m7 -std=gnu11 -g3 -DDEBUG -DUSE_HAL_DRIVER -DSTM32F722xx -c -I../Core/Inc -I/Users/liufangzheng/STM32Cube/Repository/STM32Cube_FW_F7_V1.17.3/Drivers/STM32F7xx_HAL_Driver/Inc -I/Users/liufangzheng/STM32Cube/Repository/STM32Cube_FW_F7_V1.17.3/Drivers/STM32F7xx_HAL_Driver/Inc/Legacy -I/Users/liufangzheng/STM32Cube/Repository/STM32Cube_FW_F7_V1.17.3/Drivers/CMSIS/Device/ST/STM32F7xx/Include -I/Users/liufangzheng/STM32Cube/Repository/STM32Cube_FW_F7_V1.17.3/Drivers/CMSIS/Include -I../FATFS/Target -I../FATFS/App -I../USB_DEVICE/App -I../USB_DEVICE/Target -I/Users/liufangzheng/STM32Cube/Repository/STM32Cube_FW_F7_V1.17.3/Middlewares/Third_Party/FatFs/src -I/Users/liufangzheng/STM32Cube/Repository/STM32Cube_FW_F7_V1.17.3/Middlewares/ST/STM32_USB_Device_Library/Core/Inc -I/Users/liufangzheng/STM32Cube/Repository/STM32Cube_FW_F7_V1.17.3/Middlewares/ST/STM32_USB_Device_Library/Class/CDC/Inc -O0 -ffunction-sections -fdata-sections -Wall -fstack-usage -fcyclomatic-complexity -MMD -MP -MF"Drivers/STM32F7xx_HAL_Driver/stm32f7xx_hal_i2c.d" -MT"Drivers/STM32F7xx_HAL_Driver/stm32f7xx_hal_i2c.o" --specs=nano.specs -mfpu=fpv5-sp-d16 -mfloat-abi=hard -mthumb -o "Drivers/STM32F7xx_HAL_Driver/stm32f7xx_hal_i2c.o"
arm-none-eabi-gcc "/Users/liufangzheng/STM32Cube/Repository/STM32Cube_FW_F7_V1.17.3/Drivers/STM32F7xx_HAL_Driver/Src/stm32f7xx_hal_i2c_ex.c" -mcpu=cortex-m7 -std=gnu11 -g3 -DDEBUG -DUSE_HAL_DRIVER -DSTM32F722xx -c -I../Core/Inc -I/Users/liufangzheng/STM32Cube/Repository/STM32Cube_FW_F7_V1.17.3/Drivers/STM32F7xx_HAL_Driver/Inc -I/Users/liufangzheng/STM32Cube/Repository/STM32Cube_FW_F7_V1.17.3/Drivers/STM32F7xx_HAL_Driver/Inc/Legacy -I/Users/liufangzheng/STM32Cube/Repository/STM32Cube_FW_F7_V1.17.3/Drivers/CMSIS/Device/ST/STM32F7xx/Include -I/Users/liufangzheng/STM32Cube/Repository/STM32Cube_FW_F7_V1.17.3/Drivers/CMSIS/Include -I../FATFS/Target -I../FATFS/App -I../USB_DEVICE/App -I../USB_DEVICE/Target -I/Users/liufangzheng/STM32Cube/Repository/STM32Cube_FW_F7_V1.17.3/Middlewares/Third_Party/FatFs/src -I/Users/liufangzheng/STM32Cube/Repository/STM32Cube_FW_F7_V1.17.3/Middlewares/ST/STM32_USB_Device_Library/Core/Inc -I/Users/liufangzheng/STM32Cube/Repository/STM32Cube_FW_F7_V1.17.3/Middlewares/ST/STM32_USB_Device_Library/Class/CDC/Inc -O0 -ffunction-sections -fdata-sections -Wall -fstack-usage -fcyclomatic-complexity -MMD -MP -MF"Drivers/STM32F7xx_HAL_Driver/stm32f7xx_hal_i2c_ex.d" -MT"Drivers/STM32F7xx_HAL_Driver/stm32f7xx_hal_i2c_ex.o" --specs=nano.specs -mfpu=fpv5-sp-d16 -mfloat-abi=hard -mthumb -o "Drivers/STM32F7xx_HAL_Driver/stm32f7xx_hal_i2c_ex.o"
arm-none-eabi-gcc "/Users/liufangzheng/STM32Cube/Repository/STM32Cube_FW_F7_V1.17.3/Drivers/STM32F7xx_HAL_Driver/Src/stm32f7xx_hal_pcd.c" -mcpu=cortex-m7 -std=gnu11 -g3 -DDEBUG -DUSE_HAL_DRIVER -DSTM32F722xx -c -I../Core/Inc -I/Users/liufangzheng/STM32Cube/Repository/STM32Cube_FW_F7_V1.17.3/Drivers/STM32F7xx_HAL_Driver/Inc -I/Users/liufangzheng/STM32Cube/Repository/STM32Cube_FW_F7_V1.17.3/Drivers/STM32F7xx_HAL_Driver/Inc/Legacy -I/Users/liufangzheng/STM32Cube/Repository/STM32Cube_FW_F7_V1.17.3/Drivers/CMSIS/Device/ST/STM32F7xx/Include -I/Users/liufangzheng/STM32Cube/Repository/STM32Cube_FW_F7_V1.17.3/Drivers/CMSIS/Include -I../FATFS/Target -I../FATFS/App -I../USB_DEVICE/App -I../USB_DEVICE/Target -I/Users/liufangzheng/STM32Cube/Repository/STM32Cube_FW_F7_V1.17.3/Middlewares/Third_Party/FatFs/src -I/Users/liufangzheng/STM32Cube/Repository/STM32Cube_FW_F7_V1.17.3/Middlewares/ST/STM32_USB_Device_Library/Core/Inc -I/Users/liufangzheng/STM32Cube/Repository/STM32Cube_FW_F7_V1.17.3/Middlewares/ST/STM32_USB_Device_Library/Class/CDC/Inc -O0 -ffunction-sections -fdata-sections -Wall -fstack-usage -fcyclomatic-complexity -MMD -MP -MF"Drivers/STM32F7xx_HAL_Driver/stm32f7xx_hal_pcd.d" -MT"Drivers/STM32F7xx_HAL_Driver/stm32f7xx_hal_pcd.o" --specs=nano.specs -mfpu=fpv5-sp-d16 -mfloat-abi=hard -mthumb -o "Drivers/STM32F7xx_HAL_Driver/stm32f7xx_hal_pcd.o"
arm-none-eabi-gcc "/Users/liufangzheng/STM32Cube/Repository/STM32Cube_FW_F7_V1.17.3/Drivers/STM32F7xx_HAL_Driver/Src/stm32f7xx_hal_pcd_ex.c" -mcpu=cortex-m7 -std=gnu11 -g3 -DDEBUG -DUSE_HAL_DRIVER -DSTM32F722xx -c -I../Core/Inc -I/Users/liufangzheng/STM32Cube/Repository/STM32Cube_FW_F7_V1.17.3/Drivers/STM32F7xx_HAL_Driver/Inc -I/Users/liufangzheng/STM32Cube/Repository/STM32Cube_FW_F7_V1.17.3/Drivers/STM32F7xx_HAL_Driver/Inc/Legacy -I/Users/liufangzheng/STM32Cube/Repository/STM32Cube_FW_F7_V1.17.3/Drivers/CMSIS/Device/ST/STM32F7xx/Include -I/Users/liufangzheng/STM32Cube/Repository/STM32Cube_FW_F7_V1.17.3/Drivers/CMSIS/Include -I../FATFS/Target -I../FATFS/App -I../USB_DEVICE/App -I../USB_DEVICE/Target -I/Users/liufangzheng/STM32Cube/Repository/STM32Cube_FW_F7_V1.17.3/Middlewares/Third_Party/FatFs/src -I/Users/liufangzheng/STM32Cube/Repository/STM32Cube_FW_F7_V1.17.3/Middlewares/ST/STM32_USB_Device_Library/Core/Inc -I/Users/liufangzheng/STM32Cube/Repository/STM32Cube_FW_F7_V1.17.3/Middlewares/ST/STM32_USB_Device_Library/Class/CDC/Inc -O0 -ffunction-sections -fdata-sections -Wall -fstack-usage -fcyclomatic-complexity -MMD -MP -MF"Drivers/STM32F7xx_HAL_Driver/stm32f7xx_hal_pcd_ex.d" -MT"Drivers/STM32F7xx_HAL_Driver/stm32f7xx_hal_pcd_ex.o" --specs=nano.specs -mfpu=fpv5-sp-d16 -mfloat-abi=hard -mthumb -o "Drivers/STM32F7xx_HAL_Driver/stm32f7xx_hal_pcd_ex.o"
arm-none-eabi-gcc "/Users/liufangzheng/STM32Cube/Repository/STM32Cube_FW_F7_V1.17.3/Drivers/STM32F7xx_HAL_Driver/Src/stm32f7xx_hal_pwr.c" -mcpu=cortex-m7 -std=gnu11 -g3 -DDEBUG -DUSE_HAL_DRIVER -DSTM32F722xx -c -I../Core/Inc -I/Users/liufangzheng/STM32Cube/Repository/STM32Cube_FW_F7_V1.17.3/Drivers/STM32F7xx_HAL_Driver/Inc -I/Users/liufangzheng/STM32Cube/Repository/STM32Cube_FW_F7_V1.17.3/Drivers/STM32F7xx_HAL_Driver/Inc/Legacy -I/Users/liufangzheng/STM32Cube/Repository/STM32Cube_FW_F7_V1.17.3/Drivers/CMSIS/Device/ST/STM32F7xx/Include -I/Users/liufangzheng/STM32Cube/Repository/STM32Cube_FW_F7_V1.17.3/Drivers/CMSIS/Include -I../FATFS/Target -I../FATFS/App -I../USB_DEVICE/App -I../USB_DEVICE/Target -I/Users/liufangzheng/STM32Cube/Repository/STM32Cube_FW_F7_V1.17.3/Middlewares/Third_Party/FatFs/src -I/Users/liufangzheng/STM32Cube/Repository/STM32Cube_FW_F7_V1.17.3/Middlewares/ST/STM32_USB_Device_Library/Core/Inc -I/Users/liufangzheng/STM32Cube/Repository/STM32Cube_FW_F7_V1.17.3/Middlewares/ST/STM32_USB_Device_Library/Class/CDC/Inc -O0 -ffunction-sections -fdata-sections -Wall -fstack-usage -fcyclomatic-complexity -MMD -MP -MF"Drivers/STM32F7xx_HAL_Driver/stm32f7xx_hal_pwr.d" -MT"Drivers/STM32F7xx_HAL_Driver/stm32f7xx_hal_pwr.o" --specs=nano.specs -mfpu=fpv5-sp-d16 -mfloat-abi=hard -mthumb -o "Drivers/STM32F7xx_HAL_Driver/stm32f7xx_hal_pwr.o"
arm-none-eabi-gcc "/Users/liufangzheng/STM32Cube/Repository/STM32Cube_FW_F7_V1.17.3/Drivers/STM32F7xx_HAL_Driver/Src/stm32f7xx_hal_pwr_ex.c" -mcpu=cortex-m7 -std=gnu11 -g3 -DDEBUG -DUSE_HAL_DRIVER -DSTM32F722xx -c -I../Core/Inc -I/Users/liufangzheng/STM32Cube/Repository/STM32Cube_FW_F7_V1.17.3/Drivers/STM32F7xx_HAL_Driver/Inc -I/Users/liufangzheng/STM32Cube/Repository/STM32Cube_FW_F7_V1.17.3/Drivers/STM32F7xx_HAL_Driver/Inc/Legacy -I/Users/liufangzheng/STM32Cube/Repository/STM32Cube_FW_F7_V1.17.3/Drivers/CMSIS/Device/ST/STM32F7xx/Include -I/Users/liufangzheng/STM32Cube/Repository/STM32Cube_FW_F7_V1.17.3/Drivers/CMSIS/Include -I../FATFS/Target -I../FATFS/App -I../USB_DEVICE/App -I../USB_DEVICE/Target -I/Users/liufangzheng/STM32Cube/Repository/STM32Cube_FW_F7_V1.17.3/Middlewares/Third_Party/FatFs/src -I/Users/liufangzheng/STM32Cube/Repository/STM32Cube_FW_F7_V1.17.3/Middlewares/ST/STM32_USB_Device_Library/Core/Inc -I/Users/liufangzheng/STM32Cube/Repository/STM32Cube_FW_F7_V1.17.3/Middlewares/ST/STM32_USB_Device_Library/Class/CDC/Inc -O0 -ffunction-sections -fdata-sections -Wall -fstack-usage -fcyclomatic-complexity -MMD -MP -MF"Drivers/STM32F7xx_HAL_Driver/stm32f7xx_hal_pwr_ex.d" -MT"Drivers/STM32F7xx_HAL_Driver/stm32f7xx_hal_pwr_ex.o" --specs=nano.specs -mfpu=fpv5-sp-d16 -mfloat-abi=hard -mthumb -o "Drivers/STM32F7xx_HAL_Driver/stm32f7xx_hal_pwr_ex.o"
arm-none-eabi-gcc "/Users/liufangzheng/STM32Cube/Repository/STM32Cube_FW_F7_V1.17.3/Drivers/STM32F7xx_HAL_Driver/Src/stm32f7xx_hal_rcc.c" -mcpu=cortex-m7 -std=gnu11 -g3 -DDEBUG -DUSE_HAL_DRIVER -DSTM32F722xx -c -I../Core/Inc -I/Users/liufangzheng/STM32Cube/Repository/STM32Cube_FW_F7_V1.17.3/Drivers/STM32F7xx_HAL_Driver/Inc -I/Users/liufangzheng/STM32Cube/Repository/STM32Cube_FW_F7_V1.17.3/Drivers/STM32F7xx_HAL_Driver/Inc/Legacy -I/Users/liufangzheng/STM32Cube/Repository/STM32Cube_FW_F7_V1.17.3/Drivers/CMSIS/Device/ST/STM32F7xx/Include -I/Users/liufangzheng/STM32Cube/Repository/STM32Cube_FW_F7_V1.17.3/Drivers/CMSIS/Include -I../FATFS/Target -I../FATFS/App -I../USB_DEVICE/App -I../USB_DEVICE/Target -I/Users/liufangzheng/STM32Cube/Repository/STM32Cube_FW_F7_V1.17.3/Middlewares/Third_Party/FatFs/src -I/Users/liufangzheng/STM32Cube/Repository/STM32Cube_FW_F7_V1.17.3/Middlewares/ST/STM32_USB_Device_Library/Core/Inc -I/Users/liufangzheng/STM32Cube/Repository/STM32Cube_FW_F7_V1.17.3/Middlewares/ST/STM32_USB_Device_Library/Class/CDC/Inc -O0 -ffunction-sections -fdata-sections -Wall -fstack-usage -fcyclomatic-complexity -MMD -MP -MF"Drivers/STM32F7xx_HAL_Driver/stm32f7xx_hal_rcc.d" -MT"Drivers/STM32F7xx_HAL_Driver/stm32f7xx_hal_rcc.o" --specs=nano.specs -mfpu=fpv5-sp-d16 -mfloat-abi=hard -mthumb -o "Drivers/STM32F7xx_HAL_Driver/stm32f7xx_hal_rcc.o"
arm-none-eabi-gcc "/Users/liufangzheng/STM32Cube/Repository/STM32Cube_FW_F7_V1.17.3/Drivers/STM32F7xx_HAL_Driver/Src/stm32f7xx_hal_rcc_ex.c" -mcpu=cortex-m7 -std=gnu11 -g3 -DDEBUG -DUSE_HAL_DRIVER -DSTM32F722xx -c -I../Core/Inc -I/Users/liufangzheng/STM32Cube/Repository/STM32Cube_FW_F7_V1.17.3/Drivers/STM32F7xx_HAL_Driver/Inc -I/Users/liufangzheng/STM32Cube/Repository/STM32Cube_FW_F7_V1.17.3/Drivers/STM32F7xx_HAL_Driver/Inc/Legacy -I/Users/liufangzheng/STM32Cube/Repository/STM32Cube_FW_F7_V1.17.3/Drivers/CMSIS/Device/ST/STM32F7xx/Include -I/Users/liufangzheng/STM32Cube/Repository/STM32Cube_FW_F7_V1.17.3/Drivers/CMSIS/Include -I../FATFS/Target -I../FATFS/App -I../USB_DEVICE/App -I../USB_DEVICE/Target -I/Users/liufangzheng/STM32Cube/Repository/STM32Cube_FW_F7_V1.17.3/Middlewares/Third_Party/FatFs/src -I/Users/liufangzheng/STM32Cube/Repository/STM32Cube_FW_F7_V1.17.3/Middlewares/ST/STM32_USB_Device_Library/Core/Inc -I/Users/liufangzheng/STM32Cube/Repository/STM32Cube_FW_F7_V1.17.3/Middlewares/ST/STM32_USB_Device_Library/Class/CDC/Inc -O0 -ffunction-sections -fdata-sections -Wall -fstack-usage -fcyclomatic-complexity -MMD -MP -MF"Drivers/STM32F7xx_HAL_Driver/stm32f7xx_hal_rcc_ex.d" -MT"Drivers/STM32F7xx_HAL_Driver/stm32f7xx_hal_rcc_ex.o" --specs=nano.specs -mfpu=fpv5-sp-d16 -mfloat-abi=hard -mthumb -o "Drivers/STM32F7xx_HAL_Driver/stm32f7xx_hal_rcc_ex.o"
arm-none-eabi-gcc "/Users/liufangzheng/STM32Cube/Repository/STM32Cube_FW_F7_V1.17.3/Drivers/STM32F7xx_HAL_Driver/Src/stm32f7xx_hal_spi.c" -mcpu=cortex-m7 -std=gnu11 -g3 -DDEBUG -DUSE_HAL_DRIVER -DSTM32F722xx -c -I../Core/Inc -I/Users/liufangzheng/STM32Cube/Repository/STM32Cube_FW_F7_V1.17.3/Drivers/STM32F7xx_HAL_Driver/Inc -I/Users/liufangzheng/STM32Cube/Repository/STM32Cube_FW_F7_V1.17.3/Drivers/STM32F7xx_HAL_Driver/Inc/Legacy -I/Users/liufangzheng/STM32Cube/Repository/STM32Cube_FW_F7_V1.17.3/Drivers/CMSIS/Device/ST/STM32F7xx/Include -I/Users/liufangzheng/STM32Cube/Repository/STM32Cube_FW_F7_V1.17.3/Drivers/CMSIS/Include -I../FATFS/Target -I../FATFS/App -I../USB_DEVICE/App -I../USB_DEVICE/Target -I/Users/liufangzheng/STM32Cube/Repository/STM32Cube_FW_F7_V1.17.3/Middlewares/Third_Party/FatFs/src -I/Users/liufangzheng/STM32Cube/Repository/STM32Cube_FW_F7_V1.17.3/Middlewares/ST/STM32_USB_Device_Library/Core/Inc -I/Users/liufangzheng/STM32Cube/Repository/STM32Cube_FW_F7_V1.17.3/Middlewares/ST/STM32_USB_Device_Library/Class/CDC/Inc -O0 -ffunction-sections -fdata-sections -Wall -fstack-usage -fcyclomatic-complexity -MMD -MP -MF"Drivers/STM32F7xx_HAL_Driver/stm32f7xx_hal_spi.d" -MT"Drivers/STM32F7xx_HAL_Driver/stm32f7xx_hal_spi.o" --specs=nano.specs -mfpu=fpv5-sp-d16 -mfloat-abi=hard -mthumb -o "Drivers/STM32F7xx_HAL_Driver/stm32f7xx_hal_spi.o"
arm-none-eabi-gcc "/Users/liufangzheng/STM32Cube/Repository/STM32Cube_FW_F7_V1.17.3/Drivers/STM32F7xx_HAL_Driver/Src/stm32f7xx_hal_spi_ex.c" -mcpu=cortex-m7 -std=gnu11 -g3 -DDEBUG -DUSE_HAL_DRIVER -DSTM32F722xx -c -I../Core/Inc -I/Users/liufangzheng/STM32Cube/Repository/STM32Cube_FW_F7_V1.17.3/Drivers/STM32F7xx_HAL_Driver/Inc -I/Users/liufangzheng/STM32Cube/Repository/STM32Cube_FW_F7_V1.17.3/Drivers/STM32F7xx_HAL_Driver/Inc/Legacy -I/Users/liufangzheng/STM32Cube/Repository/STM32Cube_FW_F7_V1.17.3/Drivers/CMSIS/Device/ST/STM32F7xx/Include -I/Users/liufangzheng/STM32Cube/Repository/STM32Cube_FW_F7_V1.17.3/Drivers/CMSIS/Include -I../FATFS/Target -I../FATFS/App -I../USB_DEVICE/App -I../USB_DEVICE/Target -I/Users/liufangzheng/STM32Cube/Repository/STM32Cube_FW_F7_V1.17.3/Middlewares/Third_Party/FatFs/src -I/Users/liufangzheng/STM32Cube/Repository/STM32Cube_FW_F7_V1.17.3/Middlewares/ST/STM32_USB_Device_Library/Core/Inc -I/Users/liufangzheng/STM32Cube/Repository/STM32Cube_FW_F7_V1.17.3/Middlewares/ST/STM32_USB_Device_Library/Class/CDC/Inc -O0 -ffunction-sections -fdata-sections -Wall -fstack-usage -fcyclomatic-complexity -MMD -MP -MF"Drivers/STM32F7xx_HAL_Driver/stm32f7xx_hal_spi_ex.d" -MT"Drivers/STM32F7xx_HAL_Driver/stm32f7xx_hal_spi_ex.o" --specs=nano.specs -mfpu=fpv5-sp-d16 -mfloat-abi=hard -mthumb -o "Drivers/STM32F7xx_HAL_Driver/stm32f7xx_hal_spi_ex.o"
arm-none-eabi-gcc "/Users/liufangzheng/STM32Cube/Repository/STM32Cube_FW_F7_V1.17.3/Drivers/STM32F7xx_HAL_Driver/Src/stm32f7xx_ll_usb.c" -mcpu=cortex-m7 -std=gnu11 -g3 -DDEBUG -DUSE_HAL_DRIVER -DSTM32F722xx -c -I../Core/Inc -I/Users/liufangzheng/STM32Cube/Repository/STM32Cube_FW_F7_V1.17.3/Drivers/STM32F7xx_HAL_Driver/Inc -I/Users/liufangzheng/STM32Cube/Repository/STM32Cube_FW_F7_V1.17.3/Drivers/STM32F7xx_HAL_Driver/Inc/Legacy -I/Users/liufangzheng/STM32Cube/Repository/STM32Cube_FW_F7_V1.17.3/Drivers/CMSIS/Device/ST/STM32F7xx/Include -I/Users/liufangzheng/STM32Cube/Repository/STM32Cube_FW_F7_V1.17.3/Drivers/CMSIS/Include -I../FATFS/Target -I../FATFS/App -I../USB_DEVICE/App -I../USB_DEVICE/Target -I/Users/liufangzheng/STM32Cube/Repository/STM32Cube_FW_F7_V1.17.3/Middlewares/Third_Party/FatFs/src -I/Users/liufangzheng/STM32Cube/Repository/STM32Cube_FW_F7_V1.17.3/Middlewares/ST/STM32_USB_Device_Library/Core/Inc -I/Users/liufangzheng/STM32Cube/Repository/STM32Cube_FW_F7_V1.17.3/Middlewares/ST/STM32_USB_Device_Library/Class/CDC/Inc -O0 -ffunction-sections -fdata-sections -Wall -fstack-usage -fcyclomatic-complexity -MMD -MP -MF"Drivers/STM32F7xx_HAL_Driver/stm32f7xx_ll_usb.d" -MT"Drivers/STM32F7xx_HAL_Driver/stm32f7xx_ll_usb.o" --specs=nano.specs -mfpu=fpv5-sp-d16 -mfloat-abi=hard -mthumb -o "Drivers/STM32F7xx_HAL_Driver/stm32f7xx_ll_usb.o"
arm-none-eabi-gcc -mcpu=cortex-m7 -g3 -DDEBUG -c -x assembler-with-cpp -MMD -MP -MF"Core/Startup/startup_stm32f722retx.d" -MT"Core/Startup/startup_stm32f722retx.o" --specs=nano.specs -mfpu=fpv5-sp-d16 -mfloat-abi=hard -mthumb -o "Core/Startup/startup_stm32f722retx.o" "../Core/Startup/startup_stm32f722retx.s"
arm-none-eabi-gcc "../Core/Src/main.c" -mcpu=cortex-m7 -std=gnu11 -g3 -DDEBUG -DUSE_HAL_DRIVER -DSTM32F722xx -c -I../Core/Inc -I/Users/liufangzheng/STM32Cube/Repository/STM32Cube_FW_F7_V1.17.3/Drivers/STM32F7xx_HAL_Driver/Inc -I/Users/liufangzheng/STM32Cube/Repository/STM32Cube_FW_F7_V1.17.3/Drivers/STM32F7xx_HAL_Driver/Inc/Legacy -I/Users/liufangzheng/STM32Cube/Repository/STM32Cube_FW_F7_V1.17.3/Drivers/CMSIS/Device/ST/STM32F7xx/Include -I/Users/liufangzheng/STM32Cube/Repository/STM32Cube_FW_F7_V1.17.3/Drivers/CMSIS/Include -I../FATFS/Target -I../FATFS/App -I../USB_DEVICE/App -I../USB_DEVICE/Target -I/Users/liufangzheng/STM32Cube/Repository/STM32Cube_FW_F7_V1.17.3/Middlewares/Third_Party/FatFs/src -I/Users/liufangzheng/STM32Cube/Repository/STM32Cube_FW_F7_V1.17.3/Middlewares/ST/STM32_USB_Device_Library/Core/Inc -I/Users/liufangzheng/STM32Cube/Repository/STM32Cube_FW_F7_V1.17.3/Middlewares/ST/STM32_USB_Device_Library/Class/CDC/Inc -O0 -ffunction-sections -fdata-sections -Wall -fstack-usage -fcyclomatic-complexity -MMD -MP -MF"Core/Src/main.d" -MT"Core/Src/main.o" --specs=nano.specs -mfpu=fpv5-sp-d16 -mfloat-abi=hard -mthumb -o "Core/Src/main.o"
arm-none-eabi-gcc "../Core/Src/stm32f7xx_hal_msp.c" -mcpu=cortex-m7 -std=gnu11 -g3 -DDEBUG -DUSE_HAL_DRIVER -DSTM32F722xx -c -I../Core/Inc -I/Users/liufangzheng/STM32Cube/Repository/STM32Cube_FW_F7_V1.17.3/Drivers/STM32F7xx_HAL_Driver/Inc -I/Users/liufangzheng/STM32Cube/Repository/STM32Cube_FW_F7_V1.17.3/Drivers/STM32F7xx_HAL_Driver/Inc/Legacy -I/Users/liufangzheng/STM32Cube/Repository/STM32Cube_FW_F7_V1.17.3/Drivers/CMSIS/Device/ST/STM32F7xx/Include -I/Users/liufangzheng/STM32Cube/Repository/STM32Cube_FW_F7_V1.17.3/Drivers/CMSIS/Include -I../FATFS/Target -I../FATFS/App -I../USB_DEVICE/App -I../USB_DEVICE/Target -I/Users/liufangzheng/STM32Cube/Repository/STM32Cube_FW_F7_V1.17.3/Middlewares/Third_Party/FatFs/src -I/Users/liufangzheng/STM32Cube/Repository/STM32Cube_FW_F7_V1.17.3/Middlewares/ST/STM32_USB_Device_Library/Core/Inc -I/Users/liufangzheng/STM32Cube/Repository/STM32Cube_FW_F7_V1.17.3/Middlewares/ST/STM32_USB_Device_Library/Class/CDC/Inc -O0 -ffunction-sections -fdata-sections -Wall -fstack-usage -fcyclomatic-complexity -MMD -MP -MF"Core/Src/stm32f7xx_hal_msp.d" -MT"Core/Src/stm32f7xx_hal_msp.o" --specs=nano.specs -mfpu=fpv5-sp-d16 -mfloat-abi=hard -mthumb -o "Core/Src/stm32f7xx_hal_msp.o"
arm-none-eabi-gcc "../Core/Src/stm32f7xx_it.c" -mcpu=cortex-m7 -std=gnu11 -g3 -DDEBUG -DUSE_HAL_DRIVER -DSTM32F722xx -c -I../Core/Inc -I/Users/liufangzheng/STM32Cube/Repository/STM32Cube_FW_F7_V1.17.3/Drivers/STM32F7xx_HAL_Driver/Inc -I/Users/liufangzheng/STM32Cube/Repository/STM32Cube_FW_F7_V1.17.3/Drivers/STM32F7xx_HAL_Driver/Inc/Legacy -I/Users/liufangzheng/STM32Cube/Repository/STM32Cube_FW_F7_V1.17.3/Drivers/CMSIS/Device/ST/STM32F7xx/Include -I/Users/liufangzheng/STM32Cube/Repository/STM32Cube_FW_F7_V1.17.3/Drivers/CMSIS/Include -I../FATFS/Target -I../FATFS/App -I../USB_DEVICE/App -I../USB_DEVICE/Target -I/Users/liufangzheng/STM32Cube/Repository/STM32Cube_FW_F7_V1.17.3/Middlewares/Third_Party/FatFs/src -I/Users/liufangzheng/STM32Cube/Repository/STM32Cube_FW_F7_V1.17.3/Middlewares/ST/STM32_USB_Device_Library/Core/Inc -I/Users/liufangzheng/STM32Cube/Repository/STM32Cube_FW_F7_V1.17.3/Middlewares/ST/STM32_USB_Device_Library/Class/CDC/Inc -O0 -ffunction-sections -fdata-sections -Wall -fstack-usage -fcyclomatic-complexity -MMD -MP -MF"Core/Src/stm32f7xx_it.d" -MT"Core/Src/stm32f7xx_it.o" --specs=nano.specs -mfpu=fpv5-sp-d16 -mfloat-abi=hard -mthumb -o "Core/Src/stm32f7xx_it.o"
arm-none-eabi-gcc "../Core/Src/syscalls.c" -mcpu=cortex-m7 -std=gnu11 -g3 -DDEBUG -DUSE_HAL_DRIVER -DSTM32F722xx -c -I../Core/Inc -I/Users/liufangzheng/STM32Cube/Repository/STM32Cube_FW_F7_V1.17.3/Drivers/STM32F7xx_HAL_Driver/Inc -I/Users/liufangzheng/STM32Cube/Repository/STM32Cube_FW_F7_V1.17.3/Drivers/STM32F7xx_HAL_Driver/Inc/Legacy -I/Users/liufangzheng/STM32Cube/Repository/STM32Cube_FW_F7_V1.17.3/Drivers/CMSIS/Device/ST/STM32F7xx/Include -I/Users/liufangzheng/STM32Cube/Repository/STM32Cube_FW_F7_V1.17.3/Drivers/CMSIS/Include -I../FATFS/Target -I../FATFS/App -I../USB_DEVICE/App -I../USB_DEVICE/Target -I/Users/liufangzheng/STM32Cube/Repository/STM32Cube_FW_F7_V1.17.3/Middlewares/Third_Party/FatFs/src -I/Users/liufangzheng/STM32Cube/Repository/STM32Cube_FW_F7_V1.17.3/Middlewares/ST/STM32_USB_Device_Library/Core/Inc -I/Users/liufangzheng/STM32Cube/Repository/STM32Cube_FW_F7_V1.17.3/Middlewares/ST/STM32_USB_Device_Library/Class/CDC/Inc -O0 -ffunction-sections -fdata-sections -Wall -fstack-usage -fcyclomatic-complexity -MMD -MP -MF"Core/Src/syscalls.d" -MT"Core/Src/syscalls.o" --specs=nano.specs -mfpu=fpv5-sp-d16 -mfloat-abi=hard -mthumb -o "Core/Src/syscalls.o"
arm-none-eabi-gcc "../Core/Src/sysmem.c" -mcpu=cortex-m7 -std=gnu11 -g3 -DDEBUG -DUSE_HAL_DRIVER -DSTM32F722xx -c -I../Core/Inc -I/Users/liufangzheng/STM32Cube/Repository/STM32Cube_FW_F7_V1.17.3/Drivers/STM32F7xx_HAL_Driver/Inc -I/Users/liufangzheng/STM32Cube/Repository/STM32Cube_FW_F7_V1.17.3/Drivers/STM32F7xx_HAL_Driver/Inc/Legacy -I/Users/liufangzheng/STM32Cube/Repository/STM32Cube_FW_F7_V1.17.3/Drivers/CMSIS/Device/ST/STM32F7xx/Include -I/Users/liufangzheng/STM32Cube/Repository/STM32Cube_FW_F7_V1.17.3/Drivers/CMSIS/Include -I../FATFS/Target -I../FATFS/App -I../USB_DEVICE/App -I../USB_DEVICE/Target -I/Users/liufangzheng/STM32Cube/Repository/STM32Cube_FW_F7_V1.17.3/Middlewares/Third_Party/FatFs/src -I/Users/liufangzheng/STM32Cube/Repository/STM32Cube_FW_F7_V1.17.3/Middlewares/ST/STM32_USB_Device_Library/Core/Inc -I/Users/liufangzheng/STM32Cube/Repository/STM32Cube_FW_F7_V1.17.3/Middlewares/ST/STM32_USB_Device_Library/Class/CDC/Inc -O0 -ffunction-sections -fdata-sections -Wall -fstack-usage -fcyclomatic-complexity -MMD -MP -MF"Core/Src/sysmem.d" -MT"Core/Src/sysmem.o" --specs=nano.specs -mfpu=fpv5-sp-d16 -mfloat-abi=hard -mthumb -o "Core/Src/sysmem.o"
arm-none-eabi-gcc "../Core/Src/system_stm32f7xx.c" -mcpu=cortex-m7 -std=gnu11 -g3 -DDEBUG -DUSE_HAL_DRIVER -DSTM32F722xx -c -I../Core/Inc -I/Users/liufangzheng/STM32Cube/Repository/STM32Cube_FW_F7_V1.17.3/Drivers/STM32F7xx_HAL_Driver/Inc -I/Users/liufangzheng/STM32Cube/Repository/STM32Cube_FW_F7_V1.17.3/Drivers/STM32F7xx_HAL_Driver/Inc/Legacy -I/Users/liufangzheng/STM32Cube/Repository/STM32Cube_FW_F7_V1.17.3/Drivers/CMSIS/Device/ST/STM32F7xx/Include -I/Users/liufangzheng/STM32Cube/Repository/STM32Cube_FW_F7_V1.17.3/Drivers/CMSIS/Include -I../FATFS/Target -I../FATFS/App -I../USB_DEVICE/App -I../USB_DEVICE/Target -I/Users/liufangzheng/STM32Cube/Repository/STM32Cube_FW_F7_V1.17.3/Middlewares/Third_Party/FatFs/src -I/Users/liufangzheng/STM32Cube/Repository/STM32Cube_FW_F7_V1.17.3/Middlewares/ST/STM32_USB_Device_Library/Core/Inc -I/Users/liufangzheng/STM32Cube/Repository/STM32Cube_FW_F7_V1.17.3/Middlewares/ST/STM32_USB_Device_Library/Class/CDC/Inc -O0 -ffunction-sections -fdata-sections -Wall -fstack-usage -fcyclomatic-complexity -MMD -MP -MF"Core/Src/system_stm32f7xx.d" -MT"Core/Src/system_stm32f7xx.o" --specs=nano.specs -mfpu=fpv5-sp-d16 -mfloat-abi=hard -mthumb -o "Core/Src/system_stm32f7xx.o"
arm-none-eabi-gcc -o "microsd_spi_fatfs.elf" @"objects.list"   -mcpu=cortex-m7 -T"/Users/liufangzheng/Documents/Lab/github/HexSense_MIT/firmware/STM32F722/microsd_spi_fatfs/microsd_spi_fatfs/STM32F722RETX_FLASH.ld" --specs=nosys.specs -Wl,-Map="microsd_spi_fatfs.map" -Wl,--gc-sections -static --specs=nano.specs -mfpu=fpv5-sp-d16 -mfloat-abi=hard -mthumb -Wl,--start-group -lc -lm -Wl,--end-group
Finished building target: microsd_spi_fatfs.elf
 
arm-none-eabi-size  microsd_spi_fatfs.elf 
arm-none-eabi-objdump -h -S microsd_spi_fatfs.elf  > "microsd_spi_fatfs.list"
   text	   data	    bss	    dec	    hex	filename
  32224	    368	   8616	  41208	   a0f8	microsd_spi_fatfs.elf
Finished building: default.size.stdout
 
Finished building: microsd_spi_fatfs.list
 
13:44:16 **** Incremental Build of configuration Debug for project microsd_spi_fatfs ****
make -j15 all 
arm-none-eabi-gcc "../USB_DEVICE/Target/usbd_conf.c" -mcpu=cortex-m7 -std=gnu11 -g3 -DDEBUG -DUSE_HAL_DRIVER -DSTM32F722xx -c -I../Core/Inc -I/Users/liufangzheng/STM32Cube/Repository/STM32Cube_FW_F7_V1.17.3/Drivers/STM32F7xx_HAL_Driver/Inc -I/Users/liufangzheng/STM32Cube/Repository/STM32Cube_FW_F7_V1.17.3/Drivers/STM32F7xx_HAL_Driver/Inc/Legacy -I/Users/liufangzheng/STM32Cube/Repository/STM32Cube_FW_F7_V1.17.3/Drivers/CMSIS/Device/ST/STM32F7xx/Include -I/Users/liufangzheng/STM32Cube/Repository/STM32Cube_FW_F7_V1.17.3/Drivers/CMSIS/Include -I../FATFS/Target -I../FATFS/App -I../USB_DEVICE/App -I../USB_DEVICE/Target -I/Users/liufangzheng/STM32Cube/Repository/STM32Cube_FW_F7_V1.17.3/Middlewares/Third_Party/FatFs/src -I/Users/liufangzheng/STM32Cube/Repository/STM32Cube_FW_F7_V1.17.3/Middlewares/ST/STM32_USB_Device_Library/Core/Inc -I/Users/liufangzheng/STM32Cube/Repository/STM32Cube_FW_F7_V1.17.3/Middlewares/ST/STM32_USB_Device_Library/Class/CDC/Inc -O0 -ffunction-sections -fdata-sections -Wall -fstack-usage -fcyclomatic-complexity -MMD -MP -MF"USB_DEVICE/Target/usbd_conf.d" -MT"USB_DEVICE/Target/usbd_conf.o" --specs=nano.specs -mfpu=fpv5-sp-d16 -mfloat-abi=hard -mthumb -o "USB_DEVICE/Target/usbd_conf.o"
arm-none-eabi-gcc "../USB_DEVICE/App/usb_device.c" -mcpu=cortex-m7 -std=gnu11 -g3 -DDEBUG -DUSE_HAL_DRIVER -DSTM32F722xx -c -I../Core/Inc -I/Users/liufangzheng/STM32Cube/Repository/STM32Cube_FW_F7_V1.17.3/Drivers/STM32F7xx_HAL_Driver/Inc -I/Users/liufangzheng/STM32Cube/Repository/STM32Cube_FW_F7_V1.17.3/Drivers/STM32F7xx_HAL_Driver/Inc/Legacy -I/Users/liufangzheng/STM32Cube/Repository/STM32Cube_FW_F7_V1.17.3/Drivers/CMSIS/Device/ST/STM32F7xx/Include -I/Users/liufangzheng/STM32Cube/Repository/STM32Cube_FW_F7_V1.17.3/Drivers/CMSIS/Include -I../FATFS/Target -I../FATFS/App -I../USB_DEVICE/App -I../USB_DEVICE/Target -I/Users/liufangzheng/STM32Cube/Repository/STM32Cube_FW_F7_V1.17.3/Middlewares/Third_Party/FatFs/src -I/Users/liufangzheng/STM32Cube/Repository/STM32Cube_FW_F7_V1.17.3/Middlewares/ST/STM32_USB_Device_Library/Core/Inc -I/Users/liufangzheng/STM32Cube/Repository/STM32Cube_FW_F7_V1.17.3/Middlewares/ST/STM32_USB_Device_Library/Class/CDC/Inc -O0 -ffunction-sections -fdata-sections -Wall -fstack-usage -fcyclomatic-complexity -MMD -MP -MF"USB_DEVICE/App/usb_device.d" -MT"USB_DEVICE/App/usb_device.o" --specs=nano.specs -mfpu=fpv5-sp-d16 -mfloat-abi=hard -mthumb -o "USB_DEVICE/App/usb_device.o"
arm-none-eabi-gcc "../USB_DEVICE/App/usbd_cdc_if.c" -mcpu=cortex-m7 -std=gnu11 -g3 -DDEBUG -DUSE_HAL_DRIVER -DSTM32F722xx -c -I../Core/Inc -I/Users/liufangzheng/STM32Cube/Repository/STM32Cube_FW_F7_V1.17.3/Drivers/STM32F7xx_HAL_Driver/Inc -I/Users/liufangzheng/STM32Cube/Repository/STM32Cube_FW_F7_V1.17.3/Drivers/STM32F7xx_HAL_Driver/Inc/Legacy -I/Users/liufangzheng/STM32Cube/Repository/STM32Cube_FW_F7_V1.17.3/Drivers/CMSIS/Device/ST/STM32F7xx/Include -I/Users/liufangzheng/STM32Cube/Repository/STM32Cube_FW_F7_V1.17.3/Drivers/CMSIS/Include -I../FATFS/Target -I../FATFS/App -I../USB_DEVICE/App -I../USB_DEVICE/Target -I/Users/liufangzheng/STM32Cube/Repository/STM32Cube_FW_F7_V1.17.3/Middlewares/Third_Party/FatFs/src -I/Users/liufangzheng/STM32Cube/Repository/STM32Cube_FW_F7_V1.17.3/Middlewares/ST/STM32_USB_Device_Library/Core/Inc -I/Users/liufangzheng/STM32Cube/Repository/STM32Cube_FW_F7_V1.17.3/Middlewares/ST/STM32_USB_Device_Library/Class/CDC/Inc -O0 -ffunction-sections -fdata-sections -Wall -fstack-usage -fcyclomatic-complexity -MMD -MP -MF"USB_DEVICE/App/usbd_cdc_if.d" -MT"USB_DEVICE/App/usbd_cdc_if.o" --specs=nano.specs -mfpu=fpv5-sp-d16 -mfloat-abi=hard -mthumb -o "USB_DEVICE/App/usbd_cdc_if.o"
arm-none-eabi-gcc "../USB_DEVICE/App/usbd_desc.c" -mcpu=cortex-m7 -std=gnu11 -g3 -DDEBUG -DUSE_HAL_DRIVER -DSTM32F722xx -c -I../Core/Inc -I/Users/liufangzheng/STM32Cube/Repository/STM32Cube_FW_F7_V1.17.3/Drivers/STM32F7xx_HAL_Driver/Inc -I/Users/liufangzheng/STM32Cube/Repository/STM32Cube_FW_F7_V1.17.3/Drivers/STM32F7xx_HAL_Driver/Inc/Legacy -I/Users/liufangzheng/STM32Cube/Repository/STM32Cube_FW_F7_V1.17.3/Drivers/CMSIS/Device/ST/STM32F7xx/Include -I/Users/liufangzheng/STM32Cube/Repository/STM32Cube_FW_F7_V1.17.3/Drivers/CMSIS/Include -I../FATFS/Target -I../FATFS/App -I../USB_DEVICE/App -I../USB_DEVICE/Target -I/Users/liufangzheng/STM32Cube/Repository/STM32Cube_FW_F7_V1.17.3/Middlewares/Third_Party/FatFs/src -I/Users/liufangzheng/STM32Cube/Repository/STM32Cube_FW_F7_V1.17.3/Middlewares/ST/STM32_USB_Device_Library/Core/Inc -I/Users/liufangzheng/STM32Cube/Repository/STM32Cube_FW_F7_V1.17.3/Middlewares/ST/STM32_USB_Device_Library/Class/CDC/Inc -O0 -ffunction-sections -fdata-sections -Wall -fstack-usage -fcyclomatic-complexity -MMD -MP -MF"USB_DEVICE/App/usbd_desc.d" -MT"USB_DEVICE/App/usbd_desc.o" --specs=nano.specs -mfpu=fpv5-sp-d16 -mfloat-abi=hard -mthumb -o "USB_DEVICE/App/usbd_desc.o"
arm-none-eabi-gcc "/Users/liufangzheng/STM32Cube/Repository/STM32Cube_FW_F7_V1.17.3/Middlewares/ST/STM32_USB_Device_Library/Class/CDC/Src/usbd_cdc.c" -mcpu=cortex-m7 -std=gnu11 -g3 -DDEBUG -DUSE_HAL_DRIVER -DSTM32F722xx -c -I../Core/Inc -I/Users/liufangzheng/STM32Cube/Repository/STM32Cube_FW_F7_V1.17.3/Drivers/STM32F7xx_HAL_Driver/Inc -I/Users/liufangzheng/STM32Cube/Repository/STM32Cube_FW_F7_V1.17.3/Drivers/STM32F7xx_HAL_Driver/Inc/Legacy -I/Users/liufangzheng/STM32Cube/Repository/STM32Cube_FW_F7_V1.17.3/Drivers/CMSIS/Device/ST/STM32F7xx/Include -I/Users/liufangzheng/STM32Cube/Repository/STM32Cube_FW_F7_V1.17.3/Drivers/CMSIS/Include -I../FATFS/Target -I../FATFS/App -I../USB_DEVICE/App -I../USB_DEVICE/Target -I/Users/liufangzheng/STM32Cube/Repository/STM32Cube_FW_F7_V1.17.3/Middlewares/Third_Party/FatFs/src -I/Users/liufangzheng/STM32Cube/Repository/STM32Cube_FW_F7_V1.17.3/Middlewares/ST/STM32_USB_Device_Library/Core/Inc -I/Users/liufangzheng/STM32Cube/Repository/STM32Cube_FW_F7_V1.17.3/Middlewares/ST/STM32_USB_Device_Library/Class/CDC/Inc -O0 -ffunction-sections -fdata-sections -Wall -fstack-usage -fcyclomatic-complexity -MMD -MP -MF"Middlewares/USB_Device_Library/usbd_cdc.d" -MT"Middlewares/USB_Device_Library/usbd_cdc.o" --specs=nano.specs -mfpu=fpv5-sp-d16 -mfloat-abi=hard -mthumb -o "Middlewares/USB_Device_Library/usbd_cdc.o"
arm-none-eabi-gcc "/Users/liufangzheng/STM32Cube/Repository/STM32Cube_FW_F7_V1.17.3/Middlewares/ST/STM32_USB_Device_Library/Core/Src/usbd_core.c" -mcpu=cortex-m7 -std=gnu11 -g3 -DDEBUG -DUSE_HAL_DRIVER -DSTM32F722xx -c -I../Core/Inc -I/Users/liufangzheng/STM32Cube/Repository/STM32Cube_FW_F7_V1.17.3/Drivers/STM32F7xx_HAL_Driver/Inc -I/Users/liufangzheng/STM32Cube/Repository/STM32Cube_FW_F7_V1.17.3/Drivers/STM32F7xx_HAL_Driver/Inc/Legacy -I/Users/liufangzheng/STM32Cube/Repository/STM32Cube_FW_F7_V1.17.3/Drivers/CMSIS/Device/ST/STM32F7xx/Include -I/Users/liufangzheng/STM32Cube/Repository/STM32Cube_FW_F7_V1.17.3/Drivers/CMSIS/Include -I../FATFS/Target -I../FATFS/App -I../USB_DEVICE/App -I../USB_DEVICE/Target -I/Users/liufangzheng/STM32Cube/Repository/STM32Cube_FW_F7_V1.17.3/Middlewares/Third_Party/FatFs/src -I/Users/liufangzheng/STM32Cube/Repository/STM32Cube_FW_F7_V1.17.3/Middlewares/ST/STM32_USB_Device_Library/Core/Inc -I/Users/liufangzheng/STM32Cube/Repository/STM32Cube_FW_F7_V1.17.3/Middlewares/ST/STM32_USB_Device_Library/Class/CDC/Inc -O0 -ffunction-sections -fdata-sections -Wall -fstack-usage -fcyclomatic-complexity -MMD -MP -MF"Middlewares/USB_Device_Library/usbd_core.d" -MT"Middlewares/USB_Device_Library/usbd_core.o" --specs=nano.specs -mfpu=fpv5-sp-d16 -mfloat-abi=hard -mthumb -o "Middlewares/USB_Device_Library/usbd_core.o"
arm-none-eabi-gcc "/Users/liufangzheng/STM32Cube/Repository/STM32Cube_FW_F7_V1.17.3/Middlewares/ST/STM32_USB_Device_Library/Core/Src/usbd_ctlreq.c" -mcpu=cortex-m7 -std=gnu11 -g3 -DDEBUG -DUSE_HAL_DRIVER -DSTM32F722xx -c -I../Core/Inc -I/Users/liufangzheng/STM32Cube/Repository/STM32Cube_FW_F7_V1.17.3/Drivers/STM32F7xx_HAL_Driver/Inc -I/Users/liufangzheng/STM32Cube/Repository/STM32Cube_FW_F7_V1.17.3/Drivers/STM32F7xx_HAL_Driver/Inc/Legacy -I/Users/liufangzheng/STM32Cube/Repository/STM32Cube_FW_F7_V1.17.3/Drivers/CMSIS/Device/ST/STM32F7xx/Include -I/Users/liufangzheng/STM32Cube/Repository/STM32Cube_FW_F7_V1.17.3/Drivers/CMSIS/Include -I../FATFS/Target -I../FATFS/App -I../USB_DEVICE/App -I../USB_DEVICE/Target -I/Users/liufangzheng/STM32Cube/Repository/STM32Cube_FW_F7_V1.17.3/Middlewares/Third_Party/FatFs/src -I/Users/liufangzheng/STM32Cube/Repository/STM32Cube_FW_F7_V1.17.3/Middlewares/ST/STM32_USB_Device_Library/Core/Inc -I/Users/liufangzheng/STM32Cube/Repository/STM32Cube_FW_F7_V1.17.3/Middlewares/ST/STM32_USB_Device_Library/Class/CDC/Inc -O0 -ffunction-sections -fdata-sections -Wall -fstack-usage -fcyclomatic-complexity -MMD -MP -MF"Middlewares/USB_Device_Library/usbd_ctlreq.d" -MT"Middlewares/USB_Device_Library/usbd_ctlreq.o" --specs=nano.specs -mfpu=fpv5-sp-d16 -mfloat-abi=hard -mthumb -o "Middlewares/USB_Device_Library/usbd_ctlreq.o"
arm-none-eabi-gcc "/Users/liufangzheng/STM32Cube/Repository/STM32Cube_FW_F7_V1.17.3/Middlewares/ST/STM32_USB_Device_Library/Core/Src/usbd_ioreq.c" -mcpu=cortex-m7 -std=gnu11 -g3 -DDEBUG -DUSE_HAL_DRIVER -DSTM32F722xx -c -I../Core/Inc -I/Users/liufangzheng/STM32Cube/Repository/STM32Cube_FW_F7_V1.17.3/Drivers/STM32F7xx_HAL_Driver/Inc -I/Users/liufangzheng/STM32Cube/Repository/STM32Cube_FW_F7_V1.17.3/Drivers/STM32F7xx_HAL_Driver/Inc/Legacy -I/Users/liufangzheng/STM32Cube/Repository/STM32Cube_FW_F7_V1.17.3/Drivers/CMSIS/Device/ST/STM32F7xx/Include -I/Users/liufangzheng/STM32Cube/Repository/STM32Cube_FW_F7_V1.17.3/Drivers/CMSIS/Include -I../FATFS/Target -I../FATFS/App -I../USB_DEVICE/App -I../USB_DEVICE/Target -I/Users/liufangzheng/STM32Cube/Repository/STM32Cube_FW_F7_V1.17.3/Middlewares/Third_Party/FatFs/src -I/Users/liufangzheng/STM32Cube/Repository/STM32Cube_FW_F7_V1.17.3/Middlewares/ST/STM32_USB_Device_Library/Core/Inc -I/Users/liufangzheng/STM32Cube/Repository/STM32Cube_FW_F7_V1.17.3/Middlewares/ST/STM32_USB_Device_Library/Class/CDC/Inc -O0 -ffunction-sections -fdata-sections -Wall -fstack-usage -fcyclomatic-complexity -MMD -MP -MF"Middlewares/USB_Device_Library/usbd_ioreq.d" -MT"Middlewares/USB_Device_Library/usbd_ioreq.o" --specs=nano.specs -mfpu=fpv5-sp-d16 -mfloat-abi=hard -mthumb -o "Middlewares/USB_Device_Library/usbd_ioreq.o"
arm-none-eabi-gcc "/Users/liufangzheng/STM32Cube/Repository/STM32Cube_FW_F7_V1.17.3/Middlewares/Third_Party/FatFs/src/diskio.c" -mcpu=cortex-m7 -std=gnu11 -g3 -DDEBUG -DUSE_HAL_DRIVER -DSTM32F722xx -c -I../Core/Inc -I/Users/liufangzheng/STM32Cube/Repository/STM32Cube_FW_F7_V1.17.3/Drivers/STM32F7xx_HAL_Driver/Inc -I/Users/liufangzheng/STM32Cube/Repository/STM32Cube_FW_F7_V1.17.3/Drivers/STM32F7xx_HAL_Driver/Inc/Legacy -I/Users/liufangzheng/STM32Cube/Repository/STM32Cube_FW_F7_V1.17.3/Drivers/CMSIS/Device/ST/STM32F7xx/Include -I/Users/liufangzheng/STM32Cube/Repository/STM32Cube_FW_F7_V1.17.3/Drivers/CMSIS/Include -I../FATFS/Target -I../FATFS/App -I../USB_DEVICE/App -I../USB_DEVICE/Target -I/Users/liufangzheng/STM32Cube/Repository/STM32Cube_FW_F7_V1.17.3/Middlewares/Third_Party/FatFs/src -I/Users/liufangzheng/STM32Cube/Repository/STM32Cube_FW_F7_V1.17.3/Middlewares/ST/STM32_USB_Device_Library/Core/Inc -I/Users/liufangzheng/STM32Cube/Repository/STM32Cube_FW_F7_V1.17.3/Middlewares/ST/STM32_USB_Device_Library/Class/CDC/Inc -O0 -ffunction-sections -fdata-sections -Wall -fstack-usage -fcyclomatic-complexity -MMD -MP -MF"Middlewares/FatFs/diskio.d" -MT"Middlewares/FatFs/diskio.o" --specs=nano.specs -mfpu=fpv5-sp-d16 -mfloat-abi=hard -mthumb -o "Middlewares/FatFs/diskio.o"
arm-none-eabi-gcc "/Users/liufangzheng/STM32Cube/Repository/STM32Cube_FW_F7_V1.17.3/Middlewares/Third_Party/FatFs/src/ff.c" -mcpu=cortex-m7 -std=gnu11 -g3 -DDEBUG -DUSE_HAL_DRIVER -DSTM32F722xx -c -I../Core/Inc -I/Users/liufangzheng/STM32Cube/Repository/STM32Cube_FW_F7_V1.17.3/Drivers/STM32F7xx_HAL_Driver/Inc -I/Users/liufangzheng/STM32Cube/Repository/STM32Cube_FW_F7_V1.17.3/Drivers/STM32F7xx_HAL_Driver/Inc/Legacy -I/Users/liufangzheng/STM32Cube/Repository/STM32Cube_FW_F7_V1.17.3/Drivers/CMSIS/Device/ST/STM32F7xx/Include -I/Users/liufangzheng/STM32Cube/Repository/STM32Cube_FW_F7_V1.17.3/Drivers/CMSIS/Include -I../FATFS/Target -I../FATFS/App -I../USB_DEVICE/App -I../USB_DEVICE/Target -I/Users/liufangzheng/STM32Cube/Repository/STM32Cube_FW_F7_V1.17.3/Middlewares/Third_Party/FatFs/src -I/Users/liufangzheng/STM32Cube/Repository/STM32Cube_FW_F7_V1.17.3/Middlewares/ST/STM32_USB_Device_Library/Core/Inc -I/Users/liufangzheng/STM32Cube/Repository/STM32Cube_FW_F7_V1.17.3/Middlewares/ST/STM32_USB_Device_Library/Class/CDC/Inc -O0 -ffunction-sections -fdata-sections -Wall -fstack-usage -fcyclomatic-complexity -MMD -MP -MF"Middlewares/FatFs/ff.d" -MT"Middlewares/FatFs/ff.o" --specs=nano.specs -mfpu=fpv5-sp-d16 -mfloat-abi=hard -mthumb -o "Middlewares/FatFs/ff.o"
arm-none-eabi-gcc "/Users/liufangzheng/STM32Cube/Repository/STM32Cube_FW_F7_V1.17.3/Middlewares/Third_Party/FatFs/src/ff_gen_drv.c" -mcpu=cortex-m7 -std=gnu11 -g3 -DDEBUG -DUSE_HAL_DRIVER -DSTM32F722xx -c -I../Core/Inc -I/Users/liufangzheng/STM32Cube/Repository/STM32Cube_FW_F7_V1.17.3/Drivers/STM32F7xx_HAL_Driver/Inc -I/Users/liufangzheng/STM32Cube/Repository/STM32Cube_FW_F7_V1.17.3/Drivers/STM32F7xx_HAL_Driver/Inc/Legacy -I/Users/liufangzheng/STM32Cube/Repository/STM32Cube_FW_F7_V1.17.3/Drivers/CMSIS/Device/ST/STM32F7xx/Include -I/Users/liufangzheng/STM32Cube/Repository/STM32Cube_FW_F7_V1.17.3/Drivers/CMSIS/Include -I../FATFS/Target -I../FATFS/App -I../USB_DEVICE/App -I../USB_DEVICE/Target -I/Users/liufangzheng/STM32Cube/Repository/STM32Cube_FW_F7_V1.17.3/Middlewares/Third_Party/FatFs/src -I/Users/liufangzheng/STM32Cube/Repository/STM32Cube_FW_F7_V1.17.3/Middlewares/ST/STM32_USB_Device_Library/Core/Inc -I/Users/liufangzheng/STM32Cube/Repository/STM32Cube_FW_F7_V1.17.3/Middlewares/ST/STM32_USB_Device_Library/Class/CDC/Inc -O0 -ffunction-sections -fdata-sections -Wall -fstack-usage -fcyclomatic-complexity -MMD -MP -MF"Middlewares/FatFs/ff_gen_drv.d" -MT"Middlewares/FatFs/ff_gen_drv.o" --specs=nano.specs -mfpu=fpv5-sp-d16 -mfloat-abi=hard -mthumb -o "Middlewares/FatFs/ff_gen_drv.o"
arm-none-eabi-gcc "/Users/liufangzheng/STM32Cube/Repository/STM32Cube_FW_F7_V1.17.3/Middlewares/Third_Party/FatFs/src/option/syscall.c" -mcpu=cortex-m7 -std=gnu11 -g3 -DDEBUG -DUSE_HAL_DRIVER -DSTM32F722xx -c -I../Core/Inc -I/Users/liufangzheng/STM32Cube/Repository/STM32Cube_FW_F7_V1.17.3/Drivers/STM32F7xx_HAL_Driver/Inc -I/Users/liufangzheng/STM32Cube/Repository/STM32Cube_FW_F7_V1.17.3/Drivers/STM32F7xx_HAL_Driver/Inc/Legacy -I/Users/liufangzheng/STM32Cube/Repository/STM32Cube_FW_F7_V1.17.3/Drivers/CMSIS/Device/ST/STM32F7xx/Include -I/Users/liufangzheng/STM32Cube/Repository/STM32Cube_FW_F7_V1.17.3/Drivers/CMSIS/Include -I../FATFS/Target -I../FATFS/App -I../USB_DEVICE/App -I../USB_DEVICE/Target -I/Users/liufangzheng/STM32Cube/Repository/STM32Cube_FW_F7_V1.17.3/Middlewares/Third_Party/FatFs/src -I/Users/liufangzheng/STM32Cube/Repository/STM32Cube_FW_F7_V1.17.3/Middlewares/ST/STM32_USB_Device_Library/Core/Inc -I/Users/liufangzheng/STM32Cube/Repository/STM32Cube_FW_F7_V1.17.3/Middlewares/ST/STM32_USB_Device_Library/Class/CDC/Inc -O0 -ffunction-sections -fdata-sections -Wall -fstack-usage -fcyclomatic-complexity -MMD -MP -MF"Middlewares/FatFs/syscall.d" -MT"Middlewares/FatFs/syscall.o" --specs=nano.specs -mfpu=fpv5-sp-d16 -mfloat-abi=hard -mthumb -o "Middlewares/FatFs/syscall.o"
arm-none-eabi-gcc "../FATFS/Target/user_diskio.c" -mcpu=cortex-m7 -std=gnu11 -g3 -DDEBUG -DUSE_HAL_DRIVER -DSTM32F722xx -c -I../Core/Inc -I/Users/liufangzheng/STM32Cube/Repository/STM32Cube_FW_F7_V1.17.3/Drivers/STM32F7xx_HAL_Driver/Inc -I/Users/liufangzheng/STM32Cube/Repository/STM32Cube_FW_F7_V1.17.3/Drivers/STM32F7xx_HAL_Driver/Inc/Legacy -I/Users/liufangzheng/STM32Cube/Repository/STM32Cube_FW_F7_V1.17.3/Drivers/CMSIS/Device/ST/STM32F7xx/Include -I/Users/liufangzheng/STM32Cube/Repository/STM32Cube_FW_F7_V1.17.3/Drivers/CMSIS/Include -I../FATFS/Target -I../FATFS/App -I../USB_DEVICE/App -I../USB_DEVICE/Target -I/Users/liufangzheng/STM32Cube/Repository/STM32Cube_FW_F7_V1.17.3/Middlewares/Third_Party/FatFs/src -I/Users/liufangzheng/STM32Cube/Repository/STM32Cube_FW_F7_V1.17.3/Middlewares/ST/STM32_USB_Device_Library/Core/Inc -I/Users/liufangzheng/STM32Cube/Repository/STM32Cube_FW_F7_V1.17.3/Middlewares/ST/STM32_USB_Device_Library/Class/CDC/Inc -O0 -ffunction-sections -fdata-sections -Wall -fstack-usage -fcyclomatic-complexity -MMD -MP -MF"FATFS/Target/user_diskio.d" -MT"FATFS/Target/user_diskio.o" --specs=nano.specs -mfpu=fpv5-sp-d16 -mfloat-abi=hard -mthumb -o "FATFS/Target/user_diskio.o"
arm-none-eabi-gcc "../FATFS/Target/user_diskio_spi.c" -mcpu=cortex-m7 -std=gnu11 -g3 -DDEBUG -DUSE_HAL_DRIVER -DSTM32F722xx -c -I../Core/Inc -I/Users/liufangzheng/STM32Cube/Repository/STM32Cube_FW_F7_V1.17.3/Drivers/STM32F7xx_HAL_Driver/Inc -I/Users/liufangzheng/STM32Cube/Repository/STM32Cube_FW_F7_V1.17.3/Drivers/STM32F7xx_HAL_Driver/Inc/Legacy -I/Users/liufangzheng/STM32Cube/Repository/STM32Cube_FW_F7_V1.17.3/Drivers/CMSIS/Device/ST/STM32F7xx/Include -I/Users/liufangzheng/STM32Cube/Repository/STM32Cube_FW_F7_V1.17.3/Drivers/CMSIS/Include -I../FATFS/Target -I../FATFS/App -I../USB_DEVICE/App -I../USB_DEVICE/Target -I/Users/liufangzheng/STM32Cube/Repository/STM32Cube_FW_F7_V1.17.3/Middlewares/Third_Party/FatFs/src -I/Users/liufangzheng/STM32Cube/Repository/STM32Cube_FW_F7_V1.17.3/Middlewares/ST/STM32_USB_Device_Library/Core/Inc -I/Users/liufangzheng/STM32Cube/Repository/STM32Cube_FW_F7_V1.17.3/Middlewares/ST/STM32_USB_Device_Library/Class/CDC/Inc -O0 -ffunction-sections -fdata-sections -Wall -fstack-usage -fcyclomatic-complexity -MMD -MP -MF"FATFS/Target/user_diskio_spi.d" -MT"FATFS/Target/user_diskio_spi.o" --specs=nano.specs -mfpu=fpv5-sp-d16 -mfloat-abi=hard -mthumb -o "FATFS/Target/user_diskio_spi.o"
arm-none-eabi-gcc "../FATFS/App/fatfs.c" -mcpu=cortex-m7 -std=gnu11 -g3 -DDEBUG -DUSE_HAL_DRIVER -DSTM32F722xx -c -I../Core/Inc -I/Users/liufangzheng/STM32Cube/Repository/STM32Cube_FW_F7_V1.17.3/Drivers/STM32F7xx_HAL_Driver/Inc -I/Users/liufangzheng/STM32Cube/Repository/STM32Cube_FW_F7_V1.17.3/Drivers/STM32F7xx_HAL_Driver/Inc/Legacy -I/Users/liufangzheng/STM32Cube/Repository/STM32Cube_FW_F7_V1.17.3/Drivers/CMSIS/Device/ST/STM32F7xx/Include -I/Users/liufangzheng/STM32Cube/Repository/STM32Cube_FW_F7_V1.17.3/Drivers/CMSIS/Include -I../FATFS/Target -I../FATFS/App -I../USB_DEVICE/App -I../USB_DEVICE/Target -I/Users/liufangzheng/STM32Cube/Repository/STM32Cube_FW_F7_V1.17.3/Middlewares/Third_Party/FatFs/src -I/Users/liufangzheng/STM32Cube/Repository/STM32Cube_FW_F7_V1.17.3/Middlewares/ST/STM32_USB_Device_Library/Core/Inc -I/Users/liufangzheng/STM32Cube/Repository/STM32Cube_FW_F7_V1.17.3/Middlewares/ST/STM32_USB_Device_Library/Class/CDC/Inc -O0 -ffunction-sections -fdata-sections -Wall -fstack-usage -fcyclomatic-complexity -MMD -MP -MF"FATFS/App/fatfs.d" -MT"FATFS/App/fatfs.o" --specs=nano.specs -mfpu=fpv5-sp-d16 -mfloat-abi=hard -mthumb -o "FATFS/App/fatfs.o"
In file included from ../FATFS/Target/ffconf.h:26,
                 from /Users/liufangzheng/STM32Cube/Repository/STM32Cube_FW_F7_V1.17.3/Middlewares/Third_Party/FatFs/src/ff.h:29,
                 from /Users/liufangzheng/STM32Cube/Repository/STM32Cube_FW_F7_V1.17.3/Middlewares/Third_Party/FatFs/src/ff_gen_drv.h:29,
                 from ../FATFS/Target/user_diskio_spi.h:23,
                 from ../FATFS/Target/user_diskio_spi.c:28:
../FATFS/Target/user_diskio_spi.c: In function 'xchg_spi':
../Core/Inc/main.h:68:28: error: expected ')' before ';' token
   68 | #define SD_SPI_HANDLE hspi2;
      |                            ^
../FATFS/Target/user_diskio_spi.c:109:30: note: in expansion of macro 'SD_SPI_HANDLE'
  109 |     HAL_SPI_TransmitReceive(&SD_SPI_HANDLE, &dat, &rxDat, 1, 50);
      |                              ^~~~~~~~~~~~~
../FATFS/Target/user_diskio_spi.c:109:28: note: to match this '('
  109 |     HAL_SPI_TransmitReceive(&SD_SPI_HANDLE, &dat, &rxDat, 1, 50);
      |                            ^
../FATFS/Target/user_diskio_spi.c:109:5: error: too few arguments to function 'HAL_SPI_TransmitReceive'
  109 |     HAL_SPI_TransmitReceive(&SD_SPI_HANDLE, &dat, &rxDat, 1, 50);
      |     ^~~~~~~~~~~~~~~~~~~~~~~
In file included from ../Core/Inc/stm32f7xx_hal_conf.h:407,
                 from /Users/liufangzheng/STM32Cube/Repository/STM32Cube_FW_F7_V1.17.3/Drivers/STM32F7xx_HAL_Driver/Inc/stm32f7xx_hal.h:29,
                 from ../FATFS/Target/user_diskio_spi.c:27:
/Users/liufangzheng/STM32Cube/Repository/STM32Cube_FW_F7_V1.17.3/Drivers/STM32F7xx_HAL_Driver/Inc/stm32f7xx_hal_spi.h:798:19: note: declared here
  798 | HAL_StatusTypeDef HAL_SPI_TransmitReceive(SPI_HandleTypeDef *hspi, const uint8_t *pTxData, uint8_t *pRxData,
      |                   ^~~~~~~~~~~~~~~~~~~~~~~
../FATFS/Target/user_diskio_spi.c: In function 'xmit_spi_multi':
../Core/Inc/main.h:68:28: error: expected ')' before ';' token
   68 | #define SD_SPI_HANDLE hspi2;
      |                            ^
../FATFS/Target/user_diskio_spi.c:135:27: note: in expansion of macro 'SD_SPI_HANDLE'
  135 |         HAL_SPI_Transmit(&SD_SPI_HANDLE, buff, btx, HAL_MAX_DELAY);
      |                           ^~~~~~~~~~~~~
../FATFS/Target/user_diskio_spi.c:135:25: note: to match this '('
  135 |         HAL_SPI_Transmit(&SD_SPI_HANDLE, buff, btx, HAL_MAX_DELAY);
      |                         ^
../FATFS/Target/user_diskio_spi.c:135:9: error: too few arguments to function 'HAL_SPI_Transmit'
  135 |         HAL_SPI_Transmit(&SD_SPI_HANDLE, buff, btx, HAL_MAX_DELAY);
      |         ^~~~~~~~~~~~~~~~
/Users/liufangzheng/STM32Cube/Repository/STM32Cube_FW_F7_V1.17.3/Drivers/STM32F7xx_HAL_Driver/Inc/stm32f7xx_hal_spi.h:796:19: note: declared here
  796 | HAL_StatusTypeDef HAL_SPI_Transmit(SPI_HandleTypeDef *hspi, const uint8_t *pData, uint16_t Size, uint32_t Timeout);
      |                   ^~~~~~~~~~~~~~~~
In file included from /Users/liufangzheng/STM32Cube/Repository/STM32Cube_FW_F7_V1.17.3/Drivers/STM32F7xx_HAL_Driver/Inc/stm32f7xx_hal_def.h:29,
                 from /Users/liufangzheng/STM32Cube/Repository/STM32Cube_FW_F7_V1.17.3/Drivers/STM32F7xx_HAL_Driver/Inc/stm32f7xx_hal_rcc.h:27,
                 from ../Core/Inc/stm32f7xx_hal_conf.h:271:
../FATFS/Target/user_diskio_spi.c: In function 'USER_SPI_initialize':
../Core/Inc/main.h:68:28: error: expected ')' before ';' token
   68 | #define SD_SPI_HANDLE hspi2;
      |                            ^
/Users/liufangzheng/STM32Cube/Repository/STM32Cube_FW_F7_V1.17.3/Drivers/CMSIS/Device/ST/STM32F7xx/Include/stm32f7xx.h:189:33: note: in definition of macro 'WRITE_REG'
  189 | #define WRITE_REG(REG, VAL)   ((REG) = (VAL))
      |                                 ^~~
../FATFS/Target/user_diskio_spi.c:38:23: note: in expansion of macro 'MODIFY_REG'
   38 | #define FCLK_SLOW() { MODIFY_REG(SD_SPI_HANDLE.Instance->CR1, SPI_BAUDRATEPRESCALER_256, SPI_BAUDRATEPRESCALER_128); }  /* Set SCLK = slow, approx 280 KBits/s*/
      |                       ^~~~~~~~~~
../FATFS/Target/user_diskio_spi.c:38:34: note: in expansion of macro 'SD_SPI_HANDLE'
   38 | #define FCLK_SLOW() { MODIFY_REG(SD_SPI_HANDLE.Instance->CR1, SPI_BAUDRATEPRESCALER_256, SPI_BAUDRATEPRESCALER_128); }  /* Set SCLK = slow, approx 280 KBits/s*/
      |                                  ^~~~~~~~~~~~~
../FATFS/Target/user_diskio_spi.c:330:9: note: in expansion of macro 'FCLK_SLOW'
  330 |         FCLK_SLOW();
      |         ^~~~~~~~~
/Users/liufangzheng/STM32Cube/Repository/STM32Cube_FW_F7_V1.17.3/Drivers/CMSIS/Device/ST/STM32F7xx/Include/stm32f7xx.h:193:56: note: to match this '('
  193 | #define MODIFY_REG(REG, CLEARMASK, SETMASK)  WRITE_REG((REG), (((READ_REG(REG)) & (~(CLEARMASK))) | (SETMASK)))
      |                                                        ^
/Users/liufangzheng/STM32Cube/Repository/STM32Cube_FW_F7_V1.17.3/Drivers/CMSIS/Device/ST/STM32F7xx/Include/stm32f7xx.h:189:33: note: in definition of macro 'WRITE_REG'
  189 | #define WRITE_REG(REG, VAL)   ((REG) = (VAL))
      |                                 ^~~
../FATFS/Target/user_diskio_spi.c:38:23: note: in expansion of macro 'MODIFY_REG'
   38 | #define FCLK_SLOW() { MODIFY_REG(SD_SPI_HANDLE.Instance->CR1, SPI_BAUDRATEPRESCALER_256, SPI_BAUDRATEPRESCALER_128); }  /* Set SCLK = slow, approx 280 KBits/s*/
      |                       ^~~~~~~~~~
../FATFS/Target/user_diskio_spi.c:330:9: note: in expansion of macro 'FCLK_SLOW'
  330 |         FCLK_SLOW();
      |         ^~~~~~~~~
../Core/Inc/main.h:68:28: error: expected ')' before ';' token
   68 | #define SD_SPI_HANDLE hspi2;
      |                            ^
/Users/liufangzheng/STM32Cube/Repository/STM32Cube_FW_F7_V1.17.3/Drivers/CMSIS/Device/ST/STM32F7xx/Include/stm32f7xx.h:189:41: note: in definition of macro 'WRITE_REG'
  189 | #define WRITE_REG(REG, VAL)   ((REG) = (VAL))
      |                                         ^~~
/Users/liufangzheng/STM32Cube/Repository/STM32Cube_FW_F7_V1.17.3/Drivers/CMSIS/Device/ST/STM32F7xx/Include/stm32f7xx.h:193:66: note: in expansion of macro 'READ_REG'
  193 | #define MODIFY_REG(REG, CLEARMASK, SETMASK)  WRITE_REG((REG), (((READ_REG(REG)) & (~(CLEARMASK))) | (SETMASK)))
      |                                                                  ^~~~~~~~
../FATFS/Target/user_diskio_spi.c:38:23: note: in expansion of macro 'MODIFY_REG'
   38 | #define FCLK_SLOW() { MODIFY_REG(SD_SPI_HANDLE.Instance->CR1, SPI_BAUDRATEPRESCALER_256, SPI_BAUDRATEPRESCALER_128); }  /* Set SCLK = slow, approx 280 KBits/s*/
      |                       ^~~~~~~~~~
../FATFS/Target/user_diskio_spi.c:38:34: note: in expansion of macro 'SD_SPI_HANDLE'
   38 | #define FCLK_SLOW() { MODIFY_REG(SD_SPI_HANDLE.Instance->CR1, SPI_BAUDRATEPRESCALER_256, SPI_BAUDRATEPRESCALER_128); }  /* Set SCLK = slow, approx 280 KBits/s*/
      |                                  ^~~~~~~~~~~~~
../FATFS/Target/user_diskio_spi.c:330:9: note: in expansion of macro 'FCLK_SLOW'
  330 |         FCLK_SLOW();
      |         ^~~~~~~~~
/Users/liufangzheng/STM32Cube/Repository/STM32Cube_FW_F7_V1.17.3/Drivers/CMSIS/Device/ST/STM32F7xx/Include/stm32f7xx.h:191:32: note: to match this '('
  191 | #define READ_REG(REG)         ((REG))
      |                                ^
/Users/liufangzheng/STM32Cube/Repository/STM32Cube_FW_F7_V1.17.3/Drivers/CMSIS/Device/ST/STM32F7xx/Include/stm32f7xx.h:189:41: note: in definition of macro 'WRITE_REG'
  189 | #define WRITE_REG(REG, VAL)   ((REG) = (VAL))
      |                                         ^~~
/Users/liufangzheng/STM32Cube/Repository/STM32Cube_FW_F7_V1.17.3/Drivers/CMSIS/Device/ST/STM32F7xx/Include/stm32f7xx.h:193:66: note: in expansion of macro 'READ_REG'
  193 | #define MODIFY_REG(REG, CLEARMASK, SETMASK)  WRITE_REG((REG), (((READ_REG(REG)) & (~(CLEARMASK))) | (SETMASK)))
      |                                                                  ^~~~~~~~
../FATFS/Target/user_diskio_spi.c:38:23: note: in expansion of macro 'MODIFY_REG'
   38 | #define FCLK_SLOW() { MODIFY_REG(SD_SPI_HANDLE.Instance->CR1, SPI_BAUDRATEPRESCALER_256, SPI_BAUDRATEPRESCALER_128); }  /* Set SCLK = slow, approx 280 KBits/s*/
      |                       ^~~~~~~~~~
../FATFS/Target/user_diskio_spi.c:330:9: note: in expansion of macro 'FCLK_SLOW'
  330 |         FCLK_SLOW();
      |         ^~~~~~~~~
/Users/liufangzheng/STM32Cube/Repository/STM32Cube_FW_F7_V1.17.3/Drivers/CMSIS/Device/ST/STM32F7xx/Include/stm32f7xx.h:193:81: error: invalid operands to binary & (have 'SPI_HandleTypeDef' {aka 'struct __SPI_HandleTypeDef'} and 'long unsigned int')
  193 | #define MODIFY_REG(REG, CLEARMASK, SETMASK)  WRITE_REG((REG), (((READ_REG(REG)) & (~(CLEARMASK))) | (SETMASK)))
      |                                                                                 ^
[...]
arm-none-eabi-gcc -o "microsd_spi_fatfs.elf" @"objects.list"   -mcpu=cortex-m7 -T"/Users/liufangzheng/Documents/Lab/github/HexSense_MIT/firmware/STM32F722/microsd_spi_fatfs/microsd_spi_fatfs/STM32F722RETX_FLASH.ld" --specs=nosys.specs -Wl,-Map="microsd_spi_fatfs.map" -Wl,--gc-sections -static --specs=nano.specs -mfpu=fpv5-sp-d16 -mfloat-abi=hard -mthumb -Wl,--start-group -lc -lm -Wl,--end-group
Finished building target: microsd_spi_fatfs.elf
 
arm-none-eabi-size  microsd_spi_fatfs.elf 
arm-none-eabi-objdump -h -S microsd_spi_fatfs.elf  > "microsd_spi_fatfs.list"
   text	   data	    bss	    dec	    hex	filename
  52520	    384	   8672	  61576	   f088	microsd_spi_fatfs.elf
Finished building: default.size.stdout
 
Finished building: microsd_spi_fatfs.list
 
18:42:07 **** Incremental Build of configuration Debug for project microsd_spi_fatfs ****
make -j15 all 
arm-none-eabi-size  microsd_spi_fatfs.elf 
   text	   data	    bss	    dec	    hex	filename
  52520	    384	   8672	  61576	   f088	microsd_spi_fatfs.elf
Finished building: default.size.stdout
 
18:43:04 **** Incremental Build of configuration Debug for project microsd_spi_fatfs ****
make -j15 all 
arm-none-eabi-gcc "../FATFS/Target/user_diskio_spi.c" -mcpu=cortex-m7 -std=gnu11 -g3 -DDEBUG -DUSE_HAL_DRIVER -DSTM32F722xx -c -I../Core/Inc -I/Users/liufangzheng/STM32Cube/Repository/STM32Cube_FW_F7_V1.17.3/Drivers/STM32F7xx_HAL_Driver/Inc -I/Users/liufangzheng/STM32Cube/Repository/STM32Cube_FW_F7_V1.17.3/Drivers/STM32F7xx_HAL_Driver/Inc/Legacy -I/Users/liufangzheng/STM32Cube/Repository/STM32Cube_FW_F7_V1.17.3/Drivers/CMSIS/Device/ST/STM32F7xx/Include -I/Users/liufangzheng/STM32Cube/Repository/STM32Cube_FW_F7_V1.17.3/Drivers/CMSIS/Include -I../FATFS/Target -I../FATFS/App -I../USB_DEVICE/App -I../USB_DEVICE/Target -I/Users/liufangzheng/STM32Cube/Repository/STM32Cube_FW_F7_V1.17.3/Middlewares/Third_Party/FatFs/src -I/Users/liufangzheng/STM32Cube/Repository/STM32Cube_FW_F7_V1.17.3/Middlewares/ST/STM32_USB_Device_Library/Core/Inc -I/Users/liufangzheng/STM32Cube/Repository/STM32Cube_FW_F7_V1.17.3/Middlewares/ST/STM32_USB_Device_Library/Class/CDC/Inc -O0 -ffunction-sections -fdata-sections -Wall -fstack-usage -fcyclomatic-complexity -MMD -MP -MF"FATFS/Target/user_diskio_spi.d" -MT"FATFS/Target/user_diskio_spi.o" --specs=nano.specs -mfpu=fpv5-sp-d16 -mfloat-abi=hard -mthumb -o "FATFS/Target/user_diskio_spi.o"
arm-none-eabi-gcc -o "microsd_spi_fatfs.elf" @"objects.list"   -mcpu=cortex-m7 -T"/Users/liufangzheng/Documents/Lab/github/HexSense_MIT/firmware/STM32F722/microsd_spi_fatfs/microsd_spi_fatfs/STM32F722RETX_FLASH.ld" --specs=nosys.specs -Wl,-Map="microsd_spi_fatfs.map" -Wl,--gc-sections -static --specs=nano.specs -mfpu=fpv5-sp-d16 -mfloat-abi=hard -mthumb -Wl,--start-group -lc -lm -Wl,--end-group
Finished building target: microsd_spi_fatfs.elf
 
arm-none-eabi-size  microsd_spi_fatfs.elf 
arm-none-eabi-objdump -h -S microsd_spi_fatfs.elf  > "microsd_spi_fatfs.list"
   text	   data	    bss	    dec	    hex	filename
  52520	    384	   8672	  61576	   f088	microsd_spi_fatfs.elf
Finished building: default.size.stdout
 
Finished building: microsd_spi_fatfs.list
 
18:43:23 **** Incremental Build of configuration Debug for project microsd_spi_fatfs ****
make -j15 all 
arm-none-eabi-size  microsd_spi_fatfs.elf 
   text	   data	    bss	    dec	    hex	filename
  52520	    384	   8672	  61576	   f088	microsd_spi_fatfs.elf
Finished building: default.size.stdout
 
18:43:38 **** Incremental Build of configuration Debug for project microsd_spi_fatfs ****
make -j15 all 
arm-none-eabi-size  microsd_spi_fatfs.elf 
   text	   data	    bss	    dec	    hex	filename
  52520	    384	   8672	  61576	   f088	microsd_spi_fatfs.elf
Finished building: default.size.stdout
 
18:44:23 **** Incremental Build of configuration Debug for project microsd_spi_fatfs ****
make -j15 all 
arm-none-eabi-gcc "../FATFS/Target/user_diskio_spi.c" -mcpu=cortex-m7 -std=gnu11 -g3 -DDEBUG -DUSE_HAL_DRIVER -DSTM32F722xx -c -I../Core/Inc -I/Users/liufangzheng/STM32Cube/Repository/STM32Cube_FW_F7_V1.17.3/Drivers/STM32F7xx_HAL_Driver/Inc -I/Users/liufangzheng/STM32Cube/Repository/STM32Cube_FW_F7_V1.17.3/Drivers/STM32F7xx_HAL_Driver/Inc/Legacy -I/Users/liufangzheng/STM32Cube/Repository/STM32Cube_FW_F7_V1.17.3/Drivers/CMSIS/Device/ST/STM32F7xx/Include -I/Users/liufangzheng/STM32Cube/Repository/STM32Cube_FW_F7_V1.17.3/Drivers/CMSIS/Include -I../FATFS/Target -I../FATFS/App -I../USB_DEVICE/App -I../USB_DEVICE/Target -I/Users/liufangzheng/STM32Cube/Repository/STM32Cube_FW_F7_V1.17.3/Middlewares/Third_Party/FatFs/src -I/Users/liufangzheng/STM32Cube/Repository/STM32Cube_FW_F7_V1.17.3/Middlewares/ST/STM32_USB_Device_Library/Core/Inc -I/Users/liufangzheng/STM32Cube/Repository/STM32Cube_FW_F7_V1.17.3/Middlewares/ST/STM32_USB_Device_Library/Class/CDC/Inc -O0 -ffunction-sections -fdata-sections -Wall -fstack-usage -fcyclomatic-complexity -MMD -MP -MF"FATFS/Target/user_diskio_spi.d" -MT"FATFS/Target/user_diskio_spi.o" --specs=nano.specs -mfpu=fpv5-sp-d16 -mfloat-abi=hard -mthumb -o "FATFS/Target/user_diskio_spi.o"
../FATFS/Target/user_diskio_spi.c: In function 'send_cmd':
../FATFS/Target/user_diskio_spi.c:548:1: error: expected declaration or statement at end of input
  548 | }
      | ^
../FATFS/Target/user_diskio_spi.c:550: warning: control reaches end of non-void function [-Wreturn-type]
make: *** [FATFS/Target/subdir.mk:22: FATFS/Target/user_diskio_spi.o] Error 1
"make -j15 all" terminated with exit code 2. Build might be incomplete.
18:44:39 **** Incremental Build of configuration Debug for project microsd_spi_fatfs ****
make -j15 all 
arm-none-eabi-gcc "../FATFS/Target/user_diskio_spi.c" -mcpu=cortex-m7 -std=gnu11 -g3 -DDEBUG -DUSE_HAL_DRIVER -DSTM32F722xx -c -I../Core/Inc -I/Users/liufangzheng/STM32Cube/Repository/STM32Cube_FW_F7_V1.17.3/Drivers/STM32F7xx_HAL_Driver/Inc -I/Users/liufangzheng/STM32Cube/Repository/STM32Cube_FW_F7_V1.17.3/Drivers/STM32F7xx_HAL_Driver/Inc/Legacy -I/Users/liufangzheng/STM32Cube/Repository/STM32Cube_FW_F7_V1.17.3/Drivers/CMSIS/Device/ST/STM32F7xx/Include -I/Users/liufangzheng/STM32Cube/Repository/STM32Cube_FW_F7_V1.17.3/Drivers/CMSIS/Include -I../FATFS/Target -I../FATFS/App -I../USB_DEVICE/App -I../USB_DEVICE/Target -I/Users/liufangzheng/STM32Cube/Repository/STM32Cube_FW_F7_V1.17.3/Middlewares/Third_Party/FatFs/src -I/Users/liufangzheng/STM32Cube/Repository/STM32Cube_FW_F7_V1.17.3/Middlewares/ST/STM32_USB_Device_Library/Core/Inc -I/Users/liufangzheng/STM32Cube/Repository/STM32Cube_FW_F7_V1.17.3/Middlewares/ST/STM32_USB_Device_Library/Class/CDC/Inc -O0 -ffunction-sections -fdata-sections -Wall -fstack-usage -fcyclomatic-complexity -MMD -MP -MF"FATFS/Target/user_diskio_spi.d" -MT"FATFS/Target/user_diskio_spi.o" --specs=nano.specs -mfpu=fpv5-sp-d16 -mfloat-abi=hard -mthumb -o "FATFS/Target/user_diskio_spi.o"
arm-none-eabi-gcc -o "microsd_spi_fatfs.elf" @"objects.list"   -mcpu=cortex-m7 -T"/Users/liufangzheng/Documents/Lab/github/HexSense_MIT/firmware/STM32F722/microsd_spi_fatfs/microsd_spi_fatfs/STM32F722RETX_FLASH.ld" --specs=nosys.specs -Wl,-Map="microsd_spi_fatfs.map" -Wl,--gc-sections -static --specs=nano.specs -mfpu=fpv5-sp-d16 -mfloat-abi=hard -mthumb -Wl,--start-group -lc -lm -Wl,--end-group
Finished building target: microsd_spi_fatfs.elf
 
arm-none-eabi-size  microsd_spi_fatfs.elf 
arm-none-eabi-objdump -h -S microsd_spi_fatfs.elf  > "microsd_spi_fatfs.list"
   text	   data	    bss	    dec	    hex	filename
  52520	    384	   8672	  61576	   f088	microsd_spi_fatfs.elf
Finished building: default.size.stdout
 
Finished building: microsd_spi_fatfs.list
 
18:44:43 **** Incremental Build of configuration Debug for project microsd_spi_fatfs ****
make -j15 all 
arm-none-eabi-size  microsd_spi_fatfs.elf 
   text	   data	    bss	    dec	    hex	filename
  52520	    384	   8672	  61576	   f088	microsd_spi_fatfs.elf
Finished building: default.size.stdout
 
18:45:02 **** Incremental Build of configuration Debug for project microsd_spi_fatfs ****
make -j15 all 
arm-none-eabi-size  microsd_spi_fatfs.elf 
   text	   data	    bss	    dec	    hex	filename
  52520	    384	   8672	  61576	   f088	microsd_spi_fatfs.elf
Finished building: default.size.stdout
 
18:46:16 **** Incremental Build of configuration Debug for project microsd_spi_fatfs ****
make -j15 all 
arm-none-eabi-gcc "../FATFS/Target/user_diskio_spi.c" -mcpu=cortex-m7 -std=gnu11 -g3 -DDEBUG -DUSE_HAL_DRIVER -DSTM32F722xx -c -I../Core/Inc -I/Users/liufangzheng/STM32Cube/Repository/STM32Cube_FW_F7_V1.17.3/Drivers/STM32F7xx_HAL_Driver/Inc -I/Users/liufangzheng/STM32Cube/Repository/STM32Cube_FW_F7_V1.17.3/Drivers/STM32F7xx_HAL_Driver/Inc/Legacy -I/Users/liufangzheng/STM32Cube/Repository/STM32Cube_FW_F7_V1.17.3/Drivers/CMSIS/Device/ST/STM32F7xx/Include -I/Users/liufangzheng/STM32Cube/Repository/STM32Cube_FW_F7_V1.17.3/Drivers/CMSIS/Include -I../FATFS/Target -I../FATFS/App -I../USB_DEVICE/App -I../USB_DEVICE/Target -I/Users/liufangzheng/STM32Cube/Repository/STM32Cube_FW_F7_V1.17.3/Middlewares/Third_Party/FatFs/src -I/Users/liufangzheng/STM32Cube/Repository/STM32Cube_FW_F7_V1.17.3/Middlewares/ST/STM32_USB_Device_Library/Core/Inc -I/Users/liufangzheng/STM32Cube/Repository/STM32Cube_FW_F7_V1.17.3/Middlewares/ST/STM32_USB_Device_Library/Class/CDC/Inc -O0 -ffunction-sections -fdata-sections -Wall -fstack-usage -fcyclomatic-complexity -MMD -MP -MF"FATFS/Target/user_diskio_spi.d" -MT"FATFS/Target/user_diskio_spi.o" --specs=nano.specs -mfpu=fpv5-sp-d16 -mfloat-abi=hard -mthumb -o "FATFS/Target/user_diskio_spi.o"
arm-none-eabi-gcc -o "microsd_spi_fatfs.elf" @"objects.list"   -mcpu=cortex-m7 -T"/Users/liufangzheng/Documents/Lab/github/HexSense_MIT/firmware/STM32F722/microsd_spi_fatfs/microsd_spi_fatfs/STM32F722RETX_FLASH.ld" --specs=nosys.specs -Wl,-Map="microsd_spi_fatfs.map" -Wl,--gc-sections -static --specs=nano.specs -mfpu=fpv5-sp-d16 -mfloat-abi=hard -mthumb -Wl,--start-group -lc -lm -Wl,--end-group
Finished building target: microsd_spi_fatfs.elf
 
arm-none-eabi-size  microsd_spi_fatfs.elf 
arm-none-eabi-objdump -h -S microsd_spi_fatfs.elf  > "microsd_spi_fatfs.list"
   text	   data	    bss	    dec	    hex	filename
  52520	    384	   8672	  61576	   f088	microsd_spi_fatfs.elf
Finished building: default.size.stdout
 
Finished building: microsd_spi_fatfs.list
 
18:46:29 **** Incremental Build of configuration Debug for project microsd_spi_fatfs ****
make -j15 all 
arm-none-eabi-size  microsd_spi_fatfs.elf 
   text	   data	    bss	    dec	    hex	filename
  52520	    384	   8672	  61576	   f088	microsd_spi_fatfs.elf
Finished building: default.size.stdout
 
18:49:18 **** Incremental Build of configuration Debug for project microsd_spi_fatfs ****
make -j15 all 
arm-none-eabi-gcc "../FATFS/Target/user_diskio_spi.c" -mcpu=cortex-m7 -std=gnu11 -g3 -DDEBUG -DUSE_HAL_DRIVER -DSTM32F722xx -c -I../Core/Inc -I/Users/liufangzheng/STM32Cube/Repository/STM32Cube_FW_F7_V1.17.3/Drivers/STM32F7xx_HAL_Driver/Inc -I/Users/liufangzheng/STM32Cube/Repository/STM32Cube_FW_F7_V1.17.3/Drivers/STM32F7xx_HAL_Driver/Inc/Legacy -I/Users/liufangzheng/STM32Cube/Repository/STM32Cube_FW_F7_V1.17.3/Drivers/CMSIS/Device/ST/STM32F7xx/Include -I/Users/liufangzheng/STM32Cube/Repository/STM32Cube_FW_F7_V1.17.3/Drivers/CMSIS/Include -I../FATFS/Target -I../FATFS/App -I../USB_DEVICE/App -I../USB_DEVICE/Target -I/Users/liufangzheng/STM32Cube/Repository/STM32Cube_FW_F7_V1.17.3/Middlewares/Third_Party/FatFs/src -I/Users/liufangzheng/STM32Cube/Repository/STM32Cube_FW_F7_V1.17.3/Middlewares/ST/STM32_USB_Device_Library/Core/Inc -I/Users/liufangzheng/STM32Cube/Repository/STM32Cube_FW_F7_V1.17.3/Middlewares/ST/STM32_USB_Device_Library/Class/CDC/Inc -O0 -ffunction-sections -fdata-sections -Wall -fstack-usage -fcyclomatic-complexity -MMD -MP -MF"FATFS/Target/user_diskio_spi.d" -MT"FATFS/Target/user_diskio_spi.o" --specs=nano.specs -mfpu=fpv5-sp-d16 -mfloat-abi=hard -mthumb -o "FATFS/Target/user_diskio_spi.o"
arm-none-eabi-gcc -o "microsd_spi_fatfs.elf" @"objects.list"   -mcpu=cortex-m7 -T"/Users/liufangzheng/Documents/Lab/github/HexSense_MIT/firmware/STM32F722/microsd_spi_fatfs/microsd_spi_fatfs/STM32F722RETX_FLASH.ld" --specs=nosys.specs -Wl,-Map="microsd_spi_fatfs.map" -Wl,--gc-sections -static --specs=nano.specs -mfpu=fpv5-sp-d16 -mfloat-abi=hard -mthumb -Wl,--start-group -lc -lm -Wl,--end-group
Finished building target: microsd_spi_fatfs.elf
 
arm-none-eabi-size  microsd_spi_fatfs.elf 
arm-none-eabi-objdump -h -S microsd_spi_fatfs.elf  > "microsd_spi_fatfs.list"
   text	   data	    bss	    dec	    hex	filename
  52520	    384	   8672	  61576	   f088	microsd_spi_fatfs.elf
Finished building: default.size.stdout
 
Finished building: microsd_spi_fatfs.list
 
19:48:31 **** Incremental Build of configuration Debug for project microsd_spi_fatfs ****
make -j15 all 
arm-none-eabi-gcc "../FATFS/Target/user_diskio_spi.c" -mcpu=cortex-m7 -std=gnu11 -g3 -DDEBUG -DUSE_HAL_DRIVER -DSTM32F722xx -c -I../Core/Inc -I/Users/liufangzheng/STM32Cube/Repository/STM32Cube_FW_F7_V1.17.3/Drivers/STM32F7xx_HAL_Driver/Inc -I/Users/liufangzheng/STM32Cube/Repository/STM32Cube_FW_F7_V1.17.3/Drivers/STM32F7xx_HAL_Driver/Inc/Legacy -I/Users/liufangzheng/STM32Cube/Repository/STM32Cube_FW_F7_V1.17.3/Drivers/CMSIS/Device/ST/STM32F7xx/Include -I/Users/liufangzheng/STM32Cube/Repository/STM32Cube_FW_F7_V1.17.3/Drivers/CMSIS/Include -I../FATFS/Target -I../FATFS/App -I../USB_DEVICE/App -I../USB_DEVICE/Target -I/Users/liufangzheng/STM32Cube/Repository/STM32Cube_FW_F7_V1.17.3/Middlewares/Third_Party/FatFs/src -I/Users/liufangzheng/STM32Cube/Repository/STM32Cube_FW_F7_V1.17.3/Middlewares/ST/STM32_USB_Device_Library/Core/Inc -I/Users/liufangzheng/STM32Cube/Repository/STM32Cube_FW_F7_V1.17.3/Middlewares/ST/STM32_USB_Device_Library/Class/CDC/Inc -O0 -ffunction-sections -fdata-sections -Wall -fstack-usage -fcyclomatic-complexity -MMD -MP -MF"FATFS/Target/user_diskio_spi.d" -MT"FATFS/Target/user_diskio_spi.o" --specs=nano.specs -mfpu=fpv5-sp-d16 -mfloat-abi=hard -mthumb -o "FATFS/Target/user_diskio_spi.o"
arm-none-eabi-gcc -o "microsd_spi_fatfs.elf" @"objects.list"   -mcpu=cortex-m7 -T"/Users/liufangzheng/Documents/Lab/github/HexSense_MIT/firmware/STM32F722/microsd_spi_fatfs/microsd_spi_fatfs/STM32F722RETX_FLASH.ld" --specs=nosys.specs -Wl,-Map="microsd_spi_fatfs.map" -Wl,--gc-sections -static --specs=nano.specs -mfpu=fpv5-sp-d16 -mfloat-abi=hard -mthumb -Wl,--start-group -lc -lm -Wl,--end-group
Finished building target: microsd_spi_fatfs.elf
 
arm-none-eabi-size  microsd_spi_fatfs.elf 
arm-none-eabi-objdump -h -S microsd_spi_fatfs.elf  > "microsd_spi_fatfs.list"
   text	   data	    bss	    dec	    hex	filename
  52548	    384	   8672	  61604	   f0a4	microsd_spi_fatfs.elf
Finished building: default.size.stdout
 
Finished building: microsd_spi_fatfs.list
 
19:49:17 **** Incremental Build of configuration Debug for project microsd_spi_fatfs ****
make -j15 all 
arm-none-eabi-size  microsd_spi_fatfs.elf 
   text	   data	    bss	    dec	    hex	filename
  52548	    384	   8672	  61604	   f0a4	microsd_spi_fatfs.elf
Finished building: default.size.stdout
 
19:51:05 **** Incremental Build of configuration Debug for project microsd_spi_fatfs ****
make -j15 all 
arm-none-eabi-gcc "../Core/Src/main.c" -mcpu=cortex-m7 -std=gnu11 -g3 -DDEBUG -DUSE_HAL_DRIVER -DSTM32F722xx -c -I../Core/Inc -I/Users/liufangzheng/STM32Cube/Repository/STM32Cube_FW_F7_V1.17.3/Drivers/STM32F7xx_HAL_Driver/Inc -I/Users/liufangzheng/STM32Cube/Repository/STM32Cube_FW_F7_V1.17.3/Drivers/STM32F7xx_HAL_Driver/Inc/Legacy -I/Users/liufangzheng/STM32Cube/Repository/STM32Cube_FW_F7_V1.17.3/Drivers/CMSIS/Device/ST/STM32F7xx/Include -I/Users/liufangzheng/STM32Cube/Repository/STM32Cube_FW_F7_V1.17.3/Drivers/CMSIS/Include -I../FATFS/Target -I../FATFS/App -I../USB_DEVICE/App -I../USB_DEVICE/Target -I/Users/liufangzheng/STM32Cube/Repository/STM32Cube_FW_F7_V1.17.3/Middlewares/Third_Party/FatFs/src -I/Users/liufangzheng/STM32Cube/Repository/STM32Cube_FW_F7_V1.17.3/Middlewares/ST/STM32_USB_Device_Library/Core/Inc -I/Users/liufangzheng/STM32Cube/Repository/STM32Cube_FW_F7_V1.17.3/Middlewares/ST/STM32_USB_Device_Library/Class/CDC/Inc -O0 -ffunction-sections -fdata-sections -Wall -fstack-usage -fcyclomatic-complexity -MMD -MP -MF"Core/Src/main.d" -MT"Core/Src/main.o" --specs=nano.specs -mfpu=fpv5-sp-d16 -mfloat-abi=hard -mthumb -o "Core/Src/main.o"
../Core/Src/main.c: In function 'main':
../Core/Src/main.c:171:3: warning: 'strncpy' output truncated before terminating nul copying 19 bytes from a string of the same length [-Wstringop-truncation]
  171 |   strncpy((char*)readBuf, "a new file is made!", 19);
      |   ^~~~~~~~~~~~~~~~~~~~~~~~~~~~~~~~~~~~~~~~~~~~~~~~~~
arm-none-eabi-gcc -o "microsd_spi_fatfs.elf" @"objects.list"   -mcpu=cortex-m7 -T"/Users/liufangzheng/Documents/Lab/github/HexSense_MIT/firmware/STM32F722/microsd_spi_fatfs/microsd_spi_fatfs/STM32F722RETX_FLASH.ld" --specs=nosys.specs -Wl,-Map="microsd_spi_fatfs.map" -Wl,--gc-sections -static --specs=nano.specs -mfpu=fpv5-sp-d16 -mfloat-abi=hard -mthumb -Wl,--start-group -lc -lm -Wl,--end-group
Finished building target: microsd_spi_fatfs.elf
 
arm-none-eabi-size  microsd_spi_fatfs.elf 
arm-none-eabi-objdump -h -S microsd_spi_fatfs.elf  > "microsd_spi_fatfs.list"
   text	   data	    bss	    dec	    hex	filename
  52548	    384	   8672	  61604	   f0a4	microsd_spi_fatfs.elf
Finished building: default.size.stdout
 
Finished building: microsd_spi_fatfs.list
 
19:51:21 **** Incremental Build of configuration Debug for project microsd_spi_fatfs ****
make -j15 all 
arm-none-eabi-size  microsd_spi_fatfs.elf 
   text	   data	    bss	    dec	    hex	filename
  52548	    384	   8672	  61604	   f0a4	microsd_spi_fatfs.elf
Finished building: default.size.stdout
 
20:05:40 **** Incremental Build of configuration Debug for project microsd_spi_fatfs ****
make -j15 all 
arm-none-eabi-gcc "../FATFS/Target/user_diskio_spi.c" -mcpu=cortex-m7 -std=gnu11 -g3 -DDEBUG -DUSE_HAL_DRIVER -DSTM32F722xx -c -I../Core/Inc -I/Users/liufangzheng/STM32Cube/Repository/STM32Cube_FW_F7_V1.17.3/Drivers/STM32F7xx_HAL_Driver/Inc -I/Users/liufangzheng/STM32Cube/Repository/STM32Cube_FW_F7_V1.17.3/Drivers/STM32F7xx_HAL_Driver/Inc/Legacy -I/Users/liufangzheng/STM32Cube/Repository/STM32Cube_FW_F7_V1.17.3/Drivers/CMSIS/Device/ST/STM32F7xx/Include -I/Users/liufangzheng/STM32Cube/Repository/STM32Cube_FW_F7_V1.17.3/Drivers/CMSIS/Include -I../FATFS/Target -I../FATFS/App -I../USB_DEVICE/App -I../USB_DEVICE/Target -I/Users/liufangzheng/STM32Cube/Repository/STM32Cube_FW_F7_V1.17.3/Middlewares/Third_Party/FatFs/src -I/Users/liufangzheng/STM32Cube/Repository/STM32Cube_FW_F7_V1.17.3/Middlewares/ST/STM32_USB_Device_Library/Core/Inc -I/Users/liufangzheng/STM32Cube/Repository/STM32Cube_FW_F7_V1.17.3/Middlewares/ST/STM32_USB_Device_Library/Class/CDC/Inc -O0 -ffunction-sections -fdata-sections -Wall -fstack-usage -fcyclomatic-complexity -MMD -MP -MF"FATFS/Target/user_diskio_spi.d" -MT"FATFS/Target/user_diskio_spi.o" --specs=nano.specs -mfpu=fpv5-sp-d16 -mfloat-abi=hard -mthumb -o "FATFS/Target/user_diskio_spi.o"
arm-none-eabi-gcc -o "microsd_spi_fatfs.elf" @"objects.list"   -mcpu=cortex-m7 -T"/Users/liufangzheng/Documents/Lab/github/HexSense_MIT/firmware/STM32F722/microsd_spi_fatfs/microsd_spi_fatfs/STM32F722RETX_FLASH.ld" --specs=nosys.specs -Wl,-Map="microsd_spi_fatfs.map" -Wl,--gc-sections -static --specs=nano.specs -mfpu=fpv5-sp-d16 -mfloat-abi=hard -mthumb -Wl,--start-group -lc -lm -Wl,--end-group
Finished building target: microsd_spi_fatfs.elf
 
arm-none-eabi-size  microsd_spi_fatfs.elf 
arm-none-eabi-objdump -h -S microsd_spi_fatfs.elf  > "microsd_spi_fatfs.list"
   text	   data	    bss	    dec	    hex	filename
  52520	    384	   8672	  61576	   f088	microsd_spi_fatfs.elf
Finished building: default.size.stdout
 
Finished building: microsd_spi_fatfs.list
 
