Archive member included to satisfy reference by file (symbol)

/Applications/STM32CubeIDE.app/Contents/Eclipse/plugins/com.st.stm32cube.ide.mcu.externaltools.gnu-tools-for-stm32.13.3.rel1.macos64_1.0.0.202411102158/tools/bin/../lib/gcc/arm-none-eabi/13.3.1/../../../../arm-none-eabi/lib/thumb/v7e-m+fp/hard/libc_nano.a(libc_a-exit.o)
                              /Applications/STM32CubeIDE.app/Contents/Eclipse/plugins/com.st.stm32cube.ide.mcu.externaltools.gnu-tools-for-stm32.13.3.rel1.macos64_1.0.0.202411102158/tools/bin/../lib/gcc/arm-none-eabi/13.3.1/../../../../arm-none-eabi/lib/thumb/v7e-m+fp/hard/crt0.o (exit)
/Applications/STM32CubeIDE.app/Contents/Eclipse/plugins/com.st.stm32cube.ide.mcu.externaltools.gnu-tools-for-stm32.13.3.rel1.macos64_1.0.0.202411102158/tools/bin/../lib/gcc/arm-none-eabi/13.3.1/../../../../arm-none-eabi/lib/thumb/v7e-m+fp/hard/libc_nano.a(libc_a-malloc.o)
                              ./Middlewares/USB_Device_Library/usbd_cdc.o (malloc)
/Applications/STM32CubeIDE.app/Contents/Eclipse/plugins/com.st.stm32cube.ide.mcu.externaltools.gnu-tools-for-stm32.13.3.rel1.macos64_1.0.0.202411102158/tools/bin/../lib/gcc/arm-none-eabi/13.3.1/../../../../arm-none-eabi/lib/thumb/v7e-m+fp/hard/libc_nano.a(libc_a-mallocr.o)
                              /Applications/STM32CubeIDE.app/Contents/Eclipse/plugins/com.st.stm32cube.ide.mcu.externaltools.gnu-tools-for-stm32.13.3.rel1.macos64_1.0.0.202411102158/tools/bin/../lib/gcc/arm-none-eabi/13.3.1/../../../../arm-none-eabi/lib/thumb/v7e-m+fp/hard/libc_nano.a(libc_a-malloc.o) (_malloc_r)
/Applications/STM32CubeIDE.app/Contents/Eclipse/plugins/com.st.stm32cube.ide.mcu.externaltools.gnu-tools-for-stm32.13.3.rel1.macos64_1.0.0.202411102158/tools/bin/../lib/gcc/arm-none-eabi/13.3.1/../../../../arm-none-eabi/lib/thumb/v7e-m+fp/hard/libc_nano.a(libc_a-mlock.o)
                              /Applications/STM32CubeIDE.app/Contents/Eclipse/plugins/com.st.stm32cube.ide.mcu.externaltools.gnu-tools-for-stm32.13.3.rel1.macos64_1.0.0.202411102158/tools/bin/../lib/gcc/arm-none-eabi/13.3.1/../../../../arm-none-eabi/lib/thumb/v7e-m+fp/hard/libc_nano.a(libc_a-mallocr.o) (__malloc_lock)
/Applications/STM32CubeIDE.app/Contents/Eclipse/plugins/com.st.stm32cube.ide.mcu.externaltools.gnu-tools-for-stm32.13.3.rel1.macos64_1.0.0.202411102158/tools/bin/../lib/gcc/arm-none-eabi/13.3.1/../../../../arm-none-eabi/lib/thumb/v7e-m+fp/hard/libc_nano.a(libc_a-findfp.o)
                              /Applications/STM32CubeIDE.app/Contents/Eclipse/plugins/com.st.stm32cube.ide.mcu.externaltools.gnu-tools-for-stm32.13.3.rel1.macos64_1.0.0.202411102158/tools/bin/../lib/gcc/arm-none-eabi/13.3.1/../../../../arm-none-eabi/lib/thumb/v7e-m+fp/hard/libc_nano.a(libc_a-exit.o) (__stdio_exit_handler)
/Applications/STM32CubeIDE.app/Contents/Eclipse/plugins/com.st.stm32cube.ide.mcu.externaltools.gnu-tools-for-stm32.13.3.rel1.macos64_1.0.0.202411102158/tools/bin/../lib/gcc/arm-none-eabi/13.3.1/../../../../arm-none-eabi/lib/thumb/v7e-m+fp/hard/libc_nano.a(libc_a-fwalk.o)
                              /Applications/STM32CubeIDE.app/Contents/Eclipse/plugins/com.st.stm32cube.ide.mcu.externaltools.gnu-tools-for-stm32.13.3.rel1.macos64_1.0.0.202411102158/tools/bin/../lib/gcc/arm-none-eabi/13.3.1/../../../../arm-none-eabi/lib/thumb/v7e-m+fp/hard/libc_nano.a(libc_a-findfp.o) (_fwalk_sglue)
/Applications/STM32CubeIDE.app/Contents/Eclipse/plugins/com.st.stm32cube.ide.mcu.externaltools.gnu-tools-for-stm32.13.3.rel1.macos64_1.0.0.202411102158/tools/bin/../lib/gcc/arm-none-eabi/13.3.1/../../../../arm-none-eabi/lib/thumb/v7e-m+fp/hard/libc_nano.a(libc_a-printf.o)
                              ./Core/Src/main.o (printf)
/Applications/STM32CubeIDE.app/Contents/Eclipse/plugins/com.st.stm32cube.ide.mcu.externaltools.gnu-tools-for-stm32.13.3.rel1.macos64_1.0.0.202411102158/tools/bin/../lib/gcc/arm-none-eabi/13.3.1/../../../../arm-none-eabi/lib/thumb/v7e-m+fp/hard/libc_nano.a(libc_a-memset.o)
                              /Applications/STM32CubeIDE.app/Contents/Eclipse/plugins/com.st.stm32cube.ide.mcu.externaltools.gnu-tools-for-stm32.13.3.rel1.macos64_1.0.0.202411102158/tools/bin/../lib/gcc/arm-none-eabi/13.3.1/../../../../arm-none-eabi/lib/thumb/v7e-m+fp/hard/crt0.o (memset)
/Applications/STM32CubeIDE.app/Contents/Eclipse/plugins/com.st.stm32cube.ide.mcu.externaltools.gnu-tools-for-stm32.13.3.rel1.macos64_1.0.0.202411102158/tools/bin/../lib/gcc/arm-none-eabi/13.3.1/../../../../arm-none-eabi/lib/thumb/v7e-m+fp/hard/libc_nano.a(libc_a-sbrkr.o)
                              /Applications/STM32CubeIDE.app/Contents/Eclipse/plugins/com.st.stm32cube.ide.mcu.externaltools.gnu-tools-for-stm32.13.3.rel1.macos64_1.0.0.202411102158/tools/bin/../lib/gcc/arm-none-eabi/13.3.1/../../../../arm-none-eabi/lib/thumb/v7e-m+fp/hard/libc_nano.a(libc_a-mallocr.o) (_sbrk_r)
[...]
Memory Configuration

Name             Origin             Length             Attributes
RAM              0x20000000         0x00040000         xrw
FLASH            0x08000000         0x00080000         xr
*default*        0x00000000         0xffffffff

Linker script and memory map

LOAD /Applications/STM32CubeIDE.app/Contents/Eclipse/plugins/com.st.stm32cube.ide.mcu.externaltools.gnu-tools-for-stm32.13.3.rel1.macos64_1.0.0.202411102158/tools/bin/../lib/gcc/arm-none-eabi/13.3.1/thumb/v7e-m+fp/hard/crti.o
LOAD /Applications/STM32CubeIDE.app/Contents/Eclipse/plugins/com.st.stm32cube.ide.mcu.externaltools.gnu-tools-for-stm32.13.3.rel1.macos64_1.0.0.202411102158/tools/bin/../lib/gcc/arm-none-eabi/13.3.1/thumb/v7e-m+fp/hard/crtbegin.o
LOAD /Applications/STM32CubeIDE.app/Contents/Eclipse/plugins/com.st.stm32cube.ide.mcu.externaltools.gnu-tools-for-stm32.13.3.rel1.macos64_1.0.0.202411102158/tools/bin/../lib/gcc/arm-none-eabi/13.3.1/../../../../arm-none-eabi/lib/thumb/v7e-m+fp/hard/crt0.o
LOAD ./Core/Src/DW3000_FZ.o
LOAD ./Core/Src/DW3000_send_test_FZ.o
LOAD ./Core/Src/HS_system.o
LOAD ./Core/Src/main.o
LOAD ./Core/Src/stm32f7xx_hal_msp.o
LOAD ./Core/Src/stm32f7xx_it.o
LOAD ./Core/Src/syscalls.o
LOAD ./Core/Src/sysmem.o
LOAD ./Core/Src/system_stm32f7xx.o
LOAD ./Core/Startup/startup_stm32f722retx.o
LOAD ./Drivers/STM32F7xx_HAL_Driver/stm32f7xx_hal.o
LOAD ./Drivers/STM32F7xx_HAL_Driver/stm32f7xx_hal_cortex.o
LOAD ./Drivers/STM32F7xx_HAL_Driver/stm32f7xx_hal_dma.o
LOAD ./Drivers/STM32F7xx_HAL_Driver/stm32f7xx_hal_dma_ex.o
LOAD ./Drivers/STM32F7xx_HAL_Driver/stm32f7xx_hal_exti.o
LOAD ./Drivers/STM32F7xx_HAL_Driver/stm32f7xx_hal_flash.o
LOAD ./Drivers/STM32F7xx_HAL_Driver/stm32f7xx_hal_flash_ex.o
LOAD ./Drivers/STM32F7xx_HAL_Driver/stm32f7xx_hal_gpio.o
LOAD ./Drivers/STM32F7xx_HAL_Driver/stm32f7xx_hal_i2c.o
LOAD ./Drivers/STM32F7xx_HAL_Driver/stm32f7xx_hal_i2c_ex.o
LOAD ./Drivers/STM32F7xx_HAL_Driver/stm32f7xx_hal_pcd.o
LOAD ./Drivers/STM32F7xx_HAL_Driver/stm32f7xx_hal_pcd_ex.o
LOAD ./Drivers/STM32F7xx_HAL_Driver/stm32f7xx_hal_pwr.o
LOAD ./Drivers/STM32F7xx_HAL_Driver/stm32f7xx_hal_pwr_ex.o
LOAD ./Drivers/STM32F7xx_HAL_Driver/stm32f7xx_hal_rcc.o
LOAD ./Drivers/STM32F7xx_HAL_Driver/stm32f7xx_hal_rcc_ex.o
LOAD ./Drivers/STM32F7xx_HAL_Driver/stm32f7xx_hal_spi.o
LOAD ./Drivers/STM32F7xx_HAL_Driver/stm32f7xx_hal_spi_ex.o
LOAD ./Drivers/STM32F7xx_HAL_Driver/stm32f7xx_ll_usb.o
LOAD ./FATFS/App/fatfs.o
LOAD ./FATFS/Target/user_diskio.o
LOAD ./Middlewares/FatFs/diskio.o
LOAD ./Middlewares/FatFs/ff.o
LOAD ./Middlewares/FatFs/ff_gen_drv.o
LOAD ./Middlewares/FatFs/syscall.o
LOAD ./Middlewares/USB_Device_Library/usbd_cdc.o
LOAD ./Middlewares/USB_Device_Library/usbd_core.o
LOAD ./Middlewares/USB_Device_Library/usbd_ctlreq.o
LOAD ./Middlewares/USB_Device_Library/usbd_ioreq.o
LOAD ./USB_DEVICE/App/usb_device.o
LOAD ./USB_DEVICE/App/usbd_cdc_if.o
LOAD ./USB_DEVICE/App/usbd_desc.o
LOAD ./USB_DEVICE/Target/usbd_conf.o
START GROUP
LOAD /Applications/STM32CubeIDE.app/Contents/Eclipse/plugins/com.st.stm32cube.ide.mcu.externaltools.gnu-tools-for-stm32.13.3.rel1.macos64_1.0.0.202411102158/tools/bin/../lib/gcc/arm-none-eabi/13.3.1/../../../../arm-none-eabi/lib/thumb/v7e-m+fp/hard/libc_nano.a
LOAD /Applications/STM32CubeIDE.app/Contents/Eclipse/plugins/com.st.stm32cube.ide.mcu.externaltools.gnu-tools-for-stm32.13.3.rel1.macos64_1.0.0.202411102158/tools/bin/../lib/gcc/arm-none-eabi/13.3.1/../../../../arm-none-eabi/lib/thumb/v7e-m+fp/hard/libm.a
END GROUP
START GROUP
LOAD /Applications/STM32CubeIDE.app/Contents/Eclipse/plugins/com.st.stm32cube.ide.mcu.externaltools.gnu-tools-for-stm32.13.3.rel1.macos64_1.0.0.202411102158/tools/bin/../lib/gcc/arm-none-eabi/13.3.1/thumb/v7e-m+fp/hard/libgcc.a
LOAD /Applications/STM32CubeIDE.app/Contents/Eclipse/plugins/com.st.stm32cube.ide.mcu.externaltools.gnu-tools-for-stm32.13.3.rel1.macos64_1.0.0.202411102158/tools/bin/../lib/gcc/arm-none-eabi/13.3.1/../../../../arm-none-eabi/lib/thumb/v7e-m+fp/hard/libc_nano.a
END GROUP
START GROUP
LOAD /Applications/STM32CubeIDE.app/Contents/Eclipse/plugins/com.st.stm32cube.ide.mcu.externaltools.gnu-tools-for-stm32.13.3.rel1.macos64_1.0.0.202411102158/tools/bin/../lib/gcc/arm-none-eabi/13.3.1/thumb/v7e-m+fp/hard/libgcc.a
LOAD /Applications/STM32CubeIDE.app/Contents/Eclipse/plugins/com.st.stm32cube.ide.mcu.externaltools.gnu-tools-for-stm32.13.3.rel1.macos64_1.0.0.202411102158/tools/bin/../lib/gcc/arm-none-eabi/13.3.1/../../../../arm-none-eabi/lib/thumb/v7e-m+fp/hard/libc_nano.a
LOAD /Applications/STM32CubeIDE.app/Contents/Eclipse/plugins/com.st.stm32cube.ide.mcu.externaltools.gnu-tools-for-stm32.13.3.rel1.macos64_1.0.0.202411102158/tools/bin/../lib/gcc/arm-none-eabi/13.3.1/../../../../arm-none-eabi/lib/thumb/v7e-m+fp/hard/libnosys.a
END GROUP
START GROUP
LOAD /Applications/STM32CubeIDE.app/Contents/Eclipse/plugins/com.st.stm32cube.ide.mcu.externaltools.gnu-tools-for-stm32.13.3.rel1.macos64_1.0.0.202411102158/tools/bin/../lib/gcc/arm-none-eabi/13.3.1/thumb/v7e-m+fp/hard/libgcc.a
LOAD /Applications/STM32CubeIDE.app/Contents/Eclipse/plugins/com.st.stm32cube.ide.mcu.externaltools.gnu-tools-for-stm32.13.3.rel1.macos64_1.0.0.202411102158/tools/bin/../lib/gcc/arm-none-eabi/13.3.1/../../../../arm-none-eabi/lib/thumb/v7e-m+fp/hard/libc_nano.a
LOAD /Applications/STM32CubeIDE.app/Contents/Eclipse/plugins/com.st.stm32cube.ide.mcu.externaltools.gnu-tools-for-stm32.13.3.rel1.macos64_1.0.0.202411102158/tools/bin/../lib/gcc/arm-none-eabi/13.3.1/../../../../arm-none-eabi/lib/thumb/v7e-m+fp/hard/libnosys.a
END GROUP
LOAD /Applications/STM32CubeIDE.app/Contents/Eclipse/plugins/com.st.stm32cube.ide.mcu.externaltools.gnu-tools-for-stm32.13.3.rel1.macos64_1.0.0.202411102158/tools/bin/../lib/gcc/arm-none-eabi/13.3.1/thumb/v7e-m+fp/hard/crtend.o
LOAD /Applications/STM32CubeIDE.app/Contents/Eclipse/plugins/com.st.stm32cube.ide.mcu.externaltools.gnu-tools-for-stm32.13.3.rel1.macos64_1.0.0.202411102158/tools/bin/../lib/gcc/arm-none-eabi/13.3.1/thumb/v7e-m+fp/hard/crtn.o
                0x20040000                        _estack = (ORIGIN (RAM) + LENGTH (RAM))
                0x00000200                        _Min_Heap_Size = 0x200
                0x00000400                        _Min_Stack_Size = 0x400

.isr_vector     0x08000000      0x1e0
                0x08000000                        . = ALIGN (0x4)
 *(.isr_vector)
 .isr_vector    0x08000000      0x1e0 ./Core/Startup/startup_stm32f722retx.o
                0x08000000                g_pfnVectors
                0x080001e0                        . = ALIGN (0x4)

.text           0x080001e0     0xa26c
                0x080001e0                        . = ALIGN (0x4)
 *(.text)
 .text          0x080001e0       0x40 /Applications/STM32CubeIDE.app/Contents/Eclipse/plugins/com.st.stm32cube.ide.mcu.externaltools.gnu-tools-for-stm32.13.3.rel1.macos64_1.0.0.202411102158/tools/bin/../lib/gcc/arm-none-eabi/13.3.1/thumb/v7e-m+fp/hard/crtbegin.o
 .text          0x08000220       0xa0 /Applications/STM32CubeIDE.app/Contents/Eclipse/plugins/com.st.stm32cube.ide.mcu.externaltools.gnu-tools-for-stm32.13.3.rel1.macos64_1.0.0.202411102158/tools/bin/../lib/gcc/arm-none-eabi/13.3.1/../../../../arm-none-eabi/lib/thumb/v7e-m+fp/hard/libc_nano.a(libc_a-memchr.o)
                0x08000220                memchr
 .text          0x080002c0       0x30 /Applications/STM32CubeIDE.app/Contents/Eclipse/plugins/com.st.stm32cube.ide.mcu.externaltools.gnu-tools-for-stm32.13.3.rel1.macos64_1.0.0.202411102158/tools/bin/../lib/gcc/arm-none-eabi/13.3.1/thumb/v7e-m+fp/hard/libgcc.a(_aeabi_uldivmod.o)
                0x080002c0                __aeabi_uldivmod
 .text          0x080002f0      0x2f8 /Applications/STM32CubeIDE.app/Contents/Eclipse/plugins/com.st.stm32cube.ide.mcu.externaltools.gnu-tools-for-stm32.13.3.rel1.macos64_1.0.0.202411102158/tools/bin/../lib/gcc/arm-none-eabi/13.3.1/thumb/v7e-m+fp/hard/libgcc.a(_udivmoddi4.o)
                0x080002f0                __udivmoddi4
 .text          0x080005e8        0x4 /Applications/STM32CubeIDE.app/Contents/Eclipse/plugins/com.st.stm32cube.ide.mcu.externaltools.gnu-tools-for-stm32.13.3.rel1.macos64_1.0.0.202411102158/tools/bin/../lib/gcc/arm-none-eabi/13.3.1/thumb/v7e-m+fp/hard/libgcc.a(_dvmd_tls.o)
                0x080005e8                __aeabi_ldiv0
                0x080005e8                __aeabi_idiv0
 *(.text*)
 .text.sendBytes
                0x080005ec       0x30 ./Core/Src/DW3000_FZ.o
                0x080005ec                sendBytes
 .text.readBytes
                0x0800061c       0x2c ./Core/Src/DW3000_FZ.o
                0x0800061c                readBytes
 .text.DW3000pack_fast_command
                0x08000648       0x34 ./Core/Src/DW3000_FZ.o
                0x08000648                DW3000pack_fast_command
 .text.DW3000pack_full_address
                0x0800067c       0x68 ./Core/Src/DW3000_FZ.o
                0x0800067c                DW3000pack_full_address
 .text.DW3000pack_mask_cmd_1octet
                0x080006e4       0x84 ./Core/Src/DW3000_FZ.o
                0x080006e4                DW3000pack_mask_cmd_1octet
 .text.DW3000pack_mask_cmd_2octet
                0x08000768       0xa4 ./Core/Src/DW3000_FZ.o
                0x08000768                DW3000pack_mask_cmd_2octet
 .text.DW3000pack_mask_cmd_4octet
                0x0800080c       0xcc ./Core/Src/DW3000_FZ.o
                0x0800080c                DW3000pack_mask_cmd_4octet
 .text.set_bits
                0x080008d8       0x9c ./Core/Src/DW3000_FZ.o
                0x080008d8                set_bits
 .text.set_SPI2lowspeed
                0x08000974       0x26 ./Core/Src/DW3000_FZ.o
                0x08000974                set_SPI2lowspeed
 .text.set_SPI2highspeed
                0x0800099a       0x26 ./Core/Src/DW3000_FZ.o
                0x0800099a                set_SPI2highspeed
 .text.DW3000poweron
                0x080009c0       0x18 ./Core/Src/DW3000_FZ.o
                0x080009c0                DW3000poweron
 .text.DW3000hardReset
                0x080009d8       0x28 ./Core/Src/DW3000_FZ.o
                0x080009d8                DW3000hardReset
 .text.DW3000writereg
                0x08000a00       0x74 ./Core/Src/DW3000_FZ.o
                0x08000a00                DW3000writereg
 .text.DW3000readreg
                0x08000a74       0x94 ./Core/Src/DW3000_FZ.o
                0x08000a74                DW3000readreg
 .text.DW3000enter_IDLE_PLL
                0x08000b08       0x20 ./Core/Src/DW3000_FZ.o
                0x08000b08                DW3000enter_IDLE_PLL
 .text.DW3000check_IDLE_RC
                0x08000b28       0x24 ./Core/Src/DW3000_FZ.o
                0x08000b28                DW3000check_IDLE_RC
 .text.DW3000check_IDLE_PLL
                0x08000b4c       0x24 ./Core/Src/DW3000_FZ.o
                0x08000b4c                DW3000check_IDLE_PLL
 .text.DW3000check_IDLE
                0x08000b70       0x30 ./Core/Src/DW3000_FZ.o
                0x08000b70                DW3000check_IDLE
 .text.DW3000set_TXLED
                0x08000ba0       0x3a ./Core/Src/DW3000_FZ.o
                0x08000ba0                DW3000set_TXLED
 *fill*         0x08000bda        0x2 
 .text.DW3000_writefastCMD_FZ
                0x08000bdc       0x48 ./Core/Src/DW3000_FZ.o
                0x08000bdc                DW3000_writefastCMD_FZ
 .text.DW3000_clear_IRQ
                0x08000c24       0x30 ./Core/Src/DW3000_FZ.o
                0x08000c24                DW3000_clear_IRQ
 .text.HAL_GPIO_EXTI_Callback
                0x08000c54       0x28 ./Core/Src/DW3000_FZ.o
                0x08000c54                HAL_GPIO_EXTI_Callback
 .text.DW3000_irq_for_tx_done
                0x08000c7c       0x2e ./Core/Src/DW3000_FZ.o
                0x08000c7c                DW3000_irq_for_tx_done
 .text.DW3000_writetxdata_FZ
                0x08000caa       0x24 ./Core/Src/DW3000_send_test_FZ.o
                0x08000caa                DW3000_writetxdata_FZ
 .text.DW3000_txcmd_FZ
                0x08000cce       0x16 ./Core/Src/DW3000_send_test_FZ.o
                0x08000cce                DW3000_txcmd_FZ
 .text.blink_led
                0x08000ce4       0x4a ./Core/Src/HS_system.o
                0x08000ce4                blink_led
 .text.Delay_us
                0x08000d2e       0x50 ./Core/Src/HS_system.o
                0x08000d2e                Delay_us
 *fill*         0x08000d7e        0x2 
 .text.main     0x08000d80      0x178 ./Core/Src/main.o
                0x08000d80                main
 .text.SystemClock_Config
                0x08000ef8       0xdc ./Core/Src/main.o
                0x08000ef8                SystemClock_Config
 .text.MX_SPI1_Init
                0x08000fd4       0x7c ./Core/Src/main.o
 .text.MX_SPI2_Init
                0x08001050       0x7c ./Core/Src/main.o
 .text.MX_GPIO_Init
                0x080010cc      0x1a4 ./Core/Src/main.o
 .text.Error_Handler
                0x08001270        0xc ./Core/Src/main.o
                0x08001270                Error_Handler
 .text.HAL_MspInit
                0x0800127c       0x48 ./Core/Src/stm32f7xx_hal_msp.o
                0x0800127c                HAL_MspInit
 .text.HAL_SPI_MspInit
                0x080012c4      0x128 ./Core/Src/stm32f7xx_hal_msp.o
                0x080012c4                HAL_SPI_MspInit
 .text.NMI_Handler
                0x080013ec        0x8 ./Core/Src/stm32f7xx_it.o
                0x080013ec                NMI_Handler
 .text.HardFault_Handler
                0x080013f4        0x8 ./Core/Src/stm32f7xx_it.o
                0x080013f4                HardFault_Handler
 .text.MemManage_Handler
                0x080013fc        0x8 ./Core/Src/stm32f7xx_it.o
                0x080013fc                MemManage_Handler
 .text.BusFault_Handler
                0x08001404        0x8 ./Core/Src/stm32f7xx_it.o
                0x08001404                BusFault_Handler
 .text.UsageFault_Handler
                0x0800140c        0x8 ./Core/Src/stm32f7xx_it.o
                0x0800140c                UsageFault_Handler
 .text.SVC_Handler
                0x08001414        0xe ./Core/Src/stm32f7xx_it.o
                0x08001414                SVC_Handler
 .text.DebugMon_Handler
                0x08001422        0xe ./Core/Src/stm32f7xx_it.o
                0x08001422                DebugMon_Handler
 .text.PendSV_Handler
                0x08001430        0xe ./Core/Src/stm32f7xx_it.o
                0x08001430                PendSV_Handler
 .text.SysTick_Handler
                0x0800143e        0xc ./Core/Src/stm32f7xx_it.o
                0x0800143e                SysTick_Handler
 .text.EXTI2_IRQHandler
                0x0800144a        0xe ./Core/Src/stm32f7xx_it.o
                0x0800144a                EXTI2_IRQHandler
 .text.EXTI4_IRQHandler
                0x08001458        0xe ./Core/Src/stm32f7xx_it.o
                0x08001458                EXTI4_IRQHandler
 *fill*         0x08001466        0x2 
 .text.OTG_FS_IRQHandler
                0x08001468       0x14 ./Core/Src/stm32f7xx_it.o
                0x08001468                OTG_FS_IRQHandler
 .text._read    0x0800147c       0x3a ./Core/Src/syscalls.o
                0x0800147c                _read
 .text._write   0x080014b6       0x38 ./Core/Src/syscalls.o
                0x080014b6                _write
 .text._close   0x080014ee       0x18 ./Core/Src/syscalls.o
                0x080014ee                _close
 .text._fstat   0x08001506       0x20 ./Core/Src/syscalls.o
                0x08001506                _fstat
 .text._isatty  0x08001526       0x16 ./Core/Src/syscalls.o
                0x08001526                _isatty
 .text._lseek   0x0800153c       0x1a ./Core/Src/syscalls.o
                0x0800153c                _lseek
 *fill*         0x08001556        0x2 
 .text._sbrk    0x08001558       0x6c ./Core/Src/sysmem.o
                0x08001558                _sbrk
 .text.SystemInit
                0x080015c4       0x24 ./Core/Src/system_stm32f7xx.o
                0x080015c4                SystemInit
 .text.Reset_Handler
                0x080015e8       0x50 ./Core/Startup/startup_stm32f722retx.o
                0x080015e8                Reset_Handler
 .text.Default_Handler
                0x08001638        0x2 ./Core/Startup/startup_stm32f722retx.o
                0x08001638                DMA1_Stream3_IRQHandler
                0x08001638                TIM8_CC_IRQHandler
                0x08001638                UART8_IRQHandler
                0x08001638                SPI4_IRQHandler
                0x08001638                TIM1_CC_IRQHandler
                0x08001638                DMA2_Stream5_IRQHandler
                0x08001638                DMA1_Stream5_IRQHandler
                0x08001638                PVD_IRQHandler
                0x08001638                TAMP_STAMP_IRQHandler
                0x08001638                EXTI3_IRQHandler
                0x08001638                TIM8_TRG_COM_TIM14_IRQHandler
                0x08001638                TIM1_UP_TIM10_IRQHandler
                0x08001638                TIM8_UP_TIM13_IRQHandler
                0x08001638                I2C3_ER_IRQHandler
                0x08001638                EXTI0_IRQHandler
                0x08001638                I2C2_EV_IRQHandler
                0x08001638                DMA1_Stream2_IRQHandler
                0x08001638                CAN1_RX0_IRQHandler
                0x08001638                FPU_IRQHandler
                0x08001638                OTG_HS_WKUP_IRQHandler
                0x08001638                DMA2_Stream2_IRQHandler
                0x08001638                SPI1_IRQHandler
                0x08001638                TIM6_DAC_IRQHandler
                0x08001638                TIM1_BRK_TIM9_IRQHandler
                0x08001638                DMA2_Stream3_IRQHandler
                0x08001638                SAI2_IRQHandler
                0x08001638                USART6_IRQHandler
                0x08001638                USART3_IRQHandler
                0x08001638                CAN1_RX1_IRQHandler
                0x08001638                UART5_IRQHandler
                0x08001638                DMA2_Stream0_IRQHandler
                0x08001638                TIM4_IRQHandler
                0x08001638                QUADSPI_IRQHandler
                0x08001638                I2C1_EV_IRQHandler
                0x08001638                DMA1_Stream6_IRQHandler
                0x08001638                DMA1_Stream1_IRQHandler
                0x08001638                UART4_IRQHandler
                0x08001638                TIM3_IRQHandler
                0x08001638                RCC_IRQHandler
                0x08001638                TIM8_BRK_TIM12_IRQHandler
                0x08001638                Default_Handler
                0x08001638                EXTI15_10_IRQHandler
                0x08001638                ADC_IRQHandler
                0x08001638                DMA1_Stream7_IRQHandler
                0x08001638                SPI5_IRQHandler
                0x08001638                TIM7_IRQHandler
                0x08001638                SDMMC1_IRQHandler
                0x08001638                TIM5_IRQHandler
                0x08001638                DMA2_Stream7_IRQHandler
                0x08001638                I2C3_EV_IRQHandler
                0x08001638                EXTI9_5_IRQHandler
                0x08001638                RTC_WKUP_IRQHandler
                0x08001638                SPI2_IRQHandler
                0x08001638                OTG_HS_EP1_IN_IRQHandler
                0x08001638                DMA1_Stream0_IRQHandler
                0x08001638                CAN1_TX_IRQHandler
                0x08001638                RNG_IRQHandler
                0x08001638                OTG_HS_EP1_OUT_IRQHandler
                0x08001638                WWDG_IRQHandler
                0x08001638                TIM2_IRQHandler
                0x08001638                OTG_FS_WKUP_IRQHandler
                0x08001638                TIM1_TRG_COM_TIM11_IRQHandler
                0x08001638                OTG_HS_IRQHandler
                0x08001638                EXTI1_IRQHandler
                0x08001638                SDMMC2_IRQHandler
                0x08001638                UART7_IRQHandler
                0x08001638                USART2_IRQHandler
                0x08001638                I2C2_ER_IRQHandler
                0x08001638                DMA2_Stream1_IRQHandler
                0x08001638                CAN1_SCE_IRQHandler
                0x08001638                FLASH_IRQHandler
                0x08001638                DMA2_Stream4_IRQHandler
                0x08001638                USART1_IRQHandler
                0x08001638                SPI3_IRQHandler
                0x08001638                DMA1_Stream4_IRQHandler
                0x08001638                I2C1_ER_IRQHandler
                0x08001638                FMC_IRQHandler
                0x08001638                LPTIM1_IRQHandler
                0x08001638                DMA2_Stream6_IRQHandler
                0x08001638                SAI1_IRQHandler
                0x08001638                RTC_Alarm_IRQHandler
 .text.HAL_Init
                0x0800163a       0x1a ./Drivers/STM32F7xx_HAL_Driver/stm32f7xx_hal.o
                0x0800163a                HAL_Init
 .text.HAL_InitTick
                0x08001654       0x60 ./Drivers/STM32F7xx_HAL_Driver/stm32f7xx_hal.o
                0x08001654                HAL_InitTick
 .text.HAL_IncTick
                0x080016b4       0x28 ./Drivers/STM32F7xx_HAL_Driver/stm32f7xx_hal.o
                0x080016b4                HAL_IncTick
 .text.HAL_GetTick
                0x080016dc       0x18 ./Drivers/STM32F7xx_HAL_Driver/stm32f7xx_hal.o
                0x080016dc                HAL_GetTick
 .text.HAL_Delay
                0x080016f4       0x48 ./Drivers/STM32F7xx_HAL_Driver/stm32f7xx_hal.o
                0x080016f4                HAL_Delay
 .text.__NVIC_SetPriorityGrouping
                0x0800173c       0x48 ./Drivers/STM32F7xx_HAL_Driver/stm32f7xx_hal_cortex.o
 .text.__NVIC_GetPriorityGrouping
                0x08001784       0x1c ./Drivers/STM32F7xx_HAL_Driver/stm32f7xx_hal_cortex.o
 .text.__NVIC_EnableIRQ
                0x080017a0       0x3c ./Drivers/STM32F7xx_HAL_Driver/stm32f7xx_hal_cortex.o
 .text.__NVIC_SetPriority
                0x080017dc       0x54 ./Drivers/STM32F7xx_HAL_Driver/stm32f7xx_hal_cortex.o
 .text.NVIC_EncodePriority
                0x08001830       0x66 ./Drivers/STM32F7xx_HAL_Driver/stm32f7xx_hal_cortex.o
 *fill*         0x08001896        0x2 
 .text.SysTick_Config
                0x08001898       0x44 ./Drivers/STM32F7xx_HAL_Driver/stm32f7xx_hal_cortex.o
 .text.HAL_NVIC_SetPriorityGrouping
                0x080018dc       0x16 ./Drivers/STM32F7xx_HAL_Driver/stm32f7xx_hal_cortex.o
                0x080018dc                HAL_NVIC_SetPriorityGrouping
 .text.HAL_NVIC_SetPriority
                0x080018f2       0x38 ./Drivers/STM32F7xx_HAL_Driver/stm32f7xx_hal_cortex.o
                0x080018f2                HAL_NVIC_SetPriority
 .text.HAL_NVIC_EnableIRQ
                0x0800192a       0x1c ./Drivers/STM32F7xx_HAL_Driver/stm32f7xx_hal_cortex.o
                0x0800192a                HAL_NVIC_EnableIRQ
 .text.HAL_SYSTICK_Config
                0x08001946       0x18 ./Drivers/STM32F7xx_HAL_Driver/stm32f7xx_hal_cortex.o
                0x08001946                HAL_SYSTICK_Config
 *fill*         0x0800195e        0x2 
 .text.HAL_GPIO_Init
                0x08001960      0x338 ./Drivers/STM32F7xx_HAL_Driver/stm32f7xx_hal_gpio.o
                0x08001960                HAL_GPIO_Init
 .text.HAL_GPIO_WritePin
                0x08001c98       0x32 ./Drivers/STM32F7xx_HAL_Driver/stm32f7xx_hal_gpio.o
                0x08001c98                HAL_GPIO_WritePin
 *fill*         0x08001cca        0x2 
 .text.HAL_GPIO_EXTI_IRQHandler
                0x08001ccc       0x30 ./Drivers/STM32F7xx_HAL_Driver/stm32f7xx_hal_gpio.o
                0x08001ccc                HAL_GPIO_EXTI_IRQHandler
 .text.HAL_PCD_Init
                0x08001cfc      0x22c ./Drivers/STM32F7xx_HAL_Driver/stm32f7xx_hal_pcd.o
                0x08001cfc                HAL_PCD_Init
 .text.HAL_PCD_Start
                0x08001f28       0x44 ./Drivers/STM32F7xx_HAL_Driver/stm32f7xx_hal_pcd.o
                0x08001f28                HAL_PCD_Start
 .text.HAL_PCD_IRQHandler
                0x08001f6c      0x99c ./Drivers/STM32F7xx_HAL_Driver/stm32f7xx_hal_pcd.o
                0x08001f6c                HAL_PCD_IRQHandler
 .text.HAL_PCD_SetAddress
                0x08002908       0x48 ./Drivers/STM32F7xx_HAL_Driver/stm32f7xx_hal_pcd.o
                0x08002908                HAL_PCD_SetAddress
 .text.HAL_PCD_EP_Open
                0x08002950       0xd4 ./Drivers/STM32F7xx_HAL_Driver/stm32f7xx_hal_pcd.o
                0x08002950                HAL_PCD_EP_Open
 .text.HAL_PCD_EP_Close
                0x08002a24       0x94 ./Drivers/STM32F7xx_HAL_Driver/stm32f7xx_hal_pcd.o
                0x08002a24                HAL_PCD_EP_Close
 .text.HAL_PCD_EP_Receive
                0x08002ab8       0x76 ./Drivers/STM32F7xx_HAL_Driver/stm32f7xx_hal_pcd.o
                0x08002ab8                HAL_PCD_EP_Receive
 .text.HAL_PCD_EP_GetRxCount
                0x08002b2e       0x30 ./Drivers/STM32F7xx_HAL_Driver/stm32f7xx_hal_pcd.o
                0x08002b2e                HAL_PCD_EP_GetRxCount
 .text.HAL_PCD_EP_Transmit
                0x08002b5e       0x74 ./Drivers/STM32F7xx_HAL_Driver/stm32f7xx_hal_pcd.o
                0x08002b5e                HAL_PCD_EP_Transmit
 .text.HAL_PCD_EP_SetStall
                0x08002bd2       0xc6 ./Drivers/STM32F7xx_HAL_Driver/stm32f7xx_hal_pcd.o
                0x08002bd2                HAL_PCD_EP_SetStall
 .text.HAL_PCD_EP_ClrStall
                0x08002c98       0xac ./Drivers/STM32F7xx_HAL_Driver/stm32f7xx_hal_pcd.o
                0x08002c98                HAL_PCD_EP_ClrStall
 .text.HAL_PCD_EP_Abort
                0x08002d44       0x62 ./Drivers/STM32F7xx_HAL_Driver/stm32f7xx_hal_pcd.o
                0x08002d44                HAL_PCD_EP_Abort
 .text.PCD_WriteEmptyTxFifo
                0x08002da6      0x118 ./Drivers/STM32F7xx_HAL_Driver/stm32f7xx_hal_pcd.o
 *fill*         0x08002ebe        0x2 
 .text.PCD_EP_OutXfrComplete_int
                0x08002ec0      0x1d0 ./Drivers/STM32F7xx_HAL_Driver/stm32f7xx_hal_pcd.o
 .text.PCD_EP_OutSetupPacket_int
                0x08003090       0x8c ./Drivers/STM32F7xx_HAL_Driver/stm32f7xx_hal_pcd.o
 .text.HAL_PCDEx_SetTxFiFo
                0x0800311c       0x8e ./Drivers/STM32F7xx_HAL_Driver/stm32f7xx_hal_pcd_ex.o
                0x0800311c                HAL_PCDEx_SetTxFiFo
 .text.HAL_PCDEx_SetRxFiFo
                0x080031aa       0x22 ./Drivers/STM32F7xx_HAL_Driver/stm32f7xx_hal_pcd_ex.o
                0x080031aa                HAL_PCDEx_SetRxFiFo
 .text.HAL_PCDEx_ActivateLPM
                0x080031cc       0x48 ./Drivers/STM32F7xx_HAL_Driver/stm32f7xx_hal_pcd_ex.o
                0x080031cc                HAL_PCDEx_ActivateLPM
 .text.HAL_PWR_EnableBkUpAccess
                0x08003214       0x20 ./Drivers/STM32F7xx_HAL_Driver/stm32f7xx_hal_pwr.o
                0x08003214                HAL_PWR_EnableBkUpAccess
 .text.HAL_PWREx_EnableOverDrive
                0x08003234       0xa0 ./Drivers/STM32F7xx_HAL_Driver/stm32f7xx_hal_pwr_ex.o
                0x08003234                HAL_PWREx_EnableOverDrive
 .text.HAL_RCC_OscConfig
                0x080032d4      0x548 ./Drivers/STM32F7xx_HAL_Driver/stm32f7xx_hal_rcc.o
                0x080032d4                HAL_RCC_OscConfig
 .text.HAL_RCC_ClockConfig
                0x0800381c      0x1d8 ./Drivers/STM32F7xx_HAL_Driver/stm32f7xx_hal_rcc.o
                0x0800381c                HAL_RCC_ClockConfig
 .text.HAL_RCC_GetSysClockFreq
                0x080039f4      0x208 ./Drivers/STM32F7xx_HAL_Driver/stm32f7xx_hal_rcc.o
                0x080039f4                HAL_RCC_GetSysClockFreq
 .text.HAL_RCC_GetHCLKFreq
                0x08003bfc       0x18 ./Drivers/STM32F7xx_HAL_Driver/stm32f7xx_hal_rcc.o
                0x08003bfc                HAL_RCC_GetHCLKFreq
 .text.HAL_RCCEx_PeriphCLKConfig
                0x08003c14      0x694 ./Drivers/STM32F7xx_HAL_Driver/stm32f7xx_hal_rcc_ex.o
                0x08003c14                HAL_RCCEx_PeriphCLKConfig
 .text.HAL_SPI_Init
                0x080042a8      0x156 ./Drivers/STM32F7xx_HAL_Driver/stm32f7xx_hal_spi.o
                0x080042a8                HAL_SPI_Init
 .text.HAL_SPI_Transmit
                0x080043fe      0x2ec ./Drivers/STM32F7xx_HAL_Driver/stm32f7xx_hal_spi.o
                0x080043fe                HAL_SPI_Transmit
 .text.HAL_SPI_Receive
                0x080046ea      0x270 ./Drivers/STM32F7xx_HAL_Driver/stm32f7xx_hal_spi.o
                0x080046ea                HAL_SPI_Receive
 .text.HAL_SPI_TransmitReceive
                0x0800495a      0x43e ./Drivers/STM32F7xx_HAL_Driver/stm32f7xx_hal_spi.o
                0x0800495a                HAL_SPI_TransmitReceive
 .text.SPI_WaitFlagStateUntilTimeout
                0x08004d98      0x110 ./Drivers/STM32F7xx_HAL_Driver/stm32f7xx_hal_spi.o
 .text.SPI_WaitFifoStateUntilTimeout
                0x08004ea8      0x12c ./Drivers/STM32F7xx_HAL_Driver/stm32f7xx_hal_spi.o
 .text.SPI_EndRxTransaction
                0x08004fd4       0xf8 ./Drivers/STM32F7xx_HAL_Driver/stm32f7xx_hal_spi.o
 .text.SPI_EndRxTxTransaction
                0x080050cc       0xd4 ./Drivers/STM32F7xx_HAL_Driver/stm32f7xx_hal_spi.o
 .text.USB_CoreInit
                0x080051a0      0x118 ./Drivers/STM32F7xx_HAL_Driver/stm32f7xx_ll_usb.o
                0x080051a0                USB_CoreInit
 .text.USB_SetTurnaroundTime
                0x080052b8      0x144 ./Drivers/STM32F7xx_HAL_Driver/stm32f7xx_ll_usb.o
                0x080052b8                USB_SetTurnaroundTime
 .text.USB_EnableGlobalInt
                0x080053fc       0x22 ./Drivers/STM32F7xx_HAL_Driver/stm32f7xx_ll_usb.o
                0x080053fc                USB_EnableGlobalInt
 .text.USB_DisableGlobalInt
                0x0800541e       0x22 ./Drivers/STM32F7xx_HAL_Driver/stm32f7xx_ll_usb.o
                0x0800541e                USB_DisableGlobalInt
 .text.USB_SetCurrentMode
                0x08005440       0x98 ./Drivers/STM32F7xx_HAL_Driver/stm32f7xx_ll_usb.o
                0x08005440                USB_SetCurrentMode
 .text.USB_DevInit
                0x080054d8      0x2e0 ./Drivers/STM32F7xx_HAL_Driver/stm32f7xx_ll_usb.o
                0x080054d8                USB_DevInit
 .text.USB_FlushTxFifo
                0x080057b8       0x64 ./Drivers/STM32F7xx_HAL_Driver/stm32f7xx_ll_usb.o
                0x080057b8                USB_FlushTxFifo
 .text.USB_FlushRxFifo
                0x0800581c       0x5c ./Drivers/STM32F7xx_HAL_Driver/stm32f7xx_ll_usb.o
                0x0800581c                USB_FlushRxFifo
 .text.USB_SetDevSpeed
                0x08005878       0x32 ./Drivers/STM32F7xx_HAL_Driver/stm32f7xx_ll_usb.o
                0x08005878                USB_SetDevSpeed
 .text.USB_GetDevSpeed
                0x080058aa       0x4a ./Drivers/STM32F7xx_HAL_Driver/stm32f7xx_ll_usb.o
                0x080058aa                USB_GetDevSpeed
 .text.USB_ActivateEndpoint
                0x080058f4      0x110 ./Drivers/STM32F7xx_HAL_Driver/stm32f7xx_ll_usb.o
                0x080058f4                USB_ActivateEndpoint
 .text.USB_DeactivateEndpoint
                0x08005a04      0x1b8 ./Drivers/STM32F7xx_HAL_Driver/stm32f7xx_ll_usb.o
                0x08005a04                USB_DeactivateEndpoint
 .text.USB_EPStartXfer
                0x08005bbc      0x548 ./Drivers/STM32F7xx_HAL_Driver/stm32f7xx_ll_usb.o
                0x08005bbc                USB_EPStartXfer
 .text.USB_EPStopXfer
                0x08006104      0x154 ./Drivers/STM32F7xx_HAL_Driver/stm32f7xx_ll_usb.o
                0x08006104                USB_EPStopXfer
 .text.USB_WritePacket
                0x08006258       0x7c ./Drivers/STM32F7xx_HAL_Driver/stm32f7xx_ll_usb.o
                0x08006258                USB_WritePacket
 .text.USB_ReadPacket
                0x080062d4       0xb0 ./Drivers/STM32F7xx_HAL_Driver/stm32f7xx_ll_usb.o
                0x080062d4                USB_ReadPacket
 .text.USB_EPSetStall
                0x08006384       0xdc ./Drivers/STM32F7xx_HAL_Driver/stm32f7xx_ll_usb.o
                0x08006384                USB_EPSetStall
 .text.USB_EPClearStall
                0x08006460       0xcc ./Drivers/STM32F7xx_HAL_Driver/stm32f7xx_ll_usb.o
                0x08006460                USB_EPClearStall
 .text.USB_SetDevAddress
                0x0800652c       0x4c ./Drivers/STM32F7xx_HAL_Driver/stm32f7xx_ll_usb.o
                0x0800652c                USB_SetDevAddress
 .text.USB_DevConnect
                0x08006578       0x42 ./Drivers/STM32F7xx_HAL_Driver/stm32f7xx_ll_usb.o
                0x08006578                USB_DevConnect
 .text.USB_DevDisconnect
                0x080065ba       0x42 ./Drivers/STM32F7xx_HAL_Driver/stm32f7xx_ll_usb.o
                0x080065ba                USB_DevDisconnect
 .text.USB_ReadInterrupts
                0x080065fc       0x26 ./Drivers/STM32F7xx_HAL_Driver/stm32f7xx_ll_usb.o
                0x080065fc                USB_ReadInterrupts
 .text.USB_ReadDevAllOutEpInterrupt
                0x08006622       0x34 ./Drivers/STM32F7xx_HAL_Driver/stm32f7xx_ll_usb.o
                0x08006622                USB_ReadDevAllOutEpInterrupt
 .text.USB_ReadDevAllInEpInterrupt
                0x08006656       0x34 ./Drivers/STM32F7xx_HAL_Driver/stm32f7xx_ll_usb.o
                0x08006656                USB_ReadDevAllInEpInterrupt
 .text.USB_ReadDevOutEPInterrupt
                0x0800668a       0x3c ./Drivers/STM32F7xx_HAL_Driver/stm32f7xx_ll_usb.o
                0x0800668a                USB_ReadDevOutEPInterrupt
 .text.USB_ReadDevInEPInterrupt
                0x080066c6       0x5c ./Drivers/STM32F7xx_HAL_Driver/stm32f7xx_ll_usb.o
                0x080066c6                USB_ReadDevInEPInterrupt
 .text.USB_GetMode
                0x08006722       0x1c ./Drivers/STM32F7xx_HAL_Driver/stm32f7xx_ll_usb.o
                0x08006722                USB_GetMode
 *fill*         0x0800673e        0x2 
 .text.USB_ActivateSetup
                0x08006740       0x48 ./Drivers/STM32F7xx_HAL_Driver/stm32f7xx_ll_usb.o
                0x08006740                USB_ActivateSetup
 .text.USB_EP0_OutStart
                0x08006788       0xbc ./Drivers/STM32F7xx_HAL_Driver/stm32f7xx_ll_usb.o
                0x08006788                USB_EP0_OutStart
 .text.USB_CoreReset
                0x08006844       0x70 ./Drivers/STM32F7xx_HAL_Driver/stm32f7xx_ll_usb.o
 .text.MX_FATFS_Init
                0x080068b4       0x24 ./FATFS/App/fatfs.o
                0x080068b4                MX_FATFS_Init
 .text.USER_initialize
                0x080068d8       0x28 ./FATFS/Target/user_diskio.o
                0x080068d8                USER_initialize
 .text.USER_status
                0x08006900       0x28 ./FATFS/Target/user_diskio.o
                0x08006900                USER_status
 .text.USER_read
                0x08006928       0x1e ./FATFS/Target/user_diskio.o
                0x08006928                USER_read
 .text.USER_write
                0x08006946       0x1e ./FATFS/Target/user_diskio.o
                0x08006946                USER_write
 .text.USER_ioctl
                0x08006964       0x22 ./FATFS/Target/user_diskio.o
                0x08006964                USER_ioctl
 *fill*         0x08006986        0x2 
 .text.FATFS_LinkDriverEx
                0x08006988       0x98 ./Middlewares/FatFs/ff_gen_drv.o
                0x08006988                FATFS_LinkDriverEx
 .text.FATFS_LinkDriver
                0x08006a20       0x1e ./Middlewares/FatFs/ff_gen_drv.o
                0x08006a20                FATFS_LinkDriver
 *fill*         0x08006a3e        0x2 
 .text.USBD_CDC_Init
                0x08006a40      0x1f0 ./Middlewares/USB_Device_Library/usbd_cdc.o
 .text.USBD_CDC_DeInit
                0x08006c30      0x104 ./Middlewares/USB_Device_Library/usbd_cdc.o
 .text.USBD_CDC_Setup
                0x08006d34      0x1b8 ./Middlewares/USB_Device_Library/usbd_cdc.o
 .text.USBD_CDC_DataIn
                0x08006eec       0xfe ./Middlewares/USB_Device_Library/usbd_cdc.o
 .text.USBD_CDC_DataOut
                0x08006fea       0x70 ./Middlewares/USB_Device_Library/usbd_cdc.o
 .text.USBD_CDC_EP0_RxReady
                0x0800705a       0x74 ./Middlewares/USB_Device_Library/usbd_cdc.o
 *fill*         0x080070ce        0x2 
 .text.USBD_CDC_GetFSCfgDesc
                0x080070d0       0x70 ./Middlewares/USB_Device_Library/usbd_cdc.o
 .text.USBD_CDC_GetHSCfgDesc
                0x08007140       0x70 ./Middlewares/USB_Device_Library/usbd_cdc.o
 .text.USBD_CDC_GetOtherSpeedCfgDesc
                0x080071b0       0x70 ./Middlewares/USB_Device_Library/usbd_cdc.o
 .text.USBD_CDC_GetDeviceQualifierDescriptor
                0x08007220       0x20 ./Middlewares/USB_Device_Library/usbd_cdc.o
                0x08007220                USBD_CDC_GetDeviceQualifierDescriptor
 .text.USBD_CDC_RegisterInterface
                0x08007240       0x34 ./Middlewares/USB_Device_Library/usbd_cdc.o
                0x08007240                USBD_CDC_RegisterInterface
 .text.USBD_CDC_SetTxBuffer
                0x08007274       0x44 ./Middlewares/USB_Device_Library/usbd_cdc.o
                0x08007274                USBD_CDC_SetTxBuffer
 .text.USBD_CDC_SetRxBuffer
                0x080072b8       0x3a ./Middlewares/USB_Device_Library/usbd_cdc.o
                0x080072b8                USBD_CDC_SetRxBuffer
 *fill*         0x080072f2        0x2 
 .text.USBD_CDC_TransmitPacket
                0x080072f4       0x80 ./Middlewares/USB_Device_Library/usbd_cdc.o
                0x080072f4                USBD_CDC_TransmitPacket
 .text.USBD_CDC_ReceivePacket
                0x08007374       0x6c ./Middlewares/USB_Device_Library/usbd_cdc.o
                0x08007374                USBD_CDC_ReceivePacket
 .text.USBD_Init
                0x080073e0       0x60 ./Middlewares/USB_Device_Library/usbd_core.o
                0x080073e0                USBD_Init
 .text.USBD_RegisterClass
                0x08007440       0x6c ./Middlewares/USB_Device_Library/usbd_core.o
                0x08007440                USBD_RegisterClass
 .text.USBD_Start
                0x080074ac       0x18 ./Middlewares/USB_Device_Library/usbd_core.o
                0x080074ac                USBD_Start
 .text.USBD_RunTestMode
                0x080074c4       0x16 ./Middlewares/USB_Device_Library/usbd_core.o
                0x080074c4                USBD_RunTestMode
 .text.USBD_SetClassConfig
                0x080074da       0x38 ./Middlewares/USB_Device_Library/usbd_core.o
                0x080074da                USBD_SetClassConfig
 .text.USBD_ClrClassConfig
                0x08007512       0x34 ./Middlewares/USB_Device_Library/usbd_core.o
                0x08007512                USBD_ClrClassConfig
 .text.USBD_LL_SetupStage
                0x08007546       0xaa ./Middlewares/USB_Device_Library/usbd_core.o
                0x08007546                USBD_LL_SetupStage
 .text.USBD_LL_DataOutStage
                0x080075f0      0x178 ./Middlewares/USB_Device_Library/usbd_core.o
                0x080075f0                USBD_LL_DataOutStage
 .text.USBD_LL_DataInStage
                0x08007768      0x176 ./Middlewares/USB_Device_Library/usbd_core.o
                0x08007768                USBD_LL_DataInStage
 .text.USBD_LL_Reset
                0x080078de       0xa6 ./Middlewares/USB_Device_Library/usbd_core.o
                0x080078de                USBD_LL_Reset
 .text.USBD_LL_SetSpeed
                0x08007984       0x20 ./Middlewares/USB_Device_Library/usbd_core.o
                0x08007984                USBD_LL_SetSpeed
 .text.USBD_LL_Suspend
                0x080079a4       0x38 ./Middlewares/USB_Device_Library/usbd_core.o
                0x080079a4                USBD_LL_Suspend
 .text.USBD_LL_Resume
                0x080079dc       0x30 ./Middlewares/USB_Device_Library/usbd_core.o
                0x080079dc                USBD_LL_Resume
 .text.USBD_LL_SOF
                0x08007a0c       0x40 ./Middlewares/USB_Device_Library/usbd_core.o
                0x08007a0c                USBD_LL_SOF
 .text.USBD_LL_IsoINIncomplete
                0x08007a4c       0x64 ./Middlewares/USB_Device_Library/usbd_core.o
                0x08007a4c                USBD_LL_IsoINIncomplete
 .text.USBD_LL_IsoOUTIncomplete
                0x08007ab0       0x64 ./Middlewares/USB_Device_Library/usbd_core.o
                0x08007ab0                USBD_LL_IsoOUTIncomplete
 .text.USBD_LL_DevConnected
                0x08007b14       0x16 ./Middlewares/USB_Device_Library/usbd_core.o
                0x08007b14                USBD_LL_DevConnected
 .text.USBD_LL_DevDisconnected
                0x08007b2a       0x46 ./Middlewares/USB_Device_Library/usbd_core.o
                0x08007b2a                USBD_LL_DevDisconnected
 .text.USBD_CoreFindIF
                0x08007b70       0x1a ./Middlewares/USB_Device_Library/usbd_core.o
                0x08007b70                USBD_CoreFindIF
 .text.USBD_CoreFindEP
                0x08007b8a       0x1a ./Middlewares/USB_Device_Library/usbd_core.o
                0x08007b8a                USBD_CoreFindEP
 .text.USBD_GetEpDesc
                0x08007ba4       0x70 ./Middlewares/USB_Device_Library/usbd_core.o
                0x08007ba4                USBD_GetEpDesc
 .text.USBD_GetNextDesc
                0x08007c14       0x38 ./Middlewares/USB_Device_Library/usbd_core.o
                0x08007c14                USBD_GetNextDesc
 .text.SWAPBYTE
                0x08007c4c       0x3e ./Middlewares/USB_Device_Library/usbd_ctlreq.o
 *fill*         0x08007c8a        0x2 
 .text.USBD_StdDevReq
                0x08007c8c       0xe4 ./Middlewares/USB_Device_Library/usbd_ctlreq.o
                0x08007c8c                USBD_StdDevReq
 .text.USBD_StdItfReq
                0x08007d70       0xd8 ./Middlewares/USB_Device_Library/usbd_ctlreq.o
                0x08007d70                USBD_StdItfReq
 .text.USBD_StdEPReq
                0x08007e48      0x33e ./Middlewares/USB_Device_Library/usbd_ctlreq.o
                0x08007e48                USBD_StdEPReq
 *fill*         0x08008186        0x2 
 .text.USBD_GetDescriptor
                0x08008188      0x328 ./Middlewares/USB_Device_Library/usbd_ctlreq.o
 .text.USBD_SetAddress
                0x080084b0       0x88 ./Middlewares/USB_Device_Library/usbd_ctlreq.o
 .text.USBD_SetConfig
                0x08008538      0x154 ./Middlewares/USB_Device_Library/usbd_ctlreq.o
 .text.USBD_GetConfig
                0x0800868c       0x6c ./Middlewares/USB_Device_Library/usbd_ctlreq.o
 .text.USBD_GetStatus
                0x080086f8       0x68 ./Middlewares/USB_Device_Library/usbd_ctlreq.o
 .text.USBD_SetFeature
                0x08008760       0x52 ./Middlewares/USB_Device_Library/usbd_ctlreq.o
 .text.USBD_ClrFeature
                0x080087b2       0x44 ./Middlewares/USB_Device_Library/usbd_ctlreq.o
 .text.USBD_ParseSetupRequest
                0x080087f6       0x74 ./Middlewares/USB_Device_Library/usbd_ctlreq.o
                0x080087f6                USBD_ParseSetupRequest
 .text.USBD_CtlError
                0x0800886a       0x22 ./Middlewares/USB_Device_Library/usbd_ctlreq.o
                0x0800886a                USBD_CtlError
 .text.USBD_GetString
                0x0800888c       0xa4 ./Middlewares/USB_Device_Library/usbd_ctlreq.o
                0x0800888c                USBD_GetString
 .text.USBD_GetLen
                0x08008930       0x34 ./Middlewares/USB_Device_Library/usbd_ctlreq.o
 .text.USBD_CtlSendData
                0x08008964       0x3c ./Middlewares/USB_Device_Library/usbd_ioreq.o
                0x08008964                USBD_CtlSendData
 .text.USBD_CtlContinueSendData
                0x080089a0       0x22 ./Middlewares/USB_Device_Library/usbd_ioreq.o
                0x080089a0                USBD_CtlContinueSendData
 .text.USBD_CtlPrepareRx
                0x080089c2       0x42 ./Middlewares/USB_Device_Library/usbd_ioreq.o
                0x080089c2                USBD_CtlPrepareRx
 .text.USBD_CtlContinueRx
                0x08008a04       0x22 ./Middlewares/USB_Device_Library/usbd_ioreq.o
                0x08008a04                USBD_CtlContinueRx
 .text.USBD_CtlSendStatus
                0x08008a26       0x26 ./Middlewares/USB_Device_Library/usbd_ioreq.o
                0x08008a26                USBD_CtlSendStatus
 .text.USBD_CtlReceiveStatus
                0x08008a4c       0x26 ./Middlewares/USB_Device_Library/usbd_ioreq.o
                0x08008a4c                USBD_CtlReceiveStatus
 *fill*         0x08008a72        0x2 
 .text.MX_USB_DEVICE_Init
                0x08008a74       0x60 ./USB_DEVICE/App/usb_device.o
                0x08008a74                MX_USB_DEVICE_Init
 .text.CDC_Init_FS
                0x08008ad4       0x28 ./USB_DEVICE/App/usbd_cdc_if.o
 .text.CDC_DeInit_FS
                0x08008afc       0x10 ./USB_DEVICE/App/usbd_cdc_if.o
 .text.CDC_Control_FS
                0x08008b0c       0xbc ./USB_DEVICE/App/usbd_cdc_if.o
 .text.CDC_Receive_FS
                0x08008bc8       0x28 ./USB_DEVICE/App/usbd_cdc_if.o
 .text.CDC_Transmit_FS
                0x08008bf0       0x4c ./USB_DEVICE/App/usbd_cdc_if.o
                0x08008bf0                CDC_Transmit_FS
 .text.CDC_TransmitCplt_FS
                0x08008c3c       0x22 ./USB_DEVICE/App/usbd_cdc_if.o
 .text.__io_putchar
                0x08008c5e       0x32 ./USB_DEVICE/App/usbd_cdc_if.o
                0x08008c5e                __io_putchar
 .text.USBD_FS_DeviceDescriptor
                0x08008c90       0x24 ./USB_DEVICE/App/usbd_desc.o
                0x08008c90                USBD_FS_DeviceDescriptor
 .text.USBD_FS_LangIDStrDescriptor
                0x08008cb4       0x24 ./USB_DEVICE/App/usbd_desc.o
                0x08008cb4                USBD_FS_LangIDStrDescriptor
 .text.USBD_FS_ProductStrDescriptor
                0x08008cd8       0x3c ./USB_DEVICE/App/usbd_desc.o
                0x08008cd8                USBD_FS_ProductStrDescriptor
 .text.USBD_FS_ManufacturerStrDescriptor
                0x08008d14       0x28 ./USB_DEVICE/App/usbd_desc.o
                0x08008d14                USBD_FS_ManufacturerStrDescriptor
 .text.USBD_FS_SerialStrDescriptor
                0x08008d3c       0x24 ./USB_DEVICE/App/usbd_desc.o
                0x08008d3c                USBD_FS_SerialStrDescriptor
 .text.USBD_FS_ConfigStrDescriptor
                0x08008d60       0x3c ./USB_DEVICE/App/usbd_desc.o
                0x08008d60                USBD_FS_ConfigStrDescriptor
 .text.USBD_FS_InterfaceStrDescriptor
                0x08008d9c       0x3c ./USB_DEVICE/App/usbd_desc.o
                0x08008d9c                USBD_FS_InterfaceStrDescriptor
 .text.USBD_FS_USR_BOSDescriptor
                0x08008dd8       0x24 ./USB_DEVICE/App/usbd_desc.o
                0x08008dd8                USBD_FS_USR_BOSDescriptor
 .text.Get_SerialNum
                0x08008dfc       0x58 ./USB_DEVICE/App/usbd_desc.o
 .text.IntToUnicode
                0x08008e54       0x7e ./USB_DEVICE/App/usbd_desc.o
 *fill*         0x08008ed2        0x2 
 .text.HAL_PCD_MspInit
                0x08008ed4       0xe4 ./USB_DEVICE/Target/usbd_conf.o
                0x08008ed4                HAL_PCD_MspInit
 .text.HAL_PCD_SetupStageCallback
                0x08008fb8       0x24 ./USB_DEVICE/Target/usbd_conf.o
                0x08008fb8                HAL_PCD_SetupStageCallback
 .text.HAL_PCD_DataOutStageCallback
                0x08008fdc       0x36 ./USB_DEVICE/Target/usbd_conf.o
                0x08008fdc                HAL_PCD_DataOutStageCallback
 .text.HAL_PCD_DataInStageCallback
                0x08009012       0x34 ./USB_DEVICE/Target/usbd_conf.o
                0x08009012                HAL_PCD_DataInStageCallback
 .text.HAL_PCD_SOFCallback
                0x08009046       0x1c ./USB_DEVICE/Target/usbd_conf.o
                0x08009046                HAL_PCD_SOFCallback
 .text.HAL_PCD_ResetCallback
                0x08009062       0x50 ./USB_DEVICE/Target/usbd_conf.o
                0x08009062                HAL_PCD_ResetCallback
 *fill*         0x080090b2        0x2 
 .text.HAL_PCD_SuspendCallback
                0x080090b4       0x4c ./USB_DEVICE/Target/usbd_conf.o
                0x080090b4                HAL_PCD_SuspendCallback
 .text.HAL_PCD_ResumeCallback
                0x08009100       0x1c ./USB_DEVICE/Target/usbd_conf.o
                0x08009100                HAL_PCD_ResumeCallback
 .text.HAL_PCD_ISOOUTIncompleteCallback
                0x0800911c       0x24 ./USB_DEVICE/Target/usbd_conf.o
                0x0800911c                HAL_PCD_ISOOUTIncompleteCallback
 .text.HAL_PCD_ISOINIncompleteCallback
                0x08009140       0x24 ./USB_DEVICE/Target/usbd_conf.o
                0x08009140                HAL_PCD_ISOINIncompleteCallback
 .text.HAL_PCD_ConnectCallback
                0x08009164       0x1c ./USB_DEVICE/Target/usbd_conf.o
                0x08009164                HAL_PCD_ConnectCallback
 .text.HAL_PCD_DisconnectCallback
                0x08009180       0x1c ./USB_DEVICE/Target/usbd_conf.o
                0x08009180                HAL_PCD_DisconnectCallback
 .text.USBD_LL_Init
                0x0800919c       0xa0 ./USB_DEVICE/Target/usbd_conf.o
                0x0800919c                USBD_LL_Init
 .text.USBD_LL_Start
                0x0800923c       0x36 ./USB_DEVICE/Target/usbd_conf.o
                0x0800923c                USBD_LL_Start
 .text.USBD_LL_OpenEP
                0x08009272       0x4c ./USB_DEVICE/Target/usbd_conf.o
                0x08009272                USBD_LL_OpenEP
 .text.USBD_LL_CloseEP
                0x080092be       0x3e ./USB_DEVICE/Target/usbd_conf.o
                0x080092be                USBD_LL_CloseEP
 .text.USBD_LL_StallEP
                0x080092fc       0x3e ./USB_DEVICE/Target/usbd_conf.o
                0x080092fc                USBD_LL_StallEP
 .text.USBD_LL_ClearStallEP
                0x0800933a       0x3e ./USB_DEVICE/Target/usbd_conf.o
                0x0800933a                USBD_LL_ClearStallEP
 .text.USBD_LL_IsStallEP
                0x08009378       0x58 ./USB_DEVICE/Target/usbd_conf.o
                0x08009378                USBD_LL_IsStallEP
 .text.USBD_LL_SetUSBAddress
                0x080093d0       0x3e ./USB_DEVICE/Target/usbd_conf.o
                0x080093d0                USBD_LL_SetUSBAddress
 .text.USBD_LL_Transmit
                0x0800940e       0x42 ./USB_DEVICE/Target/usbd_conf.o
                0x0800940e                USBD_LL_Transmit
 .text.USBD_LL_PrepareReceive
                0x08009450       0x42 ./USB_DEVICE/Target/usbd_conf.o
                0x08009450                USBD_LL_PrepareReceive
 .text.USBD_LL_GetRxDataSize
                0x08009492       0x26 ./USB_DEVICE/Target/usbd_conf.o
                0x08009492                USBD_LL_GetRxDataSize
 .text.HAL_PCDEx_LPM_Callback
                0x080094b8       0x9c ./USB_DEVICE/Target/usbd_conf.o
                0x080094b8                HAL_PCDEx_LPM_Callback
 .text.SystemClockConfig_Resume
                0x08009554        0xc ./USB_DEVICE/Target/usbd_conf.o
 .text.USBD_Get_USB_Status
                0x08009560       0x58 ./USB_DEVICE/Target/usbd_conf.o
                0x08009560                USBD_Get_USB_Status
 .text.malloc   0x080095b8       0x10 /Applications/STM32CubeIDE.app/Contents/Eclipse/plugins/com.st.stm32cube.ide.mcu.externaltools.gnu-tools-for-stm32.13.3.rel1.macos64_1.0.0.202411102158/tools/bin/../lib/gcc/arm-none-eabi/13.3.1/../../../../arm-none-eabi/lib/thumb/v7e-m+fp/hard/libc_nano.a(libc_a-malloc.o)
                0x080095b8                malloc
 .text.free     0x080095c8       0x10 /Applications/STM32CubeIDE.app/Contents/Eclipse/plugins/com.st.stm32cube.ide.mcu.externaltools.gnu-tools-for-stm32.13.3.rel1.macos64_1.0.0.202411102158/tools/bin/../lib/gcc/arm-none-eabi/13.3.1/../../../../arm-none-eabi/lib/thumb/v7e-m+fp/hard/libc_nano.a(libc_a-malloc.o)
                0x080095c8                free
 .text.sbrk_aligned
                0x080095d8       0x44 /Applications/STM32CubeIDE.app/Contents/Eclipse/plugins/com.st.stm32cube.ide.mcu.externaltools.gnu-tools-for-stm32.13.3.rel1.macos64_1.0.0.202411102158/tools/bin/../lib/gcc/arm-none-eabi/13.3.1/../../../../arm-none-eabi/lib/thumb/v7e-m+fp/hard/libc_nano.a(libc_a-mallocr.o)
 .text._malloc_r
                0x0800961c      0x100 /Applications/STM32CubeIDE.app/Contents/Eclipse/plugins/com.st.stm32cube.ide.mcu.externaltools.gnu-tools-for-stm32.13.3.rel1.macos64_1.0.0.202411102158/tools/bin/../lib/gcc/arm-none-eabi/13.3.1/../../../../arm-none-eabi/lib/thumb/v7e-m+fp/hard/libc_nano.a(libc_a-mallocr.o)
                0x0800961c                _malloc_r
 .text.__malloc_lock
                0x0800971c        0xc /Applications/STM32CubeIDE.app/Contents/Eclipse/plugins/com.st.stm32cube.ide.mcu.externaltools.gnu-tools-for-stm32.13.3.rel1.macos64_1.0.0.202411102158/tools/bin/../lib/gcc/arm-none-eabi/13.3.1/../../../../arm-none-eabi/lib/thumb/v7e-m+fp/hard/libc_nano.a(libc_a-mlock.o)
                0x0800971c                __malloc_lock
 .text.__malloc_unlock
                0x08009728        0xc /Applications/STM32CubeIDE.app/Contents/Eclipse/plugins/com.st.stm32cube.ide.mcu.externaltools.gnu-tools-for-stm32.13.3.rel1.macos64_1.0.0.202411102158/tools/bin/../lib/gcc/arm-none-eabi/13.3.1/../../../../arm-none-eabi/lib/thumb/v7e-m+fp/hard/libc_nano.a(libc_a-mlock.o)
                0x08009728                __malloc_unlock
 .text.std      0x08009734       0x6c /Applications/STM32CubeIDE.app/Contents/Eclipse/plugins/com.st.stm32cube.ide.mcu.externaltools.gnu-tools-for-stm32.13.3.rel1.macos64_1.0.0.202411102158/tools/bin/../lib/gcc/arm-none-eabi/13.3.1/../../../../arm-none-eabi/lib/thumb/v7e-m+fp/hard/libc_nano.a(libc_a-findfp.o)
 .text.stdio_exit_handler
                0x080097a0       0x18 /Applications/STM32CubeIDE.app/Contents/Eclipse/plugins/com.st.stm32cube.ide.mcu.externaltools.gnu-tools-for-stm32.13.3.rel1.macos64_1.0.0.202411102158/tools/bin/../lib/gcc/arm-none-eabi/13.3.1/../../../../arm-none-eabi/lib/thumb/v7e-m+fp/hard/libc_nano.a(libc_a-findfp.o)
 .text.cleanup_stdio
                0x080097b8       0x40 /Applications/STM32CubeIDE.app/Contents/Eclipse/plugins/com.st.stm32cube.ide.mcu.externaltools.gnu-tools-for-stm32.13.3.rel1.macos64_1.0.0.202411102158/tools/bin/../lib/gcc/arm-none-eabi/13.3.1/../../../../arm-none-eabi/lib/thumb/v7e-m+fp/hard/libc_nano.a(libc_a-findfp.o)
 .text.global_stdio_init.part.0
                0x080097f8       0x3c /Applications/STM32CubeIDE.app/Contents/Eclipse/plugins/com.st.stm32cube.ide.mcu.externaltools.gnu-tools-for-stm32.13.3.rel1.macos64_1.0.0.202411102158/tools/bin/../lib/gcc/arm-none-eabi/13.3.1/../../../../arm-none-eabi/lib/thumb/v7e-m+fp/hard/libc_nano.a(libc_a-findfp.o)
 .text.__sfp_lock_acquire
                0x08009834        0xc /Applications/STM32CubeIDE.app/Contents/Eclipse/plugins/com.st.stm32cube.ide.mcu.externaltools.gnu-tools-for-stm32.13.3.rel1.macos64_1.0.0.202411102158/tools/bin/../lib/gcc/arm-none-eabi/13.3.1/../../../../arm-none-eabi/lib/thumb/v7e-m+fp/hard/libc_nano.a(libc_a-findfp.o)
                0x08009834                __sfp_lock_acquire
 .text.__sfp_lock_release
                0x08009840        0xc /Applications/STM32CubeIDE.app/Contents/Eclipse/plugins/com.st.stm32cube.ide.mcu.externaltools.gnu-tools-for-stm32.13.3.rel1.macos64_1.0.0.202411102158/tools/bin/../lib/gcc/arm-none-eabi/13.3.1/../../../../arm-none-eabi/lib/thumb/v7e-m+fp/hard/libc_nano.a(libc_a-findfp.o)
                0x08009840                __sfp_lock_release
 .text.__sinit  0x0800984c       0x30 /Applications/STM32CubeIDE.app/Contents/Eclipse/plugins/com.st.stm32cube.ide.mcu.externaltools.gnu-tools-for-stm32.13.3.rel1.macos64_1.0.0.202411102158/tools/bin/../lib/gcc/arm-none-eabi/13.3.1/../../../../arm-none-eabi/lib/thumb/v7e-m+fp/hard/libc_nano.a(libc_a-findfp.o)
                0x0800984c                __sinit
 .text._fwalk_sglue
                0x0800987c       0x3c /Applications/STM32CubeIDE.app/Contents/Eclipse/plugins/com.st.stm32cube.ide.mcu.externaltools.gnu-tools-for-stm32.13.3.rel1.macos64_1.0.0.202411102158/tools/bin/../lib/gcc/arm-none-eabi/13.3.1/../../../../arm-none-eabi/lib/thumb/v7e-m+fp/hard/libc_nano.a(libc_a-fwalk.o)
                0x0800987c                _fwalk_sglue
 .text.printf   0x080098b8       0x24 /Applications/STM32CubeIDE.app/Contents/Eclipse/plugins/com.st.stm32cube.ide.mcu.externaltools.gnu-tools-for-stm32.13.3.rel1.macos64_1.0.0.202411102158/tools/bin/../lib/gcc/arm-none-eabi/13.3.1/../../../../arm-none-eabi/lib/thumb/v7e-m+fp/hard/libc_nano.a(libc_a-printf.o)
                0x080098b8                printf
                0x080098b8                iprintf
 .text.memset   0x080098dc       0x10 /Applications/STM32CubeIDE.app/Contents/Eclipse/plugins/com.st.stm32cube.ide.mcu.externaltools.gnu-tools-for-stm32.13.3.rel1.macos64_1.0.0.202411102158/tools/bin/../lib/gcc/arm-none-eabi/13.3.1/../../../../arm-none-eabi/lib/thumb/v7e-m+fp/hard/libc_nano.a(libc_a-memset.o)
                0x080098dc                memset
 .text._sbrk_r  0x080098ec       0x20 /Applications/STM32CubeIDE.app/Contents/Eclipse/plugins/com.st.stm32cube.ide.mcu.externaltools.gnu-tools-for-stm32.13.3.rel1.macos64_1.0.0.202411102158/tools/bin/../lib/gcc/arm-none-eabi/13.3.1/../../../../arm-none-eabi/lib/thumb/v7e-m+fp/hard/libc_nano.a(libc_a-sbrkr.o)
                0x080098ec                _sbrk_r
 .text.__errno  0x0800990c        0xc /Applications/STM32CubeIDE.app/Contents/Eclipse/plugins/com.st.stm32cube.ide.mcu.externaltools.gnu-tools-for-stm32.13.3.rel1.macos64_1.0.0.202411102158/tools/bin/../lib/gcc/arm-none-eabi/13.3.1/../../../../arm-none-eabi/lib/thumb/v7e-m+fp/hard/libc_nano.a(libc_a-errno.o)
                0x0800990c                __errno
 .text.__libc_init_array
                0x08009918       0x48 /Applications/STM32CubeIDE.app/Contents/Eclipse/plugins/com.st.stm32cube.ide.mcu.externaltools.gnu-tools-for-stm32.13.3.rel1.macos64_1.0.0.202411102158/tools/bin/../lib/gcc/arm-none-eabi/13.3.1/../../../../arm-none-eabi/lib/thumb/v7e-m+fp/hard/libc_nano.a(libc_a-init.o)
                0x08009918                __libc_init_array
 .text.__retarget_lock_init_recursive
                0x08009960        0x2 /Applications/STM32CubeIDE.app/Contents/Eclipse/plugins/com.st.stm32cube.ide.mcu.externaltools.gnu-tools-for-stm32.13.3.rel1.macos64_1.0.0.202411102158/tools/bin/../lib/gcc/arm-none-eabi/13.3.1/../../../../arm-none-eabi/lib/thumb/v7e-m+fp/hard/libc_nano.a(libc_a-lock.o)
                0x08009960                __retarget_lock_init_recursive
 .text.__retarget_lock_acquire_recursive
                0x08009962        0x2 /Applications/STM32CubeIDE.app/Contents/Eclipse/plugins/com.st.stm32cube.ide.mcu.externaltools.gnu-tools-for-stm32.13.3.rel1.macos64_1.0.0.202411102158/tools/bin/../lib/gcc/arm-none-eabi/13.3.1/../../../../arm-none-eabi/lib/thumb/v7e-m+fp/hard/libc_nano.a(libc_a-lock.o)
                0x08009962                __retarget_lock_acquire_recursive
 .text.__retarget_lock_release_recursive
                0x08009964        0x2 /Applications/STM32CubeIDE.app/Contents/Eclipse/plugins/com.st.stm32cube.ide.mcu.externaltools.gnu-tools-for-stm32.13.3.rel1.macos64_1.0.0.202411102158/tools/bin/../lib/gcc/arm-none-eabi/13.3.1/../../../../arm-none-eabi/lib/thumb/v7e-m+fp/hard/libc_nano.a(libc_a-lock.o)
                0x08009964                __retarget_lock_release_recursive
 *fill*         0x08009966        0x2 
 .text._free_r  0x08009968       0x94 /Applications/STM32CubeIDE.app/Contents/Eclipse/plugins/com.st.stm32cube.ide.mcu.externaltools.gnu-tools-for-stm32.13.3.rel1.macos64_1.0.0.202411102158/tools/bin/../lib/gcc/arm-none-eabi/13.3.1/../../../../arm-none-eabi/lib/thumb/v7e-m+fp/hard/libc_nano.a(libc_a-freer.o)
                0x08009968                _free_r
 .text.__sfputc_r
                0x080099fc       0x2e /Applications/STM32CubeIDE.app/Contents/Eclipse/plugins/com.st.stm32cube.ide.mcu.externaltools.gnu-tools-for-stm32.13.3.rel1.macos64_1.0.0.202411102158/tools/bin/../lib/gcc/arm-none-eabi/13.3.1/../../../../arm-none-eabi/lib/thumb/v7e-m+fp/hard/libc_nano.a(libc_a-nano-vfprintf.o)
 .text.__sfputs_r
                0x08009a2a       0x24 /Applications/STM32CubeIDE.app/Contents/Eclipse/plugins/com.st.stm32cube.ide.mcu.externaltools.gnu-tools-for-stm32.13.3.rel1.macos64_1.0.0.202411102158/tools/bin/../lib/gcc/arm-none-eabi/13.3.1/../../../../arm-none-eabi/lib/thumb/v7e-m+fp/hard/libc_nano.a(libc_a-nano-vfprintf.o)
                0x08009a2a                __sfputs_r
 *fill*         0x08009a4e        0x2 
 .text._vfprintf_r
                0x08009a50      0x230 /Applications/STM32CubeIDE.app/Contents/Eclipse/plugins/com.st.stm32cube.ide.mcu.externaltools.gnu-tools-for-stm32.13.3.rel1.macos64_1.0.0.202411102158/tools/bin/../lib/gcc/arm-none-eabi/13.3.1/../../../../arm-none-eabi/lib/thumb/v7e-m+fp/hard/libc_nano.a(libc_a-nano-vfprintf.o)
                0x08009a50                _vfiprintf_r
                0x08009a50                _vfprintf_r
 .text._printf_common
                0x08009c80       0xda /Applications/STM32CubeIDE.app/Contents/Eclipse/plugins/com.st.stm32cube.ide.mcu.externaltools.gnu-tools-for-stm32.13.3.rel1.macos64_1.0.0.202411102158/tools/bin/../lib/gcc/arm-none-eabi/13.3.1/../../../../arm-none-eabi/lib/thumb/v7e-m+fp/hard/libc_nano.a(libc_a-nano-vfprintf_i.o)
                0x08009c80                _printf_common
 *fill*         0x08009d5a        0x2 
 .text._printf_i
                0x08009d5c      0x23c /Applications/STM32CubeIDE.app/Contents/Eclipse/plugins/com.st.stm32cube.ide.mcu.externaltools.gnu-tools-for-stm32.13.3.rel1.macos64_1.0.0.202411102158/tools/bin/../lib/gcc/arm-none-eabi/13.3.1/../../../../arm-none-eabi/lib/thumb/v7e-m+fp/hard/libc_nano.a(libc_a-nano-vfprintf_i.o)
                0x08009d5c                _printf_i
 .text.__sflush_r
                0x08009f98      0x108 /Applications/STM32CubeIDE.app/Contents/Eclipse/plugins/com.st.stm32cube.ide.mcu.externaltools.gnu-tools-for-stm32.13.3.rel1.macos64_1.0.0.202411102158/tools/bin/../lib/gcc/arm-none-eabi/13.3.1/../../../../arm-none-eabi/lib/thumb/v7e-m+fp/hard/libc_nano.a(libc_a-fflush.o)
                0x08009f98                __sflush_r
 .text._fflush_r
                0x0800a0a0       0x50 /Applications/STM32CubeIDE.app/Contents/Eclipse/plugins/com.st.stm32cube.ide.mcu.externaltools.gnu-tools-for-stm32.13.3.rel1.macos64_1.0.0.202411102158/tools/bin/../lib/gcc/arm-none-eabi/13.3.1/../../../../arm-none-eabi/lib/thumb/v7e-m+fp/hard/libc_nano.a(libc_a-fflush.o)
                0x0800a0a0                _fflush_r
 .text.__sread  0x0800a0f0       0x22 /Applications/STM32CubeIDE.app/Contents/Eclipse/plugins/com.st.stm32cube.ide.mcu.externaltools.gnu-tools-for-stm32.13.3.rel1.macos64_1.0.0.202411102158/tools/bin/../lib/gcc/arm-none-eabi/13.3.1/../../../../arm-none-eabi/lib/thumb/v7e-m+fp/hard/libc_nano.a(libc_a-stdio.o)
                0x0800a0f0                __sread
 .text.__swrite
                0x0800a112       0x38 /Applications/STM32CubeIDE.app/Contents/Eclipse/plugins/com.st.stm32cube.ide.mcu.externaltools.gnu-tools-for-stm32.13.3.rel1.macos64_1.0.0.202411102158/tools/bin/../lib/gcc/arm-none-eabi/13.3.1/../../../../arm-none-eabi/lib/thumb/v7e-m+fp/hard/libc_nano.a(libc_a-stdio.o)
                0x0800a112                __swrite
 .text.__sseek  0x0800a14a       0x24 /Applications/STM32CubeIDE.app/Contents/Eclipse/plugins/com.st.stm32cube.ide.mcu.externaltools.gnu-tools-for-stm32.13.3.rel1.macos64_1.0.0.202411102158/tools/bin/../lib/gcc/arm-none-eabi/13.3.1/../../../../arm-none-eabi/lib/thumb/v7e-m+fp/hard/libc_nano.a(libc_a-stdio.o)
                0x0800a14a                __sseek
 .text.__sclose
                0x0800a16e        0x8 /Applications/STM32CubeIDE.app/Contents/Eclipse/plugins/com.st.stm32cube.ide.mcu.externaltools.gnu-tools-for-stm32.13.3.rel1.macos64_1.0.0.202411102158/tools/bin/../lib/gcc/arm-none-eabi/13.3.1/../../../../arm-none-eabi/lib/thumb/v7e-m+fp/hard/libc_nano.a(libc_a-stdio.o)
                0x0800a16e                __sclose
 .text.__swbuf_r
                0x0800a176       0x7c /Applications/STM32CubeIDE.app/Contents/Eclipse/plugins/com.st.stm32cube.ide.mcu.externaltools.gnu-tools-for-stm32.13.3.rel1.macos64_1.0.0.202411102158/tools/bin/../lib/gcc/arm-none-eabi/13.3.1/../../../../arm-none-eabi/lib/thumb/v7e-m+fp/hard/libc_nano.a(libc_a-wbuf.o)
                0x0800a176                __swbuf_r
 *fill*         0x0800a1f2        0x2 
 .text.__swsetup_r
                0x0800a1f4       0xac /Applications/STM32CubeIDE.app/Contents/Eclipse/plugins/com.st.stm32cube.ide.mcu.externaltools.gnu-tools-for-stm32.13.3.rel1.macos64_1.0.0.202411102158/tools/bin/../lib/gcc/arm-none-eabi/13.3.1/../../../../arm-none-eabi/lib/thumb/v7e-m+fp/hard/libc_nano.a(libc_a-wsetup.o)
                0x0800a1f4                __swsetup_r
 .text.__swhatbuf_r
                0x0800a2a0       0x4c /Applications/STM32CubeIDE.app/Contents/Eclipse/plugins/com.st.stm32cube.ide.mcu.externaltools.gnu-tools-for-stm32.13.3.rel1.macos64_1.0.0.202411102158/tools/bin/../lib/gcc/arm-none-eabi/13.3.1/../../../../arm-none-eabi/lib/thumb/v7e-m+fp/hard/libc_nano.a(libc_a-makebuf.o)
                0x0800a2a0                __swhatbuf_r
 .text.__smakebuf_r
                0x0800a2ec       0x78 /Applications/STM32CubeIDE.app/Contents/Eclipse/plugins/com.st.stm32cube.ide.mcu.externaltools.gnu-tools-for-stm32.13.3.rel1.macos64_1.0.0.202411102158/tools/bin/../lib/gcc/arm-none-eabi/13.3.1/../../../../arm-none-eabi/lib/thumb/v7e-m+fp/hard/libc_nano.a(libc_a-makebuf.o)
                0x0800a2ec                __smakebuf_r
 .text._isatty_r
                0x0800a364       0x20 /Applications/STM32CubeIDE.app/Contents/Eclipse/plugins/com.st.stm32cube.ide.mcu.externaltools.gnu-tools-for-stm32.13.3.rel1.macos64_1.0.0.202411102158/tools/bin/../lib/gcc/arm-none-eabi/13.3.1/../../../../arm-none-eabi/lib/thumb/v7e-m+fp/hard/libc_nano.a(libc_a-isattyr.o)
                0x0800a364                _isatty_r
 .text._lseek_r
                0x0800a384       0x24 /Applications/STM32CubeIDE.app/Contents/Eclipse/plugins/com.st.stm32cube.ide.mcu.externaltools.gnu-tools-for-stm32.13.3.rel1.macos64_1.0.0.202411102158/tools/bin/../lib/gcc/arm-none-eabi/13.3.1/../../../../arm-none-eabi/lib/thumb/v7e-m+fp/hard/libc_nano.a(libc_a-lseekr.o)
                0x0800a384                _lseek_r
 .text._read_r  0x0800a3a8       0x24 /Applications/STM32CubeIDE.app/Contents/Eclipse/plugins/com.st.stm32cube.ide.mcu.externaltools.gnu-tools-for-stm32.13.3.rel1.macos64_1.0.0.202411102158/tools/bin/../lib/gcc/arm-none-eabi/13.3.1/../../../../arm-none-eabi/lib/thumb/v7e-m+fp/hard/libc_nano.a(libc_a-readr.o)
                0x0800a3a8                _read_r
 .text._write_r
                0x0800a3cc       0x24 /Applications/STM32CubeIDE.app/Contents/Eclipse/plugins/com.st.stm32cube.ide.mcu.externaltools.gnu-tools-for-stm32.13.3.rel1.macos64_1.0.0.202411102158/tools/bin/../lib/gcc/arm-none-eabi/13.3.1/../../../../arm-none-eabi/lib/thumb/v7e-m+fp/hard/libc_nano.a(libc_a-writer.o)
                0x0800a3cc                _write_r
 .text._close_r
                0x0800a3f0       0x20 /Applications/STM32CubeIDE.app/Contents/Eclipse/plugins/com.st.stm32cube.ide.mcu.externaltools.gnu-tools-for-stm32.13.3.rel1.macos64_1.0.0.202411102158/tools/bin/../lib/gcc/arm-none-eabi/13.3.1/../../../../arm-none-eabi/lib/thumb/v7e-m+fp/hard/libc_nano.a(libc_a-closer.o)
                0x0800a3f0                _close_r
 .text._fstat_r
                0x0800a410       0x24 /Applications/STM32CubeIDE.app/Contents/Eclipse/plugins/com.st.stm32cube.ide.mcu.externaltools.gnu-tools-for-stm32.13.3.rel1.macos64_1.0.0.202411102158/tools/bin/../lib/gcc/arm-none-eabi/13.3.1/../../../../arm-none-eabi/lib/thumb/v7e-m+fp/hard/libc_nano.a(libc_a-fstatr.o)
                0x0800a410                _fstat_r
 *(.glue_7)
 .glue_7        0x0800a434        0x0 linker stubs
 *(.glue_7t)
 .glue_7t       0x0800a434        0x0 linker stubs
 *(.eh_frame)
 .eh_frame      0x0800a434        0x0 /Applications/STM32CubeIDE.app/Contents/Eclipse/plugins/com.st.stm32cube.ide.mcu.externaltools.gnu-tools-for-stm32.13.3.rel1.macos64_1.0.0.202411102158/tools/bin/../lib/gcc/arm-none-eabi/13.3.1/thumb/v7e-m+fp/hard/crtbegin.o
 *(.init)
 .init          0x0800a434        0x4 /Applications/STM32CubeIDE.app/Contents/Eclipse/plugins/com.st.stm32cube.ide.mcu.externaltools.gnu-tools-for-stm32.13.3.rel1.macos64_1.0.0.202411102158/tools/bin/../lib/gcc/arm-none-eabi/13.3.1/thumb/v7e-m+fp/hard/crti.o
                0x0800a434                _init
 .init          0x0800a438        0x8 /Applications/STM32CubeIDE.app/Contents/Eclipse/plugins/com.st.stm32cube.ide.mcu.externaltools.gnu-tools-for-stm32.13.3.rel1.macos64_1.0.0.202411102158/tools/bin/../lib/gcc/arm-none-eabi/13.3.1/thumb/v7e-m+fp/hard/crtn.o
 *(.fini)
 .fini          0x0800a440        0x4 /Applications/STM32CubeIDE.app/Contents/Eclipse/plugins/com.st.stm32cube.ide.mcu.externaltools.gnu-tools-for-stm32.13.3.rel1.macos64_1.0.0.202411102158/tools/bin/../lib/gcc/arm-none-eabi/13.3.1/thumb/v7e-m+fp/hard/crti.o
                0x0800a440                _fini
 .fini          0x0800a444        0x8 /Applications/STM32CubeIDE.app/Contents/Eclipse/plugins/com.st.stm32cube.ide.mcu.externaltools.gnu-tools-for-stm32.13.3.rel1.macos64_1.0.0.202411102158/tools/bin/../lib/gcc/arm-none-eabi/13.3.1/thumb/v7e-m+fp/hard/crtn.o
                0x0800a44c                        . = ALIGN (0x4)
                0x0800a44c                        _etext = .

.vfp11_veneer   0x0800a44c        0x0
 .vfp11_veneer  0x0800a44c        0x0 linker stubs

.v4_bx          0x0800a44c        0x0
 .v4_bx         0x0800a44c        0x0 linker stubs

.iplt           0x0800a44c        0x0
 .iplt          0x0800a44c        0x0 /Applications/STM32CubeIDE.app/Contents/Eclipse/plugins/com.st.stm32cube.ide.mcu.externaltools.gnu-tools-for-stm32.13.3.rel1.macos64_1.0.0.202411102158/tools/bin/../lib/gcc/arm-none-eabi/13.3.1/thumb/v7e-m+fp/hard/crtbegin.o

.rodata         0x0800a44c       0xec
                0x0800a44c                        . = ALIGN (0x4)
 *(.rodata)
 .rodata        0x0800a44c       0x5d ./Core/Src/main.o
 *fill*         0x0800a4a9        0x3 
 .rodata        0x0800a4ac       0x46 ./USB_DEVICE/App/usbd_desc.o
 *(.rodata*)
 *fill*         0x0800a4f2        0x2 
 .rodata.AHBPrescTable
                0x0800a4f4       0x10 ./Core/Src/system_stm32f7xx.o
                0x0800a4f4                AHBPrescTable
 .rodata._vfprintf_r.str1.1
                0x0800a504       0x33 /Applications/STM32CubeIDE.app/Contents/Eclipse/plugins/com.st.stm32cube.ide.mcu.externaltools.gnu-tools-for-stm32.13.3.rel1.macos64_1.0.0.202411102158/tools/bin/../lib/gcc/arm-none-eabi/13.3.1/../../../../arm-none-eabi/lib/thumb/v7e-m+fp/hard/libc_nano.a(libc_a-nano-vfprintf.o)
                                 0x11 (size before relaxing)
 .rodata._printf_i.str1.1
                0x0800a537       0x22 /Applications/STM32CubeIDE.app/Contents/Eclipse/plugins/com.st.stm32cube.ide.mcu.externaltools.gnu-tools-for-stm32.13.3.rel1.macos64_1.0.0.202411102158/tools/bin/../lib/gcc/arm-none-eabi/13.3.1/../../../../arm-none-eabi/lib/thumb/v7e-m+fp/hard/libc_nano.a(libc_a-nano-vfprintf_i.o)
                0x0800a55c                        . = ALIGN (0x4)
 *fill*         0x0800a537        0x1 

.ARM.extab      0x0800a538        0x0
                0x0800a538                        . = ALIGN (0x4)
 *(.ARM.extab* .gnu.linkonce.armextab.*)
                0x0800a538                        . = ALIGN (0x4)

.ARM            0x0800a538        0x8
                0x0800a538                        . = ALIGN (0x4)
                0x0800a538                        __exidx_start = .
 *(.ARM.exidx*)
 .ARM.exidx     0x0800a538        0x8 /Applications/STM32CubeIDE.app/Contents/Eclipse/plugins/com.st.stm32cube.ide.mcu.externaltools.gnu-tools-for-stm32.13.3.rel1.macos64_1.0.0.202411102158/tools/bin/../lib/gcc/arm-none-eabi/13.3.1/../../../../arm-none-eabi/lib/thumb/v7e-m+fp/hard/libc_nano.a(libc_a-memchr.o)
 .ARM.exidx     0x0800a540        0x0 /Applications/STM32CubeIDE.app/Contents/Eclipse/plugins/com.st.stm32cube.ide.mcu.externaltools.gnu-tools-for-stm32.13.3.rel1.macos64_1.0.0.202411102158/tools/bin/../lib/gcc/arm-none-eabi/13.3.1/thumb/v7e-m+fp/hard/libgcc.a(_udivmoddi4.o)
                                  0x8 (size before relaxing)
                0x0800a540                        __exidx_end = .
                0x0800a540                        . = ALIGN (0x4)

.preinit_array  0x0800a540        0x0
                0x0800a540                        . = ALIGN (0x4)
                0x0800a540                        PROVIDE (__preinit_array_start = .)
 *(.preinit_array*)
                0x0800a540                        PROVIDE (__preinit_array_end = .)
                0x0800a540                        . = ALIGN (0x4)

.init_array     0x0800a540        0x4
                0x0800a540                        . = ALIGN (0x4)
                0x0800a540                        PROVIDE (__init_array_start = .)
 *(SORT_BY_NAME(.init_array.*))
 *(.init_array*)
 .init_array    0x0800a540        0x4 /Applications/STM32CubeIDE.app/Contents/Eclipse/plugins/com.st.stm32cube.ide.mcu.externaltools.gnu-tools-for-stm32.13.3.rel1.macos64_1.0.0.202411102158/tools/bin/../lib/gcc/arm-none-eabi/13.3.1/thumb/v7e-m+fp/hard/crtbegin.o
                0x0800a544                        PROVIDE (__init_array_end = .)
                0x0800a544                        . = ALIGN (0x4)

.fini_array     0x0800a544        0x4
                0x0800a544                        . = ALIGN (0x4)
                [!provide]                        PROVIDE (__fini_array_start = .)
 *(SORT_BY_NAME(.fini_array.*))
 *(.fini_array*)
 .fini_array    0x0800a544        0x4 /Applications/STM32CubeIDE.app/Contents/Eclipse/plugins/com.st.stm32cube.ide.mcu.externaltools.gnu-tools-for-stm32.13.3.rel1.macos64_1.0.0.202411102158/tools/bin/../lib/gcc/arm-none-eabi/13.3.1/thumb/v7e-m+fp/hard/crtbegin.o
                [!provide]                        PROVIDE (__fini_array_end = .)
                0x0800a548                        . = ALIGN (0x4)
                0x0800a548                        _sidata = LOADADDR (.data)

.rel.dyn        0x0800a548        0x0
 .rel.iplt      0x0800a548        0x0 /Applications/STM32CubeIDE.app/Contents/Eclipse/plugins/com.st.stm32cube.ide.mcu.externaltools.gnu-tools-for-stm32.13.3.rel1.macos64_1.0.0.202411102158/tools/bin/../lib/gcc/arm-none-eabi/13.3.1/thumb/v7e-m+fp/hard/crtbegin.o

.data           0x20000000      0x188 load address 0x0800a548
                0x20000000                        . = ALIGN (0x4)
                0x20000000                        _sdata = .
 *(.data)
 *(.data*)
 .data.data2send
                0x20000000        0xa ./Core/Src/DW3000_send_test_FZ.o
                0x20000000                data2send
 *fill*         0x2000000a        0x2 
 .data.SystemCoreClock
                0x2000000c        0x4 ./Core/Src/system_stm32f7xx.o
                0x2000000c                SystemCoreClock
 .data.uwTickPrio
                0x20000010        0x4 ./Drivers/STM32F7xx_HAL_Driver/stm32f7xx_hal.o
                0x20000010                uwTickPrio
 .data.uwTickFreq
                0x20000014        0x1 ./Drivers/STM32F7xx_HAL_Driver/stm32f7xx_hal.o
                0x20000014                uwTickFreq
 .data.Stat     0x20000015        0x1 ./FATFS/Target/user_diskio.o
 *fill*         0x20000016        0x2 
 .data.USER_Driver
                0x20000018       0x14 ./FATFS/Target/user_diskio.o
                0x20000018                USER_Driver
 .data.USBD_CDC_DeviceQualifierDesc
                0x2000002c        0xa ./Middlewares/USB_Device_Library/usbd_cdc.o
 *fill*         0x20000036        0x2 
 .data.USBD_CDC
                0x20000038       0x38 ./Middlewares/USB_Device_Library/usbd_cdc.o
                0x20000038                USBD_CDC
 .data.USBD_CDC_CfgDesc
                0x20000070       0x43 ./Middlewares/USB_Device_Library/usbd_cdc.o
 .data.CDCInEpAdd
                0x200000b3        0x1 ./Middlewares/USB_Device_Library/usbd_cdc.o
 .data.CDCOutEpAdd
                0x200000b4        0x1 ./Middlewares/USB_Device_Library/usbd_cdc.o
 .data.CDCCmdEpAdd
                0x200000b5        0x1 ./Middlewares/USB_Device_Library/usbd_cdc.o
 *fill*         0x200000b6        0x2 
 .data.USBD_Interface_fops_FS
                0x200000b8       0x14 ./USB_DEVICE/App/usbd_cdc_if.o
                0x200000b8                USBD_Interface_fops_FS
 .data.FS_Desc  0x200000cc       0x20 ./USB_DEVICE/App/usbd_desc.o
                0x200000cc                FS_Desc
 .data.USBD_FS_DeviceDesc
                0x200000ec       0x12 ./USB_DEVICE/App/usbd_desc.o
                0x200000ec                USBD_FS_DeviceDesc
 *fill*         0x200000fe        0x2 
 .data.USBD_FS_BOSDesc
                0x20000100        0xc ./USB_DEVICE/App/usbd_desc.o
                0x20000100                USBD_FS_BOSDesc
 .data.USBD_LangIDDesc
                0x2000010c        0x4 ./USB_DEVICE/App/usbd_desc.o
                0x2000010c                USBD_LangIDDesc
 .data.USBD_StringSerial
                0x20000110       0x1a ./USB_DEVICE/App/usbd_desc.o
                0x20000110                USBD_StringSerial
 *fill*         0x2000012a        0x2 
 .data.__sglue  0x2000012c        0xc /Applications/STM32CubeIDE.app/Contents/Eclipse/plugins/com.st.stm32cube.ide.mcu.externaltools.gnu-tools-for-stm32.13.3.rel1.macos64_1.0.0.202411102158/tools/bin/../lib/gcc/arm-none-eabi/13.3.1/../../../../arm-none-eabi/lib/thumb/v7e-m+fp/hard/libc_nano.a(libc_a-findfp.o)
                0x2000012c                __sglue
 .data._impure_ptr
                0x20000138        0x4 /Applications/STM32CubeIDE.app/Contents/Eclipse/plugins/com.st.stm32cube.ide.mcu.externaltools.gnu-tools-for-stm32.13.3.rel1.macos64_1.0.0.202411102158/tools/bin/../lib/gcc/arm-none-eabi/13.3.1/../../../../arm-none-eabi/lib/thumb/v7e-m+fp/hard/libc_nano.a(libc_a-impure.o)
                0x20000138                _impure_ptr
 .data._impure_data
                0x2000013c       0x4c /Applications/STM32CubeIDE.app/Contents/Eclipse/plugins/com.st.stm32cube.ide.mcu.externaltools.gnu-tools-for-stm32.13.3.rel1.macos64_1.0.0.202411102158/tools/bin/../lib/gcc/arm-none-eabi/13.3.1/../../../../arm-none-eabi/lib/thumb/v7e-m+fp/hard/libc_nano.a(libc_a-impure.o)
                0x2000013c                _impure_data
 *(.RamFunc)
 *(.RamFunc*)
                0x20000188                        . = ALIGN (0x4)
                0x20000188                        _edata = .

.igot.plt       0x20000188        0x0 load address 0x0800a6d0
 .igot.plt      0x20000188        0x0 /Applications/STM32CubeIDE.app/Contents/Eclipse/plugins/com.st.stm32cube.ide.mcu.externaltools.gnu-tools-for-stm32.13.3.rel1.macos64_1.0.0.202411102158/tools/bin/../lib/gcc/arm-none-eabi/13.3.1/thumb/v7e-m+fp/hard/crtbegin.o
                0x20000188                        . = ALIGN (0x4)

.bss            0x20000188     0x1c10 load address 0x0800a6d0
                0x20000188                        _sbss = .
                0x20000188                        __bss_start__ = _sbss
 *(.bss)
 .bss           0x20000188       0x1c /Applications/STM32CubeIDE.app/Contents/Eclipse/plugins/com.st.stm32cube.ide.mcu.externaltools.gnu-tools-for-stm32.13.3.rel1.macos64_1.0.0.202411102158/tools/bin/../lib/gcc/arm-none-eabi/13.3.1/thumb/v7e-m+fp/hard/crtbegin.o
 *(.bss*)
 .bss.DW3000_IRQ_flag
                0x200001a4        0x1 ./Core/Src/DW3000_FZ.o
                0x200001a4                DW3000_IRQ_flag
 *fill*         0x200001a5        0x3 
 .bss.hspi1     0x200001a8       0x64 ./Core/Src/main.o
                0x200001a8                hspi1
 .bss.hspi2     0x2000020c       0x64 ./Core/Src/main.o
                0x2000020c                hspi2
 .bss.__sbrk_heap_end
                0x20000270        0x4 ./Core/Src/sysmem.o
 .bss.uwTick    0x20000274        0x4 ./Drivers/STM32F7xx_HAL_Driver/stm32f7xx_hal.o
                0x20000274                uwTick
 .bss.retUSER   0x20000278        0x1 ./FATFS/App/fatfs.o
                0x20000278                retUSER
 *fill*         0x20000279        0x3 
 .bss.USERPath  0x2000027c        0x4 ./FATFS/App/fatfs.o
                0x2000027c                USERPath
 .bss.disk      0x20000280        0xc ./Middlewares/FatFs/ff_gen_drv.o
                0x20000280                disk
 .bss.cfgidx.0  0x2000028c        0x1 ./Middlewares/USB_Device_Library/usbd_ctlreq.o
 *fill*         0x2000028d        0x3 
 .bss.hUsbDeviceFS
                0x20000290      0x2dc ./USB_DEVICE/App/usb_device.o
                0x20000290                hUsbDeviceFS
 .bss.UserRxBufferFS
                0x2000056c      0x800 ./USB_DEVICE/App/usbd_cdc_if.o
                0x2000056c                UserRxBufferFS
 .bss.UserTxBufferFS
                0x20000d6c      0x800 ./USB_DEVICE/App/usbd_cdc_if.o
                0x20000d6c                UserTxBufferFS
 .bss.USBD_StrDesc
                0x2000156c      0x200 ./USB_DEVICE/App/usbd_desc.o
                0x2000156c                USBD_StrDesc
 .bss.hpcd_USB_OTG_FS
                0x2000176c      0x4e0 ./USB_DEVICE/Target/usbd_conf.o
                0x2000176c                hpcd_USB_OTG_FS
 .bss.__malloc_sbrk_start
                0x20001c4c        0x4 /Applications/STM32CubeIDE.app/Contents/Eclipse/plugins/com.st.stm32cube.ide.mcu.externaltools.gnu-tools-for-stm32.13.3.rel1.macos64_1.0.0.202411102158/tools/bin/../lib/gcc/arm-none-eabi/13.3.1/../../../../arm-none-eabi/lib/thumb/v7e-m+fp/hard/libc_nano.a(libc_a-mallocr.o)
                0x20001c4c                __malloc_sbrk_start
 .bss.__malloc_free_list
                0x20001c50        0x4 /Applications/STM32CubeIDE.app/Contents/Eclipse/plugins/com.st.stm32cube.ide.mcu.externaltools.gnu-tools-for-stm32.13.3.rel1.macos64_1.0.0.202411102158/tools/bin/../lib/gcc/arm-none-eabi/13.3.1/../../../../arm-none-eabi/lib/thumb/v7e-m+fp/hard/libc_nano.a(libc_a-mallocr.o)
                0x20001c50                __malloc_free_list
 .bss.__sf      0x20001c54      0x138 /Applications/STM32CubeIDE.app/Contents/Eclipse/plugins/com.st.stm32cube.ide.mcu.externaltools.gnu-tools-for-stm32.13.3.rel1.macos64_1.0.0.202411102158/tools/bin/../lib/gcc/arm-none-eabi/13.3.1/../../../../arm-none-eabi/lib/thumb/v7e-m+fp/hard/libc_nano.a(libc_a-findfp.o)
                0x20001c54                __sf
 .bss.__stdio_exit_handler
                0x20001d8c        0x4 /Applications/STM32CubeIDE.app/Contents/Eclipse/plugins/com.st.stm32cube.ide.mcu.externaltools.gnu-tools-for-stm32.13.3.rel1.macos64_1.0.0.202411102158/tools/bin/../lib/gcc/arm-none-eabi/13.3.1/../../../../arm-none-eabi/lib/thumb/v7e-m+fp/hard/libc_nano.a(libc_a-findfp.o)
                0x20001d8c                __stdio_exit_handler
 .bss.__lock___malloc_recursive_mutex
                0x20001d90        0x1 /Applications/STM32CubeIDE.app/Contents/Eclipse/plugins/com.st.stm32cube.ide.mcu.externaltools.gnu-tools-for-stm32.13.3.rel1.macos64_1.0.0.202411102158/tools/bin/../lib/gcc/arm-none-eabi/13.3.1/../../../../arm-none-eabi/lib/thumb/v7e-m+fp/hard/libc_nano.a(libc_a-lock.o)
                0x20001d90                __lock___malloc_recursive_mutex
 .bss.__lock___sfp_recursive_mutex
                0x20001d91        0x1 /Applications/STM32CubeIDE.app/Contents/Eclipse/plugins/com.st.stm32cube.ide.mcu.externaltools.gnu-tools-for-stm32.13.3.rel1.macos64_1.0.0.202411102158/tools/bin/../lib/gcc/arm-none-eabi/13.3.1/../../../../arm-none-eabi/lib/thumb/v7e-m+fp/hard/libc_nano.a(libc_a-lock.o)
                0x20001d91                __lock___sfp_recursive_mutex
 *fill*         0x20001d92        0x2 
 .bss.errno     0x20001d94        0x4 /Applications/STM32CubeIDE.app/Contents/Eclipse/plugins/com.st.stm32cube.ide.mcu.externaltools.gnu-tools-for-stm32.13.3.rel1.macos64_1.0.0.202411102158/tools/bin/../lib/gcc/arm-none-eabi/13.3.1/../../../../arm-none-eabi/lib/thumb/v7e-m+fp/hard/libc_nano.a(libc_a-reent.o)
                0x20001d94                errno
 *(COMMON)
                0x20001d98                        . = ALIGN (0x4)
                0x20001d98                        _ebss = .
                0x20001d98                        __bss_end__ = _ebss

._user_heap_stack
                0x20001d98      0x600 load address 0x0800a6d0
                0x20001d98                        . = ALIGN (0x8)
                [!provide]                        PROVIDE (end = .)
                0x20001d98                        PROVIDE (_end = .)
                0x20001f98                        . = (. + _Min_Heap_Size)
 *fill*         0x20001d98      0x200 
                0x20002398                        . = (. + _Min_Stack_Size)
 *fill*         0x20001f98      0x400 
                0x20002398                        . = ALIGN (0x8)

/DISCARD/
 libc.a(*)
 libm.a(*)
 libgcc.a(*)

.ARM.attributes
                0x00000000       0x30
 *(.ARM.attributes)
 .ARM.attributes
                0x00000000       0x22 /Applications/STM32CubeIDE.app/Contents/Eclipse/plugins/com.st.stm32cube.ide.mcu.externaltools.gnu-tools-for-stm32.13.3.rel1.macos64_1.0.0.202411102158/tools/bin/../lib/gcc/arm-none-eabi/13.3.1/thumb/v7e-m+fp/hard/crti.o
 .ARM.attributes
                0x00000022       0x34 /Applications/STM32CubeIDE.app/Contents/Eclipse/plugins/com.st.stm32cube.ide.mcu.externaltools.gnu-tools-for-stm32.13.3.rel1.macos64_1.0.0.202411102158/tools/bin/../lib/gcc/arm-none-eabi/13.3.1/thumb/v7e-m+fp/hard/crtbegin.o
 .ARM.attributes
                0x00000056       0x34 ./Core/Src/DW3000_FZ.o
 .ARM.attributes
                0x0000008a       0x34 ./Core/Src/DW3000_send_test_FZ.o
 .ARM.attributes
                0x000000be       0x34 ./Core/Src/HS_system.o
 .ARM.attributes
                0x000000f2       0x34 ./Core/Src/main.o
 .ARM.attributes
                0x00000126       0x34 ./Core/Src/stm32f7xx_hal_msp.o
 .ARM.attributes
                0x0000015a       0x34 ./Core/Src/stm32f7xx_it.o
 .ARM.attributes
                0x0000018e       0x34 ./Core/Src/syscalls.o
 .ARM.attributes
                0x000001c2       0x34 ./Core/Src/sysmem.o
 .ARM.attributes
                0x000001f6       0x34 ./Core/Src/system_stm32f7xx.o
 .ARM.attributes
                0x0000022a       0x21 ./Core/Startup/startup_stm32f722retx.o
 .ARM.attributes
                0x0000024b       0x34 ./Drivers/STM32F7xx_HAL_Driver/stm32f7xx_hal.o
 .ARM.attributes
                0x0000027f       0x34 ./Drivers/STM32F7xx_HAL_Driver/stm32f7xx_hal_cortex.o
 .ARM.attributes
                0x000002b3       0x34 ./Drivers/STM32F7xx_HAL_Driver/stm32f7xx_hal_gpio.o
 .ARM.attributes
                0x000002e7       0x34 ./Drivers/STM32F7xx_HAL_Driver/stm32f7xx_hal_pcd.o
 .ARM.attributes
                0x0000031b       0x34 ./Drivers/STM32F7xx_HAL_Driver/stm32f7xx_hal_pcd_ex.o
 .ARM.attributes
                0x0000034f       0x34 ./Drivers/STM32F7xx_HAL_Driver/stm32f7xx_hal_pwr.o
 .ARM.attributes
                0x00000383       0x34 ./Drivers/STM32F7xx_HAL_Driver/stm32f7xx_hal_pwr_ex.o
 .ARM.attributes
                0x000003b7       0x34 ./Drivers/STM32F7xx_HAL_Driver/stm32f7xx_hal_rcc.o
 .ARM.attributes
                0x000003eb       0x34 ./Drivers/STM32F7xx_HAL_Driver/stm32f7xx_hal_rcc_ex.o
 .ARM.attributes
                0x0000041f       0x34 ./Drivers/STM32F7xx_HAL_Driver/stm32f7xx_hal_spi.o
 .ARM.attributes
                0x00000453       0x34 ./Drivers/STM32F7xx_HAL_Driver/stm32f7xx_ll_usb.o
 .ARM.attributes
                0x00000487       0x34 ./FATFS/App/fatfs.o
 .ARM.attributes
                0x000004bb       0x34 ./FATFS/Target/user_diskio.o
 .ARM.attributes
                0x000004ef       0x34 ./Middlewares/FatFs/ff_gen_drv.o
 .ARM.attributes
                0x00000523       0x34 ./Middlewares/USB_Device_Library/usbd_cdc.o
 .ARM.attributes
                0x00000557       0x34 ./Middlewares/USB_Device_Library/usbd_core.o
 .ARM.attributes
                0x0000058b       0x34 ./Middlewares/USB_Device_Library/usbd_ctlreq.o
 .ARM.attributes
                0x000005bf       0x34 ./Middlewares/USB_Device_Library/usbd_ioreq.o
 .ARM.attributes
                0x000005f3       0x34 ./USB_DEVICE/App/usb_device.o
 .ARM.attributes
                0x00000627       0x34 ./USB_DEVICE/App/usbd_cdc_if.o
 .ARM.attributes
                0x0000065b       0x34 ./USB_DEVICE/App/usbd_desc.o
 .ARM.attributes
                0x0000068f       0x34 ./USB_DEVICE/Target/usbd_conf.o
 .ARM.attributes
                0x000006c3       0x34 /Applications/STM32CubeIDE.app/Contents/Eclipse/plugins/com.st.stm32cube.ide.mcu.externaltools.gnu-tools-for-stm32.13.3.rel1.macos64_1.0.0.202411102158/tools/bin/../lib/gcc/arm-none-eabi/13.3.1/../../../../arm-none-eabi/lib/thumb/v7e-m+fp/hard/libc_nano.a(libc_a-malloc.o)
 .ARM.attributes
                0x000006f7       0x34 /Applications/STM32CubeIDE.app/Contents/Eclipse/plugins/com.st.stm32cube.ide.mcu.externaltools.gnu-tools-for-stm32.13.3.rel1.macos64_1.0.0.202411102158/tools/bin/../lib/gcc/arm-none-eabi/13.3.1/../../../../arm-none-eabi/lib/thumb/v7e-m+fp/hard/libc_nano.a(libc_a-mallocr.o)
 .ARM.attributes
                0x0000072b       0x34 /Applications/STM32CubeIDE.app/Contents/Eclipse/plugins/com.st.stm32cube.ide.mcu.externaltools.gnu-tools-for-stm32.13.3.rel1.macos64_1.0.0.202411102158/tools/bin/../lib/gcc/arm-none-eabi/13.3.1/../../../../arm-none-eabi/lib/thumb/v7e-m+fp/hard/libc_nano.a(libc_a-mlock.o)
 .ARM.attributes
                0x0000075f       0x34 /Applications/STM32CubeIDE.app/Contents/Eclipse/plugins/com.st.stm32cube.ide.mcu.externaltools.gnu-tools-for-stm32.13.3.rel1.macos64_1.0.0.202411102158/tools/bin/../lib/gcc/arm-none-eabi/13.3.1/../../../../arm-none-eabi/lib/thumb/v7e-m+fp/hard/libc_nano.a(libc_a-findfp.o)
 .ARM.attributes
                0x00000793       0x34 /Applications/STM32CubeIDE.app/Contents/Eclipse/plugins/com.st.stm32cube.ide.mcu.externaltools.gnu-tools-for-stm32.13.3.rel1.macos64_1.0.0.202411102158/tools/bin/../lib/gcc/arm-none-eabi/13.3.1/../../../../arm-none-eabi/lib/thumb/v7e-m+fp/hard/libc_nano.a(libc_a-fwalk.o)
 .ARM.attributes
                0x000007c7       0x34 /Applications/STM32CubeIDE.app/Contents/Eclipse/plugins/com.st.stm32cube.ide.mcu.externaltools.gnu-tools-for-stm32.13.3.rel1.macos64_1.0.0.202411102158/tools/bin/../lib/gcc/arm-none-eabi/13.3.1/../../../../arm-none-eabi/lib/thumb/v7e-m+fp/hard/libc_nano.a(libc_a-printf.o)
 .ARM.attributes
                0x000007fb       0x34 /Applications/STM32CubeIDE.app/Contents/Eclipse/plugins/com.st.stm32cube.ide.mcu.externaltools.gnu-tools-for-stm32.13.3.rel1.macos64_1.0.0.202411102158/tools/bin/../lib/gcc/arm-none-eabi/13.3.1/../../../../arm-none-eabi/lib/thumb/v7e-m+fp/hard/libc_nano.a(libc_a-memset.o)
 .ARM.attributes
                0x0000082f       0x34 /Applications/STM32CubeIDE.app/Contents/Eclipse/plugins/com.st.stm32cube.ide.mcu.externaltools.gnu-tools-for-stm32.13.3.rel1.macos64_1.0.0.202411102158/tools/bin/../lib/gcc/arm-none-eabi/13.3.1/../../../../arm-none-eabi/lib/thumb/v7e-m+fp/hard/libc_nano.a(libc_a-sbrkr.o)
 .ARM.attributes
                0x00000863       0x34 /Applications/STM32CubeIDE.app/Contents/Eclipse/plugins/com.st.stm32cube.ide.mcu.externaltools.gnu-tools-for-stm32.13.3.rel1.macos64_1.0.0.202411102158/tools/bin/../lib/gcc/arm-none-eabi/13.3.1/../../../../arm-none-eabi/lib/thumb/v7e-m+fp/hard/libc_nano.a(libc_a-errno.o)
 .ARM.attributes
                0x00000897       0x34 /Applications/STM32CubeIDE.app/Contents/Eclipse/plugins/com.st.stm32cube.ide.mcu.externaltools.gnu-tools-for-stm32.13.3.rel1.macos64_1.0.0.202411102158/tools/bin/../lib/gcc/arm-none-eabi/13.3.1/../../../../arm-none-eabi/lib/thumb/v7e-m+fp/hard/libc_nano.a(libc_a-init.o)
 .ARM.attributes
                0x000008cb       0x34 /Applications/STM32CubeIDE.app/Contents/Eclipse/plugins/com.st.stm32cube.ide.mcu.externaltools.gnu-tools-for-stm32.13.3.rel1.macos64_1.0.0.202411102158/tools/bin/../lib/gcc/arm-none-eabi/13.3.1/../../../../arm-none-eabi/lib/thumb/v7e-m+fp/hard/libc_nano.a(libc_a-lock.o)
 .ARM.attributes
                0x000008ff       0x34 /Applications/STM32CubeIDE.app/Contents/Eclipse/plugins/com.st.stm32cube.ide.mcu.externaltools.gnu-tools-for-stm32.13.3.rel1.macos64_1.0.0.202411102158/tools/bin/../lib/gcc/arm-none-eabi/13.3.1/../../../../arm-none-eabi/lib/thumb/v7e-m+fp/hard/libc_nano.a(libc_a-reent.o)
 .ARM.attributes
                0x00000933       0x34 /Applications/STM32CubeIDE.app/Contents/Eclipse/plugins/com.st.stm32cube.ide.mcu.externaltools.gnu-tools-for-stm32.13.3.rel1.macos64_1.0.0.202411102158/tools/bin/../lib/gcc/arm-none-eabi/13.3.1/../../../../arm-none-eabi/lib/thumb/v7e-m+fp/hard/libc_nano.a(libc_a-impure.o)
 .ARM.attributes
                0x00000967       0x34 /Applications/STM32CubeIDE.app/Contents/Eclipse/plugins/com.st.stm32cube.ide.mcu.externaltools.gnu-tools-for-stm32.13.3.rel1.macos64_1.0.0.202411102158/tools/bin/../lib/gcc/arm-none-eabi/13.3.1/../../../../arm-none-eabi/lib/thumb/v7e-m+fp/hard/libc_nano.a(libc_a-freer.o)
 .ARM.attributes
                0x0000099b       0x34 /Applications/STM32CubeIDE.app/Contents/Eclipse/plugins/com.st.stm32cube.ide.mcu.externaltools.gnu-tools-for-stm32.13.3.rel1.macos64_1.0.0.202411102158/tools/bin/../lib/gcc/arm-none-eabi/13.3.1/../../../../arm-none-eabi/lib/thumb/v7e-m+fp/hard/libc_nano.a(libc_a-nano-vfprintf.o)
 .ARM.attributes
                0x000009cf       0x34 /Applications/STM32CubeIDE.app/Contents/Eclipse/plugins/com.st.stm32cube.ide.mcu.externaltools.gnu-tools-for-stm32.13.3.rel1.macos64_1.0.0.202411102158/tools/bin/../lib/gcc/arm-none-eabi/13.3.1/../../../../arm-none-eabi/lib/thumb/v7e-m+fp/hard/libc_nano.a(libc_a-nano-vfprintf_i.o)
 .ARM.attributes
                0x00000a03       0x34 /Applications/STM32CubeIDE.app/Contents/Eclipse/plugins/com.st.stm32cube.ide.mcu.externaltools.gnu-tools-for-stm32.13.3.rel1.macos64_1.0.0.202411102158/tools/bin/../lib/gcc/arm-none-eabi/13.3.1/../../../../arm-none-eabi/lib/thumb/v7e-m+fp/hard/libc_nano.a(libc_a-fflush.o)
 .ARM.attributes