Archive member included to satisfy reference by file (symbol)

/Applications/STM32CubeIDE.app/Contents/Eclipse/plugins/com.st.stm32cube.ide.mcu.externaltools.gnu-tools-for-stm32.13.3.rel1.macos64_1.0.0.202411102158/tools/bin/../lib/gcc/arm-none-eabi/13.3.1/../../../../arm-none-eabi/lib/thumb/v7e-m+fp/hard/libc_nano.a(libc_a-exit.o)
                              /Applications/STM32CubeIDE.app/Contents/Eclipse/plugins/com.st.stm32cube.ide.mcu.externaltools.gnu-tools-for-stm32.13.3.rel1.macos64_1.0.0.202411102158/tools/bin/../lib/gcc/arm-none-eabi/13.3.1/../../../../arm-none-eabi/lib/thumb/v7e-m+fp/hard/crt0.o (exit)
/Applications/STM32CubeIDE.app/Contents/Eclipse/plugins/com.st.stm32cube.ide.mcu.externaltools.gnu-tools-for-stm32.13.3.rel1.macos64_1.0.0.202411102158/tools/bin/../lib/gcc/arm-none-eabi/13.3.1/../../../../arm-none-eabi/lib/thumb/v7e-m+fp/hard/libc_nano.a(libc_a-malloc.o)
                              ./Middlewares/USB_Device_Library/usbd_cdc.o (malloc)
/Applications/STM32CubeIDE.app/Contents/Eclipse/plugins/com.st.stm32cube.ide.mcu.externaltools.gnu-tools-for-stm32.13.3.rel1.macos64_1.0.0.202411102158/tools/bin/../lib/gcc/arm-none-eabi/13.3.1/../../../../arm-none-eabi/lib/thumb/v7e-m+fp/hard/libc_nano.a(libc_a-mallocr.o)
                              /Applications/STM32CubeIDE.app/Contents/Eclipse/plugins/com.st.stm32cube.ide.mcu.externaltools.gnu-tools-for-stm32.13.3.rel1.macos64_1.0.0.202411102158/tools/bin/../lib/gcc/arm-none-eabi/13.3.1/../../../../arm-none-eabi/lib/thumb/v7e-m+fp/hard/libc_nano.a(libc_a-malloc.o) (_malloc_r)
/Applications/STM32CubeIDE.app/Contents/Eclipse/plugins/com.st.stm32cube.ide.mcu.externaltools.gnu-tools-for-stm32.13.3.rel1.macos64_1.0.0.202411102158/tools/bin/../lib/gcc/arm-none-eabi/13.3.1/../../../../arm-none-eabi/lib/thumb/v7e-m+fp/hard/libc_nano.a(libc_a-mlock.o)
                              /Applications/STM32CubeIDE.app/Contents/Eclipse/plugins/com.st.stm32cube.ide.mcu.externaltools.gnu-tools-for-stm32.13.3.rel1.macos64_1.0.0.202411102158/tools/bin/../lib/gcc/arm-none-eabi/13.3.1/../../../../arm-none-eabi/lib/thumb/v7e-m+fp/hard/libc_nano.a(libc_a-mallocr.o) (__malloc_lock)
/Applications/STM32CubeIDE.app/Contents/Eclipse/plugins/com.st.stm32cube.ide.mcu.externaltools.gnu-tools-for-stm32.13.3.rel1.macos64_1.0.0.202411102158/tools/bin/../lib/gcc/arm-none-eabi/13.3.1/../../../../arm-none-eabi/lib/thumb/v7e-m+fp/hard/libc_nano.a(libc_a-findfp.o)
                              /Applications/STM32CubeIDE.app/Contents/Eclipse/plugins/com.st.stm32cube.ide.mcu.externaltools.gnu-tools-for-stm32.13.3.rel1.macos64_1.0.0.202411102158/tools/bin/../lib/gcc/arm-none-eabi/13.3.1/../../../../arm-none-eabi/lib/thumb/v7e-m+fp/hard/libc_nano.a(libc_a-exit.o) (__stdio_exit_handler)
/Applications/STM32CubeIDE.app/Contents/Eclipse/plugins/com.st.stm32cube.ide.mcu.externaltools.gnu-tools-for-stm32.13.3.rel1.macos64_1.0.0.202411102158/tools/bin/../lib/gcc/arm-none-eabi/13.3.1/../../../../arm-none-eabi/lib/thumb/v7e-m+fp/hard/libc_nano.a(libc_a-fwalk.o)
                              /Applications/STM32CubeIDE.app/Contents/Eclipse/plugins/com.st.stm32cube.ide.mcu.externaltools.gnu-tools-for-stm32.13.3.rel1.macos64_1.0.0.202411102158/tools/bin/../lib/gcc/arm-none-eabi/13.3.1/../../../../arm-none-eabi/lib/thumb/v7e-m+fp/hard/libc_nano.a(libc_a-findfp.o) (_fwalk_sglue)
/Applications/STM32CubeIDE.app/Contents/Eclipse/plugins/com.st.stm32cube.ide.mcu.externaltools.gnu-tools-for-stm32.13.3.rel1.macos64_1.0.0.202411102158/tools/bin/../lib/gcc/arm-none-eabi/13.3.1/../../../../arm-none-eabi/lib/thumb/v7e-m+fp/hard/libc_nano.a(libc_a-printf.o)
                              ./Core/Src/main.o (printf)
/Applications/STM32CubeIDE.app/Contents/Eclipse/plugins/com.st.stm32cube.ide.mcu.externaltools.gnu-tools-for-stm32.13.3.rel1.macos64_1.0.0.202411102158/tools/bin/../lib/gcc/arm-none-eabi/13.3.1/../../../../arm-none-eabi/lib/thumb/v7e-m+fp/hard/libc_nano.a(libc_a-memset.o)
                              /Applications/STM32CubeIDE.app/Contents/Eclipse/plugins/com.st.stm32cube.ide.mcu.externaltools.gnu-tools-for-stm32.13.3.rel1.macos64_1.0.0.202411102158/tools/bin/../lib/gcc/arm-none-eabi/13.3.1/../../../../arm-none-eabi/lib/thumb/v7e-m+fp/hard/crt0.o (memset)
/Applications/STM32CubeIDE.app/Contents/Eclipse/plugins/com.st.stm32cube.ide.mcu.externaltools.gnu-tools-for-stm32.13.3.rel1.macos64_1.0.0.202411102158/tools/bin/../lib/gcc/arm-none-eabi/13.3.1/../../../../arm-none-eabi/lib/thumb/v7e-m+fp/hard/libc_nano.a(libc_a-sbrkr.o)
                              /Applications/STM32CubeIDE.app/Contents/Eclipse/plugins/com.st.stm32cube.ide.mcu.externaltools.gnu-tools-for-stm32.13.3.rel1.macos64_1.0.0.202411102158/tools/bin/../lib/gcc/arm-none-eabi/13.3.1/../../../../arm-none-eabi/lib/thumb/v7e-m+fp/hard/libc_nano.a(libc_a-mallocr.o) (_sbrk_r)
[...]
Memory Configuration

Name             Origin             Length             Attributes
RAM              0x20000000         0x00040000         xrw
FLASH            0x08000000         0x00080000         xr
*default*        0x00000000         0xffffffff

Linker script and memory map

LOAD /Applications/STM32CubeIDE.app/Contents/Eclipse/plugins/com.st.stm32cube.ide.mcu.externaltools.gnu-tools-for-stm32.13.3.rel1.macos64_1.0.0.202411102158/tools/bin/../lib/gcc/arm-none-eabi/13.3.1/thumb/v7e-m+fp/hard/crti.o
LOAD /Applications/STM32CubeIDE.app/Contents/Eclipse/plugins/com.st.stm32cube.ide.mcu.externaltools.gnu-tools-for-stm32.13.3.rel1.macos64_1.0.0.202411102158/tools/bin/../lib/gcc/arm-none-eabi/13.3.1/thumb/v7e-m+fp/hard/crtbegin.o
LOAD /Applications/STM32CubeIDE.app/Contents/Eclipse/plugins/com.st.stm32cube.ide.mcu.externaltools.gnu-tools-for-stm32.13.3.rel1.macos64_1.0.0.202411102158/tools/bin/../lib/gcc/arm-none-eabi/13.3.1/../../../../arm-none-eabi/lib/thumb/v7e-m+fp/hard/crt0.o
LOAD ./Core/Src/DW3000_FZ.o
LOAD ./Core/Src/DW3000_recv_test_FZ.o
LOAD ./Core/Src/DW3000_send_test_FZ.o
LOAD ./Core/Src/HS_system.o
LOAD ./Core/Src/main.o
LOAD ./Core/Src/stm32f7xx_hal_msp.o
LOAD ./Core/Src/stm32f7xx_it.o
LOAD ./Core/Src/syscalls.o
LOAD ./Core/Src/sysmem.o
LOAD ./Core/Src/system_stm32f7xx.o
LOAD ./Core/Startup/startup_stm32f722retx.o
LOAD ./Drivers/STM32F7xx_HAL_Driver/stm32f7xx_hal.o
LOAD ./Drivers/STM32F7xx_HAL_Driver/stm32f7xx_hal_cortex.o
LOAD ./Drivers/STM32F7xx_HAL_Driver/stm32f7xx_hal_dma.o
LOAD ./Drivers/STM32F7xx_HAL_Driver/stm32f7xx_hal_dma_ex.o
LOAD ./Drivers/STM32F7xx_HAL_Driver/stm32f7xx_hal_exti.o
LOAD ./Drivers/STM32F7xx_HAL_Driver/stm32f7xx_hal_flash.o
LOAD ./Drivers/STM32F7xx_HAL_Driver/stm32f7xx_hal_flash_ex.o
LOAD ./Drivers/STM32F7xx_HAL_Driver/stm32f7xx_hal_gpio.o
LOAD ./Drivers/STM32F7xx_HAL_Driver/stm32f7xx_hal_i2c.o
LOAD ./Drivers/STM32F7xx_HAL_Driver/stm32f7xx_hal_i2c_ex.o
LOAD ./Drivers/STM32F7xx_HAL_Driver/stm32f7xx_hal_pcd.o
LOAD ./Drivers/STM32F7xx_HAL_Driver/stm32f7xx_hal_pcd_ex.o
LOAD ./Drivers/STM32F7xx_HAL_Driver/stm32f7xx_hal_pwr.o
LOAD ./Drivers/STM32F7xx_HAL_Driver/stm32f7xx_hal_pwr_ex.o
LOAD ./Drivers/STM32F7xx_HAL_Driver/stm32f7xx_hal_rcc.o
LOAD ./Drivers/STM32F7xx_HAL_Driver/stm32f7xx_hal_rcc_ex.o
LOAD ./Drivers/STM32F7xx_HAL_Driver/stm32f7xx_hal_spi.o
LOAD ./Drivers/STM32F7xx_HAL_Driver/stm32f7xx_hal_spi_ex.o
LOAD ./Drivers/STM32F7xx_HAL_Driver/stm32f7xx_ll_usb.o
LOAD ./FATFS/App/fatfs.o
LOAD ./FATFS/Target/user_diskio.o
LOAD ./Middlewares/FatFs/diskio.o
LOAD ./Middlewares/FatFs/ff.o
LOAD ./Middlewares/FatFs/ff_gen_drv.o
LOAD ./Middlewares/FatFs/syscall.o
LOAD ./Middlewares/USB_Device_Library/usbd_cdc.o
LOAD ./Middlewares/USB_Device_Library/usbd_core.o
LOAD ./Middlewares/USB_Device_Library/usbd_ctlreq.o
LOAD ./Middlewares/USB_Device_Library/usbd_ioreq.o
LOAD ./USB_DEVICE/App/usb_device.o
LOAD ./USB_DEVICE/App/usbd_cdc_if.o
LOAD ./USB_DEVICE/App/usbd_desc.o
LOAD ./USB_DEVICE/Target/usbd_conf.o
START GROUP
LOAD /Applications/STM32CubeIDE.app/Contents/Eclipse/plugins/com.st.stm32cube.ide.mcu.externaltools.gnu-tools-for-stm32.13.3.rel1.macos64_1.0.0.202411102158/tools/bin/../lib/gcc/arm-none-eabi/13.3.1/../../../../arm-none-eabi/lib/thumb/v7e-m+fp/hard/libc_nano.a
LOAD /Applications/STM32CubeIDE.app/Contents/Eclipse/plugins/com.st.stm32cube.ide.mcu.externaltools.gnu-tools-for-stm32.13.3.rel1.macos64_1.0.0.202411102158/tools/bin/../lib/gcc/arm-none-eabi/13.3.1/../../../../arm-none-eabi/lib/thumb/v7e-m+fp/hard/libm.a
END GROUP
START GROUP
LOAD /Applications/STM32CubeIDE.app/Contents/Eclipse/plugins/com.st.stm32cube.ide.mcu.externaltools.gnu-tools-for-stm32.13.3.rel1.macos64_1.0.0.202411102158/tools/bin/../lib/gcc/arm-none-eabi/13.3.1/thumb/v7e-m+fp/hard/libgcc.a
LOAD /Applications/STM32CubeIDE.app/Contents/Eclipse/plugins/com.st.stm32cube.ide.mcu.externaltools.gnu-tools-for-stm32.13.3.rel1.macos64_1.0.0.202411102158/tools/bin/../lib/gcc/arm-none-eabi/13.3.1/../../../../arm-none-eabi/lib/thumb/v7e-m+fp/hard/libc_nano.a
END GROUP
START GROUP
LOAD /Applications/STM32CubeIDE.app/Contents/Eclipse/plugins/com.st.stm32cube.ide.mcu.externaltools.gnu-tools-for-stm32.13.3.rel1.macos64_1.0.0.202411102158/tools/bin/../lib/gcc/arm-none-eabi/13.3.1/thumb/v7e-m+fp/hard/libgcc.a
LOAD /Applications/STM32CubeIDE.app/Contents/Eclipse/plugins/com.st.stm32cube.ide.mcu.externaltools.gnu-tools-for-stm32.13.3.rel1.macos64_1.0.0.202411102158/tools/bin/../lib/gcc/arm-none-eabi/13.3.1/../../../../arm-none-eabi/lib/thumb/v7e-m+fp/hard/libc_nano.a
LOAD /Applications/STM32CubeIDE.app/Contents/Eclipse/plugins/com.st.stm32cube.ide.mcu.externaltools.gnu-tools-for-stm32.13.3.rel1.macos64_1.0.0.202411102158/tools/bin/../lib/gcc/arm-none-eabi/13.3.1/../../../../arm-none-eabi/lib/thumb/v7e-m+fp/hard/libnosys.a
END GROUP
START GROUP
LOAD /Applications/STM32CubeIDE.app/Contents/Eclipse/plugins/com.st.stm32cube.ide.mcu.externaltools.gnu-tools-for-stm32.13.3.rel1.macos64_1.0.0.202411102158/tools/bin/../lib/gcc/arm-none-eabi/13.3.1/thumb/v7e-m+fp/hard/libgcc.a
LOAD /Applications/STM32CubeIDE.app/Contents/Eclipse/plugins/com.st.stm32cube.ide.mcu.externaltools.gnu-tools-for-stm32.13.3.rel1.macos64_1.0.0.202411102158/tools/bin/../lib/gcc/arm-none-eabi/13.3.1/../../../../arm-none-eabi/lib/thumb/v7e-m+fp/hard/libc_nano.a
LOAD /Applications/STM32CubeIDE.app/Contents/Eclipse/plugins/com.st.stm32cube.ide.mcu.externaltools.gnu-tools-for-stm32.13.3.rel1.macos64_1.0.0.202411102158/tools/bin/../lib/gcc/arm-none-eabi/13.3.1/../../../../arm-none-eabi/lib/thumb/v7e-m+fp/hard/libnosys.a
END GROUP
LOAD /Applications/STM32CubeIDE.app/Contents/Eclipse/plugins/com.st.stm32cube.ide.mcu.externaltools.gnu-tools-for-stm32.13.3.rel1.macos64_1.0.0.202411102158/tools/bin/../lib/gcc/arm-none-eabi/13.3.1/thumb/v7e-m+fp/hard/crtend.o
LOAD /Applications/STM32CubeIDE.app/Contents/Eclipse/plugins/com.st.stm32cube.ide.mcu.externaltools.gnu-tools-for-stm32.13.3.rel1.macos64_1.0.0.202411102158/tools/bin/../lib/gcc/arm-none-eabi/13.3.1/thumb/v7e-m+fp/hard/crtn.o
                0x20040000                        _estack = (ORIGIN (RAM) + LENGTH (RAM))
                0x00000200                        _Min_Heap_Size = 0x200
                0x00000400                        _Min_Stack_Size = 0x400

.isr_vector     0x08000000      0x1e0
                0x08000000                        . = ALIGN (0x4)
 *(.isr_vector)
 .isr_vector    0x08000000      0x1e0 ./Core/Startup/startup_stm32f722retx.o
                0x08000000                g_pfnVectors
                0x080001e0                        . = ALIGN (0x4)

.text           0x080001e0     0xa3c4
                0x080001e0                        . = ALIGN (0x4)
 *(.text)
 .text          0x080001e0       0x40 /Applications/STM32CubeIDE.app/Contents/Eclipse/plugins/com.st.stm32cube.ide.mcu.externaltools.gnu-tools-for-stm32.13.3.rel1.macos64_1.0.0.202411102158/tools/bin/../lib/gcc/arm-none-eabi/13.3.1/thumb/v7e-m+fp/hard/crtbegin.o
 .text          0x08000220       0xa0 /Applications/STM32CubeIDE.app/Contents/Eclipse/plugins/com.st.stm32cube.ide.mcu.externaltools.gnu-tools-for-stm32.13.3.rel1.macos64_1.0.0.202411102158/tools/bin/../lib/gcc/arm-none-eabi/13.3.1/../../../../arm-none-eabi/lib/thumb/v7e-m+fp/hard/libc_nano.a(libc_a-memchr.o)
                0x08000220                memchr
 .text          0x080002c0       0x30 /Applications/STM32CubeIDE.app/Contents/Eclipse/plugins/com.st.stm32cube.ide.mcu.externaltools.gnu-tools-for-stm32.13.3.rel1.macos64_1.0.0.202411102158/tools/bin/../lib/gcc/arm-none-eabi/13.3.1/thumb/v7e-m+fp/hard/libgcc.a(_aeabi_uldivmod.o)
                0x080002c0                __aeabi_uldivmod
 .text          0x080002f0      0x2f8 /Applications/STM32CubeIDE.app/Contents/Eclipse/plugins/com.st.stm32cube.ide.mcu.externaltools.gnu-tools-for-stm32.13.3.rel1.macos64_1.0.0.202411102158/tools/bin/../lib/gcc/arm-none-eabi/13.3.1/thumb/v7e-m+fp/hard/libgcc.a(_udivmoddi4.o)
                0x080002f0                __udivmoddi4
 .text          0x080005e8        0x4 /Applications/STM32CubeIDE.app/Contents/Eclipse/plugins/com.st.stm32cube.ide.mcu.externaltools.gnu-tools-for-stm32.13.3.rel1.macos64_1.0.0.202411102158/tools/bin/../lib/gcc/arm-none-eabi/13.3.1/thumb/v7e-m+fp/hard/libgcc.a(_dvmd_tls.o)
                0x080005e8                __aeabi_ldiv0
                0x080005e8                __aeabi_idiv0
 *(.text*)
 .text.sendBytes
                0x080005ec       0x30 ./Core/Src/DW3000_FZ.o
                0x080005ec                sendBytes
 .text.readBytes
                0x0800061c       0x2c ./Core/Src/DW3000_FZ.o
                0x0800061c                readBytes
 .text.DW3000pack_fast_command
                0x08000648       0x34 ./Core/Src/DW3000_FZ.o
                0x08000648                DW3000pack_fast_command
 .text.DW3000pack_full_address
                0x0800067c       0x68 ./Core/Src/DW3000_FZ.o
                0x0800067c                DW3000pack_full_address
 .text.DW3000pack_mask_cmd_1octet
                0x080006e4       0x84 ./Core/Src/DW3000_FZ.o
                0x080006e4                DW3000pack_mask_cmd_1octet
 .text.DW3000pack_mask_cmd_2octet
                0x08000768       0xa4 ./Core/Src/DW3000_FZ.o
                0x08000768                DW3000pack_mask_cmd_2octet
 .text.DW3000pack_mask_cmd_4octet
                0x0800080c       0xcc ./Core/Src/DW3000_FZ.o
                0x0800080c                DW3000pack_mask_cmd_4octet
 .text.set_bits
                0x080008d8       0x9c ./Core/Src/DW3000_FZ.o
                0x080008d8                set_bits
 .text.set_SPI2lowspeed
                0x08000974       0x26 ./Core/Src/DW3000_FZ.o
                0x08000974                set_SPI2lowspeed
 .text.set_SPI2highspeed
                0x0800099a       0x26 ./Core/Src/DW3000_FZ.o
                0x0800099a                set_SPI2highspeed
 .text.DW3000poweron
                0x080009c0       0x18 ./Core/Src/DW3000_FZ.o
                0x080009c0                DW3000poweron
 .text.DW3000hardReset
                0x080009d8       0x28 ./Core/Src/DW3000_FZ.o
                0x080009d8                DW3000hardReset
 .text.DW3000writereg
                0x08000a00       0x74 ./Core/Src/DW3000_FZ.o
                0x08000a00                DW3000writereg
 .text.DW3000readreg
                0x08000a74       0x94 ./Core/Src/DW3000_FZ.o
                0x08000a74                DW3000readreg
 .text.DW3000enter_IDLE_PLL
                0x08000b08       0x20 ./Core/Src/DW3000_FZ.o
                0x08000b08                DW3000enter_IDLE_PLL
 .text.DW3000check_IDLE_RC
                0x08000b28       0x24 ./Core/Src/DW3000_FZ.o
                0x08000b28                DW3000check_IDLE_RC
 .text.DW3000check_IDLE_PLL
                0x08000b4c       0x24 ./Core/Src/DW3000_FZ.o
                0x08000b4c                DW3000check_IDLE_PLL
 .text.DW3000check_IDLE
                0x08000b70       0x30 ./Core/Src/DW3000_FZ.o
                0x08000b70                DW3000check_IDLE
 .text.DW3000_writefastCMD_FZ
                0x08000ba0       0x48 ./Core/Src/DW3000_FZ.o
                0x08000ba0                DW3000_writefastCMD_FZ
 .text.DW3000_clear_IRQ
                0x08000be8       0x30 ./Core/Src/DW3000_FZ.o
                0x08000be8                DW3000_clear_IRQ
 .text.DW3000config_CH
                0x08000c18       0x64 ./Core/Src/DW3000_FZ.o
                0x08000c18                DW3000config_CH
 .text.DW3000_irq_for_tx_done
                0x08000c7c       0x2e ./Core/Src/DW3000_FZ.o
                0x08000c7c                DW3000_irq_for_tx_done
 .text.DW3000_irq_for_rx_done
                0x08000caa       0x20 ./Core/Src/DW3000_FZ.o
                0x08000caa                DW3000_irq_for_rx_done
 *fill*         0x08000cca        0x2 
 .text.HAL_GPIO_EXTI_Callback
                0x08000ccc       0x28 ./Core/Src/DW3000_FZ.o
                0x08000ccc                HAL_GPIO_EXTI_Callback
 .text.DW3000_start_receiver_FZ
                0x08000cf4        0xe ./Core/Src/DW3000_recv_test_FZ.o
                0x08000cf4                DW3000_start_receiver_FZ
 .text.DW3000_writetxdata_FZ
                0x08000d02       0x24 ./Core/Src/DW3000_send_test_FZ.o
                0x08000d02                DW3000_writetxdata_FZ
 .text.DW3000_txcmd_FZ
                0x08000d26       0x16 ./Core/Src/DW3000_send_test_FZ.o
                0x08000d26                DW3000_txcmd_FZ
 .text.blink_led
                0x08000d3c       0x4a ./Core/Src/HS_system.o
                0x08000d3c                blink_led
 .text.Delay_us
                0x08000d86       0x50 ./Core/Src/HS_system.o
                0x08000d86                Delay_us
 *fill*         0x08000dd6        0x2 
 .text.main     0x08000dd8      0x278 ./Core/Src/main.o
                0x08000dd8                main
 .text.SystemClock_Config
                0x08001050       0xdc ./Core/Src/main.o
                0x08001050                SystemClock_Config
 .text.MX_SPI1_Init
                0x0800112c       0x7c ./Core/Src/main.o
 .text.MX_SPI2_Init
                0x080011a8       0x7c ./Core/Src/main.o
 .text.MX_GPIO_Init
                0x08001224      0x1a4 ./Core/Src/main.o
 .text.Error_Handler
                0x080013c8        0xc ./Core/Src/main.o
                0x080013c8                Error_Handler
 .text.HAL_MspInit
                0x080013d4       0x48 ./Core/Src/stm32f7xx_hal_msp.o
                0x080013d4                HAL_MspInit
 .text.HAL_SPI_MspInit
                0x0800141c      0x128 ./Core/Src/stm32f7xx_hal_msp.o
                0x0800141c                HAL_SPI_MspInit
 .text.NMI_Handler
                0x08001544        0x8 ./Core/Src/stm32f7xx_it.o
                0x08001544                NMI_Handler
 .text.HardFault_Handler
                0x0800154c        0x8 ./Core/Src/stm32f7xx_it.o
                0x0800154c                HardFault_Handler
 .text.MemManage_Handler
                0x08001554        0x8 ./Core/Src/stm32f7xx_it.o
                0x08001554                MemManage_Handler
 .text.BusFault_Handler
                0x0800155c        0x8 ./Core/Src/stm32f7xx_it.o
                0x0800155c                BusFault_Handler
 .text.UsageFault_Handler
                0x08001564        0x8 ./Core/Src/stm32f7xx_it.o
                0x08001564                UsageFault_Handler
 .text.SVC_Handler
                0x0800156c        0xe ./Core/Src/stm32f7xx_it.o
                0x0800156c                SVC_Handler
 .text.DebugMon_Handler
                0x0800157a        0xe ./Core/Src/stm32f7xx_it.o
                0x0800157a                DebugMon_Handler
 .text.PendSV_Handler
                0x08001588        0xe ./Core/Src/stm32f7xx_it.o
                0x08001588                PendSV_Handler
 .text.SysTick_Handler
                0x08001596        0xc ./Core/Src/stm32f7xx_it.o
                0x08001596                SysTick_Handler
 .text.EXTI2_IRQHandler
                0x080015a2        0xe ./Core/Src/stm32f7xx_it.o
                0x080015a2                EXTI2_IRQHandler
 .text.EXTI4_IRQHandler
                0x080015b0        0xe ./Core/Src/stm32f7xx_it.o
                0x080015b0                EXTI4_IRQHandler
 *fill*         0x080015be        0x2 
 .text.OTG_FS_IRQHandler
                0x080015c0       0x14 ./Core/Src/stm32f7xx_it.o
                0x080015c0                OTG_FS_IRQHandler
 .text._read    0x080015d4       0x3a ./Core/Src/syscalls.o
                0x080015d4                _read
 .text._write   0x0800160e       0x38 ./Core/Src/syscalls.o
                0x0800160e                _write
 .text._close   0x08001646       0x18 ./Core/Src/syscalls.o
                0x08001646                _close
 .text._fstat   0x0800165e       0x20 ./Core/Src/syscalls.o
                0x0800165e                _fstat
 .text._isatty  0x0800167e       0x16 ./Core/Src/syscalls.o
                0x0800167e                _isatty
 .text._lseek   0x08001694       0x1a ./Core/Src/syscalls.o
                0x08001694                _lseek
 *fill*         0x080016ae        0x2 
 .text._sbrk    0x080016b0       0x6c ./Core/Src/sysmem.o
                0x080016b0                _sbrk
 .text.SystemInit
                0x0800171c       0x24 ./Core/Src/system_stm32f7xx.o
                0x0800171c                SystemInit
 .text.Reset_Handler
                0x08001740       0x50 ./Core/Startup/startup_stm32f722retx.o
                0x08001740                Reset_Handler
 .text.Default_Handler
                0x08001790        0x2 ./Core/Startup/startup_stm32f722retx.o
                0x08001790                DMA1_Stream3_IRQHandler
                0x08001790                TIM8_CC_IRQHandler
                0x08001790                UART8_IRQHandler
                0x08001790                SPI4_IRQHandler
                0x08001790                TIM1_CC_IRQHandler
                0x08001790                DMA2_Stream5_IRQHandler
                0x08001790                DMA1_Stream5_IRQHandler
                0x08001790                PVD_IRQHandler
                0x08001790                TAMP_STAMP_IRQHandler
                0x08001790                EXTI3_IRQHandler
                0x08001790                TIM8_TRG_COM_TIM14_IRQHandler
                0x08001790                TIM1_UP_TIM10_IRQHandler
                0x08001790                TIM8_UP_TIM13_IRQHandler
                0x08001790                I2C3_ER_IRQHandler
                0x08001790                EXTI0_IRQHandler
                0x08001790                I2C2_EV_IRQHandler
                0x08001790                DMA1_Stream2_IRQHandler
                0x08001790                CAN1_RX0_IRQHandler
                0x08001790                FPU_IRQHandler
                0x08001790                OTG_HS_WKUP_IRQHandler
                0x08001790                DMA2_Stream2_IRQHandler
                0x08001790                SPI1_IRQHandler
                0x08001790                TIM6_DAC_IRQHandler
                0x08001790                TIM1_BRK_TIM9_IRQHandler
                0x08001790                DMA2_Stream3_IRQHandler
                0x08001790                SAI2_IRQHandler
                0x08001790                USART6_IRQHandler
                0x08001790                USART3_IRQHandler
                0x08001790                CAN1_RX1_IRQHandler
                0x08001790                UART5_IRQHandler
                0x08001790                DMA2_Stream0_IRQHandler
                0x08001790                TIM4_IRQHandler
                0x08001790                QUADSPI_IRQHandler
                0x08001790                I2C1_EV_IRQHandler
                0x08001790                DMA1_Stream6_IRQHandler
                0x08001790                DMA1_Stream1_IRQHandler
                0x08001790                UART4_IRQHandler
                0x08001790                TIM3_IRQHandler
                0x08001790                RCC_IRQHandler
                0x08001790                TIM8_BRK_TIM12_IRQHandler
                0x08001790                Default_Handler
                0x08001790                EXTI15_10_IRQHandler
                0x08001790                ADC_IRQHandler
                0x08001790                DMA1_Stream7_IRQHandler
                0x08001790                SPI5_IRQHandler
                0x08001790                TIM7_IRQHandler
                0x08001790                SDMMC1_IRQHandler
                0x08001790                TIM5_IRQHandler
                0x08001790                DMA2_Stream7_IRQHandler
                0x08001790                I2C3_EV_IRQHandler
                0x08001790                EXTI9_5_IRQHandler
                0x08001790                RTC_WKUP_IRQHandler
                0x08001790                SPI2_IRQHandler
                0x08001790                OTG_HS_EP1_IN_IRQHandler
                0x08001790                DMA1_Stream0_IRQHandler
                0x08001790                CAN1_TX_IRQHandler
                0x08001790                RNG_IRQHandler
                0x08001790                OTG_HS_EP1_OUT_IRQHandler
                0x08001790                WWDG_IRQHandler
                0x08001790                TIM2_IRQHandler
                0x08001790                OTG_FS_WKUP_IRQHandler
                0x08001790                TIM1_TRG_COM_TIM11_IRQHandler
                0x08001790                OTG_HS_IRQHandler
                0x08001790                EXTI1_IRQHandler
                0x08001790                SDMMC2_IRQHandler
                0x08001790                UART7_IRQHandler
                0x08001790                USART2_IRQHandler
                0x08001790                I2C2_ER_IRQHandler
                0x08001790                DMA2_Stream1_IRQHandler
                0x08001790                CAN1_SCE_IRQHandler
                0x08001790                FLASH_IRQHandler
                0x08001790                DMA2_Stream4_IRQHandler
                0x08001790                USART1_IRQHandler
                0x08001790                SPI3_IRQHandler
                0x08001790                DMA1_Stream4_IRQHandler
                0x08001790                I2C1_ER_IRQHandler
                0x08001790                FMC_IRQHandler
                0x08001790                LPTIM1_IRQHandler
                0x08001790                DMA2_Stream6_IRQHandler
                0x08001790                SAI1_IRQHandler
                0x08001790                RTC_Alarm_IRQHandler
 .text.HAL_Init
                0x08001792       0x1a ./Drivers/STM32F7xx_HAL_Driver/stm32f7xx_hal.o
                0x08001792                HAL_Init
 .text.HAL_InitTick
                0x080017ac       0x60 ./Drivers/STM32F7xx_HAL_Driver/stm32f7xx_hal.o
                0x080017ac                HAL_InitTick
 .text.HAL_IncTick
                0x0800180c       0x28 ./Drivers/STM32F7xx_HAL_Driver/stm32f7xx_hal.o
                0x0800180c                HAL_IncTick
 .text.HAL_GetTick
                0x08001834       0x18 ./Drivers/STM32F7xx_HAL_Driver/stm32f7xx_hal.o
                0x08001834                HAL_GetTick
 .text.HAL_Delay
                0x0800184c       0x48 ./Drivers/STM32F7xx_HAL_Driver/stm32f7xx_hal.o
                0x0800184c                HAL_Delay
 .text.__NVIC_SetPriorityGrouping
                0x08001894       0x48 ./Drivers/STM32F7xx_HAL_Driver/stm32f7xx_hal_cortex.o
 .text.__NVIC_GetPriorityGrouping
                0x080018dc       0x1c ./Drivers/STM32F7xx_HAL_Driver/stm32f7xx_hal_cortex.o
 .text.__NVIC_EnableIRQ
                0x080018f8       0x3c ./Drivers/STM32F7xx_HAL_Driver/stm32f7xx_hal_cortex.o
 .text.__NVIC_SetPriority
                0x08001934       0x54 ./Drivers/STM32F7xx_HAL_Driver/stm32f7xx_hal_cortex.o
 .text.NVIC_EncodePriority
                0x08001988       0x66 ./Drivers/STM32F7xx_HAL_Driver/stm32f7xx_hal_cortex.o
 *fill*         0x080019ee        0x2 
 .text.SysTick_Config
                0x080019f0       0x44 ./Drivers/STM32F7xx_HAL_Driver/stm32f7xx_hal_cortex.o
 .text.HAL_NVIC_SetPriorityGrouping
                0x08001a34       0x16 ./Drivers/STM32F7xx_HAL_Driver/stm32f7xx_hal_cortex.o
                0x08001a34                HAL_NVIC_SetPriorityGrouping
 .text.HAL_NVIC_SetPriority
                0x08001a4a       0x38 ./Drivers/STM32F7xx_HAL_Driver/stm32f7xx_hal_cortex.o
                0x08001a4a                HAL_NVIC_SetPriority
 .text.HAL_NVIC_EnableIRQ
                0x08001a82       0x1c ./Drivers/STM32F7xx_HAL_Driver/stm32f7xx_hal_cortex.o
                0x08001a82                HAL_NVIC_EnableIRQ
 .text.HAL_SYSTICK_Config
                0x08001a9e       0x18 ./Drivers/STM32F7xx_HAL_Driver/stm32f7xx_hal_cortex.o
                0x08001a9e                HAL_SYSTICK_Config
 *fill*         0x08001ab6        0x2 
 .text.HAL_GPIO_Init
                0x08001ab8      0x338 ./Drivers/STM32F7xx_HAL_Driver/stm32f7xx_hal_gpio.o
                0x08001ab8                HAL_GPIO_Init
 .text.HAL_GPIO_WritePin
                0x08001df0       0x32 ./Drivers/STM32F7xx_HAL_Driver/stm32f7xx_hal_gpio.o
                0x08001df0                HAL_GPIO_WritePin
 *fill*         0x08001e22        0x2 
 .text.HAL_GPIO_EXTI_IRQHandler
                0x08001e24       0x30 ./Drivers/STM32F7xx_HAL_Driver/stm32f7xx_hal_gpio.o
                0x08001e24                HAL_GPIO_EXTI_IRQHandler
 .text.HAL_PCD_Init
                0x08001e54      0x22c ./Drivers/STM32F7xx_HAL_Driver/stm32f7xx_hal_pcd.o
                0x08001e54                HAL_PCD_Init
 .text.HAL_PCD_Start
                0x08002080       0x44 ./Drivers/STM32F7xx_HAL_Driver/stm32f7xx_hal_pcd.o
                0x08002080                HAL_PCD_Start
 .text.HAL_PCD_IRQHandler
                0x080020c4      0x99c ./Drivers/STM32F7xx_HAL_Driver/stm32f7xx_hal_pcd.o
                0x080020c4                HAL_PCD_IRQHandler
 .text.HAL_PCD_SetAddress
                0x08002a60       0x48 ./Drivers/STM32F7xx_HAL_Driver/stm32f7xx_hal_pcd.o
                0x08002a60                HAL_PCD_SetAddress
 .text.HAL_PCD_EP_Open
                0x08002aa8       0xd4 ./Drivers/STM32F7xx_HAL_Driver/stm32f7xx_hal_pcd.o
                0x08002aa8                HAL_PCD_EP_Open
 .text.HAL_PCD_EP_Close
                0x08002b7c       0x94 ./Drivers/STM32F7xx_HAL_Driver/stm32f7xx_hal_pcd.o
                0x08002b7c                HAL_PCD_EP_Close
 .text.HAL_PCD_EP_Receive
                0x08002c10       0x76 ./Drivers/STM32F7xx_HAL_Driver/stm32f7xx_hal_pcd.o
                0x08002c10                HAL_PCD_EP_Receive
 .text.HAL_PCD_EP_GetRxCount
                0x08002c86       0x30 ./Drivers/STM32F7xx_HAL_Driver/stm32f7xx_hal_pcd.o
                0x08002c86                HAL_PCD_EP_GetRxCount
 .text.HAL_PCD_EP_Transmit
                0x08002cb6       0x74 ./Drivers/STM32F7xx_HAL_Driver/stm32f7xx_hal_pcd.o
                0x08002cb6                HAL_PCD_EP_Transmit
 .text.HAL_PCD_EP_SetStall
                0x08002d2a       0xc6 ./Drivers/STM32F7xx_HAL_Driver/stm32f7xx_hal_pcd.o
                0x08002d2a                HAL_PCD_EP_SetStall
 .text.HAL_PCD_EP_ClrStall
                0x08002df0       0xac ./Drivers/STM32F7xx_HAL_Driver/stm32f7xx_hal_pcd.o
                0x08002df0                HAL_PCD_EP_ClrStall
 .text.HAL_PCD_EP_Abort
                0x08002e9c       0x62 ./Drivers/STM32F7xx_HAL_Driver/stm32f7xx_hal_pcd.o
                0x08002e9c                HAL_PCD_EP_Abort
 .text.PCD_WriteEmptyTxFifo
                0x08002efe      0x118 ./Drivers/STM32F7xx_HAL_Driver/stm32f7xx_hal_pcd.o
 *fill*         0x08003016        0x2 
 .text.PCD_EP_OutXfrComplete_int
                0x08003018      0x1d0 ./Drivers/STM32F7xx_HAL_Driver/stm32f7xx_hal_pcd.o
 .text.PCD_EP_OutSetupPacket_int
                0x080031e8       0x8c ./Drivers/STM32F7xx_HAL_Driver/stm32f7xx_hal_pcd.o
 .text.HAL_PCDEx_SetTxFiFo
                0x08003274       0x8e ./Drivers/STM32F7xx_HAL_Driver/stm32f7xx_hal_pcd_ex.o
                0x08003274                HAL_PCDEx_SetTxFiFo
 .text.HAL_PCDEx_SetRxFiFo
                0x08003302       0x22 ./Drivers/STM32F7xx_HAL_Driver/stm32f7xx_hal_pcd_ex.o
                0x08003302                HAL_PCDEx_SetRxFiFo
 .text.HAL_PCDEx_ActivateLPM
                0x08003324       0x48 ./Drivers/STM32F7xx_HAL_Driver/stm32f7xx_hal_pcd_ex.o
                0x08003324                HAL_PCDEx_ActivateLPM
 .text.HAL_PWR_EnableBkUpAccess
                0x0800336c       0x20 ./Drivers/STM32F7xx_HAL_Driver/stm32f7xx_hal_pwr.o
                0x0800336c                HAL_PWR_EnableBkUpAccess
 .text.HAL_PWREx_EnableOverDrive
                0x0800338c       0xa0 ./Drivers/STM32F7xx_HAL_Driver/stm32f7xx_hal_pwr_ex.o
                0x0800338c                HAL_PWREx_EnableOverDrive
 .text.HAL_RCC_OscConfig
                0x0800342c      0x548 ./Drivers/STM32F7xx_HAL_Driver/stm32f7xx_hal_rcc.o
                0x0800342c                HAL_RCC_OscConfig
 .text.HAL_RCC_ClockConfig
                0x08003974      0x1d8 ./Drivers/STM32F7xx_HAL_Driver/stm32f7xx_hal_rcc.o
                0x08003974                HAL_RCC_ClockConfig
 .text.HAL_RCC_GetSysClockFreq
                0x08003b4c      0x208 ./Drivers/STM32F7xx_HAL_Driver/stm32f7xx_hal_rcc.o
                0x08003b4c                HAL_RCC_GetSysClockFreq
 .text.HAL_RCC_GetHCLKFreq
                0x08003d54       0x18 ./Drivers/STM32F7xx_HAL_Driver/stm32f7xx_hal_rcc.o
                0x08003d54                HAL_RCC_GetHCLKFreq
 .text.HAL_RCCEx_PeriphCLKConfig
                0x08003d6c      0x694 ./Drivers/STM32F7xx_HAL_Driver/stm32f7xx_hal_rcc_ex.o
                0x08003d6c                HAL_RCCEx_PeriphCLKConfig
 .text.HAL_SPI_Init
                0x08004400      0x156 ./Drivers/STM32F7xx_HAL_Driver/stm32f7xx_hal_spi.o
                0x08004400                HAL_SPI_Init
 .text.HAL_SPI_Transmit
                0x08004556      0x2ec ./Drivers/STM32F7xx_HAL_Driver/stm32f7xx_hal_spi.o
                0x08004556                HAL_SPI_Transmit
 .text.HAL_SPI_Receive
                0x08004842      0x270 ./Drivers/STM32F7xx_HAL_Driver/stm32f7xx_hal_spi.o
                0x08004842                HAL_SPI_Receive
 .text.HAL_SPI_TransmitReceive
                0x08004ab2      0x43e ./Drivers/STM32F7xx_HAL_Driver/stm32f7xx_hal_spi.o
                0x08004ab2                HAL_SPI_TransmitReceive
 .text.SPI_WaitFlagStateUntilTimeout
                0x08004ef0      0x110 ./Drivers/STM32F7xx_HAL_Driver/stm32f7xx_hal_spi.o
 .text.SPI_WaitFifoStateUntilTimeout
                0x08005000      0x12c ./Drivers/STM32F7xx_HAL_Driver/stm32f7xx_hal_spi.o
 .text.SPI_EndRxTransaction
                0x0800512c       0xf8 ./Drivers/STM32F7xx_HAL_Driver/stm32f7xx_hal_spi.o
 .text.SPI_EndRxTxTransaction
                0x08005224       0xd4 ./Drivers/STM32F7xx_HAL_Driver/stm32f7xx_hal_spi.o
 .text.USB_CoreInit
                0x080052f8      0x118 ./Drivers/STM32F7xx_HAL_Driver/stm32f7xx_ll_usb.o
                0x080052f8                USB_CoreInit
 .text.USB_SetTurnaroundTime
                0x08005410      0x144 ./Drivers/STM32F7xx_HAL_Driver/stm32f7xx_ll_usb.o
                0x08005410                USB_SetTurnaroundTime
 .text.USB_EnableGlobalInt
                0x08005554       0x22 ./Drivers/STM32F7xx_HAL_Driver/stm32f7xx_ll_usb.o
                0x08005554                USB_EnableGlobalInt
 .text.USB_DisableGlobalInt
                0x08005576       0x22 ./Drivers/STM32F7xx_HAL_Driver/stm32f7xx_ll_usb.o
                0x08005576                USB_DisableGlobalInt
 .text.USB_SetCurrentMode
                0x08005598       0x98 ./Drivers/STM32F7xx_HAL_Driver/stm32f7xx_ll_usb.o
                0x08005598                USB_SetCurrentMode
 .text.USB_DevInit
                0x08005630      0x2e0 ./Drivers/STM32F7xx_HAL_Driver/stm32f7xx_ll_usb.o
                0x08005630                USB_DevInit
 .text.USB_FlushTxFifo
                0x08005910       0x64 ./Drivers/STM32F7xx_HAL_Driver/stm32f7xx_ll_usb.o
                0x08005910                USB_FlushTxFifo
 .text.USB_FlushRxFifo
                0x08005974       0x5c ./Drivers/STM32F7xx_HAL_Driver/stm32f7xx_ll_usb.o
                0x08005974                USB_FlushRxFifo
 .text.USB_SetDevSpeed
                0x080059d0       0x32 ./Drivers/STM32F7xx_HAL_Driver/stm32f7xx_ll_usb.o
                0x080059d0                USB_SetDevSpeed
 .text.USB_GetDevSpeed
                0x08005a02       0x4a ./Drivers/STM32F7xx_HAL_Driver/stm32f7xx_ll_usb.o
                0x08005a02                USB_GetDevSpeed
 .text.USB_ActivateEndpoint
                0x08005a4c      0x110 ./Drivers/STM32F7xx_HAL_Driver/stm32f7xx_ll_usb.o
                0x08005a4c                USB_ActivateEndpoint
 .text.USB_DeactivateEndpoint
                0x08005b5c      0x1b8 ./Drivers/STM32F7xx_HAL_Driver/stm32f7xx_ll_usb.o
                0x08005b5c                USB_DeactivateEndpoint
 .text.USB_EPStartXfer
                0x08005d14      0x548 ./Drivers/STM32F7xx_HAL_Driver/stm32f7xx_ll_usb.o
                0x08005d14                USB_EPStartXfer
 .text.USB_EPStopXfer
                0x0800625c      0x154 ./Drivers/STM32F7xx_HAL_Driver/stm32f7xx_ll_usb.o
                0x0800625c                USB_EPStopXfer
 .text.USB_WritePacket
                0x080063b0       0x7c ./Drivers/STM32F7xx_HAL_Driver/stm32f7xx_ll_usb.o
                0x080063b0                USB_WritePacket
 .text.USB_ReadPacket
                0x0800642c       0xb0 ./Drivers/STM32F7xx_HAL_Driver/stm32f7xx_ll_usb.o
                0x0800642c                USB_ReadPacket
 .text.USB_EPSetStall
                0x080064dc       0xdc ./Drivers/STM32F7xx_HAL_Driver/stm32f7xx_ll_usb.o
                0x080064dc                USB_EPSetStall
 .text.USB_EPClearStall
                0x080065b8       0xcc ./Drivers/STM32F7xx_HAL_Driver/stm32f7xx_ll_usb.o
                0x080065b8                USB_EPClearStall
 .text.USB_SetDevAddress
                0x08006684       0x4c ./Drivers/STM32F7xx_HAL_Driver/stm32f7xx_ll_usb.o
                0x08006684                USB_SetDevAddress
 .text.USB_DevConnect
                0x080066d0       0x42 ./Drivers/STM32F7xx_HAL_Driver/stm32f7xx_ll_usb.o
                0x080066d0                USB_DevConnect
 .text.USB_DevDisconnect
                0x08006712       0x42 ./Drivers/STM32F7xx_HAL_Driver/stm32f7xx_ll_usb.o
                0x08006712                USB_DevDisconnect
 .text.USB_ReadInterrupts
                0x08006754       0x26 ./Drivers/STM32F7xx_HAL_Driver/stm32f7xx_ll_usb.o
                0x08006754                USB_ReadInterrupts
 .text.USB_ReadDevAllOutEpInterrupt
                0x0800677a       0x34 ./Drivers/STM32F7xx_HAL_Driver/stm32f7xx_ll_usb.o
                0x0800677a                USB_ReadDevAllOutEpInterrupt
 .text.USB_ReadDevAllInEpInterrupt
                0x080067ae       0x34 ./Drivers/STM32F7xx_HAL_Driver/stm32f7xx_ll_usb.o
                0x080067ae                USB_ReadDevAllInEpInterrupt
 .text.USB_ReadDevOutEPInterrupt
                0x080067e2       0x3c ./Drivers/STM32F7xx_HAL_Driver/stm32f7xx_ll_usb.o
                0x080067e2                USB_ReadDevOutEPInterrupt
 .text.USB_ReadDevInEPInterrupt
                0x0800681e       0x5c ./Drivers/STM32F7xx_HAL_Driver/stm32f7xx_ll_usb.o
                0x0800681e                USB_ReadDevInEPInterrupt
 .text.USB_GetMode
                0x0800687a       0x1c ./Drivers/STM32F7xx_HAL_Driver/stm32f7xx_ll_usb.o
                0x0800687a                USB_GetMode
 *fill*         0x08006896        0x2 
 .text.USB_ActivateSetup
                0x08006898       0x48 ./Drivers/STM32F7xx_HAL_Driver/stm32f7xx_ll_usb.o
                0x08006898                USB_ActivateSetup
 .text.USB_EP0_OutStart
                0x080068e0       0xbc ./Drivers/STM32F7xx_HAL_Driver/stm32f7xx_ll_usb.o
                0x080068e0                USB_EP0_OutStart
 .text.USB_CoreReset
                0x0800699c       0x70 ./Drivers/STM32F7xx_HAL_Driver/stm32f7xx_ll_usb.o
 .text.MX_FATFS_Init
                0x08006a0c       0x24 ./FATFS/App/fatfs.o
                0x08006a0c                MX_FATFS_Init
 .text.USER_initialize
                0x08006a30       0x28 ./FATFS/Target/user_diskio.o
                0x08006a30                USER_initialize
 .text.USER_status
                0x08006a58       0x28 ./FATFS/Target/user_diskio.o
                0x08006a58                USER_status
 .text.USER_read
                0x08006a80       0x1e ./FATFS/Target/user_diskio.o
                0x08006a80                USER_read
 .text.USER_write
                0x08006a9e       0x1e ./FATFS/Target/user_diskio.o
                0x08006a9e                USER_write
 .text.USER_ioctl
                0x08006abc       0x22 ./FATFS/Target/user_diskio.o
                0x08006abc                USER_ioctl
 *fill*         0x08006ade        0x2 
 .text.FATFS_LinkDriverEx
                0x08006ae0       0x98 ./Middlewares/FatFs/ff_gen_drv.o
                0x08006ae0                FATFS_LinkDriverEx
 .text.FATFS_LinkDriver
                0x08006b78       0x1e ./Middlewares/FatFs/ff_gen_drv.o
                0x08006b78                FATFS_LinkDriver
 *fill*         0x08006b96        0x2 
 .text.USBD_CDC_Init
                0x08006b98      0x1f0 ./Middlewares/USB_Device_Library/usbd_cdc.o
 .text.USBD_CDC_DeInit
                0x08006d88      0x104 ./Middlewares/USB_Device_Library/usbd_cdc.o
 .text.USBD_CDC_Setup
                0x08006e8c      0x1b8 ./Middlewares/USB_Device_Library/usbd_cdc.o
 .text.USBD_CDC_DataIn
                0x08007044       0xfe ./Middlewares/USB_Device_Library/usbd_cdc.o
 .text.USBD_CDC_DataOut
                0x08007142       0x70 ./Middlewares/USB_Device_Library/usbd_cdc.o
 .text.USBD_CDC_EP0_RxReady
                0x080071b2       0x74 ./Middlewares/USB_Device_Library/usbd_cdc.o
 *fill*         0x08007226        0x2 
 .text.USBD_CDC_GetFSCfgDesc
                0x08007228       0x70 ./Middlewares/USB_Device_Library/usbd_cdc.o
 .text.USBD_CDC_GetHSCfgDesc
                0x08007298       0x70 ./Middlewares/USB_Device_Library/usbd_cdc.o
 .text.USBD_CDC_GetOtherSpeedCfgDesc
                0x08007308       0x70 ./Middlewares/USB_Device_Library/usbd_cdc.o
 .text.USBD_CDC_GetDeviceQualifierDescriptor
                0x08007378       0x20 ./Middlewares/USB_Device_Library/usbd_cdc.o
                0x08007378                USBD_CDC_GetDeviceQualifierDescriptor
 .text.USBD_CDC_RegisterInterface
                0x08007398       0x34 ./Middlewares/USB_Device_Library/usbd_cdc.o
                0x08007398                USBD_CDC_RegisterInterface
 .text.USBD_CDC_SetTxBuffer
                0x080073cc       0x44 ./Middlewares/USB_Device_Library/usbd_cdc.o
                0x080073cc                USBD_CDC_SetTxBuffer
 .text.USBD_CDC_SetRxBuffer
                0x08007410       0x3a ./Middlewares/USB_Device_Library/usbd_cdc.o
                0x08007410                USBD_CDC_SetRxBuffer
 *fill*         0x0800744a        0x2 
 .text.USBD_CDC_TransmitPacket
                0x0800744c       0x80 ./Middlewares/USB_Device_Library/usbd_cdc.o
                0x0800744c                USBD_CDC_TransmitPacket
 .text.USBD_CDC_ReceivePacket
                0x080074cc       0x6c ./Middlewares/USB_Device_Library/usbd_cdc.o
                0x080074cc                USBD_CDC_ReceivePacket
 .text.USBD_Init
                0x08007538       0x60 ./Middlewares/USB_Device_Library/usbd_core.o
                0x08007538                USBD_Init
 .text.USBD_RegisterClass
                0x08007598       0x6c ./Middlewares/USB_Device_Library/usbd_core.o
                0x08007598                USBD_RegisterClass
 .text.USBD_Start
                0x08007604       0x18 ./Middlewares/USB_Device_Library/usbd_core.o
                0x08007604                USBD_Start
 .text.USBD_RunTestMode
                0x0800761c       0x16 ./Middlewares/USB_Device_Library/usbd_core.o
                0x0800761c                USBD_RunTestMode
 .text.USBD_SetClassConfig
                0x08007632       0x38 ./Middlewares/USB_Device_Library/usbd_core.o
                0x08007632                USBD_SetClassConfig
 .text.USBD_ClrClassConfig
                0x0800766a       0x34 ./Middlewares/USB_Device_Library/usbd_core.o
                0x0800766a                USBD_ClrClassConfig
 .text.USBD_LL_SetupStage
                0x0800769e       0xaa ./Middlewares/USB_Device_Library/usbd_core.o
                0x0800769e                USBD_LL_SetupStage
 .text.USBD_LL_DataOutStage
                0x08007748      0x178 ./Middlewares/USB_Device_Library/usbd_core.o
                0x08007748                USBD_LL_DataOutStage
 .text.USBD_LL_DataInStage
                0x080078c0      0x176 ./Middlewares/USB_Device_Library/usbd_core.o
                0x080078c0                USBD_LL_DataInStage
 .text.USBD_LL_Reset
                0x08007a36       0xa6 ./Middlewares/USB_Device_Library/usbd_core.o
                0x08007a36                USBD_LL_Reset
 .text.USBD_LL_SetSpeed
                0x08007adc       0x20 ./Middlewares/USB_Device_Library/usbd_core.o
                0x08007adc                USBD_LL_SetSpeed
 .text.USBD_LL_Suspend
                0x08007afc       0x38 ./Middlewares/USB_Device_Library/usbd_core.o
                0x08007afc                USBD_LL_Suspend
 .text.USBD_LL_Resume
                0x08007b34       0x30 ./Middlewares/USB_Device_Library/usbd_core.o
                0x08007b34                USBD_LL_Resume
 .text.USBD_LL_SOF
                0x08007b64       0x40 ./Middlewares/USB_Device_Library/usbd_core.o
                0x08007b64                USBD_LL_SOF
 .text.USBD_LL_IsoINIncomplete
                0x08007ba4       0x64 ./Middlewares/USB_Device_Library/usbd_core.o
                0x08007ba4                USBD_LL_IsoINIncomplete
 .text.USBD_LL_IsoOUTIncomplete
                0x08007c08       0x64 ./Middlewares/USB_Device_Library/usbd_core.o
                0x08007c08                USBD_LL_IsoOUTIncomplete
 .text.USBD_LL_DevConnected
                0x08007c6c       0x16 ./Middlewares/USB_Device_Library/usbd_core.o
                0x08007c6c                USBD_LL_DevConnected
 .text.USBD_LL_DevDisconnected
                0x08007c82       0x46 ./Middlewares/USB_Device_Library/usbd_core.o
                0x08007c82                USBD_LL_DevDisconnected
 .text.USBD_CoreFindIF
                0x08007cc8       0x1a ./Middlewares/USB_Device_Library/usbd_core.o
                0x08007cc8                USBD_CoreFindIF
 .text.USBD_CoreFindEP
                0x08007ce2       0x1a ./Middlewares/USB_Device_Library/usbd_core.o
                0x08007ce2                USBD_CoreFindEP
 .text.USBD_GetEpDesc
                0x08007cfc       0x70 ./Middlewares/USB_Device_Library/usbd_core.o
                0x08007cfc                USBD_GetEpDesc
 .text.USBD_GetNextDesc
                0x08007d6c       0x38 ./Middlewares/USB_Device_Library/usbd_core.o
                0x08007d6c                USBD_GetNextDesc
 .text.SWAPBYTE
                0x08007da4       0x3e ./Middlewares/USB_Device_Library/usbd_ctlreq.o
 *fill*         0x08007de2        0x2 
 .text.USBD_StdDevReq
                0x08007de4       0xe4 ./Middlewares/USB_Device_Library/usbd_ctlreq.o
                0x08007de4                USBD_StdDevReq
 .text.USBD_StdItfReq
                0x08007ec8       0xd8 ./Middlewares/USB_Device_Library/usbd_ctlreq.o
                0x08007ec8                USBD_StdItfReq
 .text.USBD_StdEPReq
                0x08007fa0      0x33e ./Middlewares/USB_Device_Library/usbd_ctlreq.o
                0x08007fa0                USBD_StdEPReq
 *fill*         0x080082de        0x2 
 .text.USBD_GetDescriptor
                0x080082e0      0x328 ./Middlewares/USB_Device_Library/usbd_ctlreq.o
 .text.USBD_SetAddress
                0x08008608       0x88 ./Middlewares/USB_Device_Library/usbd_ctlreq.o
 .text.USBD_SetConfig
                0x08008690      0x154 ./Middlewares/USB_Device_Library/usbd_ctlreq.o
 .text.USBD_GetConfig
                0x080087e4       0x6c ./Middlewares/USB_Device_Library/usbd_ctlreq.o
 .text.USBD_GetStatus
                0x08008850       0x68 ./Middlewares/USB_Device_Library/usbd_ctlreq.o
 .text.USBD_SetFeature
                0x080088b8       0x52 ./Middlewares/USB_Device_Library/usbd_ctlreq.o
 .text.USBD_ClrFeature
                0x0800890a       0x44 ./Middlewares/USB_Device_Library/usbd_ctlreq.o
 .text.USBD_ParseSetupRequest
                0x0800894e       0x74 ./Middlewares/USB_Device_Library/usbd_ctlreq.o
                0x0800894e                USBD_ParseSetupRequest
 .text.USBD_CtlError
                0x080089c2       0x22 ./Middlewares/USB_Device_Library/usbd_ctlreq.o
                0x080089c2                USBD_CtlError
 .text.USBD_GetString
                0x080089e4       0xa4 ./Middlewares/USB_Device_Library/usbd_ctlreq.o
                0x080089e4                USBD_GetString
 .text.USBD_GetLen
                0x08008a88       0x34 ./Middlewares/USB_Device_Library/usbd_ctlreq.o
 .text.USBD_CtlSendData
                0x08008abc       0x3c ./Middlewares/USB_Device_Library/usbd_ioreq.o
                0x08008abc                USBD_CtlSendData
 .text.USBD_CtlContinueSendData
                0x08008af8       0x22 ./Middlewares/USB_Device_Library/usbd_ioreq.o
                0x08008af8                USBD_CtlContinueSendData
 .text.USBD_CtlPrepareRx
                0x08008b1a       0x42 ./Middlewares/USB_Device_Library/usbd_ioreq.o
                0x08008b1a                USBD_CtlPrepareRx
 .text.USBD_CtlContinueRx
                0x08008b5c       0x22 ./Middlewares/USB_Device_Library/usbd_ioreq.o
                0x08008b5c                USBD_CtlContinueRx
 .text.USBD_CtlSendStatus
                0x08008b7e       0x26 ./Middlewares/USB_Device_Library/usbd_ioreq.o
                0x08008b7e                USBD_CtlSendStatus
 .text.USBD_CtlReceiveStatus
                0x08008ba4       0x26 ./Middlewares/USB_Device_Library/usbd_ioreq.o
                0x08008ba4                USBD_CtlReceiveStatus
 *fill*         0x08008bca        0x2 
 .text.MX_USB_DEVICE_Init
                0x08008bcc       0x60 ./USB_DEVICE/App/usb_device.o
                0x08008bcc                MX_USB_DEVICE_Init
 .text.CDC_Init_FS
                0x08008c2c       0x28 ./USB_DEVICE/App/usbd_cdc_if.o
 .text.CDC_DeInit_FS
                0x08008c54       0x10 ./USB_DEVICE/App/usbd_cdc_if.o
 .text.CDC_Control_FS
                0x08008c64       0xbc ./USB_DEVICE/App/usbd_cdc_if.o
 .text.CDC_Receive_FS
                0x08008d20       0x28 ./USB_DEVICE/App/usbd_cdc_if.o
 .text.CDC_Transmit_FS
                0x08008d48       0x4c ./USB_DEVICE/App/usbd_cdc_if.o
                0x08008d48                CDC_Transmit_FS
 .text.CDC_TransmitCplt_FS
                0x08008d94       0x22 ./USB_DEVICE/App/usbd_cdc_if.o
 .text.__io_putchar
                0x08008db6       0x32 ./USB_DEVICE/App/usbd_cdc_if.o
                0x08008db6                __io_putchar
 .text.USBD_FS_DeviceDescriptor
                0x08008de8       0x24 ./USB_DEVICE/App/usbd_desc.o
                0x08008de8                USBD_FS_DeviceDescriptor
 .text.USBD_FS_LangIDStrDescriptor
                0x08008e0c       0x24 ./USB_DEVICE/App/usbd_desc.o
                0x08008e0c                USBD_FS_LangIDStrDescriptor
 .text.USBD_FS_ProductStrDescriptor
                0x08008e30       0x3c ./USB_DEVICE/App/usbd_desc.o
                0x08008e30                USBD_FS_ProductStrDescriptor
 .text.USBD_FS_ManufacturerStrDescriptor
                0x08008e6c       0x28 ./USB_DEVICE/App/usbd_desc.o
                0x08008e6c                USBD_FS_ManufacturerStrDescriptor
 .text.USBD_FS_SerialStrDescriptor
                0x08008e94       0x24 ./USB_DEVICE/App/usbd_desc.o
                0x08008e94                USBD_FS_SerialStrDescriptor
 .text.USBD_FS_ConfigStrDescriptor
                0x08008eb8       0x3c ./USB_DEVICE/App/usbd_desc.o
                0x08008eb8                USBD_FS_ConfigStrDescriptor
 .text.USBD_FS_InterfaceStrDescriptor
                0x08008ef4       0x3c ./USB_DEVICE/App/usbd_desc.o
                0x08008ef4                USBD_FS_InterfaceStrDescriptor
 .text.USBD_FS_USR_BOSDescriptor
                0x08008f30       0x24 ./USB_DEVICE/App/usbd_desc.o
                0x08008f30                USBD_FS_USR_BOSDescriptor
 .text.Get_SerialNum
                0x08008f54       0x58 ./USB_DEVICE/App/usbd_desc.o
 .text.IntToUnicode
                0x08008fac       0x7e ./USB_DEVICE/App/usbd_desc.o
 *fill*         0x0800902a        0x2 
 .text.HAL_PCD_MspInit
                0x0800902c       0xe4 ./USB_DEVICE/Target/usbd_conf.o
                0x0800902c                HAL_PCD_MspInit
 .text.HAL_PCD_SetupStageCallback
                0x08009110       0x24 ./USB_DEVICE/Target/usbd_conf.o
                0x08009110                HAL_PCD_SetupStageCallback
 .text.HAL_PCD_DataOutStageCallback
                0x08009134       0x36 ./USB_DEVICE/Target/usbd_conf.o
                0x08009134                HAL_PCD_DataOutStageCallback
 .text.HAL_PCD_DataInStageCallback
                0x0800916a       0x34 ./USB_DEVICE/Target/usbd_conf.o
                0x0800916a                HAL_PCD_DataInStageCallback
 .text.HAL_PCD_SOFCallback
                0x0800919e       0x1c ./USB_DEVICE/Target/usbd_conf.o
                0x0800919e                HAL_PCD_SOFCallback
 .text.HAL_PCD_ResetCallback
                0x080091ba       0x50 ./USB_DEVICE/Target/usbd_conf.o
                0x080091ba                HAL_PCD_ResetCallback
 *fill*         0x0800920a        0x2 
 .text.HAL_PCD_SuspendCallback
                0x0800920c       0x4c ./USB_DEVICE/Target/usbd_conf.o
                0x0800920c                HAL_PCD_SuspendCallback
 .text.HAL_PCD_ResumeCallback
                0x08009258       0x1c ./USB_DEVICE/Target/usbd_conf.o
                0x08009258                HAL_PCD_ResumeCallback
 .text.HAL_PCD_ISOOUTIncompleteCallback
                0x08009274       0x24 ./USB_DEVICE/Target/usbd_conf.o
                0x08009274                HAL_PCD_ISOOUTIncompleteCallback
 .text.HAL_PCD_ISOINIncompleteCallback
                0x08009298       0x24 ./USB_DEVICE/Target/usbd_conf.o
                0x08009298                HAL_PCD_ISOINIncompleteCallback
 .text.HAL_PCD_ConnectCallback
                0x080092bc       0x1c ./USB_DEVICE/Target/usbd_conf.o
                0x080092bc                HAL_PCD_ConnectCallback
 .text.HAL_PCD_DisconnectCallback
                0x080092d8       0x1c ./USB_DEVICE/Target/usbd_conf.o
                0x080092d8                HAL_PCD_DisconnectCallback
 .text.USBD_LL_Init
                0x080092f4       0xa0 ./USB_DEVICE/Target/usbd_conf.o
                0x080092f4                USBD_LL_Init
 .text.USBD_LL_Start
                0x08009394       0x36 ./USB_DEVICE/Target/usbd_conf.o
                0x08009394                USBD_LL_Start
 .text.USBD_LL_OpenEP
                0x080093ca       0x4c ./USB_DEVICE/Target/usbd_conf.o
                0x080093ca                USBD_LL_OpenEP
 .text.USBD_LL_CloseEP
                0x08009416       0x3e ./USB_DEVICE/Target/usbd_conf.o
                0x08009416                USBD_LL_CloseEP
 .text.USBD_LL_StallEP
                0x08009454       0x3e ./USB_DEVICE/Target/usbd_conf.o
                0x08009454                USBD_LL_StallEP
 .text.USBD_LL_ClearStallEP
                0x08009492       0x3e ./USB_DEVICE/Target/usbd_conf.o
                0x08009492                USBD_LL_ClearStallEP
 .text.USBD_LL_IsStallEP
                0x080094d0       0x58 ./USB_DEVICE/Target/usbd_conf.o
                0x080094d0                USBD_LL_IsStallEP
 .text.USBD_LL_SetUSBAddress
                0x08009528       0x3e ./USB_DEVICE/Target/usbd_conf.o
                0x08009528                USBD_LL_SetUSBAddress
 .text.USBD_LL_Transmit
                0x08009566       0x42 ./USB_DEVICE/Target/usbd_conf.o
                0x08009566                USBD_LL_Transmit
 .text.USBD_LL_PrepareReceive
                0x080095a8       0x42 ./USB_DEVICE/Target/usbd_conf.o
                0x080095a8                USBD_LL_PrepareReceive
 .text.USBD_LL_GetRxDataSize
                0x080095ea       0x26 ./USB_DEVICE/Target/usbd_conf.o
                0x080095ea                USBD_LL_GetRxDataSize
 .text.HAL_PCDEx_LPM_Callback
                0x08009610       0x9c ./USB_DEVICE/Target/usbd_conf.o
                0x08009610                HAL_PCDEx_LPM_Callback
 .text.SystemClockConfig_Resume
                0x080096ac        0xc ./USB_DEVICE/Target/usbd_conf.o
 .text.USBD_Get_USB_Status
                0x080096b8       0x58 ./USB_DEVICE/Target/usbd_conf.o
                0x080096b8                USBD_Get_USB_Status
 .text.malloc   0x08009710       0x10 /Applications/STM32CubeIDE.app/Contents/Eclipse/plugins/com.st.stm32cube.ide.mcu.externaltools.gnu-tools-for-stm32.13.3.rel1.macos64_1.0.0.202411102158/tools/bin/../lib/gcc/arm-none-eabi/13.3.1/../../../../arm-none-eabi/lib/thumb/v7e-m+fp/hard/libc_nano.a(libc_a-malloc.o)
                0x08009710                malloc
 .text.free     0x08009720       0x10 /Applications/STM32CubeIDE.app/Contents/Eclipse/plugins/com.st.stm32cube.ide.mcu.externaltools.gnu-tools-for-stm32.13.3.rel1.macos64_1.0.0.202411102158/tools/bin/../lib/gcc/arm-none-eabi/13.3.1/../../../../arm-none-eabi/lib/thumb/v7e-m+fp/hard/libc_nano.a(libc_a-malloc.o)
                0x08009720                free
 .text.sbrk_aligned
                0x08009730       0x44 /Applications/STM32CubeIDE.app/Contents/Eclipse/plugins/com.st.stm32cube.ide.mcu.externaltools.gnu-tools-for-stm32.13.3.rel1.macos64_1.0.0.202411102158/tools/bin/../lib/gcc/arm-none-eabi/13.3.1/../../../../arm-none-eabi/lib/thumb/v7e-m+fp/hard/libc_nano.a(libc_a-mallocr.o)
 .text._malloc_r
                0x08009774      0x100 /Applications/STM32CubeIDE.app/Contents/Eclipse/plugins/com.st.stm32cube.ide.mcu.externaltools.gnu-tools-for-stm32.13.3.rel1.macos64_1.0.0.202411102158/tools/bin/../lib/gcc/arm-none-eabi/13.3.1/../../../../arm-none-eabi/lib/thumb/v7e-m+fp/hard/libc_nano.a(libc_a-mallocr.o)
                0x08009774                _malloc_r
 .text.__malloc_lock
                0x08009874        0xc /Applications/STM32CubeIDE.app/Contents/Eclipse/plugins/com.st.stm32cube.ide.mcu.externaltools.gnu-tools-for-stm32.13.3.rel1.macos64_1.0.0.202411102158/tools/bin/../lib/gcc/arm-none-eabi/13.3.1/../../../../arm-none-eabi/lib/thumb/v7e-m+fp/hard/libc_nano.a(libc_a-mlock.o)
                0x08009874                __malloc_lock
 .text.__malloc_unlock
                0x08009880        0xc /Applications/STM32CubeIDE.app/Contents/Eclipse/plugins/com.st.stm32cube.ide.mcu.externaltools.gnu-tools-for-stm32.13.3.rel1.macos64_1.0.0.202411102158/tools/bin/../lib/gcc/arm-none-eabi/13.3.1/../../../../arm-none-eabi/lib/thumb/v7e-m+fp/hard/libc_nano.a(libc_a-mlock.o)
                0x08009880                __malloc_unlock
 .text.std      0x0800988c       0x6c /Applications/STM32CubeIDE.app/Contents/Eclipse/plugins/com.st.stm32cube.ide.mcu.externaltools.gnu-tools-for-stm32.13.3.rel1.macos64_1.0.0.202411102158/tools/bin/../lib/gcc/arm-none-eabi/13.3.1/../../../../arm-none-eabi/lib/thumb/v7e-m+fp/hard/libc_nano.a(libc_a-findfp.o)
 .text.stdio_exit_handler
                0x080098f8       0x18 /Applications/STM32CubeIDE.app/Contents/Eclipse/plugins/com.st.stm32cube.ide.mcu.externaltools.gnu-tools-for-stm32.13.3.rel1.macos64_1.0.0.202411102158/tools/bin/../lib/gcc/arm-none-eabi/13.3.1/../../../../arm-none-eabi/lib/thumb/v7e-m+fp/hard/libc_nano.a(libc_a-findfp.o)
 .text.cleanup_stdio
                0x08009910       0x40 /Applications/STM32CubeIDE.app/Contents/Eclipse/plugins/com.st.stm32cube.ide.mcu.externaltools.gnu-tools-for-stm32.13.3.rel1.macos64_1.0.0.202411102158/tools/bin/../lib/gcc/arm-none-eabi/13.3.1/../../../../arm-none-eabi/lib/thumb/v7e-m+fp/hard/libc_nano.a(libc_a-findfp.o)
 .text.global_stdio_init.part.0
                0x08009950       0x3c /Applications/STM32CubeIDE.app/Contents/Eclipse/plugins/com.st.stm32cube.ide.mcu.externaltools.gnu-tools-for-stm32.13.3.rel1.macos64_1.0.0.202411102158/tools/bin/../lib/gcc/arm-none-eabi/13.3.1/../../../../arm-none-eabi/lib/thumb/v7e-m+fp/hard/libc_nano.a(libc_a-findfp.o)
 .text.__sfp_lock_acquire
                0x0800998c        0xc /Applications/STM32CubeIDE.app/Contents/Eclipse/plugins/com.st.stm32cube.ide.mcu.externaltools.gnu-tools-for-stm32.13.3.rel1.macos64_1.0.0.202411102158/tools/bin/../lib/gcc/arm-none-eabi/13.3.1/../../../../arm-none-eabi/lib/thumb/v7e-m+fp/hard/libc_nano.a(libc_a-findfp.o)
                0x0800998c                __sfp_lock_acquire
 .text.__sfp_lock_release
                0x08009998        0xc /Applications/STM32CubeIDE.app/Contents/Eclipse/plugins/com.st.stm32cube.ide.mcu.externaltools.gnu-tools-for-stm32.13.3.rel1.macos64_1.0.0.202411102158/tools/bin/../lib/gcc/arm-none-eabi/13.3.1/../../../../arm-none-eabi/lib/thumb/v7e-m+fp/hard/libc_nano.a(libc_a-findfp.o)
                0x08009998                __sfp_lock_release
 .text.__sinit  0x080099a4       0x30 /Applications/STM32CubeIDE.app/Contents/Eclipse/plugins/com.st.stm32cube.ide.mcu.externaltools.gnu-tools-for-stm32.13.3.rel1.macos64_1.0.0.202411102158/tools/bin/../lib/gcc/arm-none-eabi/13.3.1/../../../../arm-none-eabi/lib/thumb/v7e-m+fp/hard/libc_nano.a(libc_a-findfp.o)
                0x080099a4                __sinit
 .text._fwalk_sglue
                0x080099d4       0x3c /Applications/STM32CubeIDE.app/Contents/Eclipse/plugins/com.st.stm32cube.ide.mcu.externaltools.gnu-tools-for-stm32.13.3.rel1.macos64_1.0.0.202411102158/tools/bin/../lib/gcc/arm-none-eabi/13.3.1/../../../../arm-none-eabi/lib/thumb/v7e-m+fp/hard/libc_nano.a(libc_a-fwalk.o)
                0x080099d4                _fwalk_sglue
 .text.printf   0x08009a10       0x24 /Applications/STM32CubeIDE.app/Contents/Eclipse/plugins/com.st.stm32cube.ide.mcu.externaltools.gnu-tools-for-stm32.13.3.rel1.macos64_1.0.0.202411102158/tools/bin/../lib/gcc/arm-none-eabi/13.3.1/../../../../arm-none-eabi/lib/thumb/v7e-m+fp/hard/libc_nano.a(libc_a-printf.o)
                0x08009a10                printf
                0x08009a10                iprintf
 .text.memset   0x08009a34       0x10 /Applications/STM32CubeIDE.app/Contents/Eclipse/plugins/com.st.stm32cube.ide.mcu.externaltools.gnu-tools-for-stm32.13.3.rel1.macos64_1.0.0.202411102158/tools/bin/../lib/gcc/arm-none-eabi/13.3.1/../../../../arm-none-eabi/lib/thumb/v7e-m+fp/hard/libc_nano.a(libc_a-memset.o)
                0x08009a34                memset
 .text._sbrk_r  0x08009a44       0x20 /Applications/STM32CubeIDE.app/Contents/Eclipse/plugins/com.st.stm32cube.ide.mcu.externaltools.gnu-tools-for-stm32.13.3.rel1.macos64_1.0.0.202411102158/tools/bin/../lib/gcc/arm-none-eabi/13.3.1/../../../../arm-none-eabi/lib/thumb/v7e-m+fp/hard/libc_nano.a(libc_a-sbrkr.o)
                0x08009a44                _sbrk_r
 .text.__errno  0x08009a64        0xc /Applications/STM32CubeIDE.app/Contents/Eclipse/plugins/com.st.stm32cube.ide.mcu.externaltools.gnu-tools-for-stm32.13.3.rel1.macos64_1.0.0.202411102158/tools/bin/../lib/gcc/arm-none-eabi/13.3.1/../../../../arm-none-eabi/lib/thumb/v7e-m+fp/hard/libc_nano.a(libc_a-errno.o)
                0x08009a64                __errno
 .text.__libc_init_array
                0x08009a70       0x48 /Applications/STM32CubeIDE.app/Contents/Eclipse/plugins/com.st.stm32cube.ide.mcu.externaltools.gnu-tools-for-stm32.13.3.rel1.macos64_1.0.0.202411102158/tools/bin/../lib/gcc/arm-none-eabi/13.3.1/../../../../arm-none-eabi/lib/thumb/v7e-m+fp/hard/libc_nano.a(libc_a-init.o)
                0x08009a70                __libc_init_array
 .text.__retarget_lock_init_recursive
                0x08009ab8        0x2 /Applications/STM32CubeIDE.app/Contents/Eclipse/plugins/com.st.stm32cube.ide.mcu.externaltools.gnu-tools-for-stm32.13.3.rel1.macos64_1.0.0.202411102158/tools/bin/../lib/gcc/arm-none-eabi/13.3.1/../../../../arm-none-eabi/lib/thumb/v7e-m+fp/hard/libc_nano.a(libc_a-lock.o)
                0x08009ab8                __retarget_lock_init_recursive
 .text.__retarget_lock_acquire_recursive
                0x08009aba        0x2 /Applications/STM32CubeIDE.app/Contents/Eclipse/plugins/com.st.stm32cube.ide.mcu.externaltools.gnu-tools-for-stm32.13.3.rel1.macos64_1.0.0.202411102158/tools/bin/../lib/gcc/arm-none-eabi/13.3.1/../../../../arm-none-eabi/lib/thumb/v7e-m+fp/hard/libc_nano.a(libc_a-lock.o)
                0x08009aba                __retarget_lock_acquire_recursive
 .text.__retarget_lock_release_recursive
                0x08009abc        0x2 /Applications/STM32CubeIDE.app/Contents/Eclipse/plugins/com.st.stm32cube.ide.mcu.externaltools.gnu-tools-for-stm32.13.3.rel1.macos64_1.0.0.202411102158/tools/bin/../lib/gcc/arm-none-eabi/13.3.1/../../../../arm-none-eabi/lib/thumb/v7e-m+fp/hard/libc_nano.a(libc_a-lock.o)
                0x08009abc                __retarget_lock_release_recursive
 *fill*         0x08009abe        0x2 
 .text._free_r  0x08009ac0       0x94 /Applications/STM32CubeIDE.app/Contents/Eclipse/plugins/com.st.stm32cube.ide.mcu.externaltools.gnu-tools-for-stm32.13.3.rel1.macos64_1.0.0.202411102158/tools/bin/../lib/gcc/arm-none-eabi/13.3.1/../../../../arm-none-eabi/lib/thumb/v7e-m+fp/hard/libc_nano.a(libc_a-freer.o)
                0x08009ac0                _free_r
 .text.__sfputc_r
                0x08009b54       0x2e /Applications/STM32CubeIDE.app/Contents/Eclipse/plugins/com.st.stm32cube.ide.mcu.externaltools.gnu-tools-for-stm32.13.3.rel1.macos64_1.0.0.202411102158/tools/bin/../lib/gcc/arm-none-eabi/13.3.1/../../../../arm-none-eabi/lib/thumb/v7e-m+fp/hard/libc_nano.a(libc_a-nano-vfprintf.o)
 .text.__sfputs_r
                0x08009b82       0x24 /Applications/STM32CubeIDE.app/Contents/Eclipse/plugins/com.st.stm32cube.ide.mcu.externaltools.gnu-tools-for-stm32.13.3.rel1.macos64_1.0.0.202411102158/tools/bin/../lib/gcc/arm-none-eabi/13.3.1/../../../../arm-none-eabi/lib/thumb/v7e-m+fp/hard/libc_nano.a(libc_a-nano-vfprintf.o)
                0x08009b82                __sfputs_r
 *fill*         0x08009ba6        0x2 
 .text._vfprintf_r
                0x08009ba8      0x230 /Applications/STM32CubeIDE.app/Contents/Eclipse/plugins/com.st.stm32cube.ide.mcu.externaltools.gnu-tools-for-stm32.13.3.rel1.macos64_1.0.0.202411102158/tools/bin/../lib/gcc/arm-none-eabi/13.3.1/../../../../arm-none-eabi/lib/thumb/v7e-m+fp/hard/libc_nano.a(libc_a-nano-vfprintf.o)
                0x08009ba8                _vfiprintf_r
                0x08009ba8                _vfprintf_r
 .text._printf_common
                0x08009dd8       0xda /Applications/STM32CubeIDE.app/Contents/Eclipse/plugins/com.st.stm32cube.ide.mcu.externaltools.gnu-tools-for-stm32.13.3.rel1.macos64_1.0.0.202411102158/tools/bin/../lib/gcc/arm-none-eabi/13.3.1/../../../../arm-none-eabi/lib/thumb/v7e-m+fp/hard/libc_nano.a(libc_a-nano-vfprintf_i.o)
                0x08009dd8                _printf_common
 *fill*         0x08009eb2        0x2 
 .text._printf_i
                0x08009eb4      0x23c /Applications/STM32CubeIDE.app/Contents/Eclipse/plugins/com.st.stm32cube.ide.mcu.externaltools.gnu-tools-for-stm32.13.3.rel1.macos64_1.0.0.202411102158/tools/bin/../lib/gcc/arm-none-eabi/13.3.1/../../../../arm-none-eabi/lib/thumb/v7e-m+fp/hard/libc_nano.a(libc_a-nano-vfprintf_i.o)
                0x08009eb4                _printf_i
 .text.__sflush_r
                0x0800a0f0      0x108 /Applications/STM32CubeIDE.app/Contents/Eclipse/plugins/com.st.stm32cube.ide.mcu.externaltools.gnu-tools-for-stm32.13.3.rel1.macos64_1.0.0.202411102158/tools/bin/../lib/gcc/arm-none-eabi/13.3.1/../../../../arm-none-eabi/lib/thumb/v7e-m+fp/hard/libc_nano.a(libc_a-fflush.o)
                0x0800a0f0                __sflush_r
 .text._fflush_r
                0x0800a1f8       0x50 /Applications/STM32CubeIDE.app/Contents/Eclipse/plugins/com.st.stm32cube.ide.mcu.externaltools.gnu-tools-for-stm32.13.3.rel1.macos64_1.0.0.202411102158/tools/bin/../lib/gcc/arm-none-eabi/13.3.1/../../../../arm-none-eabi/lib/thumb/v7e-m+fp/hard/libc_nano.a(libc_a-fflush.o)
                0x0800a1f8                _fflush_r
 .text.__sread  0x0800a248       0x22 /Applications/STM32CubeIDE.app/Contents/Eclipse/plugins/com.st.stm32cube.ide.mcu.externaltools.gnu-tools-for-stm32.13.3.rel1.macos64_1.0.0.202411102158/tools/bin/../lib/gcc/arm-none-eabi/13.3.1/../../../../arm-none-eabi/lib/thumb/v7e-m+fp/hard/libc_nano.a(libc_a-stdio.o)
                0x0800a248                __sread
 .text.__swrite
                0x0800a26a       0x38 /Applications/STM32CubeIDE.app/Contents/Eclipse/plugins/com.st.stm32cube.ide.mcu.externaltools.gnu-tools-for-stm32.13.3.rel1.macos64_1.0.0.202411102158/tools/bin/../lib/gcc/arm-none-eabi/13.3.1/../../../../arm-none-eabi/lib/thumb/v7e-m+fp/hard/libc_nano.a(libc_a-stdio.o)
                0x0800a26a                __swrite
 .text.__sseek  0x0800a2a2       0x24 /Applications/STM32CubeIDE.app/Contents/Eclipse/plugins/com.st.stm32cube.ide.mcu.externaltools.gnu-tools-for-stm32.13.3.rel1.macos64_1.0.0.202411102158/tools/bin/../lib/gcc/arm-none-eabi/13.3.1/../../../../arm-none-eabi/lib/thumb/v7e-m+fp/hard/libc_nano.a(libc_a-stdio.o)
                0x0800a2a2                __sseek
 .text.__sclose
                0x0800a2c6        0x8 /Applications/STM32CubeIDE.app/Contents/Eclipse/plugins/com.st.stm32cube.ide.mcu.externaltools.gnu-tools-for-stm32.13.3.rel1.macos64_1.0.0.202411102158/tools/bin/../lib/gcc/arm-none-eabi/13.3.1/../../../../arm-none-eabi/lib/thumb/v7e-m+fp/hard/libc_nano.a(libc_a-stdio.o)
                0x0800a2c6                __sclose
 .text.__swbuf_r
                0x0800a2ce       0x7c /Applications/STM32CubeIDE.app/Contents/Eclipse/plugins/com.st.stm32cube.ide.mcu.externaltools.gnu-tools-for-stm32.13.3.rel1.macos64_1.0.0.202411102158/tools/bin/../lib/gcc/arm-none-eabi/13.3.1/../../../../arm-none-eabi/lib/thumb/v7e-m+fp/hard/libc_nano.a(libc_a-wbuf.o)
                0x0800a2ce                __swbuf_r
 *fill*         0x0800a34a        0x2 
 .text.__swsetup_r
                0x0800a34c       0xac /Applications/STM32CubeIDE.app/Contents/Eclipse/plugins/com.st.stm32cube.ide.mcu.externaltools.gnu-tools-for-stm32.13.3.rel1.macos64_1.0.0.202411102158/tools/bin/../lib/gcc/arm-none-eabi/13.3.1/../../../../arm-none-eabi/lib/thumb/v7e-m+fp/hard/libc_nano.a(libc_a-wsetup.o)
                0x0800a34c                __swsetup_r
 .text.__swhatbuf_r
                0x0800a3f8       0x4c /Applications/STM32CubeIDE.app/Contents/Eclipse/plugins/com.st.stm32cube.ide.mcu.externaltools.gnu-tools-for-stm32.13.3.rel1.macos64_1.0.0.202411102158/tools/bin/../lib/gcc/arm-none-eabi/13.3.1/../../../../arm-none-eabi/lib/thumb/v7e-m+fp/hard/libc_nano.a(libc_a-makebuf.o)
                0x0800a3f8                __swhatbuf_r
 .text.__smakebuf_r
                0x0800a444       0x78 /Applications/STM32CubeIDE.app/Contents/Eclipse/plugins/com.st.stm32cube.ide.mcu.externaltools.gnu-tools-for-stm32.13.3.rel1.macos64_1.0.0.202411102158/tools/bin/../lib/gcc/arm-none-eabi/13.3.1/../../../../arm-none-eabi/lib/thumb/v7e-m+fp/hard/libc_nano.a(libc_a-makebuf.o)
                0x0800a444                __smakebuf_r
 .text._isatty_r
                0x0800a4bc       0x20 /Applications/STM32CubeIDE.app/Contents/Eclipse/plugins/com.st.stm32cube.ide.mcu.externaltools.gnu-tools-for-stm32.13.3.rel1.macos64_1.0.0.202411102158/tools/bin/../lib/gcc/arm-none-eabi/13.3.1/../../../../arm-none-eabi/lib/thumb/v7e-m+fp/hard/libc_nano.a(libc_a-isattyr.o)
                0x0800a4bc                _isatty_r
 .text._lseek_r
                0x0800a4dc       0x24 /Applications/STM32CubeIDE.app/Contents/Eclipse/plugins/com.st.stm32cube.ide.mcu.externaltools.gnu-tools-for-stm32.13.3.rel1.macos64_1.0.0.202411102158/tools/bin/../lib/gcc/arm-none-eabi/13.3.1/../../../../arm-none-eabi/lib/thumb/v7e-m+fp/hard/libc_nano.a(libc_a-lseekr.o)
                0x0800a4dc                _lseek_r
 .text._read_r  0x0800a500       0x24 /Applications/STM32CubeIDE.app/Contents/Eclipse/plugins/com.st.stm32cube.ide.mcu.externaltools.gnu-tools-for-stm32.13.3.rel1.macos64_1.0.0.202411102158/tools/bin/../lib/gcc/arm-none-eabi/13.3.1/../../../../arm-none-eabi/lib/thumb/v7e-m+fp/hard/libc_nano.a(libc_a-readr.o)
                0x0800a500                _read_r
 .text._write_r
                0x0800a524       0x24 /Applications/STM32CubeIDE.app/Contents/Eclipse/plugins/com.st.stm32cube.ide.mcu.externaltools.gnu-tools-for-stm32.13.3.rel1.macos64_1.0.0.202411102158/tools/bin/../lib/gcc/arm-none-eabi/13.3.1/../../../../arm-none-eabi/lib/thumb/v7e-m+fp/hard/libc_nano.a(libc_a-writer.o)
                0x0800a524                _write_r
 .text._close_r
                0x0800a548       0x20 /Applications/STM32CubeIDE.app/Contents/Eclipse/plugins/com.st.stm32cube.ide.mcu.externaltools.gnu-tools-for-stm32.13.3.rel1.macos64_1.0.0.202411102158/tools/bin/../lib/gcc/arm-none-eabi/13.3.1/../../../../arm-none-eabi/lib/thumb/v7e-m+fp/hard/libc_nano.a(libc_a-closer.o)
                0x0800a548                _close_r
 .text._fstat_r
                0x0800a568       0x24 /Applications/STM32CubeIDE.app/Contents/Eclipse/plugins/com.st.stm32cube.ide.mcu.externaltools.gnu-tools-for-stm32.13.3.rel1.macos64_1.0.0.202411102158/tools/bin/../lib/gcc/arm-none-eabi/13.3.1/../../../../arm-none-eabi/lib/thumb/v7e-m+fp/hard/libc_nano.a(libc_a-fstatr.o)
                0x0800a568                _fstat_r
 *(.glue_7)
 .glue_7        0x0800a58c        0x0 linker stubs
 *(.glue_7t)
 .glue_7t       0x0800a58c        0x0 linker stubs
 *(.eh_frame)
 .eh_frame      0x0800a58c        0x0 /Applications/STM32CubeIDE.app/Contents/Eclipse/plugins/com.st.stm32cube.ide.mcu.externaltools.gnu-tools-for-stm32.13.3.rel1.macos64_1.0.0.202411102158/tools/bin/../lib/gcc/arm-none-eabi/13.3.1/thumb/v7e-m+fp/hard/crtbegin.o
 *(.init)
 .init          0x0800a58c        0x4 /Applications/STM32CubeIDE.app/Contents/Eclipse/plugins/com.st.stm32cube.ide.mcu.externaltools.gnu-tools-for-stm32.13.3.rel1.macos64_1.0.0.202411102158/tools/bin/../lib/gcc/arm-none-eabi/13.3.1/thumb/v7e-m+fp/hard/crti.o
                0x0800a58c                _init
 .init          0x0800a590        0x8 /Applications/STM32CubeIDE.app/Contents/Eclipse/plugins/com.st.stm32cube.ide.mcu.externaltools.gnu-tools-for-stm32.13.3.rel1.macos64_1.0.0.202411102158/tools/bin/../lib/gcc/arm-none-eabi/13.3.1/thumb/v7e-m+fp/hard/crtn.o
 *(.fini)
 .fini          0x0800a598        0x4 /Applications/STM32CubeIDE.app/Contents/Eclipse/plugins/com.st.stm32cube.ide.mcu.externaltools.gnu-tools-for-stm32.13.3.rel1.macos64_1.0.0.202411102158/tools/bin/../lib/gcc/arm-none-eabi/13.3.1/thumb/v7e-m+fp/hard/crti.o
                0x0800a598                _fini
 .fini          0x0800a59c        0x8 /Applications/STM32CubeIDE.app/Contents/Eclipse/plugins/com.st.stm32cube.ide.mcu.externaltools.gnu-tools-for-stm32.13.3.rel1.macos64_1.0.0.202411102158/tools/bin/../lib/gcc/arm-none-eabi/13.3.1/thumb/v7e-m+fp/hard/crtn.o
                0x0800a5a4                        . = ALIGN (0x4)
                0x0800a5a4                        _etext = .

.vfp11_veneer   0x0800a5a4        0x0
 .vfp11_veneer  0x0800a5a4        0x0 linker stubs

.v4_bx          0x0800a5a4        0x0
 .v4_bx         0x0800a5a4        0x0 linker stubs

.iplt           0x0800a5a4        0x0
 .iplt          0x0800a5a4        0x0 /Applications/STM32CubeIDE.app/Contents/Eclipse/plugins/com.st.stm32cube.ide.mcu.externaltools.gnu-tools-for-stm32.13.3.rel1.macos64_1.0.0.202411102158/tools/bin/../lib/gcc/arm-none-eabi/13.3.1/thumb/v7e-m+fp/hard/crtbegin.o

.rodata         0x0800a5a4      0x17c
                0x0800a5a4                        . = ALIGN (0x4)
 *(.rodata)
 .rodata        0x0800a5a4       0xed ./Core/Src/main.o
 *fill*         0x0800a691        0x3 
 .rodata        0x0800a694       0x46 ./USB_DEVICE/App/usbd_desc.o
 *(.rodata*)
 *fill*         0x0800a6da        0x2 
 .rodata.AHBPrescTable
                0x0800a6dc       0x10 ./Core/Src/system_stm32f7xx.o
                0x0800a6dc                AHBPrescTable
 .rodata._vfprintf_r.str1.1
                0x0800a6ec       0x33 /Applications/STM32CubeIDE.app/Contents/Eclipse/plugins/com.st.stm32cube.ide.mcu.externaltools.gnu-tools-for-stm32.13.3.rel1.macos64_1.0.0.202411102158/tools/bin/../lib/gcc/arm-none-eabi/13.3.1/../../../../arm-none-eabi/lib/thumb/v7e-m+fp/hard/libc_nano.a(libc_a-nano-vfprintf.o)
                                 0x11 (size before relaxing)
 .rodata._printf_i.str1.1
                0x0800a71f       0x22 /Applications/STM32CubeIDE.app/Contents/Eclipse/plugins/com.st.stm32cube.ide.mcu.externaltools.gnu-tools-for-stm32.13.3.rel1.macos64_1.0.0.202411102158/tools/bin/../lib/gcc/arm-none-eabi/13.3.1/../../../../arm-none-eabi/lib/thumb/v7e-m+fp/hard/libc_nano.a(libc_a-nano-vfprintf_i.o)
                0x0800a744                        . = ALIGN (0x4)
 *fill*         0x0800a71f        0x1 

.ARM.extab      0x0800a720        0x0
                0x0800a720                        . = ALIGN (0x4)
 *(.ARM.extab* .gnu.linkonce.armextab.*)
                0x0800a720                        . = ALIGN (0x4)

.ARM            0x0800a720        0x8
                0x0800a720                        . = ALIGN (0x4)
                0x0800a720                        __exidx_start = .
 *(.ARM.exidx*)
 .ARM.exidx     0x0800a720        0x8 /Applications/STM32CubeIDE.app/Contents/Eclipse/plugins/com.st.stm32cube.ide.mcu.externaltools.gnu-tools-for-stm32.13.3.rel1.macos64_1.0.0.202411102158/tools/bin/../lib/gcc/arm-none-eabi/13.3.1/../../../../arm-none-eabi/lib/thumb/v7e-m+fp/hard/libc_nano.a(libc_a-memchr.o)
 .ARM.exidx     0x0800a728        0x0 /Applications/STM32CubeIDE.app/Contents/Eclipse/plugins/com.st.stm32cube.ide.mcu.externaltools.gnu-tools-for-stm32.13.3.rel1.macos64_1.0.0.202411102158/tools/bin/../lib/gcc/arm-none-eabi/13.3.1/thumb/v7e-m+fp/hard/libgcc.a(_udivmoddi4.o)
                                  0x8 (size before relaxing)
                0x0800a728                        __exidx_end = .
                0x0800a728                        . = ALIGN (0x4)

.preinit_array  0x0800a728        0x0
                0x0800a728                        . = ALIGN (0x4)
                0x0800a728                        PROVIDE (__preinit_array_start = .)
 *(.preinit_array*)
                0x0800a728                        PROVIDE (__preinit_array_end = .)
                0x0800a728                        . = ALIGN (0x4)

.init_array     0x0800a728        0x4
                0x0800a728                        . = ALIGN (0x4)
                0x0800a728                        PROVIDE (__init_array_start = .)
 *(SORT_BY_NAME(.init_array.*))
 *(.init_array*)
 .init_array    0x0800a728        0x4 /Applications/STM32CubeIDE.app/Contents/Eclipse/plugins/com.st.stm32cube.ide.mcu.externaltools.gnu-tools-for-stm32.13.3.rel1.macos64_1.0.0.202411102158/tools/bin/../lib/gcc/arm-none-eabi/13.3.1/thumb/v7e-m+fp/hard/crtbegin.o
                0x0800a72c                        PROVIDE (__init_array_end = .)
                0x0800a72c                        . = ALIGN (0x4)

.fini_array     0x0800a72c        0x4
                0x0800a72c                        . = ALIGN (0x4)
                [!provide]                        PROVIDE (__fini_array_start = .)
 *(SORT_BY_NAME(.fini_array.*))
 *(.fini_array*)
 .fini_array    0x0800a72c        0x4 /Applications/STM32CubeIDE.app/Contents/Eclipse/plugins/com.st.stm32cube.ide.mcu.externaltools.gnu-tools-for-stm32.13.3.rel1.macos64_1.0.0.202411102158/tools/bin/../lib/gcc/arm-none-eabi/13.3.1/thumb/v7e-m+fp/hard/crtbegin.o
                [!provide]                        PROVIDE (__fini_array_end = .)
                0x0800a730                        . = ALIGN (0x4)
                0x0800a730                        _sidata = LOADADDR (.data)

.rel.dyn        0x0800a730        0x0
 .rel.iplt      0x0800a730        0x0 /Applications/STM32CubeIDE.app/Contents/Eclipse/plugins/com.st.stm32cube.ide.mcu.externaltools.gnu-tools-for-stm32.13.3.rel1.macos64_1.0.0.202411102158/tools/bin/../lib/gcc/arm-none-eabi/13.3.1/thumb/v7e-m+fp/hard/crtbegin.o

.data           0x20000000      0x188 load address 0x0800a730
                0x20000000                        . = ALIGN (0x4)
                0x20000000                        _sdata = .
 *(.data)
 *(.data*)
 .data.data2send
                0x20000000        0xa ./Core/Src/DW3000_send_test_FZ.o
                0x20000000                data2send
 .data.current_node
                0x2000000a        0x1 ./Core/Src/main.o
                0x2000000a                current_node
 *fill*         0x2000000b        0x1 
 .data.SystemCoreClock
                0x2000000c        0x4 ./Core/Src/system_stm32f7xx.o
                0x2000000c                SystemCoreClock
 .data.uwTickPrio
                0x20000010        0x4 ./Drivers/STM32F7xx_HAL_Driver/stm32f7xx_hal.o
                0x20000010                uwTickPrio
 .data.uwTickFreq
                0x20000014        0x1 ./Drivers/STM32F7xx_HAL_Driver/stm32f7xx_hal.o
                0x20000014                uwTickFreq
 .data.Stat     0x20000015        0x1 ./FATFS/Target/user_diskio.o
 *fill*         0x20000016        0x2 
 .data.USER_Driver
                0x20000018       0x14 ./FATFS/Target/user_diskio.o
                0x20000018                USER_Driver
 .data.USBD_CDC_DeviceQualifierDesc
                0x2000002c        0xa ./Middlewares/USB_Device_Library/usbd_cdc.o
 *fill*         0x20000036        0x2 
 .data.USBD_CDC
                0x20000038       0x38 ./Middlewares/USB_Device_Library/usbd_cdc.o
                0x20000038                USBD_CDC
 .data.USBD_CDC_CfgDesc
                0x20000070       0x43 ./Middlewares/USB_Device_Library/usbd_cdc.o
 .data.CDCInEpAdd
                0x200000b3        0x1 ./Middlewares/USB_Device_Library/usbd_cdc.o
 .data.CDCOutEpAdd
                0x200000b4        0x1 ./Middlewares/USB_Device_Library/usbd_cdc.o
 .data.CDCCmdEpAdd
                0x200000b5        0x1 ./Middlewares/USB_Device_Library/usbd_cdc.o
 *fill*         0x200000b6        0x2 
 .data.USBD_Interface_fops_FS
                0x200000b8       0x14 ./USB_DEVICE/App/usbd_cdc_if.o
                0x200000b8                USBD_Interface_fops_FS
 .data.FS_Desc  0x200000cc       0x20 ./USB_DEVICE/App/usbd_desc.o
                0x200000cc                FS_Desc
 .data.USBD_FS_DeviceDesc
                0x200000ec       0x12 ./USB_DEVICE/App/usbd_desc.o
                0x200000ec                USBD_FS_DeviceDesc
 *fill*         0x200000fe        0x2 
 .data.USBD_FS_BOSDesc
                0x20000100        0xc ./USB_DEVICE/App/usbd_desc.o
                0x20000100                USBD_FS_BOSDesc
 .data.USBD_LangIDDesc
                0x2000010c        0x4 ./USB_DEVICE/App/usbd_desc.o
                0x2000010c                USBD_LangIDDesc
 .data.USBD_StringSerial
                0x20000110       0x1a ./USB_DEVICE/App/usbd_desc.o
                0x20000110                USBD_StringSerial
 *fill*         0x2000012a        0x2 
 .data.__sglue  0x2000012c        0xc /Applications/STM32CubeIDE.app/Contents/Eclipse/plugins/com.st.stm32cube.ide.mcu.externaltools.gnu-tools-for-stm32.13.3.rel1.macos64_1.0.0.202411102158/tools/bin/../lib/gcc/arm-none-eabi/13.3.1/../../../../arm-none-eabi/lib/thumb/v7e-m+fp/hard/libc_nano.a(libc_a-findfp.o)
                0x2000012c                __sglue
 .data._impure_ptr
                0x20000138        0x4 /Applications/STM32CubeIDE.app/Contents/Eclipse/plugins/com.st.stm32cube.ide.mcu.externaltools.gnu-tools-for-stm32.13.3.rel1.macos64_1.0.0.202411102158/tools/bin/../lib/gcc/arm-none-eabi/13.3.1/../../../../arm-none-eabi/lib/thumb/v7e-m+fp/hard/libc_nano.a(libc_a-impure.o)
                0x20000138                _impure_ptr
 .data._impure_data
                0x2000013c       0x4c /Applications/STM32CubeIDE.app/Contents/Eclipse/plugins/com.st.stm32cube.ide.mcu.externaltools.gnu-tools-for-stm32.13.3.rel1.macos64_1.0.0.202411102158/tools/bin/../lib/gcc/arm-none-eabi/13.3.1/../../../../arm-none-eabi/lib/thumb/v7e-m+fp/hard/libc_nano.a(libc_a-impure.o)
                0x2000013c                _impure_data
 *(.RamFunc)
 *(.RamFunc*)
                0x20000188                        . = ALIGN (0x4)
                0x20000188                        _edata = .

.igot.plt       0x20000188        0x0 load address 0x0800a8b8
 .igot.plt      0x20000188        0x0 /Applications/STM32CubeIDE.app/Contents/Eclipse/plugins/com.st.stm32cube.ide.mcu.externaltools.gnu-tools-for-stm32.13.3.rel1.macos64_1.0.0.202411102158/tools/bin/../lib/gcc/arm-none-eabi/13.3.1/thumb/v7e-m+fp/hard/crtbegin.o
                0x20000188                        . = ALIGN (0x4)

.bss            0x20000188     0x1c10 load address 0x0800a8b8
                0x20000188                        _sbss = .
                0x20000188                        __bss_start__ = _sbss
 *(.bss)
 .bss           0x20000188       0x1c /Applications/STM32CubeIDE.app/Contents/Eclipse/plugins/com.st.stm32cube.ide.mcu.externaltools.gnu-tools-for-stm32.13.3.rel1.macos64_1.0.0.202411102158/tools/bin/../lib/gcc/arm-none-eabi/13.3.1/thumb/v7e-m+fp/hard/crtbegin.o
 *(.bss*)
 .bss.DW3000_IRQ_flag
                0x200001a4        0x1 ./Core/Src/DW3000_FZ.o
                0x200001a4                DW3000_IRQ_flag
 *fill*         0x200001a5        0x3 
 .bss.hspi1     0x200001a8       0x64 ./Core/Src/main.o
                0x200001a8                hspi1
 .bss.hspi2     0x2000020c       0x64 ./Core/Src/main.o
                0x2000020c                hspi2
 .bss.__sbrk_heap_end
                0x20000270        0x4 ./Core/Src/sysmem.o
 .bss.uwTick    0x20000274        0x4 ./Drivers/STM32F7xx_HAL_Driver/stm32f7xx_hal.o
                0x20000274                uwTick
 .bss.retUSER   0x20000278        0x1 ./FATFS/App/fatfs.o
                0x20000278                retUSER
 *fill*         0x20000279        0x3 
 .bss.USERPath  0x2000027c        0x4 ./FATFS/App/fatfs.o
                0x2000027c                USERPath
 .bss.disk      0x20000280        0xc ./Middlewares/FatFs/ff_gen_drv.o
                0x20000280                disk
 .bss.cfgidx.0  0x2000028c        0x1 ./Middlewares/USB_Device_Library/usbd_ctlreq.o
 *fill*         0x2000028d        0x3 
 .bss.hUsbDeviceFS
                0x20000290      0x2dc ./USB_DEVICE/App/usb_device.o
                0x20000290                hUsbDeviceFS
 .bss.UserRxBufferFS
                0x2000056c      0x800 ./USB_DEVICE/App/usbd_cdc_if.o
                0x2000056c                UserRxBufferFS
 .bss.UserTxBufferFS
                0x20000d6c      0x800 ./USB_DEVICE/App/usbd_cdc_if.o
                0x20000d6c                UserTxBufferFS
 .bss.USBD_StrDesc
                0x2000156c      0x200 ./USB_DEVICE/App/usbd_desc.o
                0x2000156c                USBD_StrDesc
 .bss.hpcd_USB_OTG_FS
                0x2000176c      0x4e0 ./USB_DEVICE/Target/usbd_conf.o
                0x2000176c                hpcd_USB_OTG_FS
 .bss.__malloc_sbrk_start
                0x20001c4c        0x4 /Applications/STM32CubeIDE.app/Contents/Eclipse/plugins/com.st.stm32cube.ide.mcu.externaltools.gnu-tools-for-stm32.13.3.rel1.macos64_1.0.0.202411102158/tools/bin/../lib/gcc/arm-none-eabi/13.3.1/../../../../arm-none-eabi/lib/thumb/v7e-m+fp/hard/libc_nano.a(libc_a-mallocr.o)
                0x20001c4c                __malloc_sbrk_start
 .bss.__malloc_free_list
                0x20001c50        0x4 /Applications/STM32CubeIDE.app/Contents/Eclipse/plugins/com.st.stm32cube.ide.mcu.externaltools.gnu-tools-for-stm32.13.3.rel1.macos64_1.0.0.202411102158/tools/bin/../lib/gcc/arm-none-eabi/13.3.1/../../../../arm-none-eabi/lib/thumb/v7e-m+fp/hard/libc_nano.a(libc_a-mallocr.o)
                0x20001c50                __malloc_free_list
 .bss.__sf      0x20001c54      0x138 /Applications/STM32CubeIDE.app/Contents/Eclipse/plugins/com.st.stm32cube.ide.mcu.externaltools.gnu-tools-for-stm32.13.3.rel1.macos64_1.0.0.202411102158/tools/bin/../lib/gcc/arm-none-eabi/13.3.1/../../../../arm-none-eabi/lib/thumb/v7e-m+fp/hard/libc_nano.a(libc_a-findfp.o)
                0x20001c54                __sf
 .bss.__stdio_exit_handler
                0x20001d8c        0x4 /Applications/STM32CubeIDE.app/Contents/Eclipse/plugins/com.st.stm32cube.ide.mcu.externaltools.gnu-tools-for-stm32.13.3.rel1.macos64_1.0.0.202411102158/tools/bin/../lib/gcc/arm-none-eabi/13.3.1/../../../../arm-none-eabi/lib/thumb/v7e-m+fp/hard/libc_nano.a(libc_a-findfp.o)
                0x20001d8c                __stdio_exit_handler
 .bss.__lock___malloc_recursive_mutex
                0x20001d90        0x1 /Applications/STM32CubeIDE.app/Contents/Eclipse/plugins/com.st.stm32cube.ide.mcu.externaltools.gnu-tools-for-stm32.13.3.rel1.macos64_1.0.0.202411102158/tools/bin/../lib/gcc/arm-none-eabi/13.3.1/../../../../arm-none-eabi/lib/thumb/v7e-m+fp/hard/libc_nano.a(libc_a-lock.o)
                0x20001d90                __lock___malloc_recursive_mutex
 .bss.__lock___sfp_recursive_mutex
                0x20001d91        0x1 /Applications/STM32CubeIDE.app/Contents/Eclipse/plugins/com.st.stm32cube.ide.mcu.externaltools.gnu-tools-for-stm32.13.3.rel1.macos64_1.0.0.202411102158/tools/bin/../lib/gcc/arm-none-eabi/13.3.1/../../../../arm-none-eabi/lib/thumb/v7e-m+fp/hard/libc_nano.a(libc_a-lock.o)
                0x20001d91                __lock___sfp_recursive_mutex
 *fill*         0x20001d92        0x2 
 .bss.errno     0x20001d94        0x4 /Applications/STM32CubeIDE.app/Contents/Eclipse/plugins/com.st.stm32cube.ide.mcu.externaltools.gnu-tools-for-stm32.13.3.rel1.macos64_1.0.0.202411102158/tools/bin/../lib/gcc/arm-none-eabi/13.3.1/../../../../arm-none-eabi/lib/thumb/v7e-m+fp/hard/libc_nano.a(libc_a-reent.o)
                0x20001d94                errno
 *(COMMON)
                0x20001d98                        . = ALIGN (0x4)
                0x20001d98                        _ebss = .
                0x20001d98                        __bss_end__ = _ebss

._user_heap_stack
                0x20001d98      0x600 load address 0x0800a8b8
                0x20001d98                        . = ALIGN (0x8)
                [!provide]                        PROVIDE (end = .)
                0x20001d98                        PROVIDE (_end = .)
                0x20001f98                        . = (. + _Min_Heap_Size)
 *fill*         0x20001d98      0x200 
                0x20002398                        . = (. + _Min_Stack_Size)
 *fill*         0x20001f98      0x400 
                0x20002398                        . = ALIGN (0x8)

/DISCARD/
 libc.a(*)
 libm.a(*)
 libgcc.a(*)

.ARM.attributes
                0x00000000       0x30
 *(.ARM.attributes)
 .ARM.attributes
                0x00000000       0x22 /Applications/STM32CubeIDE.app/Contents/Eclipse/plugins/com.st.stm32cube.ide.mcu.externaltools.gnu-tools-for-stm32.13.3.rel1.macos64_1.0.0.202411102158/tools/bin/../lib/gcc/arm-none-eabi/13.3.1/thumb/v7e-m+fp/hard/crti.o
 .ARM.attributes
                0x00000022       0x34 /Applications/STM32CubeIDE.app/Contents/Eclipse/plugins/com.st.stm32cube.ide.mcu.externaltools.gnu-tools-for-stm32.13.3.rel1.macos64_1.0.0.202411102158/tools/bin/../lib/gcc/arm-none-eabi/13.3.1/thumb/v7e-m+fp/hard/crtbegin.o
 .ARM.attributes
                0x00000056       0x34 ./Core/Src/DW3000_FZ.o
 .ARM.attributes
                0x0000008a       0x34 ./Core/Src/DW3000_recv_test_FZ.o
 .ARM.attributes
                0x000000be       0x34 ./Core/Src/DW3000_send_test_FZ.o
 .ARM.attributes
                0x000000f2       0x34 ./Core/Src/HS_system.o
 .ARM.attributes
                0x00000126       0x34 ./Core/Src/main.o
 .ARM.attributes
                0x0000015a       0x34 ./Core/Src/stm32f7xx_hal_msp.o
 .ARM.attributes
                0x0000018e       0x34 ./Core/Src/stm32f7xx_it.o
 .ARM.attributes
                0x000001c2       0x34 ./Core/Src/syscalls.o
 .ARM.attributes
                0x000001f6       0x34 ./Core/Src/sysmem.o
 .ARM.attributes
                0x0000022a       0x34 ./Core/Src/system_stm32f7xx.o
 .ARM.attributes
                0x0000025e       0x21 ./Core/Startup/startup_stm32f722retx.o
 .ARM.attributes
                0x0000027f       0x34 ./Drivers/STM32F7xx_HAL_Driver/stm32f7xx_hal.o
 .ARM.attributes
                0x000002b3       0x34 ./Drivers/STM32F7xx_HAL_Driver/stm32f7xx_hal_cortex.o
 .ARM.attributes
                0x000002e7       0x34 ./Drivers/STM32F7xx_HAL_Driver/stm32f7xx_hal_gpio.o
 .ARM.attributes
                0x0000031b       0x34 ./Drivers/STM32F7xx_HAL_Driver/stm32f7xx_hal_pcd.o
 .ARM.attributes
                0x0000034f       0x34 ./Drivers/STM32F7xx_HAL_Driver/stm32f7xx_hal_pcd_ex.o
 .ARM.attributes
                0x00000383       0x34 ./Drivers/STM32F7xx_HAL_Driver/stm32f7xx_hal_pwr.o
 .ARM.attributes
                0x000003b7       0x34 ./Drivers/STM32F7xx_HAL_Driver/stm32f7xx_hal_pwr_ex.o
 .ARM.attributes
                0x000003eb       0x34 ./Drivers/STM32F7xx_HAL_Driver/stm32f7xx_hal_rcc.o
 .ARM.attributes
                0x0000041f       0x34 ./Drivers/STM32F7xx_HAL_Driver/stm32f7xx_hal_rcc_ex.o
 .ARM.attributes
                0x00000453       0x34 ./Drivers/STM32F7xx_HAL_Driver/stm32f7xx_hal_spi.o
 .ARM.attributes
                0x00000487       0x34 ./Drivers/STM32F7xx_HAL_Driver/stm32f7xx_ll_usb.o
 .ARM.attributes
                0x000004bb       0x34 ./FATFS/App/fatfs.o
 .ARM.attributes
                0x000004ef       0x34 ./FATFS/Target/user_diskio.o
 .ARM.attributes
                0x00000523       0x34 ./Middlewares/FatFs/ff_gen_drv.o
 .ARM.attributes
                0x00000557       0x34 ./Middlewares/USB_Device_Library/usbd_cdc.o
 .ARM.attributes
                0x0000058b       0x34 ./Middlewares/USB_Device_Library/usbd_core.o
 .ARM.attributes
                0x000005bf       0x34 ./Middlewares/USB_Device_Library/usbd_ctlreq.o
 .ARM.attributes
                0x000005f3       0x34 ./Middlewares/USB_Device_Library/usbd_ioreq.o
 .ARM.attributes
                0x00000627       0x34 ./USB_DEVICE/App/usb_device.o
 .ARM.attributes
                0x0000065b       0x34 ./USB_DEVICE/App/usbd_cdc_if.o
 .ARM.attributes
                0x0000068f       0x34 ./USB_DEVICE/App/usbd_desc.o
 .ARM.attributes
                0x000006c3       0x34 ./USB_DEVICE/Target/usbd_conf.o
 .ARM.attributes
                0x000006f7       0x34 /Applications/STM32CubeIDE.app/Contents/Eclipse/plugins/com.st.stm32cube.ide.mcu.externaltools.gnu-tools-for-stm32.13.3.rel1.macos64_1.0.0.202411102158/tools/bin/../lib/gcc/arm-none-eabi/13.3.1/../../../../arm-none-eabi/lib/thumb/v7e-m+fp/hard/libc_nano.a(libc_a-malloc.o)
 .ARM.attributes
                0x0000072b       0x34 /Applications/STM32CubeIDE.app/Contents/Eclipse/plugins/com.st.stm32cube.ide.mcu.externaltools.gnu-tools-for-stm32.13.3.rel1.macos64_1.0.0.202411102158/tools/bin/../lib/gcc/arm-none-eabi/13.3.1/../../../../arm-none-eabi/lib/thumb/v7e-m+fp/hard/libc_nano.a(libc_a-mallocr.o)
 .ARM.attributes
                0x0000075f       0x34 /Applications/STM32CubeIDE.app/Contents/Eclipse/plugins/com.st.stm32cube.ide.mcu.externaltools.gnu-tools-for-stm32.13.3.rel1.macos64_1.0.0.202411102158/tools/bin/../lib/gcc/arm-none-eabi/13.3.1/../../../../arm-none-eabi/lib/thumb/v7e-m+fp/hard/libc_nano.a(libc_a-mlock.o)
 .ARM.attributes
                0x00000793       0x34 /Applications/STM32CubeIDE.app/Contents/Eclipse/plugins/com.st.stm32cube.ide.mcu.externaltools.gnu-tools-for-stm32.13.3.rel1.macos64_1.0.0.202411102158/tools/bin/../lib/gcc/arm-none-eabi/13.3.1/../../../../arm-none-eabi/lib/thumb/v7e-m+fp/hard/libc_nano.a(libc_a-findfp.o)
 .ARM.attributes
                0x000007c7       0x34 /Applications/STM32CubeIDE.app/Contents/Eclipse/plugins/com.st.stm32cube.ide.mcu.externaltools.gnu-tools-for-stm32.13.3.rel1.macos64_1.0.0.202411102158/tools/bin/../lib/gcc/arm-none-eabi/13.3.1/../../../../arm-none-eabi/lib/thumb/v7e-m+fp/hard/libc_nano.a(libc_a-fwalk.o)
 .ARM.attributes
                0x000007fb       0x34 /Applications/STM32CubeIDE.app/Contents/Eclipse/plugins/com.st.stm32cube.ide.mcu.externaltools.gnu-tools-for-stm32.13.3.rel1.macos64_1.0.0.202411102158/tools/bin/../lib/gcc/arm-none-eabi/13.3.1/../../../../arm-none-eabi/lib/thumb/v7e-m+fp/hard/libc_nano.a(libc_a-printf.o)
 .ARM.attributes
                0x0000082f       0x34 /Applications/STM32CubeIDE.app/Contents/Eclipse/plugins/com.st.stm32cube.ide.mcu.externaltools.gnu-tools-for-stm32.13.3.rel1.macos64_1.0.0.202411102158/tools/bin/../lib/gcc/arm-none-eabi/13.3.1/../../../../arm-none-eabi/lib/thumb/v7e-m+fp/hard/libc_nano.a(libc_a-memset.o)
 .ARM.attributes
                0x00000863       0x34 /Applications/STM32CubeIDE.app/Contents/Eclipse/plugins/com.st.stm32cube.ide.mcu.externaltools.gnu-tools-for-stm32.13.3.rel1.macos64_1.0.0.202411102158/tools/bin/../lib/gcc/arm-none-eabi/13.3.1/../../../../arm-none-eabi/lib/thumb/v7e-m+fp/hard/libc_nano.a(libc_a-sbrkr.o)
 .ARM.attributes
                0x00000897       0x34 /Applications/STM32CubeIDE.app/Contents/Eclipse/plugins/com.st.stm32cube.ide.mcu.externaltools.gnu-tools-for-stm32.13.3.rel1.macos64_1.0.0.202411102158/tools/bin/../lib/gcc/arm-none-eabi/13.3.1/../../../../arm-none-eabi/lib/thumb/v7e-m+fp/hard/libc_nano.a(libc_a-errno.o)
 .ARM.attributes
                0x000008cb       0x34 /Applications/STM32CubeIDE.app/Contents/Eclipse/plugins/com.st.stm32cube.ide.mcu.externaltools.gnu-tools-for-stm32.13.3.rel1.macos64_1.0.0.202411102158/tools/bin/../lib/gcc/arm-none-eabi/13.3.1/../../../../arm-none-eabi/lib/thumb/v7e-m+fp/hard/libc_nano.a(libc_a-init.o)
 .ARM.attributes
                0x000008ff       0x34 /Applications/STM32CubeIDE.app/Contents/Eclipse/plugins/com.st.stm32cube.ide.mcu.externaltools.gnu-tools-for-stm32.13.3.rel1.macos64_1.0.0.202411102158/tools/bin/../lib/gcc/arm-none-eabi/13.3.1/../../../../arm-none-eabi/lib/thumb/v7e-m+fp/hard/libc_nano.a(libc_a-lock.o)
 .ARM.attributes
                0x00000933       0x34 /Applications/STM32CubeIDE.app/Contents/Eclipse/plugins/com.st.stm32cube.ide.mcu.externaltools.gnu-tools-for-stm32.13.3.rel1.macos64_1.0.0.202411102158/tools/bin/../lib/gcc/arm-none-eabi/13.3.1/../../../../arm-none-eabi/lib/thumb/v7e-m+fp/hard/libc_nano.a(libc_a-reent.o)
 .ARM.attributes
                0x00000967       0x34 /Applications/STM32CubeIDE.app/Contents/Eclipse/plugins/com.st.stm32cube.ide.mcu.externaltools.gnu-tools-for-stm32.13.3.rel1.macos64_1.0.0.202411102158/tools/bin/../lib/gcc/arm-none-eabi/13.3.1/../../../../arm-none-eabi/lib/thumb/v7e-m+fp/hard/libc_nano.a(libc_a-impure.o)
 .ARM.attributes
                0x0000099b       0x34 /Applications/STM32CubeIDE.app/Contents/Eclipse/plugins/com.st.stm32cube.ide.mcu.externaltools.gnu-tools-for-stm32.13.3.rel1.macos64_1.0.0.202411102158/tools/bin/../lib/gcc/arm-none-eabi/13.3.1/../../../../arm-none-eabi/lib/thumb/v7e-m+fp/hard/libc_nano.a(libc_a-freer.o)
 .ARM.attributes
                0x000009cf       0x34 /Applications/STM32CubeIDE.app/Contents/Eclipse/plugins/com.st.stm32cube.ide.mcu.externaltools.gnu-tools-for-stm32.13.3.rel1.macos64_1.0.0.202411102158/tools/bin/../lib/gcc/arm-none-eabi/13.3.1/../../../../arm-none-eabi/lib/thumb/v7e-m+fp/hard/libc_nano.a(libc_a-nano-vfprintf.o)
 .ARM.attributes