../Core/Src/ADS131M04.c:43:13:delay_us	32	static
../Core/Src/ADS131M04.c:55:6:ADS_RST_LOW	8	static
../Core/Src/ADS131M04.c:59:6:ADS_RST_HIGH	8	static
../Core/Src/ADS131M04.c:63:6:ADS_CS_LOW	8	static
../Core/Src/ADS131M04.c:67:6:ADS_CS_HIGH	8	static
../Core/Src/ADS131M04.c:71:15:ADS_READ_DRDY	8	static
../Core/Src/ADS131M04.c:85:13:spiTransmitReceiveBytes	32	static
../Core/Src/ADS131M04.c:89:6:ADS131M04_Transmitdummyword	24	static
../Core/Src/ADS131M04.c:97:6:ADS131M04_Transmitword	24	static
../Core/Src/ADS131M04.c:109:10:ADS131M04_TransmitCommand	32	static
../Core/Src/ADS131M04.c:123:10:ADS131M04_ReadRegister	24	static
../Core/Src/ADS131M04.c:140:10:ADS131M04_WriteRegister	24	static
../Core/Src/ADS131M04.c:174:6:ADS131M04_writeRegisterMasked	24	static
../Core/Src/ADS131M04.c:182:6:ADS131M04_Init	8	static
../Core/Src/ADS131M04.c:215:6:ADS131M04_isDataReady	8	static
../Core/Src/ADS131M04.c:219:8:ADS131M04_isDataReadySoft	16	static
../Core/Src/ADS131M04.c:237:6:ADS131M04_isResetStatus	8	static
../Core/Src/ADS131M04.c:241:6:ADS131M04_isLockSPI	8	static
../Core/Src/ADS131M04.c:245:6:ADS131M04_setDrdyFormat	16	static
../Core/Src/ADS131M04.c:254:6:ADS131M04_setDrdyStateWhenUnavailable	16	static
../Core/Src/ADS131M04.c:263:6:ADS131M04_setPowerMode	16	static
../Core/Src/ADS131M04.c:276:6:ADS131M04_setOsr	16	static
../Core/Src/ADS131M04.c:285:6:ADS131M04_setChannelEnable	16	static
../Core/Src/ADS131M04.c:308:6:ADS131M04_setChannelPGA	16	static
../Core/Src/ADS131M04.c:330:6:ADS131M04_setGlobalChop	16	static
../Core/Src/ADS131M04.c:335:6:ADS131M04_setGlobalChopDelay	16	static
../Core/Src/ADS131M04.c:340:6:ADS131M04_setInputChannelSelection	16	static
../Core/Src/ADS131M04.c:362:6:ADS131M04_setChannelOffsetCalibration	24	static
../Core/Src/ADS131M04.c:393:6:ADS131M04_setChannelGainCalibration	24	static
../Core/Src/ADS131M04.c:422:6:ADS131M04_readADC	24	static
../Core/Src/ADS131M04.c:444:6:ADS131M04_read_ADC_data	16	static
../Core/Src/ADS131M04.c:505:6:HAL_GPIO_EXTI_Callback	16	static
../Core/Src/ADS131M04.c:516:6:HAL_SPI_RxCpltCallback	16	static
