../Core/Src/ADS131M04.c:37:13:delay_us	32	static
../Core/Src/ADS131M04.c:49:6:ADS_RST_LOW	8	static
../Core/Src/ADS131M04.c:53:6:ADS_RST_HIGH	8	static
../Core/Src/ADS131M04.c:57:6:ADS_CS_LOW	8	static
../Core/Src/ADS131M04.c:61:6:ADS_CS_HIGH	8	static
../Core/Src/ADS131M04.c:65:15:ADS_READ_DRDY	8	static
../Core/Src/ADS131M04.c:79:13:spiTransmitReceiveBytes	32	static
../Core/Src/ADS131M04.c:83:6:ADS131M04_Transmitdummyword	24	static
../Core/Src/ADS131M04.c:91:6:ADS131M04_Transmitword	24	static
../Core/Src/ADS131M04.c:103:10:ADS131M04_TransmitCommand	32	static
../Core/Src/ADS131M04.c:117:10:ADS131M04_ReadRegister	24	static
../Core/Src/ADS131M04.c:134:10:ADS131M04_WriteRegister	24	static
../Core/Src/ADS131M04.c:168:6:ADS131M04_writeRegisterMasked	24	static
../Core/Src/ADS131M04.c:176:6:ADS131M04_Init	8	static
../Core/Src/ADS131M04.c:203:6:ADS131M04_isDataReady	8	static
../Core/Src/ADS131M04.c:207:8:ADS131M04_isDataReadySoft	16	static
../Core/Src/ADS131M04.c:225:6:ADS131M04_isResetStatus	8	static
../Core/Src/ADS131M04.c:229:6:ADS131M04_isLockSPI	8	static
../Core/Src/ADS131M04.c:233:6:ADS131M04_setDrdyFormat	16	static
../Core/Src/ADS131M04.c:242:6:ADS131M04_setDrdyStateWhenUnavailable	16	static
../Core/Src/ADS131M04.c:251:6:ADS131M04_setPowerMode	16	static
../Core/Src/ADS131M04.c:264:6:ADS131M04_setOsr	16	static
../Core/Src/ADS131M04.c:273:6:ADS131M04_setChannelEnable	16	static
../Core/Src/ADS131M04.c:296:6:ADS131M04_setChannelPGA	16	static
../Core/Src/ADS131M04.c:318:6:ADS131M04_setGlobalChop	16	static
../Core/Src/ADS131M04.c:323:6:ADS131M04_setGlobalChopDelay	16	static
../Core/Src/ADS131M04.c:328:6:ADS131M04_setInputChannelSelection	16	static
../Core/Src/ADS131M04.c:350:6:ADS131M04_setChannelOffsetCalibration	24	static
../Core/Src/ADS131M04.c:381:6:ADS131M04_setChannelGainCalibration	24	static
../Core/Src/ADS131M04.c:410:6:ADS131M04_readADC	24	static
../Core/Src/ADS131M04.c:489:6:HAL_GPIO_EXTI_Callback	16	static
