../Core/Src/ADS131M04.c:43:13:delay_us	32	static
../Core/Src/ADS131M04.c:55:6:ADS_RST_LOW	8	static
../Core/Src/ADS131M04.c:59:6:ADS_RST_HIGH	8	static
../Core/Src/ADS131M04.c:63:6:ADS_CS_LOW	8	static
../Core/Src/ADS131M04.c:67:6:ADS_CS_HIGH	8	static
../Core/Src/ADS131M04.c:71:15:ADS_READ_DRDY	8	static
../Core/Src/ADS131M04.c:85:13:spiTransmitReceiveBytes	32	static
../Core/Src/ADS131M04.c:89:6:ADS131M04_Transmitdummyword	24	static
../Core/Src/ADS131M04.c:97:6:ADS131M04_Transmitword	24	static
../Core/Src/ADS131M04.c:109:10:ADS131M04_TransmitCommand	32	static
../Core/Src/ADS131M04.c:123:10:ADS131M04_ReadRegister	24	static
../Core/Src/ADS131M04.c:140:10:ADS131M04_WriteRegister	24	static
../Core/Src/ADS131M04.c:174:6:ADS131M04_writeRegisterMasked	24	static
../Core/Src/ADS131M04.c:182:6:ADS131M04_Init	8	static
../Core/Src/ADS131M04.c:209:6:ADS131M04_isDataReady	8	static
../Core/Src/ADS131M04.c:213:8:ADS131M04_isDataReadySoft	16	static
../Core/Src/ADS131M04.c:231:6:ADS131M04_isResetStatus	8	static
../Core/Src/ADS131M04.c:235:6:ADS131M04_isLockSPI	8	static
../Core/Src/ADS131M04.c:239:6:ADS131M04_setDrdyFormat	16	static
../Core/Src/ADS131M04.c:248:6:ADS131M04_setDrdyStateWhenUnavailable	16	static
../Core/Src/ADS131M04.c:257:6:ADS131M04_setPowerMode	16	static
../Core/Src/ADS131M04.c:270:6:ADS131M04_setOsr	16	static
../Core/Src/ADS131M04.c:279:6:ADS131M04_setChannelEnable	16	static
../Core/Src/ADS131M04.c:302:6:ADS131M04_setChannelPGA	16	static
../Core/Src/ADS131M04.c:324:6:ADS131M04_setGlobalChop	16	static
../Core/Src/ADS131M04.c:329:6:ADS131M04_setGlobalChopDelay	16	static
../Core/Src/ADS131M04.c:334:6:ADS131M04_setInputChannelSelection	16	static
../Core/Src/ADS131M04.c:356:6:ADS131M04_setChannelOffsetCalibration	24	static
../Core/Src/ADS131M04.c:387:6:ADS131M04_setChannelGainCalibration	24	static
../Core/Src/ADS131M04.c:416:6:ADS131M04_readADC	24	static
../Core/Src/ADS131M04.c:438:6:ADS131M04_read_ADC_data	16	static
../Core/Src/ADS131M04.c:499:6:HAL_GPIO_EXTI_Callback	16	static
../Core/Src/ADS131M04.c:510:6:HAL_SPI_RxCpltCallback	16	static
