../Core/Src/ADS131M04.c:42:13:delay_us	32	static
../Core/Src/ADS131M04.c:54:6:ADS_RST_LOW	8	static
../Core/Src/ADS131M04.c:58:6:ADS_RST_HIGH	8	static
../Core/Src/ADS131M04.c:62:6:ADS_CS_LOW	8	static
../Core/Src/ADS131M04.c:66:6:ADS_CS_HIGH	8	static
../Core/Src/ADS131M04.c:70:15:ADS_READ_DRDY	8	static
../Core/Src/ADS131M04.c:84:13:spiTransmitReceiveBytes	32	static
../Core/Src/ADS131M04.c:88:6:ADS131M04_Transmitdummyword	24	static
../Core/Src/ADS131M04.c:96:6:ADS131M04_Transmitword	24	static
../Core/Src/ADS131M04.c:108:10:ADS131M04_TransmitCommand	32	static
../Core/Src/ADS131M04.c:122:10:ADS131M04_ReadRegister	24	static
../Core/Src/ADS131M04.c:139:10:ADS131M04_WriteRegister	24	static
../Core/Src/ADS131M04.c:173:6:ADS131M04_writeRegisterMasked	24	static
../Core/Src/ADS131M04.c:181:6:ADS131M04_Init	8	static
../Core/Src/ADS131M04.c:208:6:ADS131M04_isDataReady	8	static
../Core/Src/ADS131M04.c:212:8:ADS131M04_isDataReadySoft	16	static
../Core/Src/ADS131M04.c:230:6:ADS131M04_isResetStatus	8	static
../Core/Src/ADS131M04.c:234:6:ADS131M04_isLockSPI	8	static
../Core/Src/ADS131M04.c:238:6:ADS131M04_setDrdyFormat	16	static
../Core/Src/ADS131M04.c:247:6:ADS131M04_setDrdyStateWhenUnavailable	16	static
../Core/Src/ADS131M04.c:256:6:ADS131M04_setPowerMode	16	static
../Core/Src/ADS131M04.c:269:6:ADS131M04_setOsr	16	static
../Core/Src/ADS131M04.c:278:6:ADS131M04_setChannelEnable	16	static
../Core/Src/ADS131M04.c:301:6:ADS131M04_setChannelPGA	16	static
../Core/Src/ADS131M04.c:323:6:ADS131M04_setGlobalChop	16	static
../Core/Src/ADS131M04.c:328:6:ADS131M04_setGlobalChopDelay	16	static
../Core/Src/ADS131M04.c:333:6:ADS131M04_setInputChannelSelection	16	static
../Core/Src/ADS131M04.c:355:6:ADS131M04_setChannelOffsetCalibration	24	static
../Core/Src/ADS131M04.c:386:6:ADS131M04_setChannelGainCalibration	24	static
../Core/Src/ADS131M04.c:415:6:ADS131M04_readADC	24	static
../Core/Src/ADS131M04.c:437:6:ADS131M04_read_ADC_data	16	static
../Core/Src/ADS131M04.c:498:6:HAL_GPIO_EXTI_Callback	16	static
../Core/Src/ADS131M04.c:509:6:HAL_SPI_RxCpltCallback	16	static
