../Core/Src/ADS131M04.c:40:13:delay_us	32	static
../Core/Src/ADS131M04.c:52:6:ADS_RST_LOW	8	static
../Core/Src/ADS131M04.c:56:6:ADS_RST_HIGH	8	static
../Core/Src/ADS131M04.c:60:6:ADS_CS_LOW	8	static
../Core/Src/ADS131M04.c:64:6:ADS_CS_HIGH	8	static
../Core/Src/ADS131M04.c:68:15:ADS_READ_DRDY	8	static
../Core/Src/ADS131M04.c:82:13:spiTransmitReceiveBytes	32	static
../Core/Src/ADS131M04.c:86:6:ADS131M04_Transmitdummyword	24	static
../Core/Src/ADS131M04.c:94:6:ADS131M04_Transmitword	24	static
../Core/Src/ADS131M04.c:106:10:ADS131M04_TransmitCommand	32	static
../Core/Src/ADS131M04.c:120:10:ADS131M04_ReadRegister	24	static
../Core/Src/ADS131M04.c:137:10:ADS131M04_WriteRegister	24	static
../Core/Src/ADS131M04.c:171:6:ADS131M04_writeRegisterMasked	24	static
../Core/Src/ADS131M04.c:179:6:ADS131M04_Init	8	static
../Core/Src/ADS131M04.c:206:6:ADS131M04_isDataReady	8	static
../Core/Src/ADS131M04.c:210:8:ADS131M04_isDataReadySoft	16	static
../Core/Src/ADS131M04.c:228:6:ADS131M04_isResetStatus	8	static
../Core/Src/ADS131M04.c:232:6:ADS131M04_isLockSPI	8	static
../Core/Src/ADS131M04.c:236:6:ADS131M04_setDrdyFormat	16	static
../Core/Src/ADS131M04.c:245:6:ADS131M04_setDrdyStateWhenUnavailable	16	static
../Core/Src/ADS131M04.c:254:6:ADS131M04_setPowerMode	16	static
../Core/Src/ADS131M04.c:267:6:ADS131M04_setOsr	16	static
../Core/Src/ADS131M04.c:276:6:ADS131M04_setChannelEnable	16	static
../Core/Src/ADS131M04.c:299:6:ADS131M04_setChannelPGA	16	static
../Core/Src/ADS131M04.c:321:6:ADS131M04_setGlobalChop	16	static
../Core/Src/ADS131M04.c:326:6:ADS131M04_setGlobalChopDelay	16	static
../Core/Src/ADS131M04.c:331:6:ADS131M04_setInputChannelSelection	16	static
../Core/Src/ADS131M04.c:353:6:ADS131M04_setChannelOffsetCalibration	24	static
../Core/Src/ADS131M04.c:384:6:ADS131M04_setChannelGainCalibration	24	static
../Core/Src/ADS131M04.c:413:6:ADS131M04_readADC	24	static
../Core/Src/ADS131M04.c:435:6:ADS131M04_read_ADC_data	16	static
../Core/Src/ADS131M04.c:496:6:HAL_GPIO_EXTI_Callback	16	static
