17:20:38 **** Clean-only build of configuration Debug for project PDoA ****
make -j15 clean 
rm -rf ./USB_DEVICE/Target/usbd_conf.cyclo ./USB_DEVICE/Target/usbd_conf.d ./USB_DEVICE/Target/usbd_conf.o ./USB_DEVICE/Target/usbd_conf.su
rm -rf ./USB_DEVICE/App/usb_device.cyclo ./USB_DEVICE/App/usb_device.d ./USB_DEVICE/App/usb_device.o ./USB_DEVICE/App/usb_device.su ./USB_DEVICE/App/usbd_cdc_if.cyclo ./USB_DEVICE/App/usbd_cdc_if.d ./USB_DEVICE/App/usbd_cdc_if.o ./USB_DEVICE/App/usbd_cdc_if.su ./USB_DEVICE/App/usbd_desc.cyclo ./USB_DEVICE/App/usbd_desc.d ./USB_DEVICE/App/usbd_desc.o ./USB_DEVICE/App/usbd_desc.su
rm -rf ./Middlewares/USB_Device_Library/usbd_cdc.cyclo ./Middlewares/USB_Device_Library/usbd_cdc.d ./Middlewares/USB_Device_Library/usbd_cdc.o ./Middlewares/USB_Device_Library/usbd_cdc.su ./Middlewares/USB_Device_Library/usbd_core.cyclo ./Middlewares/USB_Device_Library/usbd_core.d ./Middlewares/USB_Device_Library/usbd_core.o ./Middlewares/USB_Device_Library/usbd_core.su ./Middlewares/USB_Device_Library/usbd_ctlreq.cyclo ./Middlewares/USB_Device_Library/usbd_ctlreq.d ./Middlewares/USB_Device_Library/usbd_ctlreq.o ./Middlewares/USB_Device_Library/usbd_ctlreq.su ./Middlewares/USB_Device_Library/usbd_ioreq.cyclo ./Middlewares/USB_Device_Library/usbd_ioreq.d ./Middlewares/USB_Device_Library/usbd_ioreq.o ./Middlewares/USB_Device_Library/usbd_ioreq.su
rm -rf ./Drivers/STM32F7xx_HAL_Driver/stm32f7xx_hal.cyclo ./Drivers/STM32F7xx_HAL_Driver/stm32f7xx_hal.d ./Drivers/STM32F7xx_HAL_Driver/stm32f7xx_hal.o ./Drivers/STM32F7xx_HAL_Driver/stm32f7xx_hal.su ./Drivers/STM32F7xx_HAL_Driver/stm32f7xx_hal_cortex.cyclo ./Drivers/STM32F7xx_HAL_Driver/stm32f7xx_hal_cortex.d ./Drivers/STM32F7xx_HAL_Driver/stm32f7xx_hal_cortex.o ./Drivers/STM32F7xx_HAL_Driver/stm32f7xx_hal_cortex.su ./Drivers/STM32F7xx_HAL_Driver/stm32f7xx_hal_dma.cyclo ./Drivers/STM32F7xx_HAL_Driver/stm32f7xx_hal_dma.d ./Drivers/STM32F7xx_HAL_Driver/stm32f7xx_hal_dma.o ./Drivers/STM32F7xx_HAL_Driver/stm32f7xx_hal_dma.su ./Drivers/STM32F7xx_HAL_Driver/stm32f7xx_hal_dma_ex.cyclo ./Drivers/STM32F7xx_HAL_Driver/stm32f7xx_hal_dma_ex.d ./Drivers/STM32F7xx_HAL_Driver/stm32f7xx_hal_dma_ex.o ./Drivers/STM32F7xx_HAL_Driver/stm32f7xx_hal_dma_ex.su ./Drivers/STM32F7xx_HAL_Driver/stm32f7xx_hal_exti.cyclo ./Drivers/STM32F7xx_HAL_Driver/stm32f7xx_hal_exti.d ./Drivers/STM32F7xx_HAL_Driver/stm32f7xx_hal_exti.o ./Drivers/STM32F7xx_HAL_Driver/stm32f7xx_hal_exti.su ./Drivers/STM32F7xx_HAL_Driver/stm32f7xx_hal_flash.cyclo ./Drivers/STM32F7xx_HAL_Driver/stm32f7xx_hal_flash.d ./Drivers/STM32F7xx_HAL_Driver/stm32f7xx_hal_flash.o ./Drivers/STM32F7xx_HAL_Driver/stm32f7xx_hal_flash.su ./Drivers/STM32F7xx_HAL_Driver/stm32f7xx_hal_flash_ex.cyclo ./Drivers/STM32F7xx_HAL_Driver/stm32f7xx_hal_flash_ex.d ./Drivers/STM32F7xx_HAL_Driver/stm32f7xx_hal_flash_ex.o ./Drivers/STM32F7xx_HAL_Driver/stm32f7xx_hal_flash_ex.su ./Drivers/STM32F7xx_HAL_Driver/stm32f7xx_hal_gpio.cyclo ./Drivers/STM32F7xx_HAL_Driver/stm32f7xx_hal_gpio.d ./Drivers/STM32F7xx_HAL_Driver/stm32f7xx_hal_gpio.o ./Drivers/STM32F7xx_HAL_Driver/stm32f7xx_hal_gpio.su ./Drivers/STM32F7xx_HAL_Driver/stm32f7xx_hal_i2c.cyclo ./Drivers/STM32F7xx_HAL_Driver/stm32f7xx_hal_i2c.d ./Drivers/STM32F7xx_HAL_Driver/stm32f7xx_hal_i2c.o ./Drivers/STM32F7xx_HAL_Driver/stm32f7xx_hal_i2c.su ./Drivers/STM32F7xx_HAL_Driver/stm32f7xx_hal_i2c_ex.cyclo ./Drivers/STM32F7xx_HAL_Driver/stm32f7xx_hal_i2c_ex.d ./Drivers/STM32F7xx_HAL_Driver/stm32f7xx_hal_i2c_ex.o ./Drivers/STM32F7xx_HAL_Driver/stm32f7xx_hal_i2c_ex.su ./Drivers/STM32F7xx_HAL_Driver/stm32f7xx_hal_pcd.cyclo ./Drivers/STM32F7xx_HAL_Driver/stm32f7xx_hal_pcd.d ./Drivers/STM32F7xx_HAL_Driver/stm32f7xx_hal_pcd.o ./Drivers/STM32F7xx_HAL_Driver/stm32f7xx_hal_pcd.su ./Drivers/STM32F7xx_HAL_Driver/stm32f7xx_hal_pcd_ex.cyclo ./Drivers/STM32F7xx_HAL_Driver/stm32f7xx_hal_pcd_ex.d ./Drivers/STM32F7xx_HAL_Driver/stm32f7xx_hal_pcd_ex.o ./Drivers/STM32F7xx_HAL_Driver/stm32f7xx_hal_pcd_ex.su ./Drivers/STM32F7xx_HAL_Driver/stm32f7xx_hal_pwr.cyclo ./Drivers/STM32F7xx_HAL_Driver/stm32f7xx_hal_pwr.d ./Drivers/STM32F7xx_HAL_Driver/stm32f7xx_hal_pwr.o ./Drivers/STM32F7xx_HAL_Driver/stm32f7xx_hal_pwr.su ./Drivers/STM32F7xx_HAL_Driver/stm32f7xx_hal_pwr_ex.cyclo ./Drivers/STM32F7xx_HAL_Driver/stm32f7xx_hal_pwr_ex.d ./Drivers/STM32F7xx_HAL_Driver/stm32f7xx_hal_pwr_ex.o ./Drivers/STM32F7xx_HAL_Driver/stm32f7xx_hal_pwr_ex.su ./Drivers/STM32F7xx_HAL_Driver/stm32f7xx_hal_rcc.cyclo ./Drivers/STM32F7xx_HAL_Driver/stm32f7xx_hal_rcc.d ./Drivers/STM32F7xx_HAL_Driver/stm32f7xx_hal_rcc.o ./Drivers/STM32F7xx_HAL_Driver/stm32f7xx_hal_rcc.su ./Drivers/STM32F7xx_HAL_Driver/stm32f7xx_hal_rcc_ex.cyclo ./Drivers/STM32F7xx_HAL_Driver/stm32f7xx_hal_rcc_ex.d ./Drivers/STM32F7xx_HAL_Driver/stm32f7xx_hal_rcc_ex.o ./Drivers/STM32F7xx_HAL_Driver/stm32f7xx_hal_rcc_ex.su ./Drivers/STM32F7xx_HAL_Driver/stm32f7xx_hal_spi.cyclo ./Drivers/STM32F7xx_HAL_Driver/stm32f7xx_hal_spi.d ./Drivers/STM32F7xx_HAL_Driver/stm32f7xx_hal_spi.o ./Drivers/STM32F7xx_HAL_Driver/stm32f7xx_hal_spi.su ./Drivers/STM32F7xx_HAL_Driver/stm32f7xx_hal_spi_ex.cyclo ./Drivers/STM32F7xx_HAL_Driver/stm32f7xx_hal_spi_ex.d ./Drivers/STM32F7xx_HAL_Driver/stm32f7xx_hal_spi_ex.o ./Drivers/STM32F7xx_HAL_Driver/stm32f7xx_hal_spi_ex.su ./Drivers/STM32F7xx_HAL_Driver/stm32f7xx_ll_usb.cyclo ./Drivers/STM32F7xx_HAL_Driver/stm32f7xx_ll_usb.d ./Drivers/STM32F7xx_HAL_Driver/stm32f7xx_ll_usb.o ./Drivers/STM32F7xx_HAL_Driver/stm32f7xx_ll_usb.su
rm -rf ./Core/Startup/startup_stm32f722retx.d ./Core/Startup/startup_stm32f722retx.o
rm -rf ./Core/Src/DW3000_FZ.cyclo ./Core/Src/DW3000_FZ.d ./Core/Src/DW3000_FZ.o ./Core/Src/DW3000_FZ.su ./Core/Src/DW3000_recv_test_FZ.cyclo ./Core/Src/DW3000_recv_test_FZ.d ./Core/Src/DW3000_recv_test_FZ.o ./Core/Src/DW3000_recv_test_FZ.su ./Core/Src/DW3000_send_test_FZ.cyclo ./Core/Src/DW3000_send_test_FZ.d ./Core/Src/DW3000_send_test_FZ.o ./Core/Src/DW3000_send_test_FZ.su ./Core/Src/HS_system.cyclo ./Core/Src/HS_system.d ./Core/Src/HS_system.o ./Core/Src/HS_system.su ./Core/Src/PDoA_FZ.cyclo ./Core/Src/PDoA_FZ.d ./Core/Src/PDoA_FZ.o ./Core/Src/PDoA_FZ.su ./Core/Src/main.cyclo ./Core/Src/main.d ./Core/Src/main.o ./Core/Src/main.su ./Core/Src/stm32f7xx_hal_msp.cyclo ./Core/Src/stm32f7xx_hal_msp.d ./Core/Src/stm32f7xx_hal_msp.o ./Core/Src/stm32f7xx_hal_msp.su ./Core/Src/stm32f7xx_it.cyclo ./Core/Src/stm32f7xx_it.d ./Core/Src/stm32f7xx_it.o ./Core/Src/stm32f7xx_it.su ./Core/Src/syscalls.cyclo ./Core/Src/syscalls.d ./Core/Src/syscalls.o ./Core/Src/syscalls.su ./Core/Src/sysmem.cyclo ./Core/Src/sysmem.d ./Core/Src/sysmem.o ./Core/Src/sysmem.su ./Core/Src/system_stm32f7xx.cyclo ./Core/Src/system_stm32f7xx.d ./Core/Src/system_stm32f7xx.o ./Core/Src/system_stm32f7xx.su
rm -rf PDoA.elf PDoA.list PDoA.map default.size.stdout
 
17:22:20 **** Build of configuration Debug for project PDoA ****
make -j15 all 
arm-none-eabi-gcc "../USB_DEVICE/Target/usbd_conf.c" -mcpu=cortex-m7 -std=gnu11 -g3 -DDEBUG -DUSE_HAL_DRIVER -DSTM32F722xx -c -I../USB_DEVICE/App -I../USB_DEVICE/Target -I../Core/Inc -I/Users/liufangzheng/STM32Cube/Repository/STM32Cube_FW_F7_V1.17.4/Drivers/STM32F7xx_HAL_Driver/Inc -I/Users/liufangzheng/STM32Cube/Repository/STM32Cube_FW_F7_V1.17.4/Drivers/STM32F7xx_HAL_Driver/Inc/Legacy -I/Users/liufangzheng/STM32Cube/Repository/STM32Cube_FW_F7_V1.17.4/Middlewares/ST/STM32_USB_Device_Library/Core/Inc -I/Users/liufangzheng/STM32Cube/Repository/STM32Cube_FW_F7_V1.17.4/Middlewares/ST/STM32_USB_Device_Library/Class/CDC/Inc -I/Users/liufangzheng/STM32Cube/Repository/STM32Cube_FW_F7_V1.17.4/Drivers/CMSIS/Device/ST/STM32F7xx/Include -I/Users/liufangzheng/STM32Cube/Repository/STM32Cube_FW_F7_V1.17.4/Drivers/CMSIS/Include -O0 -ffunction-sections -fdata-sections -Wall -fstack-usage -fcyclomatic-complexity -MMD -MP -MF"USB_DEVICE/Target/usbd_conf.d" -MT"USB_DEVICE/Target/usbd_conf.o" --specs=nano.specs -mfpu=fpv5-sp-d16 -mfloat-abi=hard -mthumb -o "USB_DEVICE/Target/usbd_conf.o"
arm-none-eabi-gcc "../USB_DEVICE/App/usb_device.c" -mcpu=cortex-m7 -std=gnu11 -g3 -DDEBUG -DUSE_HAL_DRIVER -DSTM32F722xx -c -I../USB_DEVICE/App -I../USB_DEVICE/Target -I../Core/Inc -I/Users/liufangzheng/STM32Cube/Repository/STM32Cube_FW_F7_V1.17.4/Drivers/STM32F7xx_HAL_Driver/Inc -I/Users/liufangzheng/STM32Cube/Repository/STM32Cube_FW_F7_V1.17.4/Drivers/STM32F7xx_HAL_Driver/Inc/Legacy -I/Users/liufangzheng/STM32Cube/Repository/STM32Cube_FW_F7_V1.17.4/Middlewares/ST/STM32_USB_Device_Library/Core/Inc -I/Users/liufangzheng/STM32Cube/Repository/STM32Cube_FW_F7_V1.17.4/Middlewares/ST/STM32_USB_Device_Library/Class/CDC/Inc -I/Users/liufangzheng/STM32Cube/Repository/STM32Cube_FW_F7_V1.17.4/Drivers/CMSIS/Device/ST/STM32F7xx/Include -I/Users/liufangzheng/STM32Cube/Repository/STM32Cube_FW_F7_V1.17.4/Drivers/CMSIS/Include -O0 -ffunction-sections -fdata-sections -Wall -fstack-usage -fcyclomatic-complexity -MMD -MP -MF"USB_DEVICE/App/usb_device.d" -MT"USB_DEVICE/App/usb_device.o" --specs=nano.specs -mfpu=fpv5-sp-d16 -mfloat-abi=hard -mthumb -o "USB_DEVICE/App/usb_device.o"
arm-none-eabi-gcc "../USB_DEVICE/App/usbd_cdc_if.c" -mcpu=cortex-m7 -std=gnu11 -g3 -DDEBUG -DUSE_HAL_DRIVER -DSTM32F722xx -c -I../USB_DEVICE/App -I../USB_DEVICE/Target -I../Core/Inc -I/Users/liufangzheng/STM32Cube/Repository/STM32Cube_FW_F7_V1.17.4/Drivers/STM32F7xx_HAL_Driver/Inc -I/Users/liufangzheng/STM32Cube/Repository/STM32Cube_FW_F7_V1.17.4/Drivers/STM32F7xx_HAL_Driver/Inc/Legacy -I/Users/liufangzheng/STM32Cube/Repository/STM32Cube_FW_F7_V1.17.4/Middlewares/ST/STM32_USB_Device_Library/Core/Inc -I/Users/liufangzheng/STM32Cube/Repository/STM32Cube_FW_F7_V1.17.4/Middlewares/ST/STM32_USB_Device_Library/Class/CDC/Inc -I/Users/liufangzheng/STM32Cube/Repository/STM32Cube_FW_F7_V1.17.4/Drivers/CMSIS/Device/ST/STM32F7xx/Include -I/Users/liufangzheng/STM32Cube/Repository/STM32Cube_FW_F7_V1.17.4/Drivers/CMSIS/Include -O0 -ffunction-sections -fdata-sections -Wall -fstack-usage -fcyclomatic-complexity -MMD -MP -MF"USB_DEVICE/App/usbd_cdc_if.d" -MT"USB_DEVICE/App/usbd_cdc_if.o" --specs=nano.specs -mfpu=fpv5-sp-d16 -mfloat-abi=hard -mthumb -o "USB_DEVICE/App/usbd_cdc_if.o"
arm-none-eabi-gcc "../USB_DEVICE/App/usbd_desc.c" -mcpu=cortex-m7 -std=gnu11 -g3 -DDEBUG -DUSE_HAL_DRIVER -DSTM32F722xx -c -I../USB_DEVICE/App -I../USB_DEVICE/Target -I../Core/Inc -I/Users/liufangzheng/STM32Cube/Repository/STM32Cube_FW_F7_V1.17.4/Drivers/STM32F7xx_HAL_Driver/Inc -I/Users/liufangzheng/STM32Cube/Repository/STM32Cube_FW_F7_V1.17.4/Drivers/STM32F7xx_HAL_Driver/Inc/Legacy -I/Users/liufangzheng/STM32Cube/Repository/STM32Cube_FW_F7_V1.17.4/Middlewares/ST/STM32_USB_Device_Library/Core/Inc -I/Users/liufangzheng/STM32Cube/Repository/STM32Cube_FW_F7_V1.17.4/Middlewares/ST/STM32_USB_Device_Library/Class/CDC/Inc -I/Users/liufangzheng/STM32Cube/Repository/STM32Cube_FW_F7_V1.17.4/Drivers/CMSIS/Device/ST/STM32F7xx/Include -I/Users/liufangzheng/STM32Cube/Repository/STM32Cube_FW_F7_V1.17.4/Drivers/CMSIS/Include -O0 -ffunction-sections -fdata-sections -Wall -fstack-usage -fcyclomatic-complexity -MMD -MP -MF"USB_DEVICE/App/usbd_desc.d" -MT"USB_DEVICE/App/usbd_desc.o" --specs=nano.specs -mfpu=fpv5-sp-d16 -mfloat-abi=hard -mthumb -o "USB_DEVICE/App/usbd_desc.o"
arm-none-eabi-gcc "/Users/liufangzheng/STM32Cube/Repository/STM32Cube_FW_F7_V1.17.4/Middlewares/ST/STM32_USB_Device_Library/Class/CDC/Src/usbd_cdc.c" -mcpu=cortex-m7 -std=gnu11 -g3 -DDEBUG -DUSE_HAL_DRIVER -DSTM32F722xx -c -I../USB_DEVICE/App -I../USB_DEVICE/Target -I../Core/Inc -I/Users/liufangzheng/STM32Cube/Repository/STM32Cube_FW_F7_V1.17.4/Drivers/STM32F7xx_HAL_Driver/Inc -I/Users/liufangzheng/STM32Cube/Repository/STM32Cube_FW_F7_V1.17.4/Drivers/STM32F7xx_HAL_Driver/Inc/Legacy -I/Users/liufangzheng/STM32Cube/Repository/STM32Cube_FW_F7_V1.17.4/Middlewares/ST/STM32_USB_Device_Library/Core/Inc -I/Users/liufangzheng/STM32Cube/Repository/STM32Cube_FW_F7_V1.17.4/Middlewares/ST/STM32_USB_Device_Library/Class/CDC/Inc -I/Users/liufangzheng/STM32Cube/Repository/STM32Cube_FW_F7_V1.17.4/Drivers/CMSIS/Device/ST/STM32F7xx/Include -I/Users/liufangzheng/STM32Cube/Repository/STM32Cube_FW_F7_V1.17.4/Drivers/CMSIS/Include -O0 -ffunction-sections -fdata-sections -Wall -fstack-usage -fcyclomatic-complexity -MMD -MP -MF"Middlewares/USB_Device_Library/usbd_cdc.d" -MT"Middlewares/USB_Device_Library/usbd_cdc.o" --specs=nano.specs -mfpu=fpv5-sp-d16 -mfloat-abi=hard -mthumb -o "Middlewares/USB_Device_Library/usbd_cdc.o"
arm-none-eabi-gcc "/Users/liufangzheng/STM32Cube/Repository/STM32Cube_FW_F7_V1.17.4/Middlewares/ST/STM32_USB_Device_Library/Core/Src/usbd_core.c" -mcpu=cortex-m7 -std=gnu11 -g3 -DDEBUG -DUSE_HAL_DRIVER -DSTM32F722xx -c -I../USB_DEVICE/App -I../USB_DEVICE/Target -I../Core/Inc -I/Users/liufangzheng/STM32Cube/Repository/STM32Cube_FW_F7_V1.17.4/Drivers/STM32F7xx_HAL_Driver/Inc -I/Users/liufangzheng/STM32Cube/Repository/STM32Cube_FW_F7_V1.17.4/Drivers/STM32F7xx_HAL_Driver/Inc/Legacy -I/Users/liufangzheng/STM32Cube/Repository/STM32Cube_FW_F7_V1.17.4/Middlewares/ST/STM32_USB_Device_Library/Core/Inc -I/Users/liufangzheng/STM32Cube/Repository/STM32Cube_FW_F7_V1.17.4/Middlewares/ST/STM32_USB_Device_Library/Class/CDC/Inc -I/Users/liufangzheng/STM32Cube/Repository/STM32Cube_FW_F7_V1.17.4/Drivers/CMSIS/Device/ST/STM32F7xx/Include -I/Users/liufangzheng/STM32Cube/Repository/STM32Cube_FW_F7_V1.17.4/Drivers/CMSIS/Include -O0 -ffunction-sections -fdata-sections -Wall -fstack-usage -fcyclomatic-complexity -MMD -MP -MF"Middlewares/USB_Device_Library/usbd_core.d" -MT"Middlewares/USB_Device_Library/usbd_core.o" --specs=nano.specs -mfpu=fpv5-sp-d16 -mfloat-abi=hard -mthumb -o "Middlewares/USB_Device_Library/usbd_core.o"
arm-none-eabi-gcc "/Users/liufangzheng/STM32Cube/Repository/STM32Cube_FW_F7_V1.17.4/Middlewares/ST/STM32_USB_Device_Library/Core/Src/usbd_ctlreq.c" -mcpu=cortex-m7 -std=gnu11 -g3 -DDEBUG -DUSE_HAL_DRIVER -DSTM32F722xx -c -I../USB_DEVICE/App -I../USB_DEVICE/Target -I../Core/Inc -I/Users/liufangzheng/STM32Cube/Repository/STM32Cube_FW_F7_V1.17.4/Drivers/STM32F7xx_HAL_Driver/Inc -I/Users/liufangzheng/STM32Cube/Repository/STM32Cube_FW_F7_V1.17.4/Drivers/STM32F7xx_HAL_Driver/Inc/Legacy -I/Users/liufangzheng/STM32Cube/Repository/STM32Cube_FW_F7_V1.17.4/Middlewares/ST/STM32_USB_Device_Library/Core/Inc -I/Users/liufangzheng/STM32Cube/Repository/STM32Cube_FW_F7_V1.17.4/Middlewares/ST/STM32_USB_Device_Library/Class/CDC/Inc -I/Users/liufangzheng/STM32Cube/Repository/STM32Cube_FW_F7_V1.17.4/Drivers/CMSIS/Device/ST/STM32F7xx/Include -I/Users/liufangzheng/STM32Cube/Repository/STM32Cube_FW_F7_V1.17.4/Drivers/CMSIS/Include -O0 -ffunction-sections -fdata-sections -Wall -fstack-usage -fcyclomatic-complexity -MMD -MP -MF"Middlewares/USB_Device_Library/usbd_ctlreq.d" -MT"Middlewares/USB_Device_Library/usbd_ctlreq.o" --specs=nano.specs -mfpu=fpv5-sp-d16 -mfloat-abi=hard -mthumb -o "Middlewares/USB_Device_Library/usbd_ctlreq.o"
arm-none-eabi-gcc "/Users/liufangzheng/STM32Cube/Repository/STM32Cube_FW_F7_V1.17.4/Middlewares/ST/STM32_USB_Device_Library/Core/Src/usbd_ioreq.c" -mcpu=cortex-m7 -std=gnu11 -g3 -DDEBUG -DUSE_HAL_DRIVER -DSTM32F722xx -c -I../USB_DEVICE/App -I../USB_DEVICE/Target -I../Core/Inc -I/Users/liufangzheng/STM32Cube/Repository/STM32Cube_FW_F7_V1.17.4/Drivers/STM32F7xx_HAL_Driver/Inc -I/Users/liufangzheng/STM32Cube/Repository/STM32Cube_FW_F7_V1.17.4/Drivers/STM32F7xx_HAL_Driver/Inc/Legacy -I/Users/liufangzheng/STM32Cube/Repository/STM32Cube_FW_F7_V1.17.4/Middlewares/ST/STM32_USB_Device_Library/Core/Inc -I/Users/liufangzheng/STM32Cube/Repository/STM32Cube_FW_F7_V1.17.4/Middlewares/ST/STM32_USB_Device_Library/Class/CDC/Inc -I/Users/liufangzheng/STM32Cube/Repository/STM32Cube_FW_F7_V1.17.4/Drivers/CMSIS/Device/ST/STM32F7xx/Include -I/Users/liufangzheng/STM32Cube/Repository/STM32Cube_FW_F7_V1.17.4/Drivers/CMSIS/Include -O0 -ffunction-sections -fdata-sections -Wall -fstack-usage -fcyclomatic-complexity -MMD -MP -MF"Middlewares/USB_Device_Library/usbd_ioreq.d" -MT"Middlewares/USB_Device_Library/usbd_ioreq.o" --specs=nano.specs -mfpu=fpv5-sp-d16 -mfloat-abi=hard -mthumb -o "Middlewares/USB_Device_Library/usbd_ioreq.o"
arm-none-eabi-gcc "/Users/liufangzheng/STM32Cube/Repository/STM32Cube_FW_F7_V1.17.4/Drivers/STM32F7xx_HAL_Driver/Src/stm32f7xx_hal.c" -mcpu=cortex-m7 -std=gnu11 -g3 -DDEBUG -DUSE_HAL_DRIVER -DSTM32F722xx -c -I../USB_DEVICE/App -I../USB_DEVICE/Target -I../Core/Inc -I/Users/liufangzheng/STM32Cube/Repository/STM32Cube_FW_F7_V1.17.4/Drivers/STM32F7xx_HAL_Driver/Inc -I/Users/liufangzheng/STM32Cube/Repository/STM32Cube_FW_F7_V1.17.4/Drivers/STM32F7xx_HAL_Driver/Inc/Legacy -I/Users/liufangzheng/STM32Cube/Repository/STM32Cube_FW_F7_V1.17.4/Middlewares/ST/STM32_USB_Device_Library/Core/Inc -I/Users/liufangzheng/STM32Cube/Repository/STM32Cube_FW_F7_V1.17.4/Middlewares/ST/STM32_USB_Device_Library/Class/CDC/Inc -I/Users/liufangzheng/STM32Cube/Repository/STM32Cube_FW_F7_V1.17.4/Drivers/CMSIS/Device/ST/STM32F7xx/Include -I/Users/liufangzheng/STM32Cube/Repository/STM32Cube_FW_F7_V1.17.4/Drivers/CMSIS/Include -O0 -ffunction-sections -fdata-sections -Wall -fstack-usage -fcyclomatic-complexity -MMD -MP -MF"Drivers/STM32F7xx_HAL_Driver/stm32f7xx_hal.d" -MT"Drivers/STM32F7xx_HAL_Driver/stm32f7xx_hal.o" --specs=nano.specs -mfpu=fpv5-sp-d16 -mfloat-abi=hard -mthumb -o "Drivers/STM32F7xx_HAL_Driver/stm32f7xx_hal.o"
arm-none-eabi-gcc "/Users/liufangzheng/STM32Cube/Repository/STM32Cube_FW_F7_V1.17.4/Drivers/STM32F7xx_HAL_Driver/Src/stm32f7xx_hal_cortex.c" -mcpu=cortex-m7 -std=gnu11 -g3 -DDEBUG -DUSE_HAL_DRIVER -DSTM32F722xx -c -I../USB_DEVICE/App -I../USB_DEVICE/Target -I../Core/Inc -I/Users/liufangzheng/STM32Cube/Repository/STM32Cube_FW_F7_V1.17.4/Drivers/STM32F7xx_HAL_Driver/Inc -I/Users/liufangzheng/STM32Cube/Repository/STM32Cube_FW_F7_V1.17.4/Drivers/STM32F7xx_HAL_Driver/Inc/Legacy -I/Users/liufangzheng/STM32Cube/Repository/STM32Cube_FW_F7_V1.17.4/Middlewares/ST/STM32_USB_Device_Library/Core/Inc -I/Users/liufangzheng/STM32Cube/Repository/STM32Cube_FW_F7_V1.17.4/Middlewares/ST/STM32_USB_Device_Library/Class/CDC/Inc -I/Users/liufangzheng/STM32Cube/Repository/STM32Cube_FW_F7_V1.17.4/Drivers/CMSIS/Device/ST/STM32F7xx/Include -I/Users/liufangzheng/STM32Cube/Repository/STM32Cube_FW_F7_V1.17.4/Drivers/CMSIS/Include -O0 -ffunction-sections -fdata-sections -Wall -fstack-usage -fcyclomatic-complexity -MMD -MP -MF"Drivers/STM32F7xx_HAL_Driver/stm32f7xx_hal_cortex.d" -MT"Drivers/STM32F7xx_HAL_Driver/stm32f7xx_hal_cortex.o" --specs=nano.specs -mfpu=fpv5-sp-d16 -mfloat-abi=hard -mthumb -o "Drivers/STM32F7xx_HAL_Driver/stm32f7xx_hal_cortex.o"
arm-none-eabi-gcc "/Users/liufangzheng/STM32Cube/Repository/STM32Cube_FW_F7_V1.17.4/Drivers/STM32F7xx_HAL_Driver/Src/stm32f7xx_hal_dma.c" -mcpu=cortex-m7 -std=gnu11 -g3 -DDEBUG -DUSE_HAL_DRIVER -DSTM32F722xx -c -I../USB_DEVICE/App -I../USB_DEVICE/Target -I../Core/Inc -I/Users/liufangzheng/STM32Cube/Repository/STM32Cube_FW_F7_V1.17.4/Drivers/STM32F7xx_HAL_Driver/Inc -I/Users/liufangzheng/STM32Cube/Repository/STM32Cube_FW_F7_V1.17.4/Drivers/STM32F7xx_HAL_Driver/Inc/Legacy -I/Users/liufangzheng/STM32Cube/Repository/STM32Cube_FW_F7_V1.17.4/Middlewares/ST/STM32_USB_Device_Library/Core/Inc -I/Users/liufangzheng/STM32Cube/Repository/STM32Cube_FW_F7_V1.17.4/Middlewares/ST/STM32_USB_Device_Library/Class/CDC/Inc -I/Users/liufangzheng/STM32Cube/Repository/STM32Cube_FW_F7_V1.17.4/Drivers/CMSIS/Device/ST/STM32F7xx/Include -I/Users/liufangzheng/STM32Cube/Repository/STM32Cube_FW_F7_V1.17.4/Drivers/CMSIS/Include -O0 -ffunction-sections -fdata-sections -Wall -fstack-usage -fcyclomatic-complexity -MMD -MP -MF"Drivers/STM32F7xx_HAL_Driver/stm32f7xx_hal_dma.d" -MT"Drivers/STM32F7xx_HAL_Driver/stm32f7xx_hal_dma.o" --specs=nano.specs -mfpu=fpv5-sp-d16 -mfloat-abi=hard -mthumb -o "Drivers/STM32F7xx_HAL_Driver/stm32f7xx_hal_dma.o"
arm-none-eabi-gcc "/Users/liufangzheng/STM32Cube/Repository/STM32Cube_FW_F7_V1.17.4/Drivers/STM32F7xx_HAL_Driver/Src/stm32f7xx_hal_dma_ex.c" -mcpu=cortex-m7 -std=gnu11 -g3 -DDEBUG -DUSE_HAL_DRIVER -DSTM32F722xx -c -I../USB_DEVICE/App -I../USB_DEVICE/Target -I../Core/Inc -I/Users/liufangzheng/STM32Cube/Repository/STM32Cube_FW_F7_V1.17.4/Drivers/STM32F7xx_HAL_Driver/Inc -I/Users/liufangzheng/STM32Cube/Repository/STM32Cube_FW_F7_V1.17.4/Drivers/STM32F7xx_HAL_Driver/Inc/Legacy -I/Users/liufangzheng/STM32Cube/Repository/STM32Cube_FW_F7_V1.17.4/Middlewares/ST/STM32_USB_Device_Library/Core/Inc -I/Users/liufangzheng/STM32Cube/Repository/STM32Cube_FW_F7_V1.17.4/Middlewares/ST/STM32_USB_Device_Library/Class/CDC/Inc -I/Users/liufangzheng/STM32Cube/Repository/STM32Cube_FW_F7_V1.17.4/Drivers/CMSIS/Device/ST/STM32F7xx/Include -I/Users/liufangzheng/STM32Cube/Repository/STM32Cube_FW_F7_V1.17.4/Drivers/CMSIS/Include -O0 -ffunction-sections -fdata-sections -Wall -fstack-usage -fcyclomatic-complexity -MMD -MP -MF"Drivers/STM32F7xx_HAL_Driver/stm32f7xx_hal_dma_ex.d" -MT"Drivers/STM32F7xx_HAL_Driver/stm32f7xx_hal_dma_ex.o" --specs=nano.specs -mfpu=fpv5-sp-d16 -mfloat-abi=hard -mthumb -o "Drivers/STM32F7xx_HAL_Driver/stm32f7xx_hal_dma_ex.o"
arm-none-eabi-gcc "/Users/liufangzheng/STM32Cube/Repository/STM32Cube_FW_F7_V1.17.4/Drivers/STM32F7xx_HAL_Driver/Src/stm32f7xx_hal_exti.c" -mcpu=cortex-m7 -std=gnu11 -g3 -DDEBUG -DUSE_HAL_DRIVER -DSTM32F722xx -c -I../USB_DEVICE/App -I../USB_DEVICE/Target -I../Core/Inc -I/Users/liufangzheng/STM32Cube/Repository/STM32Cube_FW_F7_V1.17.4/Drivers/STM32F7xx_HAL_Driver/Inc -I/Users/liufangzheng/STM32Cube/Repository/STM32Cube_FW_F7_V1.17.4/Drivers/STM32F7xx_HAL_Driver/Inc/Legacy -I/Users/liufangzheng/STM32Cube/Repository/STM32Cube_FW_F7_V1.17.4/Middlewares/ST/STM32_USB_Device_Library/Core/Inc -I/Users/liufangzheng/STM32Cube/Repository/STM32Cube_FW_F7_V1.17.4/Middlewares/ST/STM32_USB_Device_Library/Class/CDC/Inc -I/Users/liufangzheng/STM32Cube/Repository/STM32Cube_FW_F7_V1.17.4/Drivers/CMSIS/Device/ST/STM32F7xx/Include -I/Users/liufangzheng/STM32Cube/Repository/STM32Cube_FW_F7_V1.17.4/Drivers/CMSIS/Include -O0 -ffunction-sections -fdata-sections -Wall -fstack-usage -fcyclomatic-complexity -MMD -MP -MF"Drivers/STM32F7xx_HAL_Driver/stm32f7xx_hal_exti.d" -MT"Drivers/STM32F7xx_HAL_Driver/stm32f7xx_hal_exti.o" --specs=nano.specs -mfpu=fpv5-sp-d16 -mfloat-abi=hard -mthumb -o "Drivers/STM32F7xx_HAL_Driver/stm32f7xx_hal_exti.o"
arm-none-eabi-gcc "/Users/liufangzheng/STM32Cube/Repository/STM32Cube_FW_F7_V1.17.4/Drivers/STM32F7xx_HAL_Driver/Src/stm32f7xx_hal_flash.c" -mcpu=cortex-m7 -std=gnu11 -g3 -DDEBUG -DUSE_HAL_DRIVER -DSTM32F722xx -c -I../USB_DEVICE/App -I../USB_DEVICE/Target -I../Core/Inc -I/Users/liufangzheng/STM32Cube/Repository/STM32Cube_FW_F7_V1.17.4/Drivers/STM32F7xx_HAL_Driver/Inc -I/Users/liufangzheng/STM32Cube/Repository/STM32Cube_FW_F7_V1.17.4/Drivers/STM32F7xx_HAL_Driver/Inc/Legacy -I/Users/liufangzheng/STM32Cube/Repository/STM32Cube_FW_F7_V1.17.4/Middlewares/ST/STM32_USB_Device_Library/Core/Inc -I/Users/liufangzheng/STM32Cube/Repository/STM32Cube_FW_F7_V1.17.4/Middlewares/ST/STM32_USB_Device_Library/Class/CDC/Inc -I/Users/liufangzheng/STM32Cube/Repository/STM32Cube_FW_F7_V1.17.4/Drivers/CMSIS/Device/ST/STM32F7xx/Include -I/Users/liufangzheng/STM32Cube/Repository/STM32Cube_FW_F7_V1.17.4/Drivers/CMSIS/Include -O0 -ffunction-sections -fdata-sections -Wall -fstack-usage -fcyclomatic-complexity -MMD -MP -MF"Drivers/STM32F7xx_HAL_Driver/stm32f7xx_hal_flash.d" -MT"Drivers/STM32F7xx_HAL_Driver/stm32f7xx_hal_flash.o" --specs=nano.specs -mfpu=fpv5-sp-d16 -mfloat-abi=hard -mthumb -o "Drivers/STM32F7xx_HAL_Driver/stm32f7xx_hal_flash.o"
arm-none-eabi-gcc "/Users/liufangzheng/STM32Cube/Repository/STM32Cube_FW_F7_V1.17.4/Drivers/STM32F7xx_HAL_Driver/Src/stm32f7xx_hal_flash_ex.c" -mcpu=cortex-m7 -std=gnu11 -g3 -DDEBUG -DUSE_HAL_DRIVER -DSTM32F722xx -c -I../USB_DEVICE/App -I../USB_DEVICE/Target -I../Core/Inc -I/Users/liufangzheng/STM32Cube/Repository/STM32Cube_FW_F7_V1.17.4/Drivers/STM32F7xx_HAL_Driver/Inc -I/Users/liufangzheng/STM32Cube/Repository/STM32Cube_FW_F7_V1.17.4/Drivers/STM32F7xx_HAL_Driver/Inc/Legacy -I/Users/liufangzheng/STM32Cube/Repository/STM32Cube_FW_F7_V1.17.4/Middlewares/ST/STM32_USB_Device_Library/Core/Inc -I/Users/liufangzheng/STM32Cube/Repository/STM32Cube_FW_F7_V1.17.4/Middlewares/ST/STM32_USB_Device_Library/Class/CDC/Inc -I/Users/liufangzheng/STM32Cube/Repository/STM32Cube_FW_F7_V1.17.4/Drivers/CMSIS/Device/ST/STM32F7xx/Include -I/Users/liufangzheng/STM32Cube/Repository/STM32Cube_FW_F7_V1.17.4/Drivers/CMSIS/Include -O0 -ffunction-sections -fdata-sections -Wall -fstack-usage -fcyclomatic-complexity -MMD -MP -MF"Drivers/STM32F7xx_HAL_Driver/stm32f7xx_hal_flash_ex.d" -MT"Drivers/STM32F7xx_HAL_Driver/stm32f7xx_hal_flash_ex.o" --specs=nano.specs -mfpu=fpv5-sp-d16 -mfloat-abi=hard -mthumb -o "Drivers/STM32F7xx_HAL_Driver/stm32f7xx_hal_flash_ex.o"
arm-none-eabi-gcc "/Users/liufangzheng/STM32Cube/Repository/STM32Cube_FW_F7_V1.17.4/Drivers/STM32F7xx_HAL_Driver/Src/stm32f7xx_hal_gpio.c" -mcpu=cortex-m7 -std=gnu11 -g3 -DDEBUG -DUSE_HAL_DRIVER -DSTM32F722xx -c -I../USB_DEVICE/App -I../USB_DEVICE/Target -I../Core/Inc -I/Users/liufangzheng/STM32Cube/Repository/STM32Cube_FW_F7_V1.17.4/Drivers/STM32F7xx_HAL_Driver/Inc -I/Users/liufangzheng/STM32Cube/Repository/STM32Cube_FW_F7_V1.17.4/Drivers/STM32F7xx_HAL_Driver/Inc/Legacy -I/Users/liufangzheng/STM32Cube/Repository/STM32Cube_FW_F7_V1.17.4/Middlewares/ST/STM32_USB_Device_Library/Core/Inc -I/Users/liufangzheng/STM32Cube/Repository/STM32Cube_FW_F7_V1.17.4/Middlewares/ST/STM32_USB_Device_Library/Class/CDC/Inc -I/Users/liufangzheng/STM32Cube/Repository/STM32Cube_FW_F7_V1.17.4/Drivers/CMSIS/Device/ST/STM32F7xx/Include -I/Users/liufangzheng/STM32Cube/Repository/STM32Cube_FW_F7_V1.17.4/Drivers/CMSIS/Include -O0 -ffunction-sections -fdata-sections -Wall -fstack-usage -fcyclomatic-complexity -MMD -MP -MF"Drivers/STM32F7xx_HAL_Driver/stm32f7xx_hal_gpio.d" -MT"Drivers/STM32F7xx_HAL_Driver/stm32f7xx_hal_gpio.o" --specs=nano.specs -mfpu=fpv5-sp-d16 -mfloat-abi=hard -mthumb -o "Drivers/STM32F7xx_HAL_Driver/stm32f7xx_hal_gpio.o"
arm-none-eabi-gcc "/Users/liufangzheng/STM32Cube/Repository/STM32Cube_FW_F7_V1.17.4/Drivers/STM32F7xx_HAL_Driver/Src/stm32f7xx_hal_i2c.c" -mcpu=cortex-m7 -std=gnu11 -g3 -DDEBUG -DUSE_HAL_DRIVER -DSTM32F722xx -c -I../USB_DEVICE/App -I../USB_DEVICE/Target -I../Core/Inc -I/Users/liufangzheng/STM32Cube/Repository/STM32Cube_FW_F7_V1.17.4/Drivers/STM32F7xx_HAL_Driver/Inc -I/Users/liufangzheng/STM32Cube/Repository/STM32Cube_FW_F7_V1.17.4/Drivers/STM32F7xx_HAL_Driver/Inc/Legacy -I/Users/liufangzheng/STM32Cube/Repository/STM32Cube_FW_F7_V1.17.4/Middlewares/ST/STM32_USB_Device_Library/Core/Inc -I/Users/liufangzheng/STM32Cube/Repository/STM32Cube_FW_F7_V1.17.4/Middlewares/ST/STM32_USB_Device_Library/Class/CDC/Inc -I/Users/liufangzheng/STM32Cube/Repository/STM32Cube_FW_F7_V1.17.4/Drivers/CMSIS/Device/ST/STM32F7xx/Include -I/Users/liufangzheng/STM32Cube/Repository/STM32Cube_FW_F7_V1.17.4/Drivers/CMSIS/Include -O0 -ffunction-sections -fdata-sections -Wall -fstack-usage -fcyclomatic-complexity -MMD -MP -MF"Drivers/STM32F7xx_HAL_Driver/stm32f7xx_hal_i2c.d" -MT"Drivers/STM32F7xx_HAL_Driver/stm32f7xx_hal_i2c.o" --specs=nano.specs -mfpu=fpv5-sp-d16 -mfloat-abi=hard -mthumb -o "Drivers/STM32F7xx_HAL_Driver/stm32f7xx_hal_i2c.o"
arm-none-eabi-gcc "/Users/liufangzheng/STM32Cube/Repository/STM32Cube_FW_F7_V1.17.4/Drivers/STM32F7xx_HAL_Driver/Src/stm32f7xx_hal_i2c_ex.c" -mcpu=cortex-m7 -std=gnu11 -g3 -DDEBUG -DUSE_HAL_DRIVER -DSTM32F722xx -c -I../USB_DEVICE/App -I../USB_DEVICE/Target -I../Core/Inc -I/Users/liufangzheng/STM32Cube/Repository/STM32Cube_FW_F7_V1.17.4/Drivers/STM32F7xx_HAL_Driver/Inc -I/Users/liufangzheng/STM32Cube/Repository/STM32Cube_FW_F7_V1.17.4/Drivers/STM32F7xx_HAL_Driver/Inc/Legacy -I/Users/liufangzheng/STM32Cube/Repository/STM32Cube_FW_F7_V1.17.4/Middlewares/ST/STM32_USB_Device_Library/Core/Inc -I/Users/liufangzheng/STM32Cube/Repository/STM32Cube_FW_F7_V1.17.4/Middlewares/ST/STM32_USB_Device_Library/Class/CDC/Inc -I/Users/liufangzheng/STM32Cube/Repository/STM32Cube_FW_F7_V1.17.4/Drivers/CMSIS/Device/ST/STM32F7xx/Include -I/Users/liufangzheng/STM32Cube/Repository/STM32Cube_FW_F7_V1.17.4/Drivers/CMSIS/Include -O0 -ffunction-sections -fdata-sections -Wall -fstack-usage -fcyclomatic-complexity -MMD -MP -MF"Drivers/STM32F7xx_HAL_Driver/stm32f7xx_hal_i2c_ex.d" -MT"Drivers/STM32F7xx_HAL_Driver/stm32f7xx_hal_i2c_ex.o" --specs=nano.specs -mfpu=fpv5-sp-d16 -mfloat-abi=hard -mthumb -o "Drivers/STM32F7xx_HAL_Driver/stm32f7xx_hal_i2c_ex.o"
arm-none-eabi-gcc "/Users/liufangzheng/STM32Cube/Repository/STM32Cube_FW_F7_V1.17.4/Drivers/STM32F7xx_HAL_Driver/Src/stm32f7xx_hal_pcd.c" -mcpu=cortex-m7 -std=gnu11 -g3 -DDEBUG -DUSE_HAL_DRIVER -DSTM32F722xx -c -I../USB_DEVICE/App -I../USB_DEVICE/Target -I../Core/Inc -I/Users/liufangzheng/STM32Cube/Repository/STM32Cube_FW_F7_V1.17.4/Drivers/STM32F7xx_HAL_Driver/Inc -I/Users/liufangzheng/STM32Cube/Repository/STM32Cube_FW_F7_V1.17.4/Drivers/STM32F7xx_HAL_Driver/Inc/Legacy -I/Users/liufangzheng/STM32Cube/Repository/STM32Cube_FW_F7_V1.17.4/Middlewares/ST/STM32_USB_Device_Library/Core/Inc -I/Users/liufangzheng/STM32Cube/Repository/STM32Cube_FW_F7_V1.17.4/Middlewares/ST/STM32_USB_Device_Library/Class/CDC/Inc -I/Users/liufangzheng/STM32Cube/Repository/STM32Cube_FW_F7_V1.17.4/Drivers/CMSIS/Device/ST/STM32F7xx/Include -I/Users/liufangzheng/STM32Cube/Repository/STM32Cube_FW_F7_V1.17.4/Drivers/CMSIS/Include -O0 -ffunction-sections -fdata-sections -Wall -fstack-usage -fcyclomatic-complexity -MMD -MP -MF"Drivers/STM32F7xx_HAL_Driver/stm32f7xx_hal_pcd.d" -MT"Drivers/STM32F7xx_HAL_Driver/stm32f7xx_hal_pcd.o" --specs=nano.specs -mfpu=fpv5-sp-d16 -mfloat-abi=hard -mthumb -o "Drivers/STM32F7xx_HAL_Driver/stm32f7xx_hal_pcd.o"
arm-none-eabi-gcc "/Users/liufangzheng/STM32Cube/Repository/STM32Cube_FW_F7_V1.17.4/Drivers/STM32F7xx_HAL_Driver/Src/stm32f7xx_hal_pcd_ex.c" -mcpu=cortex-m7 -std=gnu11 -g3 -DDEBUG -DUSE_HAL_DRIVER -DSTM32F722xx -c -I../USB_DEVICE/App -I../USB_DEVICE/Target -I../Core/Inc -I/Users/liufangzheng/STM32Cube/Repository/STM32Cube_FW_F7_V1.17.4/Drivers/STM32F7xx_HAL_Driver/Inc -I/Users/liufangzheng/STM32Cube/Repository/STM32Cube_FW_F7_V1.17.4/Drivers/STM32F7xx_HAL_Driver/Inc/Legacy -I/Users/liufangzheng/STM32Cube/Repository/STM32Cube_FW_F7_V1.17.4/Middlewares/ST/STM32_USB_Device_Library/Core/Inc -I/Users/liufangzheng/STM32Cube/Repository/STM32Cube_FW_F7_V1.17.4/Middlewares/ST/STM32_USB_Device_Library/Class/CDC/Inc -I/Users/liufangzheng/STM32Cube/Repository/STM32Cube_FW_F7_V1.17.4/Drivers/CMSIS/Device/ST/STM32F7xx/Include -I/Users/liufangzheng/STM32Cube/Repository/STM32Cube_FW_F7_V1.17.4/Drivers/CMSIS/Include -O0 -ffunction-sections -fdata-sections -Wall -fstack-usage -fcyclomatic-complexity -MMD -MP -MF"Drivers/STM32F7xx_HAL_Driver/stm32f7xx_hal_pcd_ex.d" -MT"Drivers/STM32F7xx_HAL_Driver/stm32f7xx_hal_pcd_ex.o" --specs=nano.specs -mfpu=fpv5-sp-d16 -mfloat-abi=hard -mthumb -o "Drivers/STM32F7xx_HAL_Driver/stm32f7xx_hal_pcd_ex.o"
arm-none-eabi-gcc "/Users/liufangzheng/STM32Cube/Repository/STM32Cube_FW_F7_V1.17.4/Drivers/STM32F7xx_HAL_Driver/Src/stm32f7xx_hal_pwr.c" -mcpu=cortex-m7 -std=gnu11 -g3 -DDEBUG -DUSE_HAL_DRIVER -DSTM32F722xx -c -I../USB_DEVICE/App -I../USB_DEVICE/Target -I../Core/Inc -I/Users/liufangzheng/STM32Cube/Repository/STM32Cube_FW_F7_V1.17.4/Drivers/STM32F7xx_HAL_Driver/Inc -I/Users/liufangzheng/STM32Cube/Repository/STM32Cube_FW_F7_V1.17.4/Drivers/STM32F7xx_HAL_Driver/Inc/Legacy -I/Users/liufangzheng/STM32Cube/Repository/STM32Cube_FW_F7_V1.17.4/Middlewares/ST/STM32_USB_Device_Library/Core/Inc -I/Users/liufangzheng/STM32Cube/Repository/STM32Cube_FW_F7_V1.17.4/Middlewares/ST/STM32_USB_Device_Library/Class/CDC/Inc -I/Users/liufangzheng/STM32Cube/Repository/STM32Cube_FW_F7_V1.17.4/Drivers/CMSIS/Device/ST/STM32F7xx/Include -I/Users/liufangzheng/STM32Cube/Repository/STM32Cube_FW_F7_V1.17.4/Drivers/CMSIS/Include -O0 -ffunction-sections -fdata-sections -Wall -fstack-usage -fcyclomatic-complexity -MMD -MP -MF"Drivers/STM32F7xx_HAL_Driver/stm32f7xx_hal_pwr.d" -MT"Drivers/STM32F7xx_HAL_Driver/stm32f7xx_hal_pwr.o" --specs=nano.specs -mfpu=fpv5-sp-d16 -mfloat-abi=hard -mthumb -o "Drivers/STM32F7xx_HAL_Driver/stm32f7xx_hal_pwr.o"
arm-none-eabi-gcc "/Users/liufangzheng/STM32Cube/Repository/STM32Cube_FW_F7_V1.17.4/Drivers/STM32F7xx_HAL_Driver/Src/stm32f7xx_hal_pwr_ex.c" -mcpu=cortex-m7 -std=gnu11 -g3 -DDEBUG -DUSE_HAL_DRIVER -DSTM32F722xx -c -I../USB_DEVICE/App -I../USB_DEVICE/Target -I../Core/Inc -I/Users/liufangzheng/STM32Cube/Repository/STM32Cube_FW_F7_V1.17.4/Drivers/STM32F7xx_HAL_Driver/Inc -I/Users/liufangzheng/STM32Cube/Repository/STM32Cube_FW_F7_V1.17.4/Drivers/STM32F7xx_HAL_Driver/Inc/Legacy -I/Users/liufangzheng/STM32Cube/Repository/STM32Cube_FW_F7_V1.17.4/Middlewares/ST/STM32_USB_Device_Library/Core/Inc -I/Users/liufangzheng/STM32Cube/Repository/STM32Cube_FW_F7_V1.17.4/Middlewares/ST/STM32_USB_Device_Library/Class/CDC/Inc -I/Users/liufangzheng/STM32Cube/Repository/STM32Cube_FW_F7_V1.17.4/Drivers/CMSIS/Device/ST/STM32F7xx/Include -I/Users/liufangzheng/STM32Cube/Repository/STM32Cube_FW_F7_V1.17.4/Drivers/CMSIS/Include -O0 -ffunction-sections -fdata-sections -Wall -fstack-usage -fcyclomatic-complexity -MMD -MP -MF"Drivers/STM32F7xx_HAL_Driver/stm32f7xx_hal_pwr_ex.d" -MT"Drivers/STM32F7xx_HAL_Driver/stm32f7xx_hal_pwr_ex.o" --specs=nano.specs -mfpu=fpv5-sp-d16 -mfloat-abi=hard -mthumb -o "Drivers/STM32F7xx_HAL_Driver/stm32f7xx_hal_pwr_ex.o"
arm-none-eabi-gcc "/Users/liufangzheng/STM32Cube/Repository/STM32Cube_FW_F7_V1.17.4/Drivers/STM32F7xx_HAL_Driver/Src/stm32f7xx_hal_rcc.c" -mcpu=cortex-m7 -std=gnu11 -g3 -DDEBUG -DUSE_HAL_DRIVER -DSTM32F722xx -c -I../USB_DEVICE/App -I../USB_DEVICE/Target -I../Core/Inc -I/Users/liufangzheng/STM32Cube/Repository/STM32Cube_FW_F7_V1.17.4/Drivers/STM32F7xx_HAL_Driver/Inc -I/Users/liufangzheng/STM32Cube/Repository/STM32Cube_FW_F7_V1.17.4/Drivers/STM32F7xx_HAL_Driver/Inc/Legacy -I/Users/liufangzheng/STM32Cube/Repository/STM32Cube_FW_F7_V1.17.4/Middlewares/ST/STM32_USB_Device_Library/Core/Inc -I/Users/liufangzheng/STM32Cube/Repository/STM32Cube_FW_F7_V1.17.4/Middlewares/ST/STM32_USB_Device_Library/Class/CDC/Inc -I/Users/liufangzheng/STM32Cube/Repository/STM32Cube_FW_F7_V1.17.4/Drivers/CMSIS/Device/ST/STM32F7xx/Include -I/Users/liufangzheng/STM32Cube/Repository/STM32Cube_FW_F7_V1.17.4/Drivers/CMSIS/Include -O0 -ffunction-sections -fdata-sections -Wall -fstack-usage -fcyclomatic-complexity -MMD -MP -MF"Drivers/STM32F7xx_HAL_Driver/stm32f7xx_hal_rcc.d" -MT"Drivers/STM32F7xx_HAL_Driver/stm32f7xx_hal_rcc.o" --specs=nano.specs -mfpu=fpv5-sp-d16 -mfloat-abi=hard -mthumb -o "Drivers/STM32F7xx_HAL_Driver/stm32f7xx_hal_rcc.o"
arm-none-eabi-gcc "/Users/liufangzheng/STM32Cube/Repository/STM32Cube_FW_F7_V1.17.4/Drivers/STM32F7xx_HAL_Driver/Src/stm32f7xx_hal_rcc_ex.c" -mcpu=cortex-m7 -std=gnu11 -g3 -DDEBUG -DUSE_HAL_DRIVER -DSTM32F722xx -c -I../USB_DEVICE/App -I../USB_DEVICE/Target -I../Core/Inc -I/Users/liufangzheng/STM32Cube/Repository/STM32Cube_FW_F7_V1.17.4/Drivers/STM32F7xx_HAL_Driver/Inc -I/Users/liufangzheng/STM32Cube/Repository/STM32Cube_FW_F7_V1.17.4/Drivers/STM32F7xx_HAL_Driver/Inc/Legacy -I/Users/liufangzheng/STM32Cube/Repository/STM32Cube_FW_F7_V1.17.4/Middlewares/ST/STM32_USB_Device_Library/Core/Inc -I/Users/liufangzheng/STM32Cube/Repository/STM32Cube_FW_F7_V1.17.4/Middlewares/ST/STM32_USB_Device_Library/Class/CDC/Inc -I/Users/liufangzheng/STM32Cube/Repository/STM32Cube_FW_F7_V1.17.4/Drivers/CMSIS/Device/ST/STM32F7xx/Include -I/Users/liufangzheng/STM32Cube/Repository/STM32Cube_FW_F7_V1.17.4/Drivers/CMSIS/Include -O0 -ffunction-sections -fdata-sections -Wall -fstack-usage -fcyclomatic-complexity -MMD -MP -MF"Drivers/STM32F7xx_HAL_Driver/stm32f7xx_hal_rcc_ex.d" -MT"Drivers/STM32F7xx_HAL_Driver/stm32f7xx_hal_rcc_ex.o" --specs=nano.specs -mfpu=fpv5-sp-d16 -mfloat-abi=hard -mthumb -o "Drivers/STM32F7xx_HAL_Driver/stm32f7xx_hal_rcc_ex.o"
arm-none-eabi-gcc "/Users/liufangzheng/STM32Cube/Repository/STM32Cube_FW_F7_V1.17.4/Drivers/STM32F7xx_HAL_Driver/Src/stm32f7xx_hal_spi.c" -mcpu=cortex-m7 -std=gnu11 -g3 -DDEBUG -DUSE_HAL_DRIVER -DSTM32F722xx -c -I../USB_DEVICE/App -I../USB_DEVICE/Target -I../Core/Inc -I/Users/liufangzheng/STM32Cube/Repository/STM32Cube_FW_F7_V1.17.4/Drivers/STM32F7xx_HAL_Driver/Inc -I/Users/liufangzheng/STM32Cube/Repository/STM32Cube_FW_F7_V1.17.4/Drivers/STM32F7xx_HAL_Driver/Inc/Legacy -I/Users/liufangzheng/STM32Cube/Repository/STM32Cube_FW_F7_V1.17.4/Middlewares/ST/STM32_USB_Device_Library/Core/Inc -I/Users/liufangzheng/STM32Cube/Repository/STM32Cube_FW_F7_V1.17.4/Middlewares/ST/STM32_USB_Device_Library/Class/CDC/Inc -I/Users/liufangzheng/STM32Cube/Repository/STM32Cube_FW_F7_V1.17.4/Drivers/CMSIS/Device/ST/STM32F7xx/Include -I/Users/liufangzheng/STM32Cube/Repository/STM32Cube_FW_F7_V1.17.4/Drivers/CMSIS/Include -O0 -ffunction-sections -fdata-sections -Wall -fstack-usage -fcyclomatic-complexity -MMD -MP -MF"Drivers/STM32F7xx_HAL_Driver/stm32f7xx_hal_spi.d" -MT"Drivers/STM32F7xx_HAL_Driver/stm32f7xx_hal_spi.o" --specs=nano.specs -mfpu=fpv5-sp-d16 -mfloat-abi=hard -mthumb -o "Drivers/STM32F7xx_HAL_Driver/stm32f7xx_hal_spi.o"
arm-none-eabi-gcc "/Users/liufangzheng/STM32Cube/Repository/STM32Cube_FW_F7_V1.17.4/Drivers/STM32F7xx_HAL_Driver/Src/stm32f7xx_hal_spi_ex.c" -mcpu=cortex-m7 -std=gnu11 -g3 -DDEBUG -DUSE_HAL_DRIVER -DSTM32F722xx -c -I../USB_DEVICE/App -I../USB_DEVICE/Target -I../Core/Inc -I/Users/liufangzheng/STM32Cube/Repository/STM32Cube_FW_F7_V1.17.4/Drivers/STM32F7xx_HAL_Driver/Inc -I/Users/liufangzheng/STM32Cube/Repository/STM32Cube_FW_F7_V1.17.4/Drivers/STM32F7xx_HAL_Driver/Inc/Legacy -I/Users/liufangzheng/STM32Cube/Repository/STM32Cube_FW_F7_V1.17.4/Middlewares/ST/STM32_USB_Device_Library/Core/Inc -I/Users/liufangzheng/STM32Cube/Repository/STM32Cube_FW_F7_V1.17.4/Middlewares/ST/STM32_USB_Device_Library/Class/CDC/Inc -I/Users/liufangzheng/STM32Cube/Repository/STM32Cube_FW_F7_V1.17.4/Drivers/CMSIS/Device/ST/STM32F7xx/Include -I/Users/liufangzheng/STM32Cube/Repository/STM32Cube_FW_F7_V1.17.4/Drivers/CMSIS/Include -O0 -ffunction-sections -fdata-sections -Wall -fstack-usage -fcyclomatic-complexity -MMD -MP -MF"Drivers/STM32F7xx_HAL_Driver/stm32f7xx_hal_spi_ex.d" -MT"Drivers/STM32F7xx_HAL_Driver/stm32f7xx_hal_spi_ex.o" --specs=nano.specs -mfpu=fpv5-sp-d16 -mfloat-abi=hard -mthumb -o "Drivers/STM32F7xx_HAL_Driver/stm32f7xx_hal_spi_ex.o"
arm-none-eabi-gcc "/Users/liufangzheng/STM32Cube/Repository/STM32Cube_FW_F7_V1.17.4/Drivers/STM32F7xx_HAL_Driver/Src/stm32f7xx_ll_usb.c" -mcpu=cortex-m7 -std=gnu11 -g3 -DDEBUG -DUSE_HAL_DRIVER -DSTM32F722xx -c -I../USB_DEVICE/App -I../USB_DEVICE/Target -I../Core/Inc -I/Users/liufangzheng/STM32Cube/Repository/STM32Cube_FW_F7_V1.17.4/Drivers/STM32F7xx_HAL_Driver/Inc -I/Users/liufangzheng/STM32Cube/Repository/STM32Cube_FW_F7_V1.17.4/Drivers/STM32F7xx_HAL_Driver/Inc/Legacy -I/Users/liufangzheng/STM32Cube/Repository/STM32Cube_FW_F7_V1.17.4/Middlewares/ST/STM32_USB_Device_Library/Core/Inc -I/Users/liufangzheng/STM32Cube/Repository/STM32Cube_FW_F7_V1.17.4/Middlewares/ST/STM32_USB_Device_Library/Class/CDC/Inc -I/Users/liufangzheng/STM32Cube/Repository/STM32Cube_FW_F7_V1.17.4/Drivers/CMSIS/Device/ST/STM32F7xx/Include -I/Users/liufangzheng/STM32Cube/Repository/STM32Cube_FW_F7_V1.17.4/Drivers/CMSIS/Include -O0 -ffunction-sections -fdata-sections -Wall -fstack-usage -fcyclomatic-complexity -MMD -MP -MF"Drivers/STM32F7xx_HAL_Driver/stm32f7xx_ll_usb.d" -MT"Drivers/STM32F7xx_HAL_Driver/stm32f7xx_ll_usb.o" --specs=nano.specs -mfpu=fpv5-sp-d16 -mfloat-abi=hard -mthumb -o "Drivers/STM32F7xx_HAL_Driver/stm32f7xx_ll_usb.o"
arm-none-eabi-gcc -mcpu=cortex-m7 -g3 -DDEBUG -c -x assembler-with-cpp -MMD -MP -MF"Core/Startup/startup_stm32f722retx.d" -MT"Core/Startup/startup_stm32f722retx.o" --specs=nano.specs -mfpu=fpv5-sp-d16 -mfloat-abi=hard -mthumb -o "Core/Startup/startup_stm32f722retx.o" "../Core/Startup/startup_stm32f722retx.s"
arm-none-eabi-gcc "../Core/Src/DW3000_FZ.c" -mcpu=cortex-m7 -std=gnu11 -g3 -DDEBUG -DUSE_HAL_DRIVER -DSTM32F722xx -c -I../USB_DEVICE/App -I../USB_DEVICE/Target -I../Core/Inc -I/Users/liufangzheng/STM32Cube/Repository/STM32Cube_FW_F7_V1.17.4/Drivers/STM32F7xx_HAL_Driver/Inc -I/Users/liufangzheng/STM32Cube/Repository/STM32Cube_FW_F7_V1.17.4/Drivers/STM32F7xx_HAL_Driver/Inc/Legacy -I/Users/liufangzheng/STM32Cube/Repository/STM32Cube_FW_F7_V1.17.4/Middlewares/ST/STM32_USB_Device_Library/Core/Inc -I/Users/liufangzheng/STM32Cube/Repository/STM32Cube_FW_F7_V1.17.4/Middlewares/ST/STM32_USB_Device_Library/Class/CDC/Inc -I/Users/liufangzheng/STM32Cube/Repository/STM32Cube_FW_F7_V1.17.4/Drivers/CMSIS/Device/ST/STM32F7xx/Include -I/Users/liufangzheng/STM32Cube/Repository/STM32Cube_FW_F7_V1.17.4/Drivers/CMSIS/Include -O0 -ffunction-sections -fdata-sections -Wall -fstack-usage -fcyclomatic-complexity -MMD -MP -MF"Core/Src/DW3000_FZ.d" -MT"Core/Src/DW3000_FZ.o" --specs=nano.specs -mfpu=fpv5-sp-d16 -mfloat-abi=hard -mthumb -o "Core/Src/DW3000_FZ.o"
arm-none-eabi-gcc "../Core/Src/DW3000_recv_test_FZ.c" -mcpu=cortex-m7 -std=gnu11 -g3 -DDEBUG -DUSE_HAL_DRIVER -DSTM32F722xx -c -I../USB_DEVICE/App -I../USB_DEVICE/Target -I../Core/Inc -I/Users/liufangzheng/STM32Cube/Repository/STM32Cube_FW_F7_V1.17.4/Drivers/STM32F7xx_HAL_Driver/Inc -I/Users/liufangzheng/STM32Cube/Repository/STM32Cube_FW_F7_V1.17.4/Drivers/STM32F7xx_HAL_Driver/Inc/Legacy -I/Users/liufangzheng/STM32Cube/Repository/STM32Cube_FW_F7_V1.17.4/Middlewares/ST/STM32_USB_Device_Library/Core/Inc -I/Users/liufangzheng/STM32Cube/Repository/STM32Cube_FW_F7_V1.17.4/Middlewares/ST/STM32_USB_Device_Library/Class/CDC/Inc -I/Users/liufangzheng/STM32Cube/Repository/STM32Cube_FW_F7_V1.17.4/Drivers/CMSIS/Device/ST/STM32F7xx/Include -I/Users/liufangzheng/STM32Cube/Repository/STM32Cube_FW_F7_V1.17.4/Drivers/CMSIS/Include -O0 -ffunction-sections -fdata-sections -Wall -fstack-usage -fcyclomatic-complexity -MMD -MP -MF"Core/Src/DW3000_recv_test_FZ.d" -MT"Core/Src/DW3000_recv_test_FZ.o" --specs=nano.specs -mfpu=fpv5-sp-d16 -mfloat-abi=hard -mthumb -o "Core/Src/DW3000_recv_test_FZ.o"
arm-none-eabi-gcc "../Core/Src/DW3000_send_test_FZ.c" -mcpu=cortex-m7 -std=gnu11 -g3 -DDEBUG -DUSE_HAL_DRIVER -DSTM32F722xx -c -I../USB_DEVICE/App -I../USB_DEVICE/Target -I../Core/Inc -I/Users/liufangzheng/STM32Cube/Repository/STM32Cube_FW_F7_V1.17.4/Drivers/STM32F7xx_HAL_Driver/Inc -I/Users/liufangzheng/STM32Cube/Repository/STM32Cube_FW_F7_V1.17.4/Drivers/STM32F7xx_HAL_Driver/Inc/Legacy -I/Users/liufangzheng/STM32Cube/Repository/STM32Cube_FW_F7_V1.17.4/Middlewares/ST/STM32_USB_Device_Library/Core/Inc -I/Users/liufangzheng/STM32Cube/Repository/STM32Cube_FW_F7_V1.17.4/Middlewares/ST/STM32_USB_Device_Library/Class/CDC/Inc -I/Users/liufangzheng/STM32Cube/Repository/STM32Cube_FW_F7_V1.17.4/Drivers/CMSIS/Device/ST/STM32F7xx/Include -I/Users/liufangzheng/STM32Cube/Repository/STM32Cube_FW_F7_V1.17.4/Drivers/CMSIS/Include -O0 -ffunction-sections -fdata-sections -Wall -fstack-usage -fcyclomatic-complexity -MMD -MP -MF"Core/Src/DW3000_send_test_FZ.d" -MT"Core/Src/DW3000_send_test_FZ.o" --specs=nano.specs -mfpu=fpv5-sp-d16 -mfloat-abi=hard -mthumb -o "Core/Src/DW3000_send_test_FZ.o"
arm-none-eabi-gcc "../Core/Src/HS_system.c" -mcpu=cortex-m7 -std=gnu11 -g3 -DDEBUG -DUSE_HAL_DRIVER -DSTM32F722xx -c -I../USB_DEVICE/App -I../USB_DEVICE/Target -I../Core/Inc -I/Users/liufangzheng/STM32Cube/Repository/STM32Cube_FW_F7_V1.17.4/Drivers/STM32F7xx_HAL_Driver/Inc -I/Users/liufangzheng/STM32Cube/Repository/STM32Cube_FW_F7_V1.17.4/Drivers/STM32F7xx_HAL_Driver/Inc/Legacy -I/Users/liufangzheng/STM32Cube/Repository/STM32Cube_FW_F7_V1.17.4/Middlewares/ST/STM32_USB_Device_Library/Core/Inc -I/Users/liufangzheng/STM32Cube/Repository/STM32Cube_FW_F7_V1.17.4/Middlewares/ST/STM32_USB_Device_Library/Class/CDC/Inc -I/Users/liufangzheng/STM32Cube/Repository/STM32Cube_FW_F7_V1.17.4/Drivers/CMSIS/Device/ST/STM32F7xx/Include -I/Users/liufangzheng/STM32Cube/Repository/STM32Cube_FW_F7_V1.17.4/Drivers/CMSIS/Include -O0 -ffunction-sections -fdata-sections -Wall -fstack-usage -fcyclomatic-complexity -MMD -MP -MF"Core/Src/HS_system.d" -MT"Core/Src/HS_system.o" --specs=nano.specs -mfpu=fpv5-sp-d16 -mfloat-abi=hard -mthumb -o "Core/Src/HS_system.o"
arm-none-eabi-gcc "../Core/Src/PDoA_FZ.c" -mcpu=cortex-m7 -std=gnu11 -g3 -DDEBUG -DUSE_HAL_DRIVER -DSTM32F722xx -c -I../USB_DEVICE/App -I../USB_DEVICE/Target -I../Core/Inc -I/Users/liufangzheng/STM32Cube/Repository/STM32Cube_FW_F7_V1.17.4/Drivers/STM32F7xx_HAL_Driver/Inc -I/Users/liufangzheng/STM32Cube/Repository/STM32Cube_FW_F7_V1.17.4/Drivers/STM32F7xx_HAL_Driver/Inc/Legacy -I/Users/liufangzheng/STM32Cube/Repository/STM32Cube_FW_F7_V1.17.4/Middlewares/ST/STM32_USB_Device_Library/Core/Inc -I/Users/liufangzheng/STM32Cube/Repository/STM32Cube_FW_F7_V1.17.4/Middlewares/ST/STM32_USB_Device_Library/Class/CDC/Inc -I/Users/liufangzheng/STM32Cube/Repository/STM32Cube_FW_F7_V1.17.4/Drivers/CMSIS/Device/ST/STM32F7xx/Include -I/Users/liufangzheng/STM32Cube/Repository/STM32Cube_FW_F7_V1.17.4/Drivers/CMSIS/Include -O0 -ffunction-sections -fdata-sections -Wall -fstack-usage -fcyclomatic-complexity -MMD -MP -MF"Core/Src/PDoA_FZ.d" -MT"Core/Src/PDoA_FZ.o" --specs=nano.specs -mfpu=fpv5-sp-d16 -mfloat-abi=hard -mthumb -o "Core/Src/PDoA_FZ.o"
arm-none-eabi-gcc "../Core/Src/main.c" -mcpu=cortex-m7 -std=gnu11 -g3 -DDEBUG -DUSE_HAL_DRIVER -DSTM32F722xx -c -I../USB_DEVICE/App -I../USB_DEVICE/Target -I../Core/Inc -I/Users/liufangzheng/STM32Cube/Repository/STM32Cube_FW_F7_V1.17.4/Drivers/STM32F7xx_HAL_Driver/Inc -I/Users/liufangzheng/STM32Cube/Repository/STM32Cube_FW_F7_V1.17.4/Drivers/STM32F7xx_HAL_Driver/Inc/Legacy -I/Users/liufangzheng/STM32Cube/Repository/STM32Cube_FW_F7_V1.17.4/Middlewares/ST/STM32_USB_Device_Library/Core/Inc -I/Users/liufangzheng/STM32Cube/Repository/STM32Cube_FW_F7_V1.17.4/Middlewares/ST/STM32_USB_Device_Library/Class/CDC/Inc -I/Users/liufangzheng/STM32Cube/Repository/STM32Cube_FW_F7_V1.17.4/Drivers/CMSIS/Device/ST/STM32F7xx/Include -I/Users/liufangzheng/STM32Cube/Repository/STM32Cube_FW_F7_V1.17.4/Drivers/CMSIS/Include -O0 -ffunction-sections -fdata-sections -Wall -fstack-usage -fcyclomatic-complexity -MMD -MP -MF"Core/Src/main.d" -MT"Core/Src/main.o" --specs=nano.specs -mfpu=fpv5-sp-d16 -mfloat-abi=hard -mthumb -o "Core/Src/main.o"
arm-none-eabi-gcc "../Core/Src/stm32f7xx_hal_msp.c" -mcpu=cortex-m7 -std=gnu11 -g3 -DDEBUG -DUSE_HAL_DRIVER -DSTM32F722xx -c -I../USB_DEVICE/App -I../USB_DEVICE/Target -I../Core/Inc -I/Users/liufangzheng/STM32Cube/Repository/STM32Cube_FW_F7_V1.17.4/Drivers/STM32F7xx_HAL_Driver/Inc -I/Users/liufangzheng/STM32Cube/Repository/STM32Cube_FW_F7_V1.17.4/Drivers/STM32F7xx_HAL_Driver/Inc/Legacy -I/Users/liufangzheng/STM32Cube/Repository/STM32Cube_FW_F7_V1.17.4/Middlewares/ST/STM32_USB_Device_Library/Core/Inc -I/Users/liufangzheng/STM32Cube/Repository/STM32Cube_FW_F7_V1.17.4/Middlewares/ST/STM32_USB_Device_Library/Class/CDC/Inc -I/Users/liufangzheng/STM32Cube/Repository/STM32Cube_FW_F7_V1.17.4/Drivers/CMSIS/Device/ST/STM32F7xx/Include -I/Users/liufangzheng/STM32Cube/Repository/STM32Cube_FW_F7_V1.17.4/Drivers/CMSIS/Include -O0 -ffunction-sections -fdata-sections -Wall -fstack-usage -fcyclomatic-complexity -MMD -MP -MF"Core/Src/stm32f7xx_hal_msp.d" -MT"Core/Src/stm32f7xx_hal_msp.o" --specs=nano.specs -mfpu=fpv5-sp-d16 -mfloat-abi=hard -mthumb -o "Core/Src/stm32f7xx_hal_msp.o"
arm-none-eabi-gcc "../Core/Src/stm32f7xx_it.c" -mcpu=cortex-m7 -std=gnu11 -g3 -DDEBUG -DUSE_HAL_DRIVER -DSTM32F722xx -c -I../USB_DEVICE/App -I../USB_DEVICE/Target -I../Core/Inc -I/Users/liufangzheng/STM32Cube/Repository/STM32Cube_FW_F7_V1.17.4/Drivers/STM32F7xx_HAL_Driver/Inc -I/Users/liufangzheng/STM32Cube/Repository/STM32Cube_FW_F7_V1.17.4/Drivers/STM32F7xx_HAL_Driver/Inc/Legacy -I/Users/liufangzheng/STM32Cube/Repository/STM32Cube_FW_F7_V1.17.4/Middlewares/ST/STM32_USB_Device_Library/Core/Inc -I/Users/liufangzheng/STM32Cube/Repository/STM32Cube_FW_F7_V1.17.4/Middlewares/ST/STM32_USB_Device_Library/Class/CDC/Inc -I/Users/liufangzheng/STM32Cube/Repository/STM32Cube_FW_F7_V1.17.4/Drivers/CMSIS/Device/ST/STM32F7xx/Include -I/Users/liufangzheng/STM32Cube/Repository/STM32Cube_FW_F7_V1.17.4/Drivers/CMSIS/Include -O0 -ffunction-sections -fdata-sections -Wall -fstack-usage -fcyclomatic-complexity -MMD -MP -MF"Core/Src/stm32f7xx_it.d" -MT"Core/Src/stm32f7xx_it.o" --specs=nano.specs -mfpu=fpv5-sp-d16 -mfloat-abi=hard -mthumb -o "Core/Src/stm32f7xx_it.o"
arm-none-eabi-gcc "../Core/Src/syscalls.c" -mcpu=cortex-m7 -std=gnu11 -g3 -DDEBUG -DUSE_HAL_DRIVER -DSTM32F722xx -c -I../USB_DEVICE/App -I../USB_DEVICE/Target -I../Core/Inc -I/Users/liufangzheng/STM32Cube/Repository/STM32Cube_FW_F7_V1.17.4/Drivers/STM32F7xx_HAL_Driver/Inc -I/Users/liufangzheng/STM32Cube/Repository/STM32Cube_FW_F7_V1.17.4/Drivers/STM32F7xx_HAL_Driver/Inc/Legacy -I/Users/liufangzheng/STM32Cube/Repository/STM32Cube_FW_F7_V1.17.4/Middlewares/ST/STM32_USB_Device_Library/Core/Inc -I/Users/liufangzheng/STM32Cube/Repository/STM32Cube_FW_F7_V1.17.4/Middlewares/ST/STM32_USB_Device_Library/Class/CDC/Inc -I/Users/liufangzheng/STM32Cube/Repository/STM32Cube_FW_F7_V1.17.4/Drivers/CMSIS/Device/ST/STM32F7xx/Include -I/Users/liufangzheng/STM32Cube/Repository/STM32Cube_FW_F7_V1.17.4/Drivers/CMSIS/Include -O0 -ffunction-sections -fdata-sections -Wall -fstack-usage -fcyclomatic-complexity -MMD -MP -MF"Core/Src/syscalls.d" -MT"Core/Src/syscalls.o" --specs=nano.specs -mfpu=fpv5-sp-d16 -mfloat-abi=hard -mthumb -o "Core/Src/syscalls.o"
arm-none-eabi-gcc "../Core/Src/sysmem.c" -mcpu=cortex-m7 -std=gnu11 -g3 -DDEBUG -DUSE_HAL_DRIVER -DSTM32F722xx -c -I../USB_DEVICE/App -I../USB_DEVICE/Target -I../Core/Inc -I/Users/liufangzheng/STM32Cube/Repository/STM32Cube_FW_F7_V1.17.4/Drivers/STM32F7xx_HAL_Driver/Inc -I/Users/liufangzheng/STM32Cube/Repository/STM32Cube_FW_F7_V1.17.4/Drivers/STM32F7xx_HAL_Driver/Inc/Legacy -I/Users/liufangzheng/STM32Cube/Repository/STM32Cube_FW_F7_V1.17.4/Middlewares/ST/STM32_USB_Device_Library/Core/Inc -I/Users/liufangzheng/STM32Cube/Repository/STM32Cube_FW_F7_V1.17.4/Middlewares/ST/STM32_USB_Device_Library/Class/CDC/Inc -I/Users/liufangzheng/STM32Cube/Repository/STM32Cube_FW_F7_V1.17.4/Drivers/CMSIS/Device/ST/STM32F7xx/Include -I/Users/liufangzheng/STM32Cube/Repository/STM32Cube_FW_F7_V1.17.4/Drivers/CMSIS/Include -O0 -ffunction-sections -fdata-sections -Wall -fstack-usage -fcyclomatic-complexity -MMD -MP -MF"Core/Src/sysmem.d" -MT"Core/Src/sysmem.o" --specs=nano.specs -mfpu=fpv5-sp-d16 -mfloat-abi=hard -mthumb -o "Core/Src/sysmem.o"
arm-none-eabi-gcc "../Core/Src/system_stm32f7xx.c" -mcpu=cortex-m7 -std=gnu11 -g3 -DDEBUG -DUSE_HAL_DRIVER -DSTM32F722xx -c -I../USB_DEVICE/App -I../USB_DEVICE/Target -I../Core/Inc -I/Users/liufangzheng/STM32Cube/Repository/STM32Cube_FW_F7_V1.17.4/Drivers/STM32F7xx_HAL_Driver/Inc -I/Users/liufangzheng/STM32Cube/Repository/STM32Cube_FW_F7_V1.17.4/Drivers/STM32F7xx_HAL_Driver/Inc/Legacy -I/Users/liufangzheng/STM32Cube/Repository/STM32Cube_FW_F7_V1.17.4/Middlewares/ST/STM32_USB_Device_Library/Core/Inc -I/Users/liufangzheng/STM32Cube/Repository/STM32Cube_FW_F7_V1.17.4/Middlewares/ST/STM32_USB_Device_Library/Class/CDC/Inc -I/Users/liufangzheng/STM32Cube/Repository/STM32Cube_FW_F7_V1.17.4/Drivers/CMSIS/Device/ST/STM32F7xx/Include -I/Users/liufangzheng/STM32Cube/Repository/STM32Cube_FW_F7_V1.17.4/Drivers/CMSIS/Include -O0 -ffunction-sections -fdata-sections -Wall -fstack-usage -fcyclomatic-complexity -MMD -MP -MF"Core/Src/system_stm32f7xx.d" -MT"Core/Src/system_stm32f7xx.o" --specs=nano.specs -mfpu=fpv5-sp-d16 -mfloat-abi=hard -mthumb -o "Core/Src/system_stm32f7xx.o"
arm-none-eabi-gcc -u _printf_float -o "PDoA.elf" @"objects.list"   -mcpu=cortex-m7 -T"/Users/liufangzheng/Documents/Lab/github/HexSense_MIT/firmware/STM32F722/DW3220/Mac/PDoA/STM32F722RETX_FLASH.ld" --specs=nosys.specs -Wl,-Map="PDoA.map" -Wl,--gc-sections -static --specs=nano.specs -mfpu=fpv5-sp-d16 -mfloat-abi=hard -mthumb -Wl,--start-group -lc -lm -Wl,--end-group
Finished building target: PDoA.elf
 
arm-none-eabi-size  PDoA.elf 
arm-none-eabi-objdump -h -S PDoA.elf  > "PDoA.list"
   text	   data	    bss	    dec	    hex	filename
  57296	    748	   8772	  66816	  10500	PDoA.elf
Finished building: default.size.stdout
 
Finished building: PDoA.list
 
17:25:10 **** Incremental Build of configuration Debug for project PDoA ****
make -j15 all 
arm-none-eabi-size  PDoA.elf 
   text	   data	    bss	    dec	    hex	filename
  57296	    748	   8772	  66816	  10500	PDoA.elf
Finished building: default.size.stdout
 
17:25:34 **** Incremental Build of configuration Debug for project PDoA ****
make -j15 all 
arm-none-eabi-gcc "../Core/Src/main.c" -mcpu=cortex-m7 -std=gnu11 -g3 -DDEBUG -DUSE_HAL_DRIVER -DSTM32F722xx -c -I../USB_DEVICE/App -I../USB_DEVICE/Target -I../Core/Inc -I/Users/liufangzheng/STM32Cube/Repository/STM32Cube_FW_F7_V1.17.4/Drivers/STM32F7xx_HAL_Driver/Inc -I/Users/liufangzheng/STM32Cube/Repository/STM32Cube_FW_F7_V1.17.4/Drivers/STM32F7xx_HAL_Driver/Inc/Legacy -I/Users/liufangzheng/STM32Cube/Repository/STM32Cube_FW_F7_V1.17.4/Middlewares/ST/STM32_USB_Device_Library/Core/Inc -I/Users/liufangzheng/STM32Cube/Repository/STM32Cube_FW_F7_V1.17.4/Middlewares/ST/STM32_USB_Device_Library/Class/CDC/Inc -I/Users/liufangzheng/STM32Cube/Repository/STM32Cube_FW_F7_V1.17.4/Drivers/CMSIS/Device/ST/STM32F7xx/Include -I/Users/liufangzheng/STM32Cube/Repository/STM32Cube_FW_F7_V1.17.4/Drivers/CMSIS/Include -O0 -ffunction-sections -fdata-sections -Wall -fstack-usage -fcyclomatic-complexity -MMD -MP -MF"Core/Src/main.d" -MT"Core/Src/main.o" --specs=nano.specs -mfpu=fpv5-sp-d16 -mfloat-abi=hard -mthumb -o "Core/Src/main.o"
arm-none-eabi-gcc -u _printf_float -o "PDoA.elf" @"objects.list"   -mcpu=cortex-m7 -T"/Users/liufangzheng/Documents/Lab/github/HexSense_MIT/firmware/STM32F722/DW3220/Mac/PDoA/STM32F722RETX_FLASH.ld" --specs=nosys.specs -Wl,-Map="PDoA.map" -Wl,--gc-sections -static --specs=nano.specs -mfpu=fpv5-sp-d16 -mfloat-abi=hard -mthumb -Wl,--start-group -lc -lm -Wl,--end-group
Finished building target: PDoA.elf
 
arm-none-eabi-size  PDoA.elf 
arm-none-eabi-objdump -h -S PDoA.elf  > "PDoA.list"
   text	   data	    bss	    dec	    hex	filename
  57296	    752	   8768	  66816	  10500	PDoA.elf
Finished building: default.size.stdout
 
Finished building: PDoA.list
 
17:29:05 **** Incremental Build of configuration Debug for project PDoA ****
make -j15 all 
arm-none-eabi-gcc "../USB_DEVICE/App/usbd_cdc_if.c" -mcpu=cortex-m7 -std=gnu11 -g3 -DDEBUG -DUSE_HAL_DRIVER -DSTM32F722xx -c -I../USB_DEVICE/App -I../USB_DEVICE/Target -I../Core/Inc -I/Users/liufangzheng/STM32Cube/Repository/STM32Cube_FW_F7_V1.17.4/Drivers/STM32F7xx_HAL_Driver/Inc -I/Users/liufangzheng/STM32Cube/Repository/STM32Cube_FW_F7_V1.17.4/Drivers/STM32F7xx_HAL_Driver/Inc/Legacy -I/Users/liufangzheng/STM32Cube/Repository/STM32Cube_FW_F7_V1.17.4/Middlewares/ST/STM32_USB_Device_Library/Core/Inc -I/Users/liufangzheng/STM32Cube/Repository/STM32Cube_FW_F7_V1.17.4/Middlewares/ST/STM32_USB_Device_Library/Class/CDC/Inc -I/Users/liufangzheng/STM32Cube/Repository/STM32Cube_FW_F7_V1.17.4/Drivers/CMSIS/Device/ST/STM32F7xx/Include -I/Users/liufangzheng/STM32Cube/Repository/STM32Cube_FW_F7_V1.17.4/Drivers/CMSIS/Include -O0 -ffunction-sections -fdata-sections -Wall -fstack-usage -fcyclomatic-complexity -MMD -MP -MF"USB_DEVICE/App/usbd_cdc_if.d" -MT"USB_DEVICE/App/usbd_cdc_if.o" --specs=nano.specs -mfpu=fpv5-sp-d16 -mfloat-abi=hard -mthumb -o "USB_DEVICE/App/usbd_cdc_if.o"
arm-none-eabi-gcc -u _printf_float -o "PDoA.elf" @"objects.list"   -mcpu=cortex-m7 -T"/Users/liufangzheng/Documents/Lab/github/HexSense_MIT/firmware/STM32F722/DW3220/Mac/PDoA/STM32F722RETX_FLASH.ld" --specs=nosys.specs -Wl,-Map="PDoA.map" -Wl,--gc-sections -static --specs=nano.specs -mfpu=fpv5-sp-d16 -mfloat-abi=hard -mthumb -Wl,--start-group -lc -lm -Wl,--end-group
Finished building target: PDoA.elf
 
arm-none-eabi-size  PDoA.elf 
arm-none-eabi-objdump -h -S PDoA.elf  > "PDoA.list"
   text	   data	    bss	    dec	    hex	filename
  57544	    752	   8768	  67064	  105f8	PDoA.elf
Finished building: default.size.stdout
 
Finished building: PDoA.list
 
17:29:16 **** Incremental Build of configuration Debug for project PDoA ****
make -j15 all 
arm-none-eabi-gcc "../Core/Src/main.c" -mcpu=cortex-m7 -std=gnu11 -g3 -DDEBUG -DUSE_HAL_DRIVER -DSTM32F722xx -c -I../USB_DEVICE/App -I../USB_DEVICE/Target -I../Core/Inc -I/Users/liufangzheng/STM32Cube/Repository/STM32Cube_FW_F7_V1.17.4/Drivers/STM32F7xx_HAL_Driver/Inc -I/Users/liufangzheng/STM32Cube/Repository/STM32Cube_FW_F7_V1.17.4/Drivers/STM32F7xx_HAL_Driver/Inc/Legacy -I/Users/liufangzheng/STM32Cube/Repository/STM32Cube_FW_F7_V1.17.4/Middlewares/ST/STM32_USB_Device_Library/Core/Inc -I/Users/liufangzheng/STM32Cube/Repository/STM32Cube_FW_F7_V1.17.4/Middlewares/ST/STM32_USB_Device_Library/Class/CDC/Inc -I/Users/liufangzheng/STM32Cube/Repository/STM32Cube_FW_F7_V1.17.4/Drivers/CMSIS/Device/ST/STM32F7xx/Include -I/Users/liufangzheng/STM32Cube/Repository/STM32Cube_FW_F7_V1.17.4/Drivers/CMSIS/Include -O0 -ffunction-sections -fdata-sections -Wall -fstack-usage -fcyclomatic-complexity -MMD -MP -MF"Core/Src/main.d" -MT"Core/Src/main.o" --specs=nano.specs -mfpu=fpv5-sp-d16 -mfloat-abi=hard -mthumb -o "Core/Src/main.o"
arm-none-eabi-gcc -u _printf_float -o "PDoA.elf" @"objects.list"   -mcpu=cortex-m7 -T"/Users/liufangzheng/Documents/Lab/github/HexSense_MIT/firmware/STM32F722/DW3220/Mac/PDoA/STM32F722RETX_FLASH.ld" --specs=nosys.specs -Wl,-Map="PDoA.map" -Wl,--gc-sections -static --specs=nano.specs -mfpu=fpv5-sp-d16 -mfloat-abi=hard -mthumb -Wl,--start-group -lc -lm -Wl,--end-group
Finished building target: PDoA.elf
 
arm-none-eabi-size  PDoA.elf 
arm-none-eabi-objdump -h -S PDoA.elf  > "PDoA.list"
   text	   data	    bss	    dec	    hex	filename
  57544	    748	   8772	  67064	  105f8	PDoA.elf
Finished building: default.size.stdout
 
Finished building: PDoA.list
 
17:29:45 **** Incremental Build of configuration Debug for project PDoA ****
make -j15 all 
arm-none-eabi-gcc "../Core/Src/main.c" -mcpu=cortex-m7 -std=gnu11 -g3 -DDEBUG -DUSE_HAL_DRIVER -DSTM32F722xx -c -I../USB_DEVICE/App -I../USB_DEVICE/Target -I../Core/Inc -I/Users/liufangzheng/STM32Cube/Repository/STM32Cube_FW_F7_V1.17.4/Drivers/STM32F7xx_HAL_Driver/Inc -I/Users/liufangzheng/STM32Cube/Repository/STM32Cube_FW_F7_V1.17.4/Drivers/STM32F7xx_HAL_Driver/Inc/Legacy -I/Users/liufangzheng/STM32Cube/Repository/STM32Cube_FW_F7_V1.17.4/Middlewares/ST/STM32_USB_Device_Library/Core/Inc -I/Users/liufangzheng/STM32Cube/Repository/STM32Cube_FW_F7_V1.17.4/Middlewares/ST/STM32_USB_Device_Library/Class/CDC/Inc -I/Users/liufangzheng/STM32Cube/Repository/STM32Cube_FW_F7_V1.17.4/Drivers/CMSIS/Device/ST/STM32F7xx/Include -I/Users/liufangzheng/STM32Cube/Repository/STM32Cube_FW_F7_V1.17.4/Drivers/CMSIS/Include -O0 -ffunction-sections -fdata-sections -Wall -fstack-usage -fcyclomatic-complexity -MMD -MP -MF"Core/Src/main.d" -MT"Core/Src/main.o" --specs=nano.specs -mfpu=fpv5-sp-d16 -mfloat-abi=hard -mthumb -o "Core/Src/main.o"
arm-none-eabi-gcc -u _printf_float -o "PDoA.elf" @"objects.list"   -mcpu=cortex-m7 -T"/Users/liufangzheng/Documents/Lab/github/HexSense_MIT/firmware/STM32F722/DW3220/Mac/PDoA/STM32F722RETX_FLASH.ld" --specs=nosys.specs -Wl,-Map="PDoA.map" -Wl,--gc-sections -static --specs=nano.specs -mfpu=fpv5-sp-d16 -mfloat-abi=hard -mthumb -Wl,--start-group -lc -lm -Wl,--end-group
Finished building target: PDoA.elf
 
arm-none-eabi-size  PDoA.elf 
arm-none-eabi-objdump -h -S PDoA.elf  > "PDoA.list"
   text	   data	    bss	    dec	    hex	filename
  57544	    752	   8768	  67064	  105f8	PDoA.elf
Finished building: default.size.stdout
 
Finished building: PDoA.list
 
17:30:10 **** Incremental Build of configuration Debug for project PDoA ****
make -j15 all 
arm-none-eabi-size  PDoA.elf 
   text	   data	    bss	    dec	    hex	filename
  57544	    752	   8768	  67064	  105f8	PDoA.elf
Finished building: default.size.stdout
 
17:34:36 **** Incremental Build of configuration Debug for project PDoA ****
make -j15 all 
arm-none-eabi-gcc "../Core/Src/main.c" -mcpu=cortex-m7 -std=gnu11 -g3 -DDEBUG -DUSE_HAL_DRIVER -DSTM32F722xx -c -I../USB_DEVICE/App -I../USB_DEVICE/Target -I../Core/Inc -I/Users/liufangzheng/STM32Cube/Repository/STM32Cube_FW_F7_V1.17.4/Drivers/STM32F7xx_HAL_Driver/Inc -I/Users/liufangzheng/STM32Cube/Repository/STM32Cube_FW_F7_V1.17.4/Drivers/STM32F7xx_HAL_Driver/Inc/Legacy -I/Users/liufangzheng/STM32Cube/Repository/STM32Cube_FW_F7_V1.17.4/Middlewares/ST/STM32_USB_Device_Library/Core/Inc -I/Users/liufangzheng/STM32Cube/Repository/STM32Cube_FW_F7_V1.17.4/Middlewares/ST/STM32_USB_Device_Library/Class/CDC/Inc -I/Users/liufangzheng/STM32Cube/Repository/STM32Cube_FW_F7_V1.17.4/Drivers/CMSIS/Device/ST/STM32F7xx/Include -I/Users/liufangzheng/STM32Cube/Repository/STM32Cube_FW_F7_V1.17.4/Drivers/CMSIS/Include -O0 -ffunction-sections -fdata-sections -Wall -fstack-usage -fcyclomatic-complexity -MMD -MP -MF"Core/Src/main.d" -MT"Core/Src/main.o" --specs=nano.specs -mfpu=fpv5-sp-d16 -mfloat-abi=hard -mthumb -o "Core/Src/main.o"
arm-none-eabi-gcc -u _printf_float -o "PDoA.elf" @"objects.list"   -mcpu=cortex-m7 -T"/Users/liufangzheng/Documents/Lab/github/HexSense_MIT/firmware/STM32F722/DW3220/Mac/PDoA/STM32F722RETX_FLASH.ld" --specs=nosys.specs -Wl,-Map="PDoA.map" -Wl,--gc-sections -static --specs=nano.specs -mfpu=fpv5-sp-d16 -mfloat-abi=hard -mthumb -Wl,--start-group -lc -lm -Wl,--end-group
Finished building target: PDoA.elf
 
arm-none-eabi-size  PDoA.elf 
arm-none-eabi-objdump -h -S PDoA.elf  > "PDoA.list"
   text	   data	    bss	    dec	    hex	filename
  57576	    748	   8772	  67096	  10618	PDoA.elf
Finished building: default.size.stdout
 
Finished building: PDoA.list
 
17:36:02 **** Incremental Build of configuration Debug for project PDoA ****
make -j15 all 
arm-none-eabi-gcc "../Core/Src/main.c" -mcpu=cortex-m7 -std=gnu11 -g3 -DDEBUG -DUSE_HAL_DRIVER -DSTM32F722xx -c -I../USB_DEVICE/App -I../USB_DEVICE/Target -I../Core/Inc -I/Users/liufangzheng/STM32Cube/Repository/STM32Cube_FW_F7_V1.17.4/Drivers/STM32F7xx_HAL_Driver/Inc -I/Users/liufangzheng/STM32Cube/Repository/STM32Cube_FW_F7_V1.17.4/Drivers/STM32F7xx_HAL_Driver/Inc/Legacy -I/Users/liufangzheng/STM32Cube/Repository/STM32Cube_FW_F7_V1.17.4/Middlewares/ST/STM32_USB_Device_Library/Core/Inc -I/Users/liufangzheng/STM32Cube/Repository/STM32Cube_FW_F7_V1.17.4/Middlewares/ST/STM32_USB_Device_Library/Class/CDC/Inc -I/Users/liufangzheng/STM32Cube/Repository/STM32Cube_FW_F7_V1.17.4/Drivers/CMSIS/Device/ST/STM32F7xx/Include -I/Users/liufangzheng/STM32Cube/Repository/STM32Cube_FW_F7_V1.17.4/Drivers/CMSIS/Include -O0 -ffunction-sections -fdata-sections -Wall -fstack-usage -fcyclomatic-complexity -MMD -MP -MF"Core/Src/main.d" -MT"Core/Src/main.o" --specs=nano.specs -mfpu=fpv5-sp-d16 -mfloat-abi=hard -mthumb -o "Core/Src/main.o"
../Core/Src/main.c: In function 'main':
../Core/Src/main.c:220:15: warning: unused variable 'pdoa_deg' [-Wunused-variable]
  220 |         float pdoa_deg = ((float)pdoa_val / (1 << 11)) * 180 / M_PI;
      |               ^~~~~~~~
arm-none-eabi-gcc -u _printf_float -o "PDoA.elf" @"objects.list"   -mcpu=cortex-m7 -T"/Users/liufangzheng/Documents/Lab/github/HexSense_MIT/firmware/STM32F722/DW3220/Mac/PDoA/STM32F722RETX_FLASH.ld" --specs=nosys.specs -Wl,-Map="PDoA.map" -Wl,--gc-sections -static --specs=nano.specs -mfpu=fpv5-sp-d16 -mfloat-abi=hard -mthumb -Wl,--start-group -lc -lm -Wl,--end-group
Finished building target: PDoA.elf
 
arm-none-eabi-size  PDoA.elf 
arm-none-eabi-objdump -h -S PDoA.elf  > "PDoA.list"
   text	   data	    bss	    dec	    hex	filename
  57576	    748	   8772	  67096	  10618	PDoA.elf
Finished building: default.size.stdout
 
Finished building: PDoA.list
 
17:39:02 **** Incremental Build of configuration Debug for project PDoA ****
make -j15 all 
arm-none-eabi-gcc "../Core/Src/main.c" -mcpu=cortex-m7 -std=gnu11 -g3 -DDEBUG -DUSE_HAL_DRIVER -DSTM32F722xx -c -I../USB_DEVICE/App -I../USB_DEVICE/Target -I../Core/Inc -I/Users/liufangzheng/STM32Cube/Repository/STM32Cube_FW_F7_V1.17.4/Drivers/STM32F7xx_HAL_Driver/Inc -I/Users/liufangzheng/STM32Cube/Repository/STM32Cube_FW_F7_V1.17.4/Drivers/STM32F7xx_HAL_Driver/Inc/Legacy -I/Users/liufangzheng/STM32Cube/Repository/STM32Cube_FW_F7_V1.17.4/Middlewares/ST/STM32_USB_Device_Library/Core/Inc -I/Users/liufangzheng/STM32Cube/Repository/STM32Cube_FW_F7_V1.17.4/Middlewares/ST/STM32_USB_Device_Library/Class/CDC/Inc -I/Users/liufangzheng/STM32Cube/Repository/STM32Cube_FW_F7_V1.17.4/Drivers/CMSIS/Device/ST/STM32F7xx/Include -I/Users/liufangzheng/STM32Cube/Repository/STM32Cube_FW_F7_V1.17.4/Drivers/CMSIS/Include -O0 -ffunction-sections -fdata-sections -Wall -fstack-usage -fcyclomatic-complexity -MMD -MP -MF"Core/Src/main.d" -MT"Core/Src/main.o" --specs=nano.specs -mfpu=fpv5-sp-d16 -mfloat-abi=hard -mthumb -o "Core/Src/main.o"
../Core/Src/main.c: In function 'main':
../Core/Src/main.c:220:15: warning: unused variable 'pdoa_deg' [-Wunused-variable]
  220 |         float pdoa_deg = ((float)pdoa_val / (1 << 11)) * 180 / M_PI;
      |               ^~~~~~~~
arm-none-eabi-gcc -u _printf_float -o "PDoA.elf" @"objects.list"   -mcpu=cortex-m7 -T"/Users/liufangzheng/Documents/Lab/github/HexSense_MIT/firmware/STM32F722/DW3220/Mac/PDoA/STM32F722RETX_FLASH.ld" --specs=nosys.specs -Wl,-Map="PDoA.map" -Wl,--gc-sections -static --specs=nano.specs -mfpu=fpv5-sp-d16 -mfloat-abi=hard -mthumb -Wl,--start-group -lc -lm -Wl,--end-group
Finished building target: PDoA.elf
 
arm-none-eabi-size  PDoA.elf 
arm-none-eabi-objdump -h -S PDoA.elf  > "PDoA.list"
   text	   data	    bss	    dec	    hex	filename
  57600	    748	   8772	  67120	  10630	PDoA.elf
Finished building: default.size.stdout
 
Finished building: PDoA.list
 
17:39:44 **** Incremental Build of configuration Debug for project PDoA ****
make -j15 all 
arm-none-eabi-gcc "../Core/Src/main.c" -mcpu=cortex-m7 -std=gnu11 -g3 -DDEBUG -DUSE_HAL_DRIVER -DSTM32F722xx -c -I../USB_DEVICE/App -I../USB_DEVICE/Target -I../Core/Inc -I/Users/liufangzheng/STM32Cube/Repository/STM32Cube_FW_F7_V1.17.4/Drivers/STM32F7xx_HAL_Driver/Inc -I/Users/liufangzheng/STM32Cube/Repository/STM32Cube_FW_F7_V1.17.4/Drivers/STM32F7xx_HAL_Driver/Inc/Legacy -I/Users/liufangzheng/STM32Cube/Repository/STM32Cube_FW_F7_V1.17.4/Middlewares/ST/STM32_USB_Device_Library/Core/Inc -I/Users/liufangzheng/STM32Cube/Repository/STM32Cube_FW_F7_V1.17.4/Middlewares/ST/STM32_USB_Device_Library/Class/CDC/Inc -I/Users/liufangzheng/STM32Cube/Repository/STM32Cube_FW_F7_V1.17.4/Drivers/CMSIS/Device/ST/STM32F7xx/Include -I/Users/liufangzheng/STM32Cube/Repository/STM32Cube_FW_F7_V1.17.4/Drivers/CMSIS/Include -O0 -ffunction-sections -fdata-sections -Wall -fstack-usage -fcyclomatic-complexity -MMD -MP -MF"Core/Src/main.d" -MT"Core/Src/main.o" --specs=nano.specs -mfpu=fpv5-sp-d16 -mfloat-abi=hard -mthumb -o "Core/Src/main.o"
../Core/Src/main.c: In function 'main':
../Core/Src/main.c:222:15: warning: unused variable 'pdoa_deg' [-Wunused-variable]
  222 |         float pdoa_deg = ((float)pdoa_val / (1 << 11)) * 180 / M_PI;
      |               ^~~~~~~~
arm-none-eabi-gcc -u _printf_float -o "PDoA.elf" @"objects.list"   -mcpu=cortex-m7 -T"/Users/liufangzheng/Documents/Lab/github/HexSense_MIT/firmware/STM32F722/DW3220/Mac/PDoA/STM32F722RETX_FLASH.ld" --specs=nosys.specs -Wl,-Map="PDoA.map" -Wl,--gc-sections -static --specs=nano.specs -mfpu=fpv5-sp-d16 -mfloat-abi=hard -mthumb -Wl,--start-group -lc -lm -Wl,--end-group
Finished building target: PDoA.elf
 
arm-none-eabi-size  PDoA.elf 
arm-none-eabi-objdump -h -S PDoA.elf  > "PDoA.list"
   text	   data	    bss	    dec	    hex	filename
  57600	    748	   8772	  67120	  10630	PDoA.elf
Finished building: default.size.stdout
 
Finished building: PDoA.list
 
17:42:30 **** Incremental Build of configuration Debug for project PDoA ****
make -j15 all 
arm-none-eabi-gcc "../Core/Src/main.c" -mcpu=cortex-m7 -std=gnu11 -g3 -DDEBUG -DUSE_HAL_DRIVER -DSTM32F722xx -c -I../USB_DEVICE/App -I../USB_DEVICE/Target -I../Core/Inc -I/Users/liufangzheng/STM32Cube/Repository/STM32Cube_FW_F7_V1.17.4/Drivers/STM32F7xx_HAL_Driver/Inc -I/Users/liufangzheng/STM32Cube/Repository/STM32Cube_FW_F7_V1.17.4/Drivers/STM32F7xx_HAL_Driver/Inc/Legacy -I/Users/liufangzheng/STM32Cube/Repository/STM32Cube_FW_F7_V1.17.4/Middlewares/ST/STM32_USB_Device_Library/Core/Inc -I/Users/liufangzheng/STM32Cube/Repository/STM32Cube_FW_F7_V1.17.4/Middlewares/ST/STM32_USB_Device_Library/Class/CDC/Inc -I/Users/liufangzheng/STM32Cube/Repository/STM32Cube_FW_F7_V1.17.4/Drivers/CMSIS/Device/ST/STM32F7xx/Include -I/Users/liufangzheng/STM32Cube/Repository/STM32Cube_FW_F7_V1.17.4/Drivers/CMSIS/Include -O0 -ffunction-sections -fdata-sections -Wall -fstack-usage -fcyclomatic-complexity -MMD -MP -MF"Core/Src/main.d" -MT"Core/Src/main.o" --specs=nano.specs -mfpu=fpv5-sp-d16 -mfloat-abi=hard -mthumb -o "Core/Src/main.o"
../Core/Src/main.c: In function 'main':
../Core/Src/main.c:221:15: warning: unused variable 'pdoa_deg' [-Wunused-variable]
  221 |         float pdoa_deg = ((float)pdoa_val / (1 << 11)) * 180 / M_PI;
      |               ^~~~~~~~
arm-none-eabi-gcc -u _printf_float -o "PDoA.elf" @"objects.list"   -mcpu=cortex-m7 -T"/Users/liufangzheng/Documents/Lab/github/HexSense_MIT/firmware/STM32F722/DW3220/Mac/PDoA/STM32F722RETX_FLASH.ld" --specs=nosys.specs -Wl,-Map="PDoA.map" -Wl,--gc-sections -static --specs=nano.specs -mfpu=fpv5-sp-d16 -mfloat-abi=hard -mthumb -Wl,--start-group -lc -lm -Wl,--end-group
Finished building target: PDoA.elf
 
arm-none-eabi-size  PDoA.elf 
arm-none-eabi-objdump -h -S PDoA.elf  > "PDoA.list"
   text	   data	    bss	    dec	    hex	filename
  57576	    748	   8772	  67096	  10618	PDoA.elf
Finished building: default.size.stdout
 
Finished building: PDoA.list
 
17:47:17 **** Incremental Build of configuration Debug for project PDoA ****
make -j15 all 
arm-none-eabi-size  PDoA.elf 
   text	   data	    bss	    dec	    hex	filename
  57576	    748	   8772	  67096	  10618	PDoA.elf
Finished building: default.size.stdout
 
17:48:28 **** Incremental Build of configuration Debug for project PDoA ****
make -j15 all 
arm-none-eabi-size  PDoA.elf 
   text	   data	    bss	    dec	    hex	filename
  57576	    748	   8772	  67096	  10618	PDoA.elf
Finished building: default.size.stdout
 
17:49:19 **** Incremental Build of configuration Debug for project PDoA ****
make -j15 all 
arm-none-eabi-gcc "../Core/Src/main.c" -mcpu=cortex-m7 -std=gnu11 -g3 -DDEBUG -DUSE_HAL_DRIVER -DSTM32F722xx -c -I../USB_DEVICE/App -I../USB_DEVICE/Target -I../Core/Inc -I/Users/liufangzheng/STM32Cube/Repository/STM32Cube_FW_F7_V1.17.4/Drivers/STM32F7xx_HAL_Driver/Inc -I/Users/liufangzheng/STM32Cube/Repository/STM32Cube_FW_F7_V1.17.4/Drivers/STM32F7xx_HAL_Driver/Inc/Legacy -I/Users/liufangzheng/STM32Cube/Repository/STM32Cube_FW_F7_V1.17.4/Middlewares/ST/STM32_USB_Device_Library/Core/Inc -I/Users/liufangzheng/STM32Cube/Repository/STM32Cube_FW_F7_V1.17.4/Middlewares/ST/STM32_USB_Device_Library/Class/CDC/Inc -I/Users/liufangzheng/STM32Cube/Repository/STM32Cube_FW_F7_V1.17.4/Drivers/CMSIS/Device/ST/STM32F7xx/Include -I/Users/liufangzheng/STM32Cube/Repository/STM32Cube_FW_F7_V1.17.4/Drivers/CMSIS/Include -O0 -ffunction-sections -fdata-sections -Wall -fstack-usage -fcyclomatic-complexity -MMD -MP -MF"Core/Src/main.d" -MT"Core/Src/main.o" --specs=nano.specs -mfpu=fpv5-sp-d16 -mfloat-abi=hard -mthumb -o "Core/Src/main.o"
arm-none-eabi-gcc -u _printf_float -o "PDoA.elf" @"objects.list"   -mcpu=cortex-m7 -T"/Users/liufangzheng/Documents/Lab/github/HexSense_MIT/firmware/STM32F722/DW3220/Mac/PDoA/STM32F722RETX_FLASH.ld" --specs=nosys.specs -Wl,-Map="PDoA.map" -Wl,--gc-sections -static --specs=nano.specs -mfpu=fpv5-sp-d16 -mfloat-abi=hard -mthumb -Wl,--start-group -lc -lm -Wl,--end-group
Finished building target: PDoA.elf
 
arm-none-eabi-size  PDoA.elf 
arm-none-eabi-objdump -h -S PDoA.elf  > "PDoA.list"
   text	   data	    bss	    dec	    hex	filename
  57576	    748	   8772	  67096	  10618	PDoA.elf
Finished building: default.size.stdout
 
Finished building: PDoA.list
 
17:51:42 **** Incremental Build of configuration Debug for project PDoA ****
make -j15 all 
arm-none-eabi-gcc "../Core/Src/main.c" -mcpu=cortex-m7 -std=gnu11 -g3 -DDEBUG -DUSE_HAL_DRIVER -DSTM32F722xx -c -I../USB_DEVICE/App -I../USB_DEVICE/Target -I../Core/Inc -I/Users/liufangzheng/STM32Cube/Repository/STM32Cube_FW_F7_V1.17.4/Drivers/STM32F7xx_HAL_Driver/Inc -I/Users/liufangzheng/STM32Cube/Repository/STM32Cube_FW_F7_V1.17.4/Drivers/STM32F7xx_HAL_Driver/Inc/Legacy -I/Users/liufangzheng/STM32Cube/Repository/STM32Cube_FW_F7_V1.17.4/Middlewares/ST/STM32_USB_Device_Library/Core/Inc -I/Users/liufangzheng/STM32Cube/Repository/STM32Cube_FW_F7_V1.17.4/Middlewares/ST/STM32_USB_Device_Library/Class/CDC/Inc -I/Users/liufangzheng/STM32Cube/Repository/STM32Cube_FW_F7_V1.17.4/Drivers/CMSIS/Device/ST/STM32F7xx/Include -I/Users/liufangzheng/STM32Cube/Repository/STM32Cube_FW_F7_V1.17.4/Drivers/CMSIS/Include -O0 -ffunction-sections -fdata-sections -Wall -fstack-usage -fcyclomatic-complexity -MMD -MP -MF"Core/Src/main.d" -MT"Core/Src/main.o" --specs=nano.specs -mfpu=fpv5-sp-d16 -mfloat-abi=hard -mthumb -o "Core/Src/main.o"
arm-none-eabi-gcc -u _printf_float -o "PDoA.elf" @"objects.list"   -mcpu=cortex-m7 -T"/Users/liufangzheng/Documents/Lab/github/HexSense_MIT/firmware/STM32F722/DW3220/Mac/PDoA/STM32F722RETX_FLASH.ld" --specs=nosys.specs -Wl,-Map="PDoA.map" -Wl,--gc-sections -static --specs=nano.specs -mfpu=fpv5-sp-d16 -mfloat-abi=hard -mthumb -Wl,--start-group -lc -lm -Wl,--end-group
Finished building target: PDoA.elf
 
arm-none-eabi-size  PDoA.elf 
arm-none-eabi-objdump -h -S PDoA.elf  > "PDoA.list"
   text	   data	    bss	    dec	    hex	filename
  57576	    748	   8772	  67096	  10618	PDoA.elf
Finished building: default.size.stdout
 
Finished building: PDoA.list
 
18:00:04 **** Incremental Build of configuration Debug for project PDoA ****
make -j15 all 
arm-none-eabi-size  PDoA.elf 
   text	   data	    bss	    dec	    hex	filename
  57576	    748	   8772	  67096	  10618	PDoA.elf
Finished building: default.size.stdout
 
18:06:15 **** Incremental Build of configuration Debug for project PDoA ****
make -j15 all 
arm-none-eabi-size  PDoA.elf 
   text	   data	    bss	    dec	    hex	filename
  57576	    748	   8772	  67096	  10618	PDoA.elf
Finished building: default.size.stdout
 
18:06:49 **** Incremental Build of configuration Debug for project PDoA ****
make -j15 all 
arm-none-eabi-size  PDoA.elf 
   text	   data	    bss	    dec	    hex	filename
  57576	    748	   8772	  67096	  10618	PDoA.elf
Finished building: default.size.stdout
 
18:06:54 **** Incremental Build of configuration Debug for project PDoA ****
make -j15 all 
arm-none-eabi-size  PDoA.elf 
   text	   data	    bss	    dec	    hex	filename
  57576	    748	   8772	  67096	  10618	PDoA.elf
Finished building: default.size.stdout
 
18:12:17 **** Incremental Build of configuration Debug for project PDoA ****
make -j15 all 
arm-none-eabi-size  PDoA.elf 
   text	   data	    bss	    dec	    hex	filename
  57576	    748	   8772	  67096	  10618	PDoA.elf
Finished building: default.size.stdout
 
18:13:23 **** Incremental Build of configuration Debug for project PDoA ****
make -j15 all 
arm-none-eabi-gcc "../Core/Src/main.c" -mcpu=cortex-m7 -std=gnu11 -g3 -DDEBUG -DUSE_HAL_DRIVER -DSTM32F722xx -c -I../USB_DEVICE/App -I../USB_DEVICE/Target -I../Core/Inc -I/Users/liufangzheng/STM32Cube/Repository/STM32Cube_FW_F7_V1.17.4/Drivers/STM32F7xx_HAL_Driver/Inc -I/Users/liufangzheng/STM32Cube/Repository/STM32Cube_FW_F7_V1.17.4/Drivers/STM32F7xx_HAL_Driver/Inc/Legacy -I/Users/liufangzheng/STM32Cube/Repository/STM32Cube_FW_F7_V1.17.4/Middlewares/ST/STM32_USB_Device_Library/Core/Inc -I/Users/liufangzheng/STM32Cube/Repository/STM32Cube_FW_F7_V1.17.4/Middlewares/ST/STM32_USB_Device_Library/Class/CDC/Inc -I/Users/liufangzheng/STM32Cube/Repository/STM32Cube_FW_F7_V1.17.4/Drivers/CMSIS/Device/ST/STM32F7xx/Include -I/Users/liufangzheng/STM32Cube/Repository/STM32Cube_FW_F7_V1.17.4/Drivers/CMSIS/Include -O0 -ffunction-sections -fdata-sections -Wall -fstack-usage -fcyclomatic-complexity -MMD -MP -MF"Core/Src/main.d" -MT"Core/Src/main.o" --specs=nano.specs -mfpu=fpv5-sp-d16 -mfloat-abi=hard -mthumb -o "Core/Src/main.o"
arm-none-eabi-gcc -u _printf_float -o "PDoA.elf" @"objects.list"   -mcpu=cortex-m7 -T"/Users/liufangzheng/Documents/Lab/github/HexSense_MIT/firmware/STM32F722/DW3220/Mac/PDoA/STM32F722RETX_FLASH.ld" --specs=nosys.specs -Wl,-Map="PDoA.map" -Wl,--gc-sections -static --specs=nano.specs -mfpu=fpv5-sp-d16 -mfloat-abi=hard -mthumb -Wl,--start-group -lc -lm -Wl,--end-group
Finished building target: PDoA.elf
 
arm-none-eabi-size  PDoA.elf 
arm-none-eabi-objdump -h -S PDoA.elf  > "PDoA.list"
   text	   data	    bss	    dec	    hex	filename
  57576	    752	   8768	  67096	  10618	PDoA.elf
Finished building: default.size.stdout
 
Finished building: PDoA.list
 
18:14:06 **** Incremental Build of configuration Debug for project PDoA ****
make -j15 all 
arm-none-eabi-gcc "../Core/Src/main.c" -mcpu=cortex-m7 -std=gnu11 -g3 -DDEBUG -DUSE_HAL_DRIVER -DSTM32F722xx -c -I../USB_DEVICE/App -I../USB_DEVICE/Target -I../Core/Inc -I/Users/liufangzheng/STM32Cube/Repository/STM32Cube_FW_F7_V1.17.4/Drivers/STM32F7xx_HAL_Driver/Inc -I/Users/liufangzheng/STM32Cube/Repository/STM32Cube_FW_F7_V1.17.4/Drivers/STM32F7xx_HAL_Driver/Inc/Legacy -I/Users/liufangzheng/STM32Cube/Repository/STM32Cube_FW_F7_V1.17.4/Middlewares/ST/STM32_USB_Device_Library/Core/Inc -I/Users/liufangzheng/STM32Cube/Repository/STM32Cube_FW_F7_V1.17.4/Middlewares/ST/STM32_USB_Device_Library/Class/CDC/Inc -I/Users/liufangzheng/STM32Cube/Repository/STM32Cube_FW_F7_V1.17.4/Drivers/CMSIS/Device/ST/STM32F7xx/Include -I/Users/liufangzheng/STM32Cube/Repository/STM32Cube_FW_F7_V1.17.4/Drivers/CMSIS/Include -O0 -ffunction-sections -fdata-sections -Wall -fstack-usage -fcyclomatic-complexity -MMD -MP -MF"Core/Src/main.d" -MT"Core/Src/main.o" --specs=nano.specs -mfpu=fpv5-sp-d16 -mfloat-abi=hard -mthumb -o "Core/Src/main.o"
arm-none-eabi-gcc -u _printf_float -o "PDoA.elf" @"objects.list"   -mcpu=cortex-m7 -T"/Users/liufangzheng/Documents/Lab/github/HexSense_MIT/firmware/STM32F722/DW3220/Mac/PDoA/STM32F722RETX_FLASH.ld" --specs=nosys.specs -Wl,-Map="PDoA.map" -Wl,--gc-sections -static --specs=nano.specs -mfpu=fpv5-sp-d16 -mfloat-abi=hard -mthumb -Wl,--start-group -lc -lm -Wl,--end-group
Finished building target: PDoA.elf
 
arm-none-eabi-size  PDoA.elf 
arm-none-eabi-objdump -h -S PDoA.elf  > "PDoA.list"
   text	   data	    bss	    dec	    hex	filename
  57576	    748	   8772	  67096	  10618	PDoA.elf
Finished building: default.size.stdout
 
Finished building: PDoA.list
 
18:27:20 **** Incremental Build of configuration Debug for project PDoA ****
make -j15 all 
arm-none-eabi-gcc "../Core/Src/DW3000_FZ.c" -mcpu=cortex-m7 -std=gnu11 -g3 -DDEBUG -DUSE_HAL_DRIVER -DSTM32F722xx -c -I../USB_DEVICE/App -I../USB_DEVICE/Target -I../Core/Inc -I/Users/liufangzheng/STM32Cube/Repository/STM32Cube_FW_F7_V1.17.4/Drivers/STM32F7xx_HAL_Driver/Inc -I/Users/liufangzheng/STM32Cube/Repository/STM32Cube_FW_F7_V1.17.4/Drivers/STM32F7xx_HAL_Driver/Inc/Legacy -I/Users/liufangzheng/STM32Cube/Repository/STM32Cube_FW_F7_V1.17.4/Middlewares/ST/STM32_USB_Device_Library/Core/Inc -I/Users/liufangzheng/STM32Cube/Repository/STM32Cube_FW_F7_V1.17.4/Middlewares/ST/STM32_USB_Device_Library/Class/CDC/Inc -I/Users/liufangzheng/STM32Cube/Repository/STM32Cube_FW_F7_V1.17.4/Drivers/CMSIS/Device/ST/STM32F7xx/Include -I/Users/liufangzheng/STM32Cube/Repository/STM32Cube_FW_F7_V1.17.4/Drivers/CMSIS/Include -O0 -ffunction-sections -fdata-sections -Wall -fstack-usage -fcyclomatic-complexity -MMD -MP -MF"Core/Src/DW3000_FZ.d" -MT"Core/Src/DW3000_FZ.o" --specs=nano.specs -mfpu=fpv5-sp-d16 -mfloat-abi=hard -mthumb -o "Core/Src/DW3000_FZ.o"
arm-none-eabi-gcc "../Core/Src/main.c" -mcpu=cortex-m7 -std=gnu11 -g3 -DDEBUG -DUSE_HAL_DRIVER -DSTM32F722xx -c -I../USB_DEVICE/App -I../USB_DEVICE/Target -I../Core/Inc -I/Users/liufangzheng/STM32Cube/Repository/STM32Cube_FW_F7_V1.17.4/Drivers/STM32F7xx_HAL_Driver/Inc -I/Users/liufangzheng/STM32Cube/Repository/STM32Cube_FW_F7_V1.17.4/Drivers/STM32F7xx_HAL_Driver/Inc/Legacy -I/Users/liufangzheng/STM32Cube/Repository/STM32Cube_FW_F7_V1.17.4/Middlewares/ST/STM32_USB_Device_Library/Core/Inc -I/Users/liufangzheng/STM32Cube/Repository/STM32Cube_FW_F7_V1.17.4/Middlewares/ST/STM32_USB_Device_Library/Class/CDC/Inc -I/Users/liufangzheng/STM32Cube/Repository/STM32Cube_FW_F7_V1.17.4/Drivers/CMSIS/Device/ST/STM32F7xx/Include -I/Users/liufangzheng/STM32Cube/Repository/STM32Cube_FW_F7_V1.17.4/Drivers/CMSIS/Include -O0 -ffunction-sections -fdata-sections -Wall -fstack-usage -fcyclomatic-complexity -MMD -MP -MF"Core/Src/main.d" -MT"Core/Src/main.o" --specs=nano.specs -mfpu=fpv5-sp-d16 -mfloat-abi=hard -mthumb -o "Core/Src/main.o"
arm-none-eabi-gcc -u _printf_float -o "PDoA.elf" @"objects.list"   -mcpu=cortex-m7 -T"/Users/liufangzheng/Documents/Lab/github/HexSense_MIT/firmware/STM32F722/DW3220/Mac/PDoA/STM32F722RETX_FLASH.ld" --specs=nosys.specs -Wl,-Map="PDoA.map" -Wl,--gc-sections -static --specs=nano.specs -mfpu=fpv5-sp-d16 -mfloat-abi=hard -mthumb -Wl,--start-group -lc -lm -Wl,--end-group
Finished building target: PDoA.elf
 
arm-none-eabi-size  PDoA.elf 
arm-none-eabi-objdump -h -S PDoA.elf  > "PDoA.list"
   text	   data	    bss	    dec	    hex	filename
  57400	    752	   8768	  66920	  10568	PDoA.elf
Finished building: default.size.stdout
 
Finished building: PDoA.list
 
