../Core/Src/lora_fz.c:17:6:LORA_CS_LOW	8	static
../Core/Src/lora_fz.c:21:6:LORA_CS_HIGH	8	static
../Core/Src/lora_fz.c:25:6:LORA_RESET_LOW	8	static
../Core/Src/lora_fz.c:29:6:LORA_RESET_HIGH	8	static
../Core/Src/lora_fz.c:33:9:RF95_ReadReg	24	static
../Core/Src/lora_fz.c:45:6:RF95_WriteReg	24	static
../Core/Src/lora_fz.c:54:6:RF95_sleep	8	static
../Core/Src/lora_fz.c:59:6:RF95_idle	8	static
../Core/Src/lora_fz.c:63:6:RF95_setOCP	24	static
../Core/Src/lora_fz.c:76:6:RF95_set_freq	32	static
../Core/Src/lora_fz.c:85:6:RF95_setBW	24	static
../Core/Src/lora_fz.c:103:6:RF95_setTxPower	16	static
../Core/Src/lora_fz.c:140:6:RF95_reset	8	static
../Core/Src/lora_fz.c:147:5:RF95_Init	32	static
../Core/Src/lora_fz.c:188:6:RF95_SetTxDoneFlag	4	static
../Core/Src/lora_fz.c:192:6:RF95_SetRxDoneFlag	4	static
../Core/Src/lora_fz.c:196:6:RF95_SetCadDoneFlag	4	static
../Core/Src/lora_fz.c:200:6:RF95_isTransmitting	8	static
../Core/Src/lora_fz.c:212:6:RF95_implicitHeaderMode	8	static
../Core/Src/lora_fz.c:216:6:RF95_explicitHeaderMode	8	static
../Core/Src/lora_fz.c:220:5:RF95_beginPacket	32	static
../Core/Src/lora_fz.c:248:5:RF95_sendPacket	16	static
../Core/Src/lora_fz.c:264:6:RF95_setreceiver	16	static
../Core/Src/lora_fz.c:278:6:HAL_GPIO_EXTI_Callback	24	static
