Archive member included to satisfy reference by file (symbol)

/Applications/STM32CubeIDE.app/Contents/Eclipse/plugins/com.st.stm32cube.ide.mcu.externaltools.gnu-tools-for-stm32.13.3.rel1.macos64_1.0.0.202411102158/tools/bin/../lib/gcc/arm-none-eabi/13.3.1/../../../../arm-none-eabi/lib/thumb/v7e-m+fp/hard/libc_nano.a(libc_a-exit.o)
                              /Applications/STM32CubeIDE.app/Contents/Eclipse/plugins/com.st.stm32cube.ide.mcu.externaltools.gnu-tools-for-stm32.13.3.rel1.macos64_1.0.0.202411102158/tools/bin/../lib/gcc/arm-none-eabi/13.3.1/../../../../arm-none-eabi/lib/thumb/v7e-m+fp/hard/crt0.o (exit)
/Applications/STM32CubeIDE.app/Contents/Eclipse/plugins/com.st.stm32cube.ide.mcu.externaltools.gnu-tools-for-stm32.13.3.rel1.macos64_1.0.0.202411102158/tools/bin/../lib/gcc/arm-none-eabi/13.3.1/../../../../arm-none-eabi/lib/thumb/v7e-m+fp/hard/libc_nano.a(libc_a-malloc.o)
                              ./Middlewares/USB_Device_Library/usbd_cdc.o (malloc)
/Applications/STM32CubeIDE.app/Contents/Eclipse/plugins/com.st.stm32cube.ide.mcu.externaltools.gnu-tools-for-stm32.13.3.rel1.macos64_1.0.0.202411102158/tools/bin/../lib/gcc/arm-none-eabi/13.3.1/../../../../arm-none-eabi/lib/thumb/v7e-m+fp/hard/libc_nano.a(libc_a-mallocr.o)
                              /Applications/STM32CubeIDE.app/Contents/Eclipse/plugins/com.st.stm32cube.ide.mcu.externaltools.gnu-tools-for-stm32.13.3.rel1.macos64_1.0.0.202411102158/tools/bin/../lib/gcc/arm-none-eabi/13.3.1/../../../../arm-none-eabi/lib/thumb/v7e-m+fp/hard/libc_nano.a(libc_a-malloc.o) (_malloc_r)
/Applications/STM32CubeIDE.app/Contents/Eclipse/plugins/com.st.stm32cube.ide.mcu.externaltools.gnu-tools-for-stm32.13.3.rel1.macos64_1.0.0.202411102158/tools/bin/../lib/gcc/arm-none-eabi/13.3.1/../../../../arm-none-eabi/lib/thumb/v7e-m+fp/hard/libc_nano.a(libc_a-mlock.o)
                              /Applications/STM32CubeIDE.app/Contents/Eclipse/plugins/com.st.stm32cube.ide.mcu.externaltools.gnu-tools-for-stm32.13.3.rel1.macos64_1.0.0.202411102158/tools/bin/../lib/gcc/arm-none-eabi/13.3.1/../../../../arm-none-eabi/lib/thumb/v7e-m+fp/hard/libc_nano.a(libc_a-mallocr.o) (__malloc_lock)
/Applications/STM32CubeIDE.app/Contents/Eclipse/plugins/com.st.stm32cube.ide.mcu.externaltools.gnu-tools-for-stm32.13.3.rel1.macos64_1.0.0.202411102158/tools/bin/../lib/gcc/arm-none-eabi/13.3.1/../../../../arm-none-eabi/lib/thumb/v7e-m+fp/hard/libc_nano.a(libc_a-findfp.o)
                              /Applications/STM32CubeIDE.app/Contents/Eclipse/plugins/com.st.stm32cube.ide.mcu.externaltools.gnu-tools-for-stm32.13.3.rel1.macos64_1.0.0.202411102158/tools/bin/../lib/gcc/arm-none-eabi/13.3.1/../../../../arm-none-eabi/lib/thumb/v7e-m+fp/hard/libc_nano.a(libc_a-exit.o) (__stdio_exit_handler)
/Applications/STM32CubeIDE.app/Contents/Eclipse/plugins/com.st.stm32cube.ide.mcu.externaltools.gnu-tools-for-stm32.13.3.rel1.macos64_1.0.0.202411102158/tools/bin/../lib/gcc/arm-none-eabi/13.3.1/../../../../arm-none-eabi/lib/thumb/v7e-m+fp/hard/libc_nano.a(libc_a-fwalk.o)
                              /Applications/STM32CubeIDE.app/Contents/Eclipse/plugins/com.st.stm32cube.ide.mcu.externaltools.gnu-tools-for-stm32.13.3.rel1.macos64_1.0.0.202411102158/tools/bin/../lib/gcc/arm-none-eabi/13.3.1/../../../../arm-none-eabi/lib/thumb/v7e-m+fp/hard/libc_nano.a(libc_a-findfp.o) (_fwalk_sglue)
/Applications/STM32CubeIDE.app/Contents/Eclipse/plugins/com.st.stm32cube.ide.mcu.externaltools.gnu-tools-for-stm32.13.3.rel1.macos64_1.0.0.202411102158/tools/bin/../lib/gcc/arm-none-eabi/13.3.1/../../../../arm-none-eabi/lib/thumb/v7e-m+fp/hard/libc_nano.a(libc_a-printf.o)
                              ./Core/Src/main.o (printf)
/Applications/STM32CubeIDE.app/Contents/Eclipse/plugins/com.st.stm32cube.ide.mcu.externaltools.gnu-tools-for-stm32.13.3.rel1.macos64_1.0.0.202411102158/tools/bin/../lib/gcc/arm-none-eabi/13.3.1/../../../../arm-none-eabi/lib/thumb/v7e-m+fp/hard/libc_nano.a(libc_a-puts.o)
                              ./Core/Src/main.o (puts)
/Applications/STM32CubeIDE.app/Contents/Eclipse/plugins/com.st.stm32cube.ide.mcu.externaltools.gnu-tools-for-stm32.13.3.rel1.macos64_1.0.0.202411102158/tools/bin/../lib/gcc/arm-none-eabi/13.3.1/../../../../arm-none-eabi/lib/thumb/v7e-m+fp/hard/libc_nano.a(libc_a-memset.o)
                              /Applications/STM32CubeIDE.app/Contents/Eclipse/plugins/com.st.stm32cube.ide.mcu.externaltools.gnu-tools-for-stm32.13.3.rel1.macos64_1.0.0.202411102158/tools/bin/../lib/gcc/arm-none-eabi/13.3.1/../../../../arm-none-eabi/lib/thumb/v7e-m+fp/hard/crt0.o (memset)
/Applications/STM32CubeIDE.app/Contents/Eclipse/plugins/com.st.stm32cube.ide.mcu.externaltools.gnu-tools-for-stm32.13.3.rel1.macos64_1.0.0.202411102158/tools/bin/../lib/gcc/arm-none-eabi/13.3.1/../../../../arm-none-eabi/lib/thumb/v7e-m+fp/hard/libc_nano.a(libc_a-sbrkr.o)
[...]
Memory Configuration

Name             Origin             Length             Attributes
RAM              0x20000000         0x00040000         xrw
FLASH            0x08000000         0x00080000         xr
*default*        0x00000000         0xffffffff

Linker script and memory map

LOAD /Applications/STM32CubeIDE.app/Contents/Eclipse/plugins/com.st.stm32cube.ide.mcu.externaltools.gnu-tools-for-stm32.13.3.rel1.macos64_1.0.0.202411102158/tools/bin/../lib/gcc/arm-none-eabi/13.3.1/thumb/v7e-m+fp/hard/crti.o
LOAD /Applications/STM32CubeIDE.app/Contents/Eclipse/plugins/com.st.stm32cube.ide.mcu.externaltools.gnu-tools-for-stm32.13.3.rel1.macos64_1.0.0.202411102158/tools/bin/../lib/gcc/arm-none-eabi/13.3.1/thumb/v7e-m+fp/hard/crtbegin.o
LOAD /Applications/STM32CubeIDE.app/Contents/Eclipse/plugins/com.st.stm32cube.ide.mcu.externaltools.gnu-tools-for-stm32.13.3.rel1.macos64_1.0.0.202411102158/tools/bin/../lib/gcc/arm-none-eabi/13.3.1/../../../../arm-none-eabi/lib/thumb/v7e-m+fp/hard/crt0.o
LOAD ./Core/Src/ADS131M04.o
LOAD ./Core/Src/main.o
LOAD ./Core/Src/microsd_fz.o
LOAD ./Core/Src/stm32f7xx_hal_msp.o
LOAD ./Core/Src/stm32f7xx_it.o
LOAD ./Core/Src/syscalls.o
LOAD ./Core/Src/sysmem.o
LOAD ./Core/Src/system_stm32f7xx.o
LOAD ./Core/Startup/startup_stm32f722retx.o
LOAD ./Drivers/STM32F7xx_HAL_Driver/stm32f7xx_hal.o
LOAD ./Drivers/STM32F7xx_HAL_Driver/stm32f7xx_hal_cortex.o
LOAD ./Drivers/STM32F7xx_HAL_Driver/stm32f7xx_hal_dma.o
LOAD ./Drivers/STM32F7xx_HAL_Driver/stm32f7xx_hal_dma_ex.o
LOAD ./Drivers/STM32F7xx_HAL_Driver/stm32f7xx_hal_exti.o
LOAD ./Drivers/STM32F7xx_HAL_Driver/stm32f7xx_hal_flash.o
LOAD ./Drivers/STM32F7xx_HAL_Driver/stm32f7xx_hal_flash_ex.o
LOAD ./Drivers/STM32F7xx_HAL_Driver/stm32f7xx_hal_gpio.o
LOAD ./Drivers/STM32F7xx_HAL_Driver/stm32f7xx_hal_i2c.o
LOAD ./Drivers/STM32F7xx_HAL_Driver/stm32f7xx_hal_i2c_ex.o
LOAD ./Drivers/STM32F7xx_HAL_Driver/stm32f7xx_hal_pcd.o
LOAD ./Drivers/STM32F7xx_HAL_Driver/stm32f7xx_hal_pcd_ex.o
LOAD ./Drivers/STM32F7xx_HAL_Driver/stm32f7xx_hal_pwr.o
LOAD ./Drivers/STM32F7xx_HAL_Driver/stm32f7xx_hal_pwr_ex.o
LOAD ./Drivers/STM32F7xx_HAL_Driver/stm32f7xx_hal_rcc.o
LOAD ./Drivers/STM32F7xx_HAL_Driver/stm32f7xx_hal_rcc_ex.o
LOAD ./Drivers/STM32F7xx_HAL_Driver/stm32f7xx_hal_spi.o
LOAD ./Drivers/STM32F7xx_HAL_Driver/stm32f7xx_hal_spi_ex.o
LOAD ./Drivers/STM32F7xx_HAL_Driver/stm32f7xx_hal_tim.o
LOAD ./Drivers/STM32F7xx_HAL_Driver/stm32f7xx_hal_tim_ex.o
LOAD ./Drivers/STM32F7xx_HAL_Driver/stm32f7xx_ll_usb.o
LOAD ./FATFS/App/fatfs.o
LOAD ./FATFS/Target/user_diskio.o
LOAD ./FATFS/Target/user_diskio_spi.o
LOAD ./Middlewares/FatFs/diskio.o
LOAD ./Middlewares/FatFs/ff.o
LOAD ./Middlewares/FatFs/ff_gen_drv.o
LOAD ./Middlewares/FatFs/syscall.o
LOAD ./Middlewares/USB_Device_Library/usbd_cdc.o
LOAD ./Middlewares/USB_Device_Library/usbd_core.o
LOAD ./Middlewares/USB_Device_Library/usbd_ctlreq.o
LOAD ./Middlewares/USB_Device_Library/usbd_ioreq.o
LOAD ./USB_DEVICE/App/usb_device.o
LOAD ./USB_DEVICE/App/usbd_cdc_if.o
LOAD ./USB_DEVICE/App/usbd_desc.o
LOAD ./USB_DEVICE/Target/usbd_conf.o
START GROUP
LOAD /Applications/STM32CubeIDE.app/Contents/Eclipse/plugins/com.st.stm32cube.ide.mcu.externaltools.gnu-tools-for-stm32.13.3.rel1.macos64_1.0.0.202411102158/tools/bin/../lib/gcc/arm-none-eabi/13.3.1/../../../../arm-none-eabi/lib/thumb/v7e-m+fp/hard/libc_nano.a
LOAD /Applications/STM32CubeIDE.app/Contents/Eclipse/plugins/com.st.stm32cube.ide.mcu.externaltools.gnu-tools-for-stm32.13.3.rel1.macos64_1.0.0.202411102158/tools/bin/../lib/gcc/arm-none-eabi/13.3.1/../../../../arm-none-eabi/lib/thumb/v7e-m+fp/hard/libm.a
END GROUP
START GROUP
LOAD /Applications/STM32CubeIDE.app/Contents/Eclipse/plugins/com.st.stm32cube.ide.mcu.externaltools.gnu-tools-for-stm32.13.3.rel1.macos64_1.0.0.202411102158/tools/bin/../lib/gcc/arm-none-eabi/13.3.1/thumb/v7e-m+fp/hard/libgcc.a
LOAD /Applications/STM32CubeIDE.app/Contents/Eclipse/plugins/com.st.stm32cube.ide.mcu.externaltools.gnu-tools-for-stm32.13.3.rel1.macos64_1.0.0.202411102158/tools/bin/../lib/gcc/arm-none-eabi/13.3.1/../../../../arm-none-eabi/lib/thumb/v7e-m+fp/hard/libc_nano.a
END GROUP
START GROUP
LOAD /Applications/STM32CubeIDE.app/Contents/Eclipse/plugins/com.st.stm32cube.ide.mcu.externaltools.gnu-tools-for-stm32.13.3.rel1.macos64_1.0.0.202411102158/tools/bin/../lib/gcc/arm-none-eabi/13.3.1/thumb/v7e-m+fp/hard/libgcc.a
LOAD /Applications/STM32CubeIDE.app/Contents/Eclipse/plugins/com.st.stm32cube.ide.mcu.externaltools.gnu-tools-for-stm32.13.3.rel1.macos64_1.0.0.202411102158/tools/bin/../lib/gcc/arm-none-eabi/13.3.1/../../../../arm-none-eabi/lib/thumb/v7e-m+fp/hard/libc_nano.a
LOAD /Applications/STM32CubeIDE.app/Contents/Eclipse/plugins/com.st.stm32cube.ide.mcu.externaltools.gnu-tools-for-stm32.13.3.rel1.macos64_1.0.0.202411102158/tools/bin/../lib/gcc/arm-none-eabi/13.3.1/../../../../arm-none-eabi/lib/thumb/v7e-m+fp/hard/libnosys.a
END GROUP
START GROUP
LOAD /Applications/STM32CubeIDE.app/Contents/Eclipse/plugins/com.st.stm32cube.ide.mcu.externaltools.gnu-tools-for-stm32.13.3.rel1.macos64_1.0.0.202411102158/tools/bin/../lib/gcc/arm-none-eabi/13.3.1/thumb/v7e-m+fp/hard/libgcc.a
LOAD /Applications/STM32CubeIDE.app/Contents/Eclipse/plugins/com.st.stm32cube.ide.mcu.externaltools.gnu-tools-for-stm32.13.3.rel1.macos64_1.0.0.202411102158/tools/bin/../lib/gcc/arm-none-eabi/13.3.1/../../../../arm-none-eabi/lib/thumb/v7e-m+fp/hard/libc_nano.a
LOAD /Applications/STM32CubeIDE.app/Contents/Eclipse/plugins/com.st.stm32cube.ide.mcu.externaltools.gnu-tools-for-stm32.13.3.rel1.macos64_1.0.0.202411102158/tools/bin/../lib/gcc/arm-none-eabi/13.3.1/../../../../arm-none-eabi/lib/thumb/v7e-m+fp/hard/libnosys.a
END GROUP
LOAD /Applications/STM32CubeIDE.app/Contents/Eclipse/plugins/com.st.stm32cube.ide.mcu.externaltools.gnu-tools-for-stm32.13.3.rel1.macos64_1.0.0.202411102158/tools/bin/../lib/gcc/arm-none-eabi/13.3.1/thumb/v7e-m+fp/hard/crtend.o
LOAD /Applications/STM32CubeIDE.app/Contents/Eclipse/plugins/com.st.stm32cube.ide.mcu.externaltools.gnu-tools-for-stm32.13.3.rel1.macos64_1.0.0.202411102158/tools/bin/../lib/gcc/arm-none-eabi/13.3.1/thumb/v7e-m+fp/hard/crtn.o
                0x20040000                        _estack = (ORIGIN (RAM) + LENGTH (RAM))
                0x00000200                        _Min_Heap_Size = 0x200
                0x00000400                        _Min_Stack_Size = 0x400

.isr_vector     0x08000000      0x1e0
                0x08000000                        . = ALIGN (0x4)
 *(.isr_vector)
 .isr_vector    0x08000000      0x1e0 ./Core/Startup/startup_stm32f722retx.o
                0x08000000                g_pfnVectors
                0x080001e0                        . = ALIGN (0x4)

.text           0x080001e0     0xdba8
                0x080001e0                        . = ALIGN (0x4)
 *(.text)
 .text          0x080001e0       0x40 /Applications/STM32CubeIDE.app/Contents/Eclipse/plugins/com.st.stm32cube.ide.mcu.externaltools.gnu-tools-for-stm32.13.3.rel1.macos64_1.0.0.202411102158/tools/bin/../lib/gcc/arm-none-eabi/13.3.1/thumb/v7e-m+fp/hard/crtbegin.o
 .text          0x08000220       0xa0 /Applications/STM32CubeIDE.app/Contents/Eclipse/plugins/com.st.stm32cube.ide.mcu.externaltools.gnu-tools-for-stm32.13.3.rel1.macos64_1.0.0.202411102158/tools/bin/../lib/gcc/arm-none-eabi/13.3.1/../../../../arm-none-eabi/lib/thumb/v7e-m+fp/hard/libc_nano.a(libc_a-memchr.o)
                0x08000220                memchr
 .text          0x080002c0       0x30 /Applications/STM32CubeIDE.app/Contents/Eclipse/plugins/com.st.stm32cube.ide.mcu.externaltools.gnu-tools-for-stm32.13.3.rel1.macos64_1.0.0.202411102158/tools/bin/../lib/gcc/arm-none-eabi/13.3.1/thumb/v7e-m+fp/hard/libgcc.a(_aeabi_uldivmod.o)
                0x080002c0                __aeabi_uldivmod
 .text          0x080002f0      0x2f8 /Applications/STM32CubeIDE.app/Contents/Eclipse/plugins/com.st.stm32cube.ide.mcu.externaltools.gnu-tools-for-stm32.13.3.rel1.macos64_1.0.0.202411102158/tools/bin/../lib/gcc/arm-none-eabi/13.3.1/thumb/v7e-m+fp/hard/libgcc.a(_udivmoddi4.o)
                0x080002f0                __udivmoddi4
 .text          0x080005e8        0x4 /Applications/STM32CubeIDE.app/Contents/Eclipse/plugins/com.st.stm32cube.ide.mcu.externaltools.gnu-tools-for-stm32.13.3.rel1.macos64_1.0.0.202411102158/tools/bin/../lib/gcc/arm-none-eabi/13.3.1/thumb/v7e-m+fp/hard/libgcc.a(_dvmd_tls.o)
                0x080005e8                __aeabi_ldiv0
                0x080005e8                __aeabi_idiv0
 *(.text*)
 .text.HAL_GPIO_EXTI_Callback
                0x080005ec       0x28 ./Core/Src/ADS131M04.o
                0x080005ec                HAL_GPIO_EXTI_Callback
 .text.main     0x08000614      0x118 ./Core/Src/main.o
                0x08000614                main
 .text.SystemClock_Config
                0x0800072c       0xdc ./Core/Src/main.o
                0x0800072c                SystemClock_Config
 .text.MX_SPI1_Init
                0x08000808       0x7c ./Core/Src/main.o
 .text.MX_SPI2_Init
                0x08000884       0x7c ./Core/Src/main.o
 .text.MX_SPI3_Init
                0x08000900       0x7c ./Core/Src/main.o
 .text.MX_TIM3_Init
                0x0800097c       0xec ./Core/Src/main.o
 .text.MX_GPIO_Init
                0x08000a68      0x1d4 ./Core/Src/main.o
 .text.Error_Handler
                0x08000c3c        0xc ./Core/Src/main.o
                0x08000c3c                Error_Handler
 .text.mount_sd_card
                0x08000c48       0x28 ./Core/Src/microsd_fz.o
                0x08000c48                mount_sd_card
 .text.get_statistics
                0x08000c70       0x50 ./Core/Src/microsd_fz.o
                0x08000c70                get_statistics
 .text.close_file
                0x08000cc0       0x14 ./Core/Src/microsd_fz.o
                0x08000cc0                close_file
 .text.open_file
                0x08000cd4       0x44 ./Core/Src/microsd_fz.o
                0x08000cd4                open_file
 .text.write_data_to_file
                0x08000d18       0x7c ./Core/Src/microsd_fz.o
                0x08000d18                write_data_to_file
 .text.HAL_MspInit
                0x08000d94       0x48 ./Core/Src/stm32f7xx_hal_msp.o
                0x08000d94                HAL_MspInit
 .text.HAL_SPI_MspInit
                0x08000ddc      0x1c4 ./Core/Src/stm32f7xx_hal_msp.o
                0x08000ddc                HAL_SPI_MspInit
 .text.HAL_TIM_Base_MspInit
                0x08000fa0       0x40 ./Core/Src/stm32f7xx_hal_msp.o
                0x08000fa0                HAL_TIM_Base_MspInit
 .text.HAL_TIM_MspPostInit
                0x08000fe0       0x70 ./Core/Src/stm32f7xx_hal_msp.o
                0x08000fe0                HAL_TIM_MspPostInit
 .text.NMI_Handler
                0x08001050        0x8 ./Core/Src/stm32f7xx_it.o
                0x08001050                NMI_Handler
 .text.HardFault_Handler
                0x08001058        0x8 ./Core/Src/stm32f7xx_it.o
                0x08001058                HardFault_Handler
 .text.MemManage_Handler
                0x08001060        0x8 ./Core/Src/stm32f7xx_it.o
                0x08001060                MemManage_Handler
 .text.BusFault_Handler
                0x08001068        0x8 ./Core/Src/stm32f7xx_it.o
                0x08001068                BusFault_Handler
 .text.UsageFault_Handler
                0x08001070        0x8 ./Core/Src/stm32f7xx_it.o
                0x08001070                UsageFault_Handler
 .text.SVC_Handler
                0x08001078        0xe ./Core/Src/stm32f7xx_it.o
                0x08001078                SVC_Handler
 .text.DebugMon_Handler
                0x08001086        0xe ./Core/Src/stm32f7xx_it.o
                0x08001086                DebugMon_Handler
 .text.PendSV_Handler
                0x08001094        0xe ./Core/Src/stm32f7xx_it.o
                0x08001094                PendSV_Handler
 .text.SysTick_Handler
                0x080010a2        0xc ./Core/Src/stm32f7xx_it.o
                0x080010a2                SysTick_Handler
 .text.EXTI2_IRQHandler
                0x080010ae        0xe ./Core/Src/stm32f7xx_it.o
                0x080010ae                EXTI2_IRQHandler
 .text.EXTI4_IRQHandler
                0x080010bc        0xe ./Core/Src/stm32f7xx_it.o
                0x080010bc                EXTI4_IRQHandler
 .text.EXTI9_5_IRQHandler
                0x080010ca       0x10 ./Core/Src/stm32f7xx_it.o
                0x080010ca                EXTI9_5_IRQHandler
 *fill*         0x080010da        0x2 
 .text.OTG_FS_IRQHandler
                0x080010dc       0x14 ./Core/Src/stm32f7xx_it.o
                0x080010dc                OTG_FS_IRQHandler
 .text._read    0x080010f0       0x3a ./Core/Src/syscalls.o
                0x080010f0                _read
 .text._write   0x0800112a       0x38 ./Core/Src/syscalls.o
                0x0800112a                _write
 .text._close   0x08001162       0x18 ./Core/Src/syscalls.o
                0x08001162                _close
 .text._fstat   0x0800117a       0x20 ./Core/Src/syscalls.o
                0x0800117a                _fstat
 .text._isatty  0x0800119a       0x16 ./Core/Src/syscalls.o
                0x0800119a                _isatty
 .text._lseek   0x080011b0       0x1a ./Core/Src/syscalls.o
                0x080011b0                _lseek
 *fill*         0x080011ca        0x2 
 .text._sbrk    0x080011cc       0x6c ./Core/Src/sysmem.o
                0x080011cc                _sbrk
 .text.SystemInit
                0x08001238       0x24 ./Core/Src/system_stm32f7xx.o
                0x08001238                SystemInit
 .text.Reset_Handler
                0x0800125c       0x50 ./Core/Startup/startup_stm32f722retx.o
                0x0800125c                Reset_Handler
 .text.Default_Handler
                0x080012ac        0x2 ./Core/Startup/startup_stm32f722retx.o
                0x080012ac                DMA1_Stream3_IRQHandler
                0x080012ac                TIM8_CC_IRQHandler
                0x080012ac                UART8_IRQHandler
                0x080012ac                SPI4_IRQHandler
                0x080012ac                TIM1_CC_IRQHandler
                0x080012ac                DMA2_Stream5_IRQHandler
                0x080012ac                DMA1_Stream5_IRQHandler
                0x080012ac                PVD_IRQHandler
                0x080012ac                TAMP_STAMP_IRQHandler
                0x080012ac                EXTI3_IRQHandler
                0x080012ac                TIM8_TRG_COM_TIM14_IRQHandler
                0x080012ac                TIM1_UP_TIM10_IRQHandler
                0x080012ac                TIM8_UP_TIM13_IRQHandler
                0x080012ac                I2C3_ER_IRQHandler
                0x080012ac                EXTI0_IRQHandler
                0x080012ac                I2C2_EV_IRQHandler
                0x080012ac                DMA1_Stream2_IRQHandler
                0x080012ac                CAN1_RX0_IRQHandler
                0x080012ac                FPU_IRQHandler
                0x080012ac                OTG_HS_WKUP_IRQHandler
                0x080012ac                DMA2_Stream2_IRQHandler
                0x080012ac                SPI1_IRQHandler
                0x080012ac                TIM6_DAC_IRQHandler
                0x080012ac                TIM1_BRK_TIM9_IRQHandler
                0x080012ac                DMA2_Stream3_IRQHandler
                0x080012ac                SAI2_IRQHandler
                0x080012ac                USART6_IRQHandler
                0x080012ac                USART3_IRQHandler
                0x080012ac                CAN1_RX1_IRQHandler
                0x080012ac                UART5_IRQHandler
                0x080012ac                DMA2_Stream0_IRQHandler
                0x080012ac                TIM4_IRQHandler
                0x080012ac                QUADSPI_IRQHandler
                0x080012ac                I2C1_EV_IRQHandler
                0x080012ac                DMA1_Stream6_IRQHandler
                0x080012ac                DMA1_Stream1_IRQHandler
                0x080012ac                UART4_IRQHandler
                0x080012ac                TIM3_IRQHandler
                0x080012ac                RCC_IRQHandler
                0x080012ac                TIM8_BRK_TIM12_IRQHandler
                0x080012ac                Default_Handler
                0x080012ac                EXTI15_10_IRQHandler
                0x080012ac                ADC_IRQHandler
                0x080012ac                DMA1_Stream7_IRQHandler
                0x080012ac                SPI5_IRQHandler
                0x080012ac                TIM7_IRQHandler
                0x080012ac                SDMMC1_IRQHandler
                0x080012ac                TIM5_IRQHandler
                0x080012ac                DMA2_Stream7_IRQHandler
                0x080012ac                I2C3_EV_IRQHandler
                0x080012ac                RTC_WKUP_IRQHandler
                0x080012ac                SPI2_IRQHandler
                0x080012ac                OTG_HS_EP1_IN_IRQHandler
                0x080012ac                DMA1_Stream0_IRQHandler
                0x080012ac                CAN1_TX_IRQHandler
                0x080012ac                RNG_IRQHandler
                0x080012ac                OTG_HS_EP1_OUT_IRQHandler
                0x080012ac                WWDG_IRQHandler
                0x080012ac                TIM2_IRQHandler
                0x080012ac                OTG_FS_WKUP_IRQHandler
                0x080012ac                TIM1_TRG_COM_TIM11_IRQHandler
                0x080012ac                OTG_HS_IRQHandler
                0x080012ac                EXTI1_IRQHandler
                0x080012ac                SDMMC2_IRQHandler
                0x080012ac                UART7_IRQHandler
                0x080012ac                USART2_IRQHandler
                0x080012ac                I2C2_ER_IRQHandler
                0x080012ac                DMA2_Stream1_IRQHandler
                0x080012ac                CAN1_SCE_IRQHandler
                0x080012ac                FLASH_IRQHandler
                0x080012ac                DMA2_Stream4_IRQHandler
                0x080012ac                USART1_IRQHandler
                0x080012ac                SPI3_IRQHandler
                0x080012ac                DMA1_Stream4_IRQHandler
                0x080012ac                I2C1_ER_IRQHandler
                0x080012ac                FMC_IRQHandler
                0x080012ac                LPTIM1_IRQHandler
                0x080012ac                DMA2_Stream6_IRQHandler
                0x080012ac                SAI1_IRQHandler
                0x080012ac                RTC_Alarm_IRQHandler
 .text.HAL_Init
                0x080012ae       0x1a ./Drivers/STM32F7xx_HAL_Driver/stm32f7xx_hal.o
                0x080012ae                HAL_Init
 .text.HAL_InitTick
                0x080012c8       0x60 ./Drivers/STM32F7xx_HAL_Driver/stm32f7xx_hal.o
                0x080012c8                HAL_InitTick
 .text.HAL_IncTick
                0x08001328       0x28 ./Drivers/STM32F7xx_HAL_Driver/stm32f7xx_hal.o
                0x08001328                HAL_IncTick
 .text.HAL_GetTick
                0x08001350       0x18 ./Drivers/STM32F7xx_HAL_Driver/stm32f7xx_hal.o
                0x08001350                HAL_GetTick
 .text.HAL_Delay
                0x08001368       0x48 ./Drivers/STM32F7xx_HAL_Driver/stm32f7xx_hal.o
                0x08001368                HAL_Delay
 .text.__NVIC_SetPriorityGrouping
                0x080013b0       0x48 ./Drivers/STM32F7xx_HAL_Driver/stm32f7xx_hal_cortex.o
 .text.__NVIC_GetPriorityGrouping
                0x080013f8       0x1c ./Drivers/STM32F7xx_HAL_Driver/stm32f7xx_hal_cortex.o
 .text.__NVIC_EnableIRQ
                0x08001414       0x3c ./Drivers/STM32F7xx_HAL_Driver/stm32f7xx_hal_cortex.o
 .text.__NVIC_SetPriority
                0x08001450       0x54 ./Drivers/STM32F7xx_HAL_Driver/stm32f7xx_hal_cortex.o
 .text.NVIC_EncodePriority
                0x080014a4       0x66 ./Drivers/STM32F7xx_HAL_Driver/stm32f7xx_hal_cortex.o
 *fill*         0x0800150a        0x2 
 .text.SysTick_Config
                0x0800150c       0x44 ./Drivers/STM32F7xx_HAL_Driver/stm32f7xx_hal_cortex.o
 .text.HAL_NVIC_SetPriorityGrouping
                0x08001550       0x16 ./Drivers/STM32F7xx_HAL_Driver/stm32f7xx_hal_cortex.o
                0x08001550                HAL_NVIC_SetPriorityGrouping
 .text.HAL_NVIC_SetPriority
                0x08001566       0x38 ./Drivers/STM32F7xx_HAL_Driver/stm32f7xx_hal_cortex.o
                0x08001566                HAL_NVIC_SetPriority
 .text.HAL_NVIC_EnableIRQ
                0x0800159e       0x1c ./Drivers/STM32F7xx_HAL_Driver/stm32f7xx_hal_cortex.o
                0x0800159e                HAL_NVIC_EnableIRQ
 .text.HAL_SYSTICK_Config
                0x080015ba       0x18 ./Drivers/STM32F7xx_HAL_Driver/stm32f7xx_hal_cortex.o
                0x080015ba                HAL_SYSTICK_Config
 *fill*         0x080015d2        0x2 
 .text.HAL_GPIO_Init
                0x080015d4      0x338 ./Drivers/STM32F7xx_HAL_Driver/stm32f7xx_hal_gpio.o
                0x080015d4                HAL_GPIO_Init
 .text.HAL_GPIO_WritePin
                0x0800190c       0x32 ./Drivers/STM32F7xx_HAL_Driver/stm32f7xx_hal_gpio.o
                0x0800190c                HAL_GPIO_WritePin
 *fill*         0x0800193e        0x2 
 .text.HAL_GPIO_EXTI_IRQHandler
                0x08001940       0x30 ./Drivers/STM32F7xx_HAL_Driver/stm32f7xx_hal_gpio.o
                0x08001940                HAL_GPIO_EXTI_IRQHandler
 .text.HAL_PCD_Init
                0x08001970      0x22c ./Drivers/STM32F7xx_HAL_Driver/stm32f7xx_hal_pcd.o
                0x08001970                HAL_PCD_Init
 .text.HAL_PCD_Start
                0x08001b9c       0x44 ./Drivers/STM32F7xx_HAL_Driver/stm32f7xx_hal_pcd.o
                0x08001b9c                HAL_PCD_Start
 .text.HAL_PCD_IRQHandler
                0x08001be0      0x99c ./Drivers/STM32F7xx_HAL_Driver/stm32f7xx_hal_pcd.o
                0x08001be0                HAL_PCD_IRQHandler
 .text.HAL_PCD_SetAddress
                0x0800257c       0x48 ./Drivers/STM32F7xx_HAL_Driver/stm32f7xx_hal_pcd.o
                0x0800257c                HAL_PCD_SetAddress
 .text.HAL_PCD_EP_Open
                0x080025c4       0xd4 ./Drivers/STM32F7xx_HAL_Driver/stm32f7xx_hal_pcd.o
                0x080025c4                HAL_PCD_EP_Open
 .text.HAL_PCD_EP_Close
                0x08002698       0x94 ./Drivers/STM32F7xx_HAL_Driver/stm32f7xx_hal_pcd.o
                0x08002698                HAL_PCD_EP_Close
 .text.HAL_PCD_EP_Receive
                0x0800272c       0x76 ./Drivers/STM32F7xx_HAL_Driver/stm32f7xx_hal_pcd.o
                0x0800272c                HAL_PCD_EP_Receive
 .text.HAL_PCD_EP_GetRxCount
                0x080027a2       0x30 ./Drivers/STM32F7xx_HAL_Driver/stm32f7xx_hal_pcd.o
                0x080027a2                HAL_PCD_EP_GetRxCount
 .text.HAL_PCD_EP_Transmit
                0x080027d2       0x74 ./Drivers/STM32F7xx_HAL_Driver/stm32f7xx_hal_pcd.o
                0x080027d2                HAL_PCD_EP_Transmit
 .text.HAL_PCD_EP_SetStall
                0x08002846       0xc6 ./Drivers/STM32F7xx_HAL_Driver/stm32f7xx_hal_pcd.o
                0x08002846                HAL_PCD_EP_SetStall
 .text.HAL_PCD_EP_ClrStall
                0x0800290c       0xac ./Drivers/STM32F7xx_HAL_Driver/stm32f7xx_hal_pcd.o
                0x0800290c                HAL_PCD_EP_ClrStall
 .text.HAL_PCD_EP_Abort
                0x080029b8       0x62 ./Drivers/STM32F7xx_HAL_Driver/stm32f7xx_hal_pcd.o
                0x080029b8                HAL_PCD_EP_Abort
 .text.PCD_WriteEmptyTxFifo
                0x08002a1a      0x118 ./Drivers/STM32F7xx_HAL_Driver/stm32f7xx_hal_pcd.o
 *fill*         0x08002b32        0x2 
 .text.PCD_EP_OutXfrComplete_int
                0x08002b34      0x1d0 ./Drivers/STM32F7xx_HAL_Driver/stm32f7xx_hal_pcd.o
 .text.PCD_EP_OutSetupPacket_int
                0x08002d04       0x8c ./Drivers/STM32F7xx_HAL_Driver/stm32f7xx_hal_pcd.o
 .text.HAL_PCDEx_SetTxFiFo
                0x08002d90       0x8e ./Drivers/STM32F7xx_HAL_Driver/stm32f7xx_hal_pcd_ex.o
                0x08002d90                HAL_PCDEx_SetTxFiFo
 .text.HAL_PCDEx_SetRxFiFo
                0x08002e1e       0x22 ./Drivers/STM32F7xx_HAL_Driver/stm32f7xx_hal_pcd_ex.o
                0x08002e1e                HAL_PCDEx_SetRxFiFo
 .text.HAL_PCDEx_ActivateLPM
                0x08002e40       0x48 ./Drivers/STM32F7xx_HAL_Driver/stm32f7xx_hal_pcd_ex.o
                0x08002e40                HAL_PCDEx_ActivateLPM
 .text.HAL_PWR_EnableBkUpAccess
                0x08002e88       0x20 ./Drivers/STM32F7xx_HAL_Driver/stm32f7xx_hal_pwr.o
                0x08002e88                HAL_PWR_EnableBkUpAccess
 .text.HAL_PWREx_EnableOverDrive
                0x08002ea8       0xa0 ./Drivers/STM32F7xx_HAL_Driver/stm32f7xx_hal_pwr_ex.o
                0x08002ea8                HAL_PWREx_EnableOverDrive
 .text.HAL_RCC_OscConfig
                0x08002f48      0x548 ./Drivers/STM32F7xx_HAL_Driver/stm32f7xx_hal_rcc.o
                0x08002f48                HAL_RCC_OscConfig
 .text.HAL_RCC_ClockConfig
                0x08003490      0x1d8 ./Drivers/STM32F7xx_HAL_Driver/stm32f7xx_hal_rcc.o
                0x08003490                HAL_RCC_ClockConfig
 .text.HAL_RCC_GetSysClockFreq
                0x08003668      0x208 ./Drivers/STM32F7xx_HAL_Driver/stm32f7xx_hal_rcc.o
                0x08003668                HAL_RCC_GetSysClockFreq
 .text.HAL_RCC_GetHCLKFreq
                0x08003870       0x18 ./Drivers/STM32F7xx_HAL_Driver/stm32f7xx_hal_rcc.o
                0x08003870                HAL_RCC_GetHCLKFreq
 .text.HAL_RCCEx_PeriphCLKConfig
                0x08003888      0x694 ./Drivers/STM32F7xx_HAL_Driver/stm32f7xx_hal_rcc_ex.o
                0x08003888                HAL_RCCEx_PeriphCLKConfig
 .text.HAL_SPI_Init
                0x08003f1c      0x156 ./Drivers/STM32F7xx_HAL_Driver/stm32f7xx_hal_spi.o
                0x08003f1c                HAL_SPI_Init
 .text.HAL_SPI_Transmit
                0x08004072      0x2ec ./Drivers/STM32F7xx_HAL_Driver/stm32f7xx_hal_spi.o
                0x08004072                HAL_SPI_Transmit
 .text.HAL_SPI_TransmitReceive
                0x0800435e      0x43e ./Drivers/STM32F7xx_HAL_Driver/stm32f7xx_hal_spi.o
                0x0800435e                HAL_SPI_TransmitReceive
 .text.SPI_WaitFlagStateUntilTimeout
                0x0800479c      0x110 ./Drivers/STM32F7xx_HAL_Driver/stm32f7xx_hal_spi.o
 .text.SPI_WaitFifoStateUntilTimeout
                0x080048ac      0x12c ./Drivers/STM32F7xx_HAL_Driver/stm32f7xx_hal_spi.o
 .text.SPI_EndRxTxTransaction
                0x080049d8       0xd4 ./Drivers/STM32F7xx_HAL_Driver/stm32f7xx_hal_spi.o
 .text.HAL_TIM_Base_Init
                0x08004aac       0xae ./Drivers/STM32F7xx_HAL_Driver/stm32f7xx_hal_tim.o
                0x08004aac                HAL_TIM_Base_Init
 .text.HAL_TIM_PWM_Init
                0x08004b5a       0xae ./Drivers/STM32F7xx_HAL_Driver/stm32f7xx_hal_tim.o
                0x08004b5a                HAL_TIM_PWM_Init
 .text.HAL_TIM_PWM_MspInit
                0x08004c08       0x14 ./Drivers/STM32F7xx_HAL_Driver/stm32f7xx_hal_tim.o
                0x08004c08                HAL_TIM_PWM_MspInit
 .text.HAL_TIM_PWM_ConfigChannel
                0x08004c1c      0x228 ./Drivers/STM32F7xx_HAL_Driver/stm32f7xx_hal_tim.o
                0x08004c1c                HAL_TIM_PWM_ConfigChannel
 .text.HAL_TIM_ConfigClockSource
                0x08004e44      0x194 ./Drivers/STM32F7xx_HAL_Driver/stm32f7xx_hal_tim.o
                0x08004e44                HAL_TIM_ConfigClockSource
 .text.TIM_Base_SetConfig
                0x08004fd8      0x14c ./Drivers/STM32F7xx_HAL_Driver/stm32f7xx_hal_tim.o
                0x08004fd8                TIM_Base_SetConfig
 .text.TIM_OC1_SetConfig
                0x08005124       0xe4 ./Drivers/STM32F7xx_HAL_Driver/stm32f7xx_hal_tim.o
 .text.TIM_OC2_SetConfig
                0x08005208       0xf0 ./Drivers/STM32F7xx_HAL_Driver/stm32f7xx_hal_tim.o
                0x08005208                TIM_OC2_SetConfig
 .text.TIM_OC3_SetConfig
                0x080052f8       0xec ./Drivers/STM32F7xx_HAL_Driver/stm32f7xx_hal_tim.o
 .text.TIM_OC4_SetConfig
                0x080053e4       0xb0 ./Drivers/STM32F7xx_HAL_Driver/stm32f7xx_hal_tim.o
 .text.TIM_OC5_SetConfig
                0x08005494       0xa4 ./Drivers/STM32F7xx_HAL_Driver/stm32f7xx_hal_tim.o
 .text.TIM_OC6_SetConfig
                0x08005538       0xa8 ./Drivers/STM32F7xx_HAL_Driver/stm32f7xx_hal_tim.o
 .text.TIM_TI1_ConfigInputStage
                0x080055e0       0x5e ./Drivers/STM32F7xx_HAL_Driver/stm32f7xx_hal_tim.o
 .text.TIM_TI2_ConfigInputStage
                0x0800563e       0x60 ./Drivers/STM32F7xx_HAL_Driver/stm32f7xx_hal_tim.o
 .text.TIM_ITRx_SetConfig
                0x0800569e       0x36 ./Drivers/STM32F7xx_HAL_Driver/stm32f7xx_hal_tim.o
 .text.TIM_ETR_SetConfig
                0x080056d4       0x40 ./Drivers/STM32F7xx_HAL_Driver/stm32f7xx_hal_tim.o
                0x080056d4                TIM_ETR_SetConfig
 .text.HAL_TIMEx_MasterConfigSynchronization
                0x08005714      0x11c ./Drivers/STM32F7xx_HAL_Driver/stm32f7xx_hal_tim_ex.o
                0x08005714                HAL_TIMEx_MasterConfigSynchronization
 .text.USB_CoreInit
                0x08005830      0x118 ./Drivers/STM32F7xx_HAL_Driver/stm32f7xx_ll_usb.o
                0x08005830                USB_CoreInit
 .text.USB_SetTurnaroundTime
                0x08005948      0x144 ./Drivers/STM32F7xx_HAL_Driver/stm32f7xx_ll_usb.o
                0x08005948                USB_SetTurnaroundTime
 .text.USB_EnableGlobalInt
                0x08005a8c       0x22 ./Drivers/STM32F7xx_HAL_Driver/stm32f7xx_ll_usb.o
                0x08005a8c                USB_EnableGlobalInt
 .text.USB_DisableGlobalInt
                0x08005aae       0x22 ./Drivers/STM32F7xx_HAL_Driver/stm32f7xx_ll_usb.o
                0x08005aae                USB_DisableGlobalInt
 .text.USB_SetCurrentMode
                0x08005ad0       0x98 ./Drivers/STM32F7xx_HAL_Driver/stm32f7xx_ll_usb.o
                0x08005ad0                USB_SetCurrentMode
 .text.USB_DevInit
                0x08005b68      0x2e0 ./Drivers/STM32F7xx_HAL_Driver/stm32f7xx_ll_usb.o
                0x08005b68                USB_DevInit
 .text.USB_FlushTxFifo
                0x08005e48       0x64 ./Drivers/STM32F7xx_HAL_Driver/stm32f7xx_ll_usb.o
                0x08005e48                USB_FlushTxFifo
 .text.USB_FlushRxFifo
                0x08005eac       0x5c ./Drivers/STM32F7xx_HAL_Driver/stm32f7xx_ll_usb.o
                0x08005eac                USB_FlushRxFifo
 .text.USB_SetDevSpeed
                0x08005f08       0x32 ./Drivers/STM32F7xx_HAL_Driver/stm32f7xx_ll_usb.o
                0x08005f08                USB_SetDevSpeed
 .text.USB_GetDevSpeed
                0x08005f3a       0x4a ./Drivers/STM32F7xx_HAL_Driver/stm32f7xx_ll_usb.o
                0x08005f3a                USB_GetDevSpeed
 .text.USB_ActivateEndpoint
                0x08005f84      0x110 ./Drivers/STM32F7xx_HAL_Driver/stm32f7xx_ll_usb.o
                0x08005f84                USB_ActivateEndpoint
 .text.USB_DeactivateEndpoint
                0x08006094      0x1b8 ./Drivers/STM32F7xx_HAL_Driver/stm32f7xx_ll_usb.o
                0x08006094                USB_DeactivateEndpoint
 .text.USB_EPStartXfer
                0x0800624c      0x548 ./Drivers/STM32F7xx_HAL_Driver/stm32f7xx_ll_usb.o
                0x0800624c                USB_EPStartXfer
 .text.USB_EPStopXfer
                0x08006794      0x154 ./Drivers/STM32F7xx_HAL_Driver/stm32f7xx_ll_usb.o
                0x08006794                USB_EPStopXfer
 .text.USB_WritePacket
                0x080068e8       0x7c ./Drivers/STM32F7xx_HAL_Driver/stm32f7xx_ll_usb.o
                0x080068e8                USB_WritePacket
 .text.USB_ReadPacket
                0x08006964       0xb0 ./Drivers/STM32F7xx_HAL_Driver/stm32f7xx_ll_usb.o
                0x08006964                USB_ReadPacket
 .text.USB_EPSetStall
                0x08006a14       0xdc ./Drivers/STM32F7xx_HAL_Driver/stm32f7xx_ll_usb.o
                0x08006a14                USB_EPSetStall
 .text.USB_EPClearStall
                0x08006af0       0xcc ./Drivers/STM32F7xx_HAL_Driver/stm32f7xx_ll_usb.o
                0x08006af0                USB_EPClearStall
 .text.USB_SetDevAddress
                0x08006bbc       0x4c ./Drivers/STM32F7xx_HAL_Driver/stm32f7xx_ll_usb.o
                0x08006bbc                USB_SetDevAddress
 .text.USB_DevConnect
                0x08006c08       0x42 ./Drivers/STM32F7xx_HAL_Driver/stm32f7xx_ll_usb.o
                0x08006c08                USB_DevConnect
 .text.USB_DevDisconnect
                0x08006c4a       0x42 ./Drivers/STM32F7xx_HAL_Driver/stm32f7xx_ll_usb.o
                0x08006c4a                USB_DevDisconnect
 .text.USB_ReadInterrupts
                0x08006c8c       0x26 ./Drivers/STM32F7xx_HAL_Driver/stm32f7xx_ll_usb.o
                0x08006c8c                USB_ReadInterrupts
 .text.USB_ReadDevAllOutEpInterrupt
                0x08006cb2       0x34 ./Drivers/STM32F7xx_HAL_Driver/stm32f7xx_ll_usb.o
                0x08006cb2                USB_ReadDevAllOutEpInterrupt
 .text.USB_ReadDevAllInEpInterrupt
                0x08006ce6       0x34 ./Drivers/STM32F7xx_HAL_Driver/stm32f7xx_ll_usb.o
                0x08006ce6                USB_ReadDevAllInEpInterrupt
 .text.USB_ReadDevOutEPInterrupt
                0x08006d1a       0x3c ./Drivers/STM32F7xx_HAL_Driver/stm32f7xx_ll_usb.o
                0x08006d1a                USB_ReadDevOutEPInterrupt
 .text.USB_ReadDevInEPInterrupt
                0x08006d56       0x5c ./Drivers/STM32F7xx_HAL_Driver/stm32f7xx_ll_usb.o
                0x08006d56                USB_ReadDevInEPInterrupt
 .text.USB_GetMode
                0x08006db2       0x1c ./Drivers/STM32F7xx_HAL_Driver/stm32f7xx_ll_usb.o
                0x08006db2                USB_GetMode
 *fill*         0x08006dce        0x2 
 .text.USB_ActivateSetup
                0x08006dd0       0x48 ./Drivers/STM32F7xx_HAL_Driver/stm32f7xx_ll_usb.o
                0x08006dd0                USB_ActivateSetup
 .text.USB_EP0_OutStart
                0x08006e18       0xbc ./Drivers/STM32F7xx_HAL_Driver/stm32f7xx_ll_usb.o
                0x08006e18                USB_EP0_OutStart
 .text.USB_CoreReset
                0x08006ed4       0x70 ./Drivers/STM32F7xx_HAL_Driver/stm32f7xx_ll_usb.o
 .text.MX_FATFS_Init
                0x08006f44       0x24 ./FATFS/App/fatfs.o
                0x08006f44                MX_FATFS_Init
 .text.get_fattime
                0x08006f68       0x10 ./FATFS/App/fatfs.o
                0x08006f68                get_fattime
 .text.USER_initialize
                0x08006f78       0x1c ./FATFS/Target/user_diskio.o
                0x08006f78                USER_initialize
 .text.USER_status
                0x08006f94       0x1c ./FATFS/Target/user_diskio.o
                0x08006f94                USER_status
 .text.USER_read
                0x08006fb0       0x26 ./FATFS/Target/user_diskio.o
                0x08006fb0                USER_read
 .text.USER_write
                0x08006fd6       0x26 ./FATFS/Target/user_diskio.o
                0x08006fd6                USER_write
 .text.USER_ioctl
                0x08006ffc       0x26 ./FATFS/Target/user_diskio.o
                0x08006ffc                USER_ioctl
 *fill*         0x08007022        0x2 
 .text.SPI_Timer_On
                0x08007024       0x28 ./FATFS/Target/user_diskio_spi.o
                0x08007024                SPI_Timer_On
 .text.SPI_Timer_Status
                0x0800704c       0x2c ./FATFS/Target/user_diskio_spi.o
                0x0800704c                SPI_Timer_Status
 .text.xchg_spi
                0x08007078       0x2c ./FATFS/Target/user_diskio_spi.o
 .text.rcvr_spi_multi
                0x080070a4       0x38 ./FATFS/Target/user_diskio_spi.o
 .text.xmit_spi_multi
                0x080070dc       0x28 ./FATFS/Target/user_diskio_spi.o
 .text.wait_ready
                0x08007104       0x46 ./FATFS/Target/user_diskio_spi.o
 *fill*         0x0800714a        0x2 
 .text.despiselect
                0x0800714c       0x1c ./FATFS/Target/user_diskio_spi.o
 .text.spiselect
                0x08007168       0x34 ./FATFS/Target/user_diskio_spi.o
 .text.rcvr_datablock
                0x0800719c       0x52 ./FATFS/Target/user_diskio_spi.o
 .text.xmit_datablock
                0x080071ee       0x64 ./FATFS/Target/user_diskio_spi.o
 .text.send_cmd
                0x08007252       0xde ./FATFS/Target/user_diskio_spi.o
 .text.USER_SPI_initialize
                0x08007330      0x1d8 ./FATFS/Target/user_diskio_spi.o
                0x08007330                USER_SPI_initialize
 .text.USER_SPI_status
                0x08007508       0x2c ./FATFS/Target/user_diskio_spi.o
                0x08007508                USER_SPI_status
 .text.USER_SPI_read
                0x08007534       0xcc ./FATFS/Target/user_diskio_spi.o
                0x08007534                USER_SPI_read
 .text.USER_SPI_write
                0x08007600       0xf8 ./FATFS/Target/user_diskio_spi.o
                0x08007600                USER_SPI_write
 .text.USER_SPI_ioctl
                0x080076f8      0x2e0 ./FATFS/Target/user_diskio_spi.o
                0x080076f8                USER_SPI_ioctl
 .text.disk_status
                0x080079d8       0x34 ./Middlewares/FatFs/diskio.o
                0x080079d8                disk_status
 .text.disk_initialize
                0x08007a0c       0x4c ./Middlewares/FatFs/diskio.o
                0x08007a0c                disk_initialize
 .text.disk_read
                0x08007a58       0x40 ./Middlewares/FatFs/diskio.o
                0x08007a58                disk_read
 .text.disk_write
                0x08007a98       0x40 ./Middlewares/FatFs/diskio.o
                0x08007a98                disk_write
 .text.disk_ioctl
                0x08007ad8       0x3c ./Middlewares/FatFs/diskio.o
                0x08007ad8                disk_ioctl
 .text.ld_word  0x08007b14       0x32 ./Middlewares/FatFs/ff.o
 .text.ld_dword
                0x08007b46       0x46 ./Middlewares/FatFs/ff.o
 .text.st_word  0x08007b8c       0x36 ./Middlewares/FatFs/ff.o
 .text.st_dword
                0x08007bc2       0x58 ./Middlewares/FatFs/ff.o
 .text.mem_cpy  0x08007c1a       0x42 ./Middlewares/FatFs/ff.o
 .text.mem_set  0x08007c5c       0x36 ./Middlewares/FatFs/ff.o
 .text.mem_cmp  0x08007c92       0x4e ./Middlewares/FatFs/ff.o
 .text.chk_chr  0x08007ce0       0x36 ./Middlewares/FatFs/ff.o
 *fill*         0x08007d16        0x2 
 .text.chk_lock
                0x08007d18       0xb8 ./Middlewares/FatFs/ff.o
 .text.enq_lock
                0x08007dd0       0x44 ./Middlewares/FatFs/ff.o
 .text.inc_lock
                0x08007e14      0x11c ./Middlewares/FatFs/ff.o
 .text.dec_lock
                0x08007f30       0x78 ./Middlewares/FatFs/ff.o
 .text.clear_lock
                0x08007fa8       0x48 ./Middlewares/FatFs/ff.o
 .text.sync_window
                0x08007ff0       0x88 ./Middlewares/FatFs/ff.o
 .text.move_window
                0x08008078       0x5a ./Middlewares/FatFs/ff.o
 *fill*         0x080080d2        0x2 
 .text.sync_fs  0x080080d4       0xdc ./Middlewares/FatFs/ff.o
 .text.clust2sect
                0x080081b0       0x3e ./Middlewares/FatFs/ff.o
 .text.get_fat  0x080081ee      0x14e ./Middlewares/FatFs/ff.o
 .text.put_fat  0x0800833c      0x1d4 ./Middlewares/FatFs/ff.o
 .text.remove_chain
                0x08008510       0xca ./Middlewares/FatFs/ff.o
 .text.create_chain
                0x080085da      0x130 ./Middlewares/FatFs/ff.o
 .text.clmt_clust
                0x0800870a       0x68 ./Middlewares/FatFs/ff.o
 .text.dir_sdi  0x08008772       0xf6 ./Middlewares/FatFs/ff.o
 .text.dir_next
                0x08008868      0x18a ./Middlewares/FatFs/ff.o
 .text.dir_alloc
                0x080089f2       0x8e ./Middlewares/FatFs/ff.o
 .text.ld_clust
                0x08008a80       0x3e ./Middlewares/FatFs/ff.o
 .text.st_clust
                0x08008abe       0x40 ./Middlewares/FatFs/ff.o
 .text.dir_find
                0x08008afe       0xaa ./Middlewares/FatFs/ff.o
 .text.dir_register
                0x08008ba8       0x64 ./Middlewares/FatFs/ff.o
 .text.create_name
                0x08008c0c      0x128 ./Middlewares/FatFs/ff.o
 .text.follow_path
                0x08008d34       0xe2 ./Middlewares/FatFs/ff.o
 .text.get_ldnumber
                0x08008e16       0x88 ./Middlewares/FatFs/ff.o
 *fill*         0x08008e9e        0x2 
 .text.check_fs
                0x08008ea0       0xac ./Middlewares/FatFs/ff.o
 .text.find_volume
                0x08008f4c      0x498 ./Middlewares/FatFs/ff.o
 .text.validate
                0x080093e4       0x6a ./Middlewares/FatFs/ff.o
 *fill*         0x0800944e        0x2 
 .text.f_mount  0x08009450       0x8c ./Middlewares/FatFs/ff.o
                0x08009450                f_mount
 .text.f_open   0x080094dc      0x374 ./Middlewares/FatFs/ff.o
                0x080094dc                f_open
 .text.f_write  0x08009850      0x2ea ./Middlewares/FatFs/ff.o
                0x08009850                f_write
 .text.f_sync   0x08009b3a       0xfc ./Middlewares/FatFs/ff.o
                0x08009b3a                f_sync
 .text.f_close  0x08009c36       0x54 ./Middlewares/FatFs/ff.o
                0x08009c36                f_close
 .text.f_lseek  0x08009c8a      0x412 ./Middlewares/FatFs/ff.o
                0x08009c8a                f_lseek
 .text.f_getfree
                0x0800a09c      0x16a ./Middlewares/FatFs/ff.o
                0x0800a09c                f_getfree
 *fill*         0x0800a206        0x2 
 .text.FATFS_LinkDriverEx
                0x0800a208       0x98 ./Middlewares/FatFs/ff_gen_drv.o
                0x0800a208                FATFS_LinkDriverEx
 .text.FATFS_LinkDriver
                0x0800a2a0       0x1e ./Middlewares/FatFs/ff_gen_drv.o
                0x0800a2a0                FATFS_LinkDriver
 *fill*         0x0800a2be        0x2 
 .text.USBD_CDC_Init
                0x0800a2c0      0x1f0 ./Middlewares/USB_Device_Library/usbd_cdc.o
 .text.USBD_CDC_DeInit
                0x0800a4b0      0x104 ./Middlewares/USB_Device_Library/usbd_cdc.o
 .text.USBD_CDC_Setup
                0x0800a5b4      0x1b8 ./Middlewares/USB_Device_Library/usbd_cdc.o
 .text.USBD_CDC_DataIn
                0x0800a76c       0xfe ./Middlewares/USB_Device_Library/usbd_cdc.o
 .text.USBD_CDC_DataOut
                0x0800a86a       0x70 ./Middlewares/USB_Device_Library/usbd_cdc.o
 .text.USBD_CDC_EP0_RxReady
                0x0800a8da       0x74 ./Middlewares/USB_Device_Library/usbd_cdc.o
 *fill*         0x0800a94e        0x2 
 .text.USBD_CDC_GetFSCfgDesc
                0x0800a950       0x70 ./Middlewares/USB_Device_Library/usbd_cdc.o
 .text.USBD_CDC_GetHSCfgDesc
                0x0800a9c0       0x70 ./Middlewares/USB_Device_Library/usbd_cdc.o
 .text.USBD_CDC_GetOtherSpeedCfgDesc
                0x0800aa30       0x70 ./Middlewares/USB_Device_Library/usbd_cdc.o
 .text.USBD_CDC_GetDeviceQualifierDescriptor
                0x0800aaa0       0x20 ./Middlewares/USB_Device_Library/usbd_cdc.o
                0x0800aaa0                USBD_CDC_GetDeviceQualifierDescriptor
 .text.USBD_CDC_RegisterInterface
                0x0800aac0       0x34 ./Middlewares/USB_Device_Library/usbd_cdc.o
                0x0800aac0                USBD_CDC_RegisterInterface
 .text.USBD_CDC_SetTxBuffer
                0x0800aaf4       0x44 ./Middlewares/USB_Device_Library/usbd_cdc.o
                0x0800aaf4                USBD_CDC_SetTxBuffer
 .text.USBD_CDC_SetRxBuffer
                0x0800ab38       0x3a ./Middlewares/USB_Device_Library/usbd_cdc.o
                0x0800ab38                USBD_CDC_SetRxBuffer
 *fill*         0x0800ab72        0x2 
 .text.USBD_CDC_TransmitPacket
                0x0800ab74       0x80 ./Middlewares/USB_Device_Library/usbd_cdc.o
                0x0800ab74                USBD_CDC_TransmitPacket
 .text.USBD_CDC_ReceivePacket
                0x0800abf4       0x6c ./Middlewares/USB_Device_Library/usbd_cdc.o
                0x0800abf4                USBD_CDC_ReceivePacket
 .text.USBD_Init
                0x0800ac60       0x60 ./Middlewares/USB_Device_Library/usbd_core.o
                0x0800ac60                USBD_Init
 .text.USBD_RegisterClass
                0x0800acc0       0x6c ./Middlewares/USB_Device_Library/usbd_core.o
                0x0800acc0                USBD_RegisterClass
 .text.USBD_Start
                0x0800ad2c       0x18 ./Middlewares/USB_Device_Library/usbd_core.o
                0x0800ad2c                USBD_Start
 .text.USBD_RunTestMode
                0x0800ad44       0x16 ./Middlewares/USB_Device_Library/usbd_core.o
                0x0800ad44                USBD_RunTestMode
 .text.USBD_SetClassConfig
                0x0800ad5a       0x38 ./Middlewares/USB_Device_Library/usbd_core.o
                0x0800ad5a                USBD_SetClassConfig
 .text.USBD_ClrClassConfig
                0x0800ad92       0x34 ./Middlewares/USB_Device_Library/usbd_core.o
                0x0800ad92                USBD_ClrClassConfig
 .text.USBD_LL_SetupStage
                0x0800adc6       0xaa ./Middlewares/USB_Device_Library/usbd_core.o
                0x0800adc6                USBD_LL_SetupStage
 .text.USBD_LL_DataOutStage
                0x0800ae70      0x178 ./Middlewares/USB_Device_Library/usbd_core.o
                0x0800ae70                USBD_LL_DataOutStage
 .text.USBD_LL_DataInStage
                0x0800afe8      0x176 ./Middlewares/USB_Device_Library/usbd_core.o
                0x0800afe8                USBD_LL_DataInStage
 .text.USBD_LL_Reset
                0x0800b15e       0xa6 ./Middlewares/USB_Device_Library/usbd_core.o
                0x0800b15e                USBD_LL_Reset
 .text.USBD_LL_SetSpeed
                0x0800b204       0x20 ./Middlewares/USB_Device_Library/usbd_core.o
                0x0800b204                USBD_LL_SetSpeed
 .text.USBD_LL_Suspend
                0x0800b224       0x38 ./Middlewares/USB_Device_Library/usbd_core.o
                0x0800b224                USBD_LL_Suspend
 .text.USBD_LL_Resume
                0x0800b25c       0x30 ./Middlewares/USB_Device_Library/usbd_core.o
                0x0800b25c                USBD_LL_Resume
 .text.USBD_LL_SOF
                0x0800b28c       0x40 ./Middlewares/USB_Device_Library/usbd_core.o
                0x0800b28c                USBD_LL_SOF
 .text.USBD_LL_IsoINIncomplete
                0x0800b2cc       0x64 ./Middlewares/USB_Device_Library/usbd_core.o
                0x0800b2cc                USBD_LL_IsoINIncomplete
 .text.USBD_LL_IsoOUTIncomplete
                0x0800b330       0x64 ./Middlewares/USB_Device_Library/usbd_core.o
                0x0800b330                USBD_LL_IsoOUTIncomplete
 .text.USBD_LL_DevConnected
                0x0800b394       0x16 ./Middlewares/USB_Device_Library/usbd_core.o
                0x0800b394                USBD_LL_DevConnected
 .text.USBD_LL_DevDisconnected
                0x0800b3aa       0x46 ./Middlewares/USB_Device_Library/usbd_core.o
                0x0800b3aa                USBD_LL_DevDisconnected
 .text.USBD_CoreFindIF
                0x0800b3f0       0x1a ./Middlewares/USB_Device_Library/usbd_core.o
                0x0800b3f0                USBD_CoreFindIF
 .text.USBD_CoreFindEP
                0x0800b40a       0x1a ./Middlewares/USB_Device_Library/usbd_core.o
                0x0800b40a                USBD_CoreFindEP
 .text.USBD_GetEpDesc
                0x0800b424       0x70 ./Middlewares/USB_Device_Library/usbd_core.o
                0x0800b424                USBD_GetEpDesc
 .text.USBD_GetNextDesc
                0x0800b494       0x38 ./Middlewares/USB_Device_Library/usbd_core.o
                0x0800b494                USBD_GetNextDesc
 .text.SWAPBYTE
                0x0800b4cc       0x3e ./Middlewares/USB_Device_Library/usbd_ctlreq.o
 *fill*         0x0800b50a        0x2 
 .text.USBD_StdDevReq
                0x0800b50c       0xe4 ./Middlewares/USB_Device_Library/usbd_ctlreq.o
                0x0800b50c                USBD_StdDevReq
 .text.USBD_StdItfReq
                0x0800b5f0       0xd8 ./Middlewares/USB_Device_Library/usbd_ctlreq.o
                0x0800b5f0                USBD_StdItfReq
 .text.USBD_StdEPReq
                0x0800b6c8      0x33e ./Middlewares/USB_Device_Library/usbd_ctlreq.o
                0x0800b6c8                USBD_StdEPReq
 *fill*         0x0800ba06        0x2 
 .text.USBD_GetDescriptor
                0x0800ba08      0x328 ./Middlewares/USB_Device_Library/usbd_ctlreq.o
 .text.USBD_SetAddress
                0x0800bd30       0x88 ./Middlewares/USB_Device_Library/usbd_ctlreq.o
 .text.USBD_SetConfig
                0x0800bdb8      0x154 ./Middlewares/USB_Device_Library/usbd_ctlreq.o
 .text.USBD_GetConfig
                0x0800bf0c       0x6c ./Middlewares/USB_Device_Library/usbd_ctlreq.o
 .text.USBD_GetStatus
                0x0800bf78       0x68 ./Middlewares/USB_Device_Library/usbd_ctlreq.o
 .text.USBD_SetFeature
                0x0800bfe0       0x52 ./Middlewares/USB_Device_Library/usbd_ctlreq.o
 .text.USBD_ClrFeature
                0x0800c032       0x44 ./Middlewares/USB_Device_Library/usbd_ctlreq.o
 .text.USBD_ParseSetupRequest
                0x0800c076       0x74 ./Middlewares/USB_Device_Library/usbd_ctlreq.o
                0x0800c076                USBD_ParseSetupRequest
 .text.USBD_CtlError
                0x0800c0ea       0x22 ./Middlewares/USB_Device_Library/usbd_ctlreq.o
                0x0800c0ea                USBD_CtlError
 .text.USBD_GetString
                0x0800c10c       0xa4 ./Middlewares/USB_Device_Library/usbd_ctlreq.o
                0x0800c10c                USBD_GetString
 .text.USBD_GetLen
                0x0800c1b0       0x34 ./Middlewares/USB_Device_Library/usbd_ctlreq.o
 .text.USBD_CtlSendData
                0x0800c1e4       0x3c ./Middlewares/USB_Device_Library/usbd_ioreq.o
                0x0800c1e4                USBD_CtlSendData
 .text.USBD_CtlContinueSendData
                0x0800c220       0x22 ./Middlewares/USB_Device_Library/usbd_ioreq.o
                0x0800c220                USBD_CtlContinueSendData
 .text.USBD_CtlPrepareRx
                0x0800c242       0x42 ./Middlewares/USB_Device_Library/usbd_ioreq.o
                0x0800c242                USBD_CtlPrepareRx
 .text.USBD_CtlContinueRx
                0x0800c284       0x22 ./Middlewares/USB_Device_Library/usbd_ioreq.o
                0x0800c284                USBD_CtlContinueRx
 .text.USBD_CtlSendStatus
                0x0800c2a6       0x26 ./Middlewares/USB_Device_Library/usbd_ioreq.o
                0x0800c2a6                USBD_CtlSendStatus
 .text.USBD_CtlReceiveStatus
                0x0800c2cc       0x26 ./Middlewares/USB_Device_Library/usbd_ioreq.o
                0x0800c2cc                USBD_CtlReceiveStatus
 *fill*         0x0800c2f2        0x2 
 .text.MX_USB_DEVICE_Init
                0x0800c2f4       0x60 ./USB_DEVICE/App/usb_device.o
                0x0800c2f4                MX_USB_DEVICE_Init
 .text.CDC_Init_FS
                0x0800c354       0x28 ./USB_DEVICE/App/usbd_cdc_if.o
 .text.CDC_DeInit_FS
                0x0800c37c       0x10 ./USB_DEVICE/App/usbd_cdc_if.o
 .text.CDC_Control_FS
                0x0800c38c       0xbc ./USB_DEVICE/App/usbd_cdc_if.o
 .text.CDC_Receive_FS
                0x0800c448       0x28 ./USB_DEVICE/App/usbd_cdc_if.o
 .text.CDC_Transmit_FS
                0x0800c470       0x4c ./USB_DEVICE/App/usbd_cdc_if.o
                0x0800c470                CDC_Transmit_FS
 .text.CDC_TransmitCplt_FS
                0x0800c4bc       0x22 ./USB_DEVICE/App/usbd_cdc_if.o
 .text.__io_putchar
                0x0800c4de       0x32 ./USB_DEVICE/App/usbd_cdc_if.o
                0x0800c4de                __io_putchar
 .text.USBD_FS_DeviceDescriptor
                0x0800c510       0x24 ./USB_DEVICE/App/usbd_desc.o
                0x0800c510                USBD_FS_DeviceDescriptor
 .text.USBD_FS_LangIDStrDescriptor
                0x0800c534       0x24 ./USB_DEVICE/App/usbd_desc.o
                0x0800c534                USBD_FS_LangIDStrDescriptor
 .text.USBD_FS_ProductStrDescriptor
                0x0800c558       0x3c ./USB_DEVICE/App/usbd_desc.o
                0x0800c558                USBD_FS_ProductStrDescriptor
 .text.USBD_FS_ManufacturerStrDescriptor
                0x0800c594       0x28 ./USB_DEVICE/App/usbd_desc.o
                0x0800c594                USBD_FS_ManufacturerStrDescriptor
 .text.USBD_FS_SerialStrDescriptor
                0x0800c5bc       0x24 ./USB_DEVICE/App/usbd_desc.o
                0x0800c5bc                USBD_FS_SerialStrDescriptor
 .text.USBD_FS_ConfigStrDescriptor
                0x0800c5e0       0x3c ./USB_DEVICE/App/usbd_desc.o
                0x0800c5e0                USBD_FS_ConfigStrDescriptor
 .text.USBD_FS_InterfaceStrDescriptor
                0x0800c61c       0x3c ./USB_DEVICE/App/usbd_desc.o
                0x0800c61c                USBD_FS_InterfaceStrDescriptor
 .text.USBD_FS_USR_BOSDescriptor
                0x0800c658       0x24 ./USB_DEVICE/App/usbd_desc.o
                0x0800c658                USBD_FS_USR_BOSDescriptor
 .text.Get_SerialNum
                0x0800c67c       0x58 ./USB_DEVICE/App/usbd_desc.o
 .text.IntToUnicode
                0x0800c6d4       0x7e ./USB_DEVICE/App/usbd_desc.o
 *fill*         0x0800c752        0x2 
 .text.HAL_PCD_MspInit
                0x0800c754       0xe4 ./USB_DEVICE/Target/usbd_conf.o
                0x0800c754                HAL_PCD_MspInit
 .text.HAL_PCD_SetupStageCallback
                0x0800c838       0x24 ./USB_DEVICE/Target/usbd_conf.o
                0x0800c838                HAL_PCD_SetupStageCallback
 .text.HAL_PCD_DataOutStageCallback
                0x0800c85c       0x36 ./USB_DEVICE/Target/usbd_conf.o
                0x0800c85c                HAL_PCD_DataOutStageCallback
 .text.HAL_PCD_DataInStageCallback
                0x0800c892       0x34 ./USB_DEVICE/Target/usbd_conf.o
                0x0800c892                HAL_PCD_DataInStageCallback
 .text.HAL_PCD_SOFCallback
                0x0800c8c6       0x1c ./USB_DEVICE/Target/usbd_conf.o
                0x0800c8c6                HAL_PCD_SOFCallback
 .text.HAL_PCD_ResetCallback
                0x0800c8e2       0x50 ./USB_DEVICE/Target/usbd_conf.o
                0x0800c8e2                HAL_PCD_ResetCallback
 *fill*         0x0800c932        0x2 
 .text.HAL_PCD_SuspendCallback
                0x0800c934       0x4c ./USB_DEVICE/Target/usbd_conf.o
                0x0800c934                HAL_PCD_SuspendCallback
 .text.HAL_PCD_ResumeCallback
                0x0800c980       0x1c ./USB_DEVICE/Target/usbd_conf.o
                0x0800c980                HAL_PCD_ResumeCallback
 .text.HAL_PCD_ISOOUTIncompleteCallback
                0x0800c99c       0x24 ./USB_DEVICE/Target/usbd_conf.o
                0x0800c99c                HAL_PCD_ISOOUTIncompleteCallback
 .text.HAL_PCD_ISOINIncompleteCallback
                0x0800c9c0       0x24 ./USB_DEVICE/Target/usbd_conf.o
                0x0800c9c0                HAL_PCD_ISOINIncompleteCallback
 .text.HAL_PCD_ConnectCallback
                0x0800c9e4       0x1c ./USB_DEVICE/Target/usbd_conf.o
                0x0800c9e4                HAL_PCD_ConnectCallback
 .text.HAL_PCD_DisconnectCallback
                0x0800ca00       0x1c ./USB_DEVICE/Target/usbd_conf.o
                0x0800ca00                HAL_PCD_DisconnectCallback
 .text.USBD_LL_Init
                0x0800ca1c       0xa0 ./USB_DEVICE/Target/usbd_conf.o
                0x0800ca1c                USBD_LL_Init
 .text.USBD_LL_Start
                0x0800cabc       0x36 ./USB_DEVICE/Target/usbd_conf.o
                0x0800cabc                USBD_LL_Start
 .text.USBD_LL_OpenEP
                0x0800caf2       0x4c ./USB_DEVICE/Target/usbd_conf.o
                0x0800caf2                USBD_LL_OpenEP
 .text.USBD_LL_CloseEP
                0x0800cb3e       0x3e ./USB_DEVICE/Target/usbd_conf.o
                0x0800cb3e                USBD_LL_CloseEP
 .text.USBD_LL_StallEP
                0x0800cb7c       0x3e ./USB_DEVICE/Target/usbd_conf.o
                0x0800cb7c                USBD_LL_StallEP
 .text.USBD_LL_ClearStallEP
                0x0800cbba       0x3e ./USB_DEVICE/Target/usbd_conf.o
                0x0800cbba                USBD_LL_ClearStallEP
 .text.USBD_LL_IsStallEP
                0x0800cbf8       0x58 ./USB_DEVICE/Target/usbd_conf.o
                0x0800cbf8                USBD_LL_IsStallEP
 .text.USBD_LL_SetUSBAddress
                0x0800cc50       0x3e ./USB_DEVICE/Target/usbd_conf.o
                0x0800cc50                USBD_LL_SetUSBAddress
 .text.USBD_LL_Transmit
                0x0800cc8e       0x42 ./USB_DEVICE/Target/usbd_conf.o
                0x0800cc8e                USBD_LL_Transmit
 .text.USBD_LL_PrepareReceive
                0x0800ccd0       0x42 ./USB_DEVICE/Target/usbd_conf.o
                0x0800ccd0                USBD_LL_PrepareReceive
 .text.USBD_LL_GetRxDataSize
                0x0800cd12       0x26 ./USB_DEVICE/Target/usbd_conf.o
                0x0800cd12                USBD_LL_GetRxDataSize
 .text.HAL_PCDEx_LPM_Callback
                0x0800cd38       0x9c ./USB_DEVICE/Target/usbd_conf.o
                0x0800cd38                HAL_PCDEx_LPM_Callback
 .text.SystemClockConfig_Resume
                0x0800cdd4        0xc ./USB_DEVICE/Target/usbd_conf.o
 .text.USBD_Get_USB_Status
                0x0800cde0       0x58 ./USB_DEVICE/Target/usbd_conf.o
                0x0800cde0                USBD_Get_USB_Status
 .text.malloc   0x0800ce38       0x10 /Applications/STM32CubeIDE.app/Contents/Eclipse/plugins/com.st.stm32cube.ide.mcu.externaltools.gnu-tools-for-stm32.13.3.rel1.macos64_1.0.0.202411102158/tools/bin/../lib/gcc/arm-none-eabi/13.3.1/../../../../arm-none-eabi/lib/thumb/v7e-m+fp/hard/libc_nano.a(libc_a-malloc.o)
                0x0800ce38                malloc
 .text.free     0x0800ce48       0x10 /Applications/STM32CubeIDE.app/Contents/Eclipse/plugins/com.st.stm32cube.ide.mcu.externaltools.gnu-tools-for-stm32.13.3.rel1.macos64_1.0.0.202411102158/tools/bin/../lib/gcc/arm-none-eabi/13.3.1/../../../../arm-none-eabi/lib/thumb/v7e-m+fp/hard/libc_nano.a(libc_a-malloc.o)
                0x0800ce48                free
 .text.sbrk_aligned
                0x0800ce58       0x44 /Applications/STM32CubeIDE.app/Contents/Eclipse/plugins/com.st.stm32cube.ide.mcu.externaltools.gnu-tools-for-stm32.13.3.rel1.macos64_1.0.0.202411102158/tools/bin/../lib/gcc/arm-none-eabi/13.3.1/../../../../arm-none-eabi/lib/thumb/v7e-m+fp/hard/libc_nano.a(libc_a-mallocr.o)
 .text._malloc_r
                0x0800ce9c      0x100 /Applications/STM32CubeIDE.app/Contents/Eclipse/plugins/com.st.stm32cube.ide.mcu.externaltools.gnu-tools-for-stm32.13.3.rel1.macos64_1.0.0.202411102158/tools/bin/../lib/gcc/arm-none-eabi/13.3.1/../../../../arm-none-eabi/lib/thumb/v7e-m+fp/hard/libc_nano.a(libc_a-mallocr.o)
                0x0800ce9c                _malloc_r
 .text.__malloc_lock
                0x0800cf9c        0xc /Applications/STM32CubeIDE.app/Contents/Eclipse/plugins/com.st.stm32cube.ide.mcu.externaltools.gnu-tools-for-stm32.13.3.rel1.macos64_1.0.0.202411102158/tools/bin/../lib/gcc/arm-none-eabi/13.3.1/../../../../arm-none-eabi/lib/thumb/v7e-m+fp/hard/libc_nano.a(libc_a-mlock.o)
                0x0800cf9c                __malloc_lock
 .text.__malloc_unlock
                0x0800cfa8        0xc /Applications/STM32CubeIDE.app/Contents/Eclipse/plugins/com.st.stm32cube.ide.mcu.externaltools.gnu-tools-for-stm32.13.3.rel1.macos64_1.0.0.202411102158/tools/bin/../lib/gcc/arm-none-eabi/13.3.1/../../../../arm-none-eabi/lib/thumb/v7e-m+fp/hard/libc_nano.a(libc_a-mlock.o)
                0x0800cfa8                __malloc_unlock
 .text.std      0x0800cfb4       0x6c /Applications/STM32CubeIDE.app/Contents/Eclipse/plugins/com.st.stm32cube.ide.mcu.externaltools.gnu-tools-for-stm32.13.3.rel1.macos64_1.0.0.202411102158/tools/bin/../lib/gcc/arm-none-eabi/13.3.1/../../../../arm-none-eabi/lib/thumb/v7e-m+fp/hard/libc_nano.a(libc_a-findfp.o)
 .text.stdio_exit_handler
                0x0800d020       0x18 /Applications/STM32CubeIDE.app/Contents/Eclipse/plugins/com.st.stm32cube.ide.mcu.externaltools.gnu-tools-for-stm32.13.3.rel1.macos64_1.0.0.202411102158/tools/bin/../lib/gcc/arm-none-eabi/13.3.1/../../../../arm-none-eabi/lib/thumb/v7e-m+fp/hard/libc_nano.a(libc_a-findfp.o)
 .text.cleanup_stdio
                0x0800d038       0x40 /Applications/STM32CubeIDE.app/Contents/Eclipse/plugins/com.st.stm32cube.ide.mcu.externaltools.gnu-tools-for-stm32.13.3.rel1.macos64_1.0.0.202411102158/tools/bin/../lib/gcc/arm-none-eabi/13.3.1/../../../../arm-none-eabi/lib/thumb/v7e-m+fp/hard/libc_nano.a(libc_a-findfp.o)
 .text.global_stdio_init.part.0
                0x0800d078       0x3c /Applications/STM32CubeIDE.app/Contents/Eclipse/plugins/com.st.stm32cube.ide.mcu.externaltools.gnu-tools-for-stm32.13.3.rel1.macos64_1.0.0.202411102158/tools/bin/../lib/gcc/arm-none-eabi/13.3.1/../../../../arm-none-eabi/lib/thumb/v7e-m+fp/hard/libc_nano.a(libc_a-findfp.o)
 .text.__sfp_lock_acquire
                0x0800d0b4        0xc /Applications/STM32CubeIDE.app/Contents/Eclipse/plugins/com.st.stm32cube.ide.mcu.externaltools.gnu-tools-for-stm32.13.3.rel1.macos64_1.0.0.202411102158/tools/bin/../lib/gcc/arm-none-eabi/13.3.1/../../../../arm-none-eabi/lib/thumb/v7e-m+fp/hard/libc_nano.a(libc_a-findfp.o)
                0x0800d0b4                __sfp_lock_acquire
 .text.__sfp_lock_release
                0x0800d0c0        0xc /Applications/STM32CubeIDE.app/Contents/Eclipse/plugins/com.st.stm32cube.ide.mcu.externaltools.gnu-tools-for-stm32.13.3.rel1.macos64_1.0.0.202411102158/tools/bin/../lib/gcc/arm-none-eabi/13.3.1/../../../../arm-none-eabi/lib/thumb/v7e-m+fp/hard/libc_nano.a(libc_a-findfp.o)
                0x0800d0c0                __sfp_lock_release
 .text.__sinit  0x0800d0cc       0x30 /Applications/STM32CubeIDE.app/Contents/Eclipse/plugins/com.st.stm32cube.ide.mcu.externaltools.gnu-tools-for-stm32.13.3.rel1.macos64_1.0.0.202411102158/tools/bin/../lib/gcc/arm-none-eabi/13.3.1/../../../../arm-none-eabi/lib/thumb/v7e-m+fp/hard/libc_nano.a(libc_a-findfp.o)
                0x0800d0cc                __sinit
 .text._fwalk_sglue
                0x0800d0fc       0x3c /Applications/STM32CubeIDE.app/Contents/Eclipse/plugins/com.st.stm32cube.ide.mcu.externaltools.gnu-tools-for-stm32.13.3.rel1.macos64_1.0.0.202411102158/tools/bin/../lib/gcc/arm-none-eabi/13.3.1/../../../../arm-none-eabi/lib/thumb/v7e-m+fp/hard/libc_nano.a(libc_a-fwalk.o)
                0x0800d0fc                _fwalk_sglue
 .text.printf   0x0800d138       0x24 /Applications/STM32CubeIDE.app/Contents/Eclipse/plugins/com.st.stm32cube.ide.mcu.externaltools.gnu-tools-for-stm32.13.3.rel1.macos64_1.0.0.202411102158/tools/bin/../lib/gcc/arm-none-eabi/13.3.1/../../../../arm-none-eabi/lib/thumb/v7e-m+fp/hard/libc_nano.a(libc_a-printf.o)
                0x0800d138                printf
                0x0800d138                iprintf
 .text._puts_r  0x0800d15c       0xaa /Applications/STM32CubeIDE.app/Contents/Eclipse/plugins/com.st.stm32cube.ide.mcu.externaltools.gnu-tools-for-stm32.13.3.rel1.macos64_1.0.0.202411102158/tools/bin/../lib/gcc/arm-none-eabi/13.3.1/../../../../arm-none-eabi/lib/thumb/v7e-m+fp/hard/libc_nano.a(libc_a-puts.o)
                0x0800d15c                _puts_r
 *fill*         0x0800d206        0x2 
 .text.puts     0x0800d208       0x10 /Applications/STM32CubeIDE.app/Contents/Eclipse/plugins/com.st.stm32cube.ide.mcu.externaltools.gnu-tools-for-stm32.13.3.rel1.macos64_1.0.0.202411102158/tools/bin/../lib/gcc/arm-none-eabi/13.3.1/../../../../arm-none-eabi/lib/thumb/v7e-m+fp/hard/libc_nano.a(libc_a-puts.o)
                0x0800d208                puts
 .text.memset   0x0800d218       0x10 /Applications/STM32CubeIDE.app/Contents/Eclipse/plugins/com.st.stm32cube.ide.mcu.externaltools.gnu-tools-for-stm32.13.3.rel1.macos64_1.0.0.202411102158/tools/bin/../lib/gcc/arm-none-eabi/13.3.1/../../../../arm-none-eabi/lib/thumb/v7e-m+fp/hard/libc_nano.a(libc_a-memset.o)
                0x0800d218                memset
 .text._sbrk_r  0x0800d228       0x20 /Applications/STM32CubeIDE.app/Contents/Eclipse/plugins/com.st.stm32cube.ide.mcu.externaltools.gnu-tools-for-stm32.13.3.rel1.macos64_1.0.0.202411102158/tools/bin/../lib/gcc/arm-none-eabi/13.3.1/../../../../arm-none-eabi/lib/thumb/v7e-m+fp/hard/libc_nano.a(libc_a-sbrkr.o)
                0x0800d228                _sbrk_r
 .text.__errno  0x0800d248        0xc /Applications/STM32CubeIDE.app/Contents/Eclipse/plugins/com.st.stm32cube.ide.mcu.externaltools.gnu-tools-for-stm32.13.3.rel1.macos64_1.0.0.202411102158/tools/bin/../lib/gcc/arm-none-eabi/13.3.1/../../../../arm-none-eabi/lib/thumb/v7e-m+fp/hard/libc_nano.a(libc_a-errno.o)
                0x0800d248                __errno
 .text.__libc_init_array
                0x0800d254       0x48 /Applications/STM32CubeIDE.app/Contents/Eclipse/plugins/com.st.stm32cube.ide.mcu.externaltools.gnu-tools-for-stm32.13.3.rel1.macos64_1.0.0.202411102158/tools/bin/../lib/gcc/arm-none-eabi/13.3.1/../../../../arm-none-eabi/lib/thumb/v7e-m+fp/hard/libc_nano.a(libc_a-init.o)
                0x0800d254                __libc_init_array
 .text.__retarget_lock_init_recursive
                0x0800d29c        0x2 /Applications/STM32CubeIDE.app/Contents/Eclipse/plugins/com.st.stm32cube.ide.mcu.externaltools.gnu-tools-for-stm32.13.3.rel1.macos64_1.0.0.202411102158/tools/bin/../lib/gcc/arm-none-eabi/13.3.1/../../../../arm-none-eabi/lib/thumb/v7e-m+fp/hard/libc_nano.a(libc_a-lock.o)
                0x0800d29c                __retarget_lock_init_recursive
 .text.__retarget_lock_acquire_recursive
                0x0800d29e        0x2 /Applications/STM32CubeIDE.app/Contents/Eclipse/plugins/com.st.stm32cube.ide.mcu.externaltools.gnu-tools-for-stm32.13.3.rel1.macos64_1.0.0.202411102158/tools/bin/../lib/gcc/arm-none-eabi/13.3.1/../../../../arm-none-eabi/lib/thumb/v7e-m+fp/hard/libc_nano.a(libc_a-lock.o)
                0x0800d29e                __retarget_lock_acquire_recursive
 .text.__retarget_lock_release_recursive
                0x0800d2a0        0x2 /Applications/STM32CubeIDE.app/Contents/Eclipse/plugins/com.st.stm32cube.ide.mcu.externaltools.gnu-tools-for-stm32.13.3.rel1.macos64_1.0.0.202411102158/tools/bin/../lib/gcc/arm-none-eabi/13.3.1/../../../../arm-none-eabi/lib/thumb/v7e-m+fp/hard/libc_nano.a(libc_a-lock.o)
                0x0800d2a0                __retarget_lock_release_recursive
 *fill*         0x0800d2a2        0x2 
 .text._free_r  0x0800d2a4       0x94 /Applications/STM32CubeIDE.app/Contents/Eclipse/plugins/com.st.stm32cube.ide.mcu.externaltools.gnu-tools-for-stm32.13.3.rel1.macos64_1.0.0.202411102158/tools/bin/../lib/gcc/arm-none-eabi/13.3.1/../../../../arm-none-eabi/lib/thumb/v7e-m+fp/hard/libc_nano.a(libc_a-freer.o)
                0x0800d2a4                _free_r
 .text.__sfputc_r
                0x0800d338       0x2e /Applications/STM32CubeIDE.app/Contents/Eclipse/plugins/com.st.stm32cube.ide.mcu.externaltools.gnu-tools-for-stm32.13.3.rel1.macos64_1.0.0.202411102158/tools/bin/../lib/gcc/arm-none-eabi/13.3.1/../../../../arm-none-eabi/lib/thumb/v7e-m+fp/hard/libc_nano.a(libc_a-nano-vfprintf.o)
 .text.__sfputs_r
                0x0800d366       0x24 /Applications/STM32CubeIDE.app/Contents/Eclipse/plugins/com.st.stm32cube.ide.mcu.externaltools.gnu-tools-for-stm32.13.3.rel1.macos64_1.0.0.202411102158/tools/bin/../lib/gcc/arm-none-eabi/13.3.1/../../../../arm-none-eabi/lib/thumb/v7e-m+fp/hard/libc_nano.a(libc_a-nano-vfprintf.o)
                0x0800d366                __sfputs_r
 *fill*         0x0800d38a        0x2 
 .text._vfprintf_r
                0x0800d38c      0x230 /Applications/STM32CubeIDE.app/Contents/Eclipse/plugins/com.st.stm32cube.ide.mcu.externaltools.gnu-tools-for-stm32.13.3.rel1.macos64_1.0.0.202411102158/tools/bin/../lib/gcc/arm-none-eabi/13.3.1/../../../../arm-none-eabi/lib/thumb/v7e-m+fp/hard/libc_nano.a(libc_a-nano-vfprintf.o)
                0x0800d38c                _vfiprintf_r
                0x0800d38c                _vfprintf_r
 .text._printf_common
                0x0800d5bc       0xda /Applications/STM32CubeIDE.app/Contents/Eclipse/plugins/com.st.stm32cube.ide.mcu.externaltools.gnu-tools-for-stm32.13.3.rel1.macos64_1.0.0.202411102158/tools/bin/../lib/gcc/arm-none-eabi/13.3.1/../../../../arm-none-eabi/lib/thumb/v7e-m+fp/hard/libc_nano.a(libc_a-nano-vfprintf_i.o)
                0x0800d5bc                _printf_common
 *fill*         0x0800d696        0x2 
 .text._printf_i
                0x0800d698      0x23c /Applications/STM32CubeIDE.app/Contents/Eclipse/plugins/com.st.stm32cube.ide.mcu.externaltools.gnu-tools-for-stm32.13.3.rel1.macos64_1.0.0.202411102158/tools/bin/../lib/gcc/arm-none-eabi/13.3.1/../../../../arm-none-eabi/lib/thumb/v7e-m+fp/hard/libc_nano.a(libc_a-nano-vfprintf_i.o)
                0x0800d698                _printf_i
 .text.__sflush_r
                0x0800d8d4      0x108 /Applications/STM32CubeIDE.app/Contents/Eclipse/plugins/com.st.stm32cube.ide.mcu.externaltools.gnu-tools-for-stm32.13.3.rel1.macos64_1.0.0.202411102158/tools/bin/../lib/gcc/arm-none-eabi/13.3.1/../../../../arm-none-eabi/lib/thumb/v7e-m+fp/hard/libc_nano.a(libc_a-fflush.o)
                0x0800d8d4                __sflush_r
 .text._fflush_r
                0x0800d9dc       0x50 /Applications/STM32CubeIDE.app/Contents/Eclipse/plugins/com.st.stm32cube.ide.mcu.externaltools.gnu-tools-for-stm32.13.3.rel1.macos64_1.0.0.202411102158/tools/bin/../lib/gcc/arm-none-eabi/13.3.1/../../../../arm-none-eabi/lib/thumb/v7e-m+fp/hard/libc_nano.a(libc_a-fflush.o)
                0x0800d9dc                _fflush_r
 .text.__sread  0x0800da2c       0x22 /Applications/STM32CubeIDE.app/Contents/Eclipse/plugins/com.st.stm32cube.ide.mcu.externaltools.gnu-tools-for-stm32.13.3.rel1.macos64_1.0.0.202411102158/tools/bin/../lib/gcc/arm-none-eabi/13.3.1/../../../../arm-none-eabi/lib/thumb/v7e-m+fp/hard/libc_nano.a(libc_a-stdio.o)
                0x0800da2c                __sread
 .text.__swrite
                0x0800da4e       0x38 /Applications/STM32CubeIDE.app/Contents/Eclipse/plugins/com.st.stm32cube.ide.mcu.externaltools.gnu-tools-for-stm32.13.3.rel1.macos64_1.0.0.202411102158/tools/bin/../lib/gcc/arm-none-eabi/13.3.1/../../../../arm-none-eabi/lib/thumb/v7e-m+fp/hard/libc_nano.a(libc_a-stdio.o)
                0x0800da4e                __swrite
 .text.__sseek  0x0800da86       0x24 /Applications/STM32CubeIDE.app/Contents/Eclipse/plugins/com.st.stm32cube.ide.mcu.externaltools.gnu-tools-for-stm32.13.3.rel1.macos64_1.0.0.202411102158/tools/bin/../lib/gcc/arm-none-eabi/13.3.1/../../../../arm-none-eabi/lib/thumb/v7e-m+fp/hard/libc_nano.a(libc_a-stdio.o)
                0x0800da86                __sseek
 .text.__sclose
                0x0800daaa        0x8 /Applications/STM32CubeIDE.app/Contents/Eclipse/plugins/com.st.stm32cube.ide.mcu.externaltools.gnu-tools-for-stm32.13.3.rel1.macos64_1.0.0.202411102158/tools/bin/../lib/gcc/arm-none-eabi/13.3.1/../../../../arm-none-eabi/lib/thumb/v7e-m+fp/hard/libc_nano.a(libc_a-stdio.o)
                0x0800daaa                __sclose
 .text.__swbuf_r
                0x0800dab2       0x7c /Applications/STM32CubeIDE.app/Contents/Eclipse/plugins/com.st.stm32cube.ide.mcu.externaltools.gnu-tools-for-stm32.13.3.rel1.macos64_1.0.0.202411102158/tools/bin/../lib/gcc/arm-none-eabi/13.3.1/../../../../arm-none-eabi/lib/thumb/v7e-m+fp/hard/libc_nano.a(libc_a-wbuf.o)
                0x0800dab2                __swbuf_r
 *fill*         0x0800db2e        0x2 
 .text.__swsetup_r
                0x0800db30       0xac /Applications/STM32CubeIDE.app/Contents/Eclipse/plugins/com.st.stm32cube.ide.mcu.externaltools.gnu-tools-for-stm32.13.3.rel1.macos64_1.0.0.202411102158/tools/bin/../lib/gcc/arm-none-eabi/13.3.1/../../../../arm-none-eabi/lib/thumb/v7e-m+fp/hard/libc_nano.a(libc_a-wsetup.o)
                0x0800db30                __swsetup_r
 .text.__swhatbuf_r
                0x0800dbdc       0x4c /Applications/STM32CubeIDE.app/Contents/Eclipse/plugins/com.st.stm32cube.ide.mcu.externaltools.gnu-tools-for-stm32.13.3.rel1.macos64_1.0.0.202411102158/tools/bin/../lib/gcc/arm-none-eabi/13.3.1/../../../../arm-none-eabi/lib/thumb/v7e-m+fp/hard/libc_nano.a(libc_a-makebuf.o)
                0x0800dbdc                __swhatbuf_r
 .text.__smakebuf_r
                0x0800dc28       0x78 /Applications/STM32CubeIDE.app/Contents/Eclipse/plugins/com.st.stm32cube.ide.mcu.externaltools.gnu-tools-for-stm32.13.3.rel1.macos64_1.0.0.202411102158/tools/bin/../lib/gcc/arm-none-eabi/13.3.1/../../../../arm-none-eabi/lib/thumb/v7e-m+fp/hard/libc_nano.a(libc_a-makebuf.o)
                0x0800dc28                __smakebuf_r
 .text._isatty_r
                0x0800dca0       0x20 /Applications/STM32CubeIDE.app/Contents/Eclipse/plugins/com.st.stm32cube.ide.mcu.externaltools.gnu-tools-for-stm32.13.3.rel1.macos64_1.0.0.202411102158/tools/bin/../lib/gcc/arm-none-eabi/13.3.1/../../../../arm-none-eabi/lib/thumb/v7e-m+fp/hard/libc_nano.a(libc_a-isattyr.o)
                0x0800dca0                _isatty_r
 .text._lseek_r
                0x0800dcc0       0x24 /Applications/STM32CubeIDE.app/Contents/Eclipse/plugins/com.st.stm32cube.ide.mcu.externaltools.gnu-tools-for-stm32.13.3.rel1.macos64_1.0.0.202411102158/tools/bin/../lib/gcc/arm-none-eabi/13.3.1/../../../../arm-none-eabi/lib/thumb/v7e-m+fp/hard/libc_nano.a(libc_a-lseekr.o)
                0x0800dcc0                _lseek_r
 .text._read_r  0x0800dce4       0x24 /Applications/STM32CubeIDE.app/Contents/Eclipse/plugins/com.st.stm32cube.ide.mcu.externaltools.gnu-tools-for-stm32.13.3.rel1.macos64_1.0.0.202411102158/tools/bin/../lib/gcc/arm-none-eabi/13.3.1/../../../../arm-none-eabi/lib/thumb/v7e-m+fp/hard/libc_nano.a(libc_a-readr.o)
                0x0800dce4                _read_r
 .text._write_r
                0x0800dd08       0x24 /Applications/STM32CubeIDE.app/Contents/Eclipse/plugins/com.st.stm32cube.ide.mcu.externaltools.gnu-tools-for-stm32.13.3.rel1.macos64_1.0.0.202411102158/tools/bin/../lib/gcc/arm-none-eabi/13.3.1/../../../../arm-none-eabi/lib/thumb/v7e-m+fp/hard/libc_nano.a(libc_a-writer.o)
                0x0800dd08                _write_r
 .text._close_r
                0x0800dd2c       0x20 /Applications/STM32CubeIDE.app/Contents/Eclipse/plugins/com.st.stm32cube.ide.mcu.externaltools.gnu-tools-for-stm32.13.3.rel1.macos64_1.0.0.202411102158/tools/bin/../lib/gcc/arm-none-eabi/13.3.1/../../../../arm-none-eabi/lib/thumb/v7e-m+fp/hard/libc_nano.a(libc_a-closer.o)
                0x0800dd2c                _close_r
 .text._fstat_r
                0x0800dd4c       0x24 /Applications/STM32CubeIDE.app/Contents/Eclipse/plugins/com.st.stm32cube.ide.mcu.externaltools.gnu-tools-for-stm32.13.3.rel1.macos64_1.0.0.202411102158/tools/bin/../lib/gcc/arm-none-eabi/13.3.1/../../../../arm-none-eabi/lib/thumb/v7e-m+fp/hard/libc_nano.a(libc_a-fstatr.o)
                0x0800dd4c                _fstat_r
 *(.glue_7)
 .glue_7        0x0800dd70        0x0 linker stubs
 *(.glue_7t)
 .glue_7t       0x0800dd70        0x0 linker stubs
 *(.eh_frame)
 .eh_frame      0x0800dd70        0x0 /Applications/STM32CubeIDE.app/Contents/Eclipse/plugins/com.st.stm32cube.ide.mcu.externaltools.gnu-tools-for-stm32.13.3.rel1.macos64_1.0.0.202411102158/tools/bin/../lib/gcc/arm-none-eabi/13.3.1/thumb/v7e-m+fp/hard/crtbegin.o
 *(.init)
 .init          0x0800dd70        0x4 /Applications/STM32CubeIDE.app/Contents/Eclipse/plugins/com.st.stm32cube.ide.mcu.externaltools.gnu-tools-for-stm32.13.3.rel1.macos64_1.0.0.202411102158/tools/bin/../lib/gcc/arm-none-eabi/13.3.1/thumb/v7e-m+fp/hard/crti.o
                0x0800dd70                _init
 .init          0x0800dd74        0x8 /Applications/STM32CubeIDE.app/Contents/Eclipse/plugins/com.st.stm32cube.ide.mcu.externaltools.gnu-tools-for-stm32.13.3.rel1.macos64_1.0.0.202411102158/tools/bin/../lib/gcc/arm-none-eabi/13.3.1/thumb/v7e-m+fp/hard/crtn.o
 *(.fini)
 .fini          0x0800dd7c        0x4 /Applications/STM32CubeIDE.app/Contents/Eclipse/plugins/com.st.stm32cube.ide.mcu.externaltools.gnu-tools-for-stm32.13.3.rel1.macos64_1.0.0.202411102158/tools/bin/../lib/gcc/arm-none-eabi/13.3.1/thumb/v7e-m+fp/hard/crti.o
                0x0800dd7c                _fini
 .fini          0x0800dd80        0x8 /Applications/STM32CubeIDE.app/Contents/Eclipse/plugins/com.st.stm32cube.ide.mcu.externaltools.gnu-tools-for-stm32.13.3.rel1.macos64_1.0.0.202411102158/tools/bin/../lib/gcc/arm-none-eabi/13.3.1/thumb/v7e-m+fp/hard/crtn.o
                0x0800dd88                        . = ALIGN (0x4)
                0x0800dd88                        _etext = .

.vfp11_veneer   0x0800dd88        0x0
 .vfp11_veneer  0x0800dd88        0x0 linker stubs

.v4_bx          0x0800dd88        0x0
 .v4_bx         0x0800dd88        0x0 linker stubs

.iplt           0x0800dd88        0x0
 .iplt          0x0800dd88        0x0 /Applications/STM32CubeIDE.app/Contents/Eclipse/plugins/com.st.stm32cube.ide.mcu.externaltools.gnu-tools-for-stm32.13.3.rel1.macos64_1.0.0.202411102158/tools/bin/../lib/gcc/arm-none-eabi/13.3.1/thumb/v7e-m+fp/hard/crtbegin.o

.rodata         0x0800dd88      0x2ec
                0x0800dd88                        . = ALIGN (0x4)
 *(.rodata)
 .rodata        0x0800dd88      0x14a ./Core/Src/main.o
 *fill*         0x0800ded2        0x2 
 .rodata        0x0800ded4       0x4e ./Core/Src/microsd_fz.o
 *fill*         0x0800df22        0x2 
 .rodata        0x0800df24       0x44 ./Middlewares/FatFs/ff.o
 .rodata        0x0800df68       0x46 ./USB_DEVICE/App/usbd_desc.o
 *(.rodata*)
 *fill*         0x0800dfae        0x2 
 .rodata.AHBPrescTable
                0x0800dfb0       0x10 ./Core/Src/system_stm32f7xx.o
                0x0800dfb0                AHBPrescTable
 .rodata.ExCvt  0x0800dfc0       0x80 ./Middlewares/FatFs/ff.o
 .rodata._vfprintf_r.str1.1
                0x0800e040       0x33 /Applications/STM32CubeIDE.app/Contents/Eclipse/plugins/com.st.stm32cube.ide.mcu.externaltools.gnu-tools-for-stm32.13.3.rel1.macos64_1.0.0.202411102158/tools/bin/../lib/gcc/arm-none-eabi/13.3.1/../../../../arm-none-eabi/lib/thumb/v7e-m+fp/hard/libc_nano.a(libc_a-nano-vfprintf.o)
                                 0x11 (size before relaxing)
 .rodata._printf_i.str1.1
                0x0800e073       0x22 /Applications/STM32CubeIDE.app/Contents/Eclipse/plugins/com.st.stm32cube.ide.mcu.externaltools.gnu-tools-for-stm32.13.3.rel1.macos64_1.0.0.202411102158/tools/bin/../lib/gcc/arm-none-eabi/13.3.1/../../../../arm-none-eabi/lib/thumb/v7e-m+fp/hard/libc_nano.a(libc_a-nano-vfprintf_i.o)
                0x0800e098                        . = ALIGN (0x4)
 *fill*         0x0800e073        0x1 

.ARM.extab      0x0800e074        0x0
                0x0800e074                        . = ALIGN (0x4)
 *(.ARM.extab* .gnu.linkonce.armextab.*)
                0x0800e074                        . = ALIGN (0x4)

.ARM            0x0800e074        0x8
                0x0800e074                        . = ALIGN (0x4)
                0x0800e074                        __exidx_start = .
 *(.ARM.exidx*)
 .ARM.exidx     0x0800e074        0x8 /Applications/STM32CubeIDE.app/Contents/Eclipse/plugins/com.st.stm32cube.ide.mcu.externaltools.gnu-tools-for-stm32.13.3.rel1.macos64_1.0.0.202411102158/tools/bin/../lib/gcc/arm-none-eabi/13.3.1/../../../../arm-none-eabi/lib/thumb/v7e-m+fp/hard/libc_nano.a(libc_a-memchr.o)
 .ARM.exidx     0x0800e07c        0x0 /Applications/STM32CubeIDE.app/Contents/Eclipse/plugins/com.st.stm32cube.ide.mcu.externaltools.gnu-tools-for-stm32.13.3.rel1.macos64_1.0.0.202411102158/tools/bin/../lib/gcc/arm-none-eabi/13.3.1/thumb/v7e-m+fp/hard/libgcc.a(_udivmoddi4.o)
                                  0x8 (size before relaxing)
                0x0800e07c                        __exidx_end = .
                0x0800e07c                        . = ALIGN (0x4)

.preinit_array  0x0800e07c        0x0
                0x0800e07c                        . = ALIGN (0x4)
                0x0800e07c                        PROVIDE (__preinit_array_start = .)
 *(.preinit_array*)
                0x0800e07c                        PROVIDE (__preinit_array_end = .)
                0x0800e07c                        . = ALIGN (0x4)

.init_array     0x0800e07c        0x4
                0x0800e07c                        . = ALIGN (0x4)
                0x0800e07c                        PROVIDE (__init_array_start = .)
 *(SORT_BY_NAME(.init_array.*))
 *(.init_array*)
 .init_array    0x0800e07c        0x4 /Applications/STM32CubeIDE.app/Contents/Eclipse/plugins/com.st.stm32cube.ide.mcu.externaltools.gnu-tools-for-stm32.13.3.rel1.macos64_1.0.0.202411102158/tools/bin/../lib/gcc/arm-none-eabi/13.3.1/thumb/v7e-m+fp/hard/crtbegin.o
                0x0800e080                        PROVIDE (__init_array_end = .)
                0x0800e080                        . = ALIGN (0x4)

.fini_array     0x0800e080        0x4
                0x0800e080                        . = ALIGN (0x4)
                [!provide]                        PROVIDE (__fini_array_start = .)
 *(SORT_BY_NAME(.fini_array.*))
 *(.fini_array*)
 .fini_array    0x0800e080        0x4 /Applications/STM32CubeIDE.app/Contents/Eclipse/plugins/com.st.stm32cube.ide.mcu.externaltools.gnu-tools-for-stm32.13.3.rel1.macos64_1.0.0.202411102158/tools/bin/../lib/gcc/arm-none-eabi/13.3.1/thumb/v7e-m+fp/hard/crtbegin.o
                [!provide]                        PROVIDE (__fini_array_end = .)
                0x0800e084                        . = ALIGN (0x4)
                0x0800e084                        _sidata = LOADADDR (.data)

.rel.dyn        0x0800e084        0x0
 .rel.iplt      0x0800e084        0x0 /Applications/STM32CubeIDE.app/Contents/Eclipse/plugins/com.st.stm32cube.ide.mcu.externaltools.gnu-tools-for-stm32.13.3.rel1.macos64_1.0.0.202411102158/tools/bin/../lib/gcc/arm-none-eabi/13.3.1/thumb/v7e-m+fp/hard/crtbegin.o

.data           0x20000000      0x18c load address 0x0800e084
                0x20000000                        . = ALIGN (0x4)
                0x20000000                        _sdata = .
 *(.data)
 *(.data*)
 .data.data2write
                0x20000000        0xa ./Core/Src/main.o
                0x20000000                data2write
 *fill*         0x2000000a        0x2 
 .data.SystemCoreClock
                0x2000000c        0x4 ./Core/Src/system_stm32f7xx.o
                0x2000000c                SystemCoreClock
 .data.uwTickPrio
                0x20000010        0x4 ./Drivers/STM32F7xx_HAL_Driver/stm32f7xx_hal.o
                0x20000010                uwTickPrio
 .data.uwTickFreq
                0x20000014        0x1 ./Drivers/STM32F7xx_HAL_Driver/stm32f7xx_hal.o
                0x20000014                uwTickFreq
 *fill*         0x20000015        0x3 
 .data.USER_Driver
                0x20000018       0x14 ./FATFS/Target/user_diskio.o
                0x20000018                USER_Driver
 .data.Stat     0x2000002c        0x1 ./FATFS/Target/user_diskio_spi.o
 *fill*         0x2000002d        0x3 
 .data.USBD_CDC_DeviceQualifierDesc
                0x20000030        0xa ./Middlewares/USB_Device_Library/usbd_cdc.o
 *fill*         0x2000003a        0x2 
 .data.USBD_CDC
                0x2000003c       0x38 ./Middlewares/USB_Device_Library/usbd_cdc.o
                0x2000003c                USBD_CDC
 .data.USBD_CDC_CfgDesc
                0x20000074       0x43 ./Middlewares/USB_Device_Library/usbd_cdc.o
 .data.CDCInEpAdd
                0x200000b7        0x1 ./Middlewares/USB_Device_Library/usbd_cdc.o
 .data.CDCOutEpAdd
                0x200000b8        0x1 ./Middlewares/USB_Device_Library/usbd_cdc.o
 .data.CDCCmdEpAdd
                0x200000b9        0x1 ./Middlewares/USB_Device_Library/usbd_cdc.o
 *fill*         0x200000ba        0x2 
 .data.USBD_Interface_fops_FS
                0x200000bc       0x14 ./USB_DEVICE/App/usbd_cdc_if.o
                0x200000bc                USBD_Interface_fops_FS
 .data.FS_Desc  0x200000d0       0x20 ./USB_DEVICE/App/usbd_desc.o
                0x200000d0                FS_Desc
 .data.USBD_FS_DeviceDesc
                0x200000f0       0x12 ./USB_DEVICE/App/usbd_desc.o
                0x200000f0                USBD_FS_DeviceDesc
 *fill*         0x20000102        0x2 
 .data.USBD_FS_BOSDesc
                0x20000104        0xc ./USB_DEVICE/App/usbd_desc.o
                0x20000104                USBD_FS_BOSDesc
 .data.USBD_LangIDDesc
                0x20000110        0x4 ./USB_DEVICE/App/usbd_desc.o
                0x20000110                USBD_LangIDDesc
 .data.USBD_StringSerial
                0x20000114       0x1a ./USB_DEVICE/App/usbd_desc.o
                0x20000114                USBD_StringSerial
 *fill*         0x2000012e        0x2 
 .data.__sglue  0x20000130        0xc /Applications/STM32CubeIDE.app/Contents/Eclipse/plugins/com.st.stm32cube.ide.mcu.externaltools.gnu-tools-for-stm32.13.3.rel1.macos64_1.0.0.202411102158/tools/bin/../lib/gcc/arm-none-eabi/13.3.1/../../../../arm-none-eabi/lib/thumb/v7e-m+fp/hard/libc_nano.a(libc_a-findfp.o)
                0x20000130                __sglue
 .data._impure_ptr
                0x2000013c        0x4 /Applications/STM32CubeIDE.app/Contents/Eclipse/plugins/com.st.stm32cube.ide.mcu.externaltools.gnu-tools-for-stm32.13.3.rel1.macos64_1.0.0.202411102158/tools/bin/../lib/gcc/arm-none-eabi/13.3.1/../../../../arm-none-eabi/lib/thumb/v7e-m+fp/hard/libc_nano.a(libc_a-impure.o)
                0x2000013c                _impure_ptr
 .data._impure_data
                0x20000140       0x4c /Applications/STM32CubeIDE.app/Contents/Eclipse/plugins/com.st.stm32cube.ide.mcu.externaltools.gnu-tools-for-stm32.13.3.rel1.macos64_1.0.0.202411102158/tools/bin/../lib/gcc/arm-none-eabi/13.3.1/../../../../arm-none-eabi/lib/thumb/v7e-m+fp/hard/libc_nano.a(libc_a-impure.o)
                0x20000140                _impure_data
 *(.RamFunc)
 *(.RamFunc*)
                0x2000018c                        . = ALIGN (0x4)
                0x2000018c                        _edata = .

.igot.plt       0x2000018c        0x0 load address 0x0800e210
 .igot.plt      0x2000018c        0x0 /Applications/STM32CubeIDE.app/Contents/Eclipse/plugins/com.st.stm32cube.ide.mcu.externaltools.gnu-tools-for-stm32.13.3.rel1.macos64_1.0.0.202411102158/tools/bin/../lib/gcc/arm-none-eabi/13.3.1/thumb/v7e-m+fp/hard/crtbegin.o
                0x2000018c                        . = ALIGN (0x4)

.bss            0x2000018c     0x2154 load address 0x0800e210
                0x2000018c                        _sbss = .
                0x2000018c                        __bss_start__ = _sbss
 *(.bss)
 .bss           0x2000018c       0x1c /Applications/STM32CubeIDE.app/Contents/Eclipse/plugins/com.st.stm32cube.ide.mcu.externaltools.gnu-tools-for-stm32.13.3.rel1.macos64_1.0.0.202411102158/tools/bin/../lib/gcc/arm-none-eabi/13.3.1/thumb/v7e-m+fp/hard/crtbegin.o
 *(.bss*)
 .bss.ADS_data_ready
                0x200001a8        0x1 ./Core/Src/ADS131M04.o
                0x200001a8                ADS_data_ready
 *fill*         0x200001a9        0x3 
 .bss.hspi1     0x200001ac       0x64 ./Core/Src/main.o
                0x200001ac                hspi1
 .bss.hspi2     0x20000210       0x64 ./Core/Src/main.o
                0x20000210                hspi2
 .bss.hspi3     0x20000274       0x64 ./Core/Src/main.o
                0x20000274                hspi3
 .bss.htim3     0x200002d8       0x4c ./Core/Src/main.o
                0x200002d8                htim3
 .bss.FatFs     0x20000324      0x230 ./Core/Src/microsd_fz.o
                0x20000324                FatFs
 .bss.fil       0x20000554      0x230 ./Core/Src/microsd_fz.o
                0x20000554                fil
 .bss.__sbrk_heap_end
                0x20000784        0x4 ./Core/Src/sysmem.o
 .bss.uwTick    0x20000788        0x4 ./Drivers/STM32F7xx_HAL_Driver/stm32f7xx_hal.o
                0x20000788                uwTick
 .bss.retUSER   0x2000078c        0x1 ./FATFS/App/fatfs.o
                0x2000078c                retUSER
 *fill*         0x2000078d        0x3 
 .bss.USERPath  0x20000790        0x4 ./FATFS/App/fatfs.o
                0x20000790                USERPath
 .bss.CardType  0x20000794        0x1 ./FATFS/Target/user_diskio_spi.o
 *fill*         0x20000795        0x3 
 .bss.spiTimerTickStart
                0x20000798        0x4 ./FATFS/Target/user_diskio_spi.o
                0x20000798                spiTimerTickStart
 .bss.spiTimerTickDelay
                0x2000079c        0x4 ./FATFS/Target/user_diskio_spi.o
                0x2000079c                spiTimerTickDelay
 .bss.FatFs     0x200007a0        0x4 ./Middlewares/FatFs/ff.o
 .bss.Fsid      0x200007a4        0x2 ./Middlewares/FatFs/ff.o
 *fill*         0x200007a6        0x2 
 .bss.Files     0x200007a8       0x20 ./Middlewares/FatFs/ff.o
 .bss.disk      0x200007c8        0xc ./Middlewares/FatFs/ff_gen_drv.o
                0x200007c8                disk
 .bss.cfgidx.0  0x200007d4        0x1 ./Middlewares/USB_Device_Library/usbd_ctlreq.o
 *fill*         0x200007d5        0x3 
 .bss.hUsbDeviceFS
                0x200007d8      0x2dc ./USB_DEVICE/App/usb_device.o
                0x200007d8                hUsbDeviceFS
 .bss.UserRxBufferFS
                0x20000ab4      0x800 ./USB_DEVICE/App/usbd_cdc_if.o
                0x20000ab4                UserRxBufferFS
 .bss.UserTxBufferFS
                0x200012b4      0x800 ./USB_DEVICE/App/usbd_cdc_if.o
                0x200012b4                UserTxBufferFS
 .bss.USBD_StrDesc
                0x20001ab4      0x200 ./USB_DEVICE/App/usbd_desc.o
                0x20001ab4                USBD_StrDesc
 .bss.hpcd_USB_OTG_FS
                0x20001cb4      0x4e0 ./USB_DEVICE/Target/usbd_conf.o
                0x20001cb4                hpcd_USB_OTG_FS
 .bss.__malloc_sbrk_start
                0x20002194        0x4 /Applications/STM32CubeIDE.app/Contents/Eclipse/plugins/com.st.stm32cube.ide.mcu.externaltools.gnu-tools-for-stm32.13.3.rel1.macos64_1.0.0.202411102158/tools/bin/../lib/gcc/arm-none-eabi/13.3.1/../../../../arm-none-eabi/lib/thumb/v7e-m+fp/hard/libc_nano.a(libc_a-mallocr.o)
                0x20002194                __malloc_sbrk_start
 .bss.__malloc_free_list
                0x20002198        0x4 /Applications/STM32CubeIDE.app/Contents/Eclipse/plugins/com.st.stm32cube.ide.mcu.externaltools.gnu-tools-for-stm32.13.3.rel1.macos64_1.0.0.202411102158/tools/bin/../lib/gcc/arm-none-eabi/13.3.1/../../../../arm-none-eabi/lib/thumb/v7e-m+fp/hard/libc_nano.a(libc_a-mallocr.o)
                0x20002198                __malloc_free_list
 .bss.__sf      0x2000219c      0x138 /Applications/STM32CubeIDE.app/Contents/Eclipse/plugins/com.st.stm32cube.ide.mcu.externaltools.gnu-tools-for-stm32.13.3.rel1.macos64_1.0.0.202411102158/tools/bin/../lib/gcc/arm-none-eabi/13.3.1/../../../../arm-none-eabi/lib/thumb/v7e-m+fp/hard/libc_nano.a(libc_a-findfp.o)
                0x2000219c                __sf
 .bss.__stdio_exit_handler
                0x200022d4        0x4 /Applications/STM32CubeIDE.app/Contents/Eclipse/plugins/com.st.stm32cube.ide.mcu.externaltools.gnu-tools-for-stm32.13.3.rel1.macos64_1.0.0.202411102158/tools/bin/../lib/gcc/arm-none-eabi/13.3.1/../../../../arm-none-eabi/lib/thumb/v7e-m+fp/hard/libc_nano.a(libc_a-findfp.o)
                0x200022d4                __stdio_exit_handler
 .bss.__lock___malloc_recursive_mutex
                0x200022d8        0x1 /Applications/STM32CubeIDE.app/Contents/Eclipse/plugins/com.st.stm32cube.ide.mcu.externaltools.gnu-tools-for-stm32.13.3.rel1.macos64_1.0.0.202411102158/tools/bin/../lib/gcc/arm-none-eabi/13.3.1/../../../../arm-none-eabi/lib/thumb/v7e-m+fp/hard/libc_nano.a(libc_a-lock.o)
                0x200022d8                __lock___malloc_recursive_mutex
 .bss.__lock___sfp_recursive_mutex
                0x200022d9        0x1 /Applications/STM32CubeIDE.app/Contents/Eclipse/plugins/com.st.stm32cube.ide.mcu.externaltools.gnu-tools-for-stm32.13.3.rel1.macos64_1.0.0.202411102158/tools/bin/../lib/gcc/arm-none-eabi/13.3.1/../../../../arm-none-eabi/lib/thumb/v7e-m+fp/hard/libc_nano.a(libc_a-lock.o)
                0x200022d9                __lock___sfp_recursive_mutex
 *fill*         0x200022da        0x2 
 .bss.errno     0x200022dc        0x4 /Applications/STM32CubeIDE.app/Contents/Eclipse/plugins/com.st.stm32cube.ide.mcu.externaltools.gnu-tools-for-stm32.13.3.rel1.macos64_1.0.0.202411102158/tools/bin/../lib/gcc/arm-none-eabi/13.3.1/../../../../arm-none-eabi/lib/thumb/v7e-m+fp/hard/libc_nano.a(libc_a-reent.o)
                0x200022dc                errno
 *(COMMON)
                0x200022e0                        . = ALIGN (0x4)
                0x200022e0                        _ebss = .
                0x200022e0                        __bss_end__ = _ebss

._user_heap_stack
                0x200022e0      0x600 load address 0x0800e210
                0x200022e0                        . = ALIGN (0x8)
                [!provide]                        PROVIDE (end = .)
                0x200022e0                        PROVIDE (_end = .)
                0x200024e0                        . = (. + _Min_Heap_Size)
 *fill*         0x200022e0      0x200 
                0x200028e0                        . = (. + _Min_Stack_Size)
 *fill*         0x200024e0      0x400 
                0x200028e0                        . = ALIGN (0x8)

/DISCARD/
 libc.a(*)
 libm.a(*)
 libgcc.a(*)

.ARM.attributes
                0x00000000       0x30
 *(.ARM.attributes)
 .ARM.attributes
                0x00000000       0x22 /Applications/STM32CubeIDE.app/Contents/Eclipse/plugins/com.st.stm32cube.ide.mcu.externaltools.gnu-tools-for-stm32.13.3.rel1.macos64_1.0.0.202411102158/tools/bin/../lib/gcc/arm-none-eabi/13.3.1/thumb/v7e-m+fp/hard/crti.o
 .ARM.attributes
                0x00000022       0x34 /Applications/STM32CubeIDE.app/Contents/Eclipse/plugins/com.st.stm32cube.ide.mcu.externaltools.gnu-tools-for-stm32.13.3.rel1.macos64_1.0.0.202411102158/tools/bin/../lib/gcc/arm-none-eabi/13.3.1/thumb/v7e-m+fp/hard/crtbegin.o
 .ARM.attributes
                0x00000056       0x34 ./Core/Src/ADS131M04.o
 .ARM.attributes
                0x0000008a       0x34 ./Core/Src/main.o
 .ARM.attributes
                0x000000be       0x34 ./Core/Src/microsd_fz.o
 .ARM.attributes
                0x000000f2       0x34 ./Core/Src/stm32f7xx_hal_msp.o
 .ARM.attributes
                0x00000126       0x34 ./Core/Src/stm32f7xx_it.o
 .ARM.attributes
                0x0000015a       0x34 ./Core/Src/syscalls.o
 .ARM.attributes