17:00:37 **** Build of configuration Debug for project ADS131M04_DMA_MicroSD ****
make -j15 all 
arm-none-eabi-gcc "../USB_DEVICE/Target/usbd_conf.c" -mcpu=cortex-m7 -std=gnu11 -g3 -DDEBUG -DUSE_HAL_DRIVER -DSTM32F722xx -c -I../FATFS/Target -I../FATFS/App -I../USB_DEVICE/App -I../USB_DEVICE/Target -I../Core/Inc -I/Users/liufangzheng/STM32Cube/Repository/STM32Cube_FW_F7_V1.17.3/Drivers/STM32F7xx_HAL_Driver/Inc -I/Users/liufangzheng/STM32Cube/Repository/STM32Cube_FW_F7_V1.17.3/Drivers/STM32F7xx_HAL_Driver/Inc/Legacy -I/Users/liufangzheng/STM32Cube/Repository/STM32Cube_FW_F7_V1.17.3/Middlewares/Third_Party/FatFs/src -I/Users/liufangzheng/STM32Cube/Repository/STM32Cube_FW_F7_V1.17.3/Middlewares/ST/STM32_USB_Device_Library/Core/Inc -I/Users/liufangzheng/STM32Cube/Repository/STM32Cube_FW_F7_V1.17.3/Middlewares/ST/STM32_USB_Device_Library/Class/CDC/Inc -I/Users/liufangzheng/STM32Cube/Repository/STM32Cube_FW_F7_V1.17.3/Drivers/CMSIS/Device/ST/STM32F7xx/Include -I/Users/liufangzheng/STM32Cube/Repository/STM32Cube_FW_F7_V1.17.3/Drivers/CMSIS/Include -O0 -ffunction-sections -fdata-sections -Wall -fstack-usage -fcyclomatic-complexity -MMD -MP -MF"USB_DEVICE/Target/usbd_conf.d" -MT"USB_DEVICE/Target/usbd_conf.o" --specs=nano.specs -mfpu=fpv5-sp-d16 -mfloat-abi=hard -mthumb -o "USB_DEVICE/Target/usbd_conf.o"
arm-none-eabi-gcc "../USB_DEVICE/App/usb_device.c" -mcpu=cortex-m7 -std=gnu11 -g3 -DDEBUG -DUSE_HAL_DRIVER -DSTM32F722xx -c -I../FATFS/Target -I../FATFS/App -I../USB_DEVICE/App -I../USB_DEVICE/Target -I../Core/Inc -I/Users/liufangzheng/STM32Cube/Repository/STM32Cube_FW_F7_V1.17.3/Drivers/STM32F7xx_HAL_Driver/Inc -I/Users/liufangzheng/STM32Cube/Repository/STM32Cube_FW_F7_V1.17.3/Drivers/STM32F7xx_HAL_Driver/Inc/Legacy -I/Users/liufangzheng/STM32Cube/Repository/STM32Cube_FW_F7_V1.17.3/Middlewares/Third_Party/FatFs/src -I/Users/liufangzheng/STM32Cube/Repository/STM32Cube_FW_F7_V1.17.3/Middlewares/ST/STM32_USB_Device_Library/Core/Inc -I/Users/liufangzheng/STM32Cube/Repository/STM32Cube_FW_F7_V1.17.3/Middlewares/ST/STM32_USB_Device_Library/Class/CDC/Inc -I/Users/liufangzheng/STM32Cube/Repository/STM32Cube_FW_F7_V1.17.3/Drivers/CMSIS/Device/ST/STM32F7xx/Include -I/Users/liufangzheng/STM32Cube/Repository/STM32Cube_FW_F7_V1.17.3/Drivers/CMSIS/Include -O0 -ffunction-sections -fdata-sections -Wall -fstack-usage -fcyclomatic-complexity -MMD -MP -MF"USB_DEVICE/App/usb_device.d" -MT"USB_DEVICE/App/usb_device.o" --specs=nano.specs -mfpu=fpv5-sp-d16 -mfloat-abi=hard -mthumb -o "USB_DEVICE/App/usb_device.o"
arm-none-eabi-gcc "../USB_DEVICE/App/usbd_cdc_if.c" -mcpu=cortex-m7 -std=gnu11 -g3 -DDEBUG -DUSE_HAL_DRIVER -DSTM32F722xx -c -I../FATFS/Target -I../FATFS/App -I../USB_DEVICE/App -I../USB_DEVICE/Target -I../Core/Inc -I/Users/liufangzheng/STM32Cube/Repository/STM32Cube_FW_F7_V1.17.3/Drivers/STM32F7xx_HAL_Driver/Inc -I/Users/liufangzheng/STM32Cube/Repository/STM32Cube_FW_F7_V1.17.3/Drivers/STM32F7xx_HAL_Driver/Inc/Legacy -I/Users/liufangzheng/STM32Cube/Repository/STM32Cube_FW_F7_V1.17.3/Middlewares/Third_Party/FatFs/src -I/Users/liufangzheng/STM32Cube/Repository/STM32Cube_FW_F7_V1.17.3/Middlewares/ST/STM32_USB_Device_Library/Core/Inc -I/Users/liufangzheng/STM32Cube/Repository/STM32Cube_FW_F7_V1.17.3/Middlewares/ST/STM32_USB_Device_Library/Class/CDC/Inc -I/Users/liufangzheng/STM32Cube/Repository/STM32Cube_FW_F7_V1.17.3/Drivers/CMSIS/Device/ST/STM32F7xx/Include -I/Users/liufangzheng/STM32Cube/Repository/STM32Cube_FW_F7_V1.17.3/Drivers/CMSIS/Include -O0 -ffunction-sections -fdata-sections -Wall -fstack-usage -fcyclomatic-complexity -MMD -MP -MF"USB_DEVICE/App/usbd_cdc_if.d" -MT"USB_DEVICE/App/usbd_cdc_if.o" --specs=nano.specs -mfpu=fpv5-sp-d16 -mfloat-abi=hard -mthumb -o "USB_DEVICE/App/usbd_cdc_if.o"
arm-none-eabi-gcc "../USB_DEVICE/App/usbd_desc.c" -mcpu=cortex-m7 -std=gnu11 -g3 -DDEBUG -DUSE_HAL_DRIVER -DSTM32F722xx -c -I../FATFS/Target -I../FATFS/App -I../USB_DEVICE/App -I../USB_DEVICE/Target -I../Core/Inc -I/Users/liufangzheng/STM32Cube/Repository/STM32Cube_FW_F7_V1.17.3/Drivers/STM32F7xx_HAL_Driver/Inc -I/Users/liufangzheng/STM32Cube/Repository/STM32Cube_FW_F7_V1.17.3/Drivers/STM32F7xx_HAL_Driver/Inc/Legacy -I/Users/liufangzheng/STM32Cube/Repository/STM32Cube_FW_F7_V1.17.3/Middlewares/Third_Party/FatFs/src -I/Users/liufangzheng/STM32Cube/Repository/STM32Cube_FW_F7_V1.17.3/Middlewares/ST/STM32_USB_Device_Library/Core/Inc -I/Users/liufangzheng/STM32Cube/Repository/STM32Cube_FW_F7_V1.17.3/Middlewares/ST/STM32_USB_Device_Library/Class/CDC/Inc -I/Users/liufangzheng/STM32Cube/Repository/STM32Cube_FW_F7_V1.17.3/Drivers/CMSIS/Device/ST/STM32F7xx/Include -I/Users/liufangzheng/STM32Cube/Repository/STM32Cube_FW_F7_V1.17.3/Drivers/CMSIS/Include -O0 -ffunction-sections -fdata-sections -Wall -fstack-usage -fcyclomatic-complexity -MMD -MP -MF"USB_DEVICE/App/usbd_desc.d" -MT"USB_DEVICE/App/usbd_desc.o" --specs=nano.specs -mfpu=fpv5-sp-d16 -mfloat-abi=hard -mthumb -o "USB_DEVICE/App/usbd_desc.o"
arm-none-eabi-gcc "/Users/liufangzheng/STM32Cube/Repository/STM32Cube_FW_F7_V1.17.3/Middlewares/ST/STM32_USB_Device_Library/Class/CDC/Src/usbd_cdc.c" -mcpu=cortex-m7 -std=gnu11 -g3 -DDEBUG -DUSE_HAL_DRIVER -DSTM32F722xx -c -I../FATFS/Target -I../FATFS/App -I../USB_DEVICE/App -I../USB_DEVICE/Target -I../Core/Inc -I/Users/liufangzheng/STM32Cube/Repository/STM32Cube_FW_F7_V1.17.3/Drivers/STM32F7xx_HAL_Driver/Inc -I/Users/liufangzheng/STM32Cube/Repository/STM32Cube_FW_F7_V1.17.3/Drivers/STM32F7xx_HAL_Driver/Inc/Legacy -I/Users/liufangzheng/STM32Cube/Repository/STM32Cube_FW_F7_V1.17.3/Middlewares/Third_Party/FatFs/src -I/Users/liufangzheng/STM32Cube/Repository/STM32Cube_FW_F7_V1.17.3/Middlewares/ST/STM32_USB_Device_Library/Core/Inc -I/Users/liufangzheng/STM32Cube/Repository/STM32Cube_FW_F7_V1.17.3/Middlewares/ST/STM32_USB_Device_Library/Class/CDC/Inc -I/Users/liufangzheng/STM32Cube/Repository/STM32Cube_FW_F7_V1.17.3/Drivers/CMSIS/Device/ST/STM32F7xx/Include -I/Users/liufangzheng/STM32Cube/Repository/STM32Cube_FW_F7_V1.17.3/Drivers/CMSIS/Include -O0 -ffunction-sections -fdata-sections -Wall -fstack-usage -fcyclomatic-complexity -MMD -MP -MF"Middlewares/USB_Device_Library/usbd_cdc.d" -MT"Middlewares/USB_Device_Library/usbd_cdc.o" --specs=nano.specs -mfpu=fpv5-sp-d16 -mfloat-abi=hard -mthumb -o "Middlewares/USB_Device_Library/usbd_cdc.o"
arm-none-eabi-gcc "/Users/liufangzheng/STM32Cube/Repository/STM32Cube_FW_F7_V1.17.3/Middlewares/ST/STM32_USB_Device_Library/Core/Src/usbd_core.c" -mcpu=cortex-m7 -std=gnu11 -g3 -DDEBUG -DUSE_HAL_DRIVER -DSTM32F722xx -c -I../FATFS/Target -I../FATFS/App -I../USB_DEVICE/App -I../USB_DEVICE/Target -I../Core/Inc -I/Users/liufangzheng/STM32Cube/Repository/STM32Cube_FW_F7_V1.17.3/Drivers/STM32F7xx_HAL_Driver/Inc -I/Users/liufangzheng/STM32Cube/Repository/STM32Cube_FW_F7_V1.17.3/Drivers/STM32F7xx_HAL_Driver/Inc/Legacy -I/Users/liufangzheng/STM32Cube/Repository/STM32Cube_FW_F7_V1.17.3/Middlewares/Third_Party/FatFs/src -I/Users/liufangzheng/STM32Cube/Repository/STM32Cube_FW_F7_V1.17.3/Middlewares/ST/STM32_USB_Device_Library/Core/Inc -I/Users/liufangzheng/STM32Cube/Repository/STM32Cube_FW_F7_V1.17.3/Middlewares/ST/STM32_USB_Device_Library/Class/CDC/Inc -I/Users/liufangzheng/STM32Cube/Repository/STM32Cube_FW_F7_V1.17.3/Drivers/CMSIS/Device/ST/STM32F7xx/Include -I/Users/liufangzheng/STM32Cube/Repository/STM32Cube_FW_F7_V1.17.3/Drivers/CMSIS/Include -O0 -ffunction-sections -fdata-sections -Wall -fstack-usage -fcyclomatic-complexity -MMD -MP -MF"Middlewares/USB_Device_Library/usbd_core.d" -MT"Middlewares/USB_Device_Library/usbd_core.o" --specs=nano.specs -mfpu=fpv5-sp-d16 -mfloat-abi=hard -mthumb -o "Middlewares/USB_Device_Library/usbd_core.o"
arm-none-eabi-gcc "/Users/liufangzheng/STM32Cube/Repository/STM32Cube_FW_F7_V1.17.3/Middlewares/ST/STM32_USB_Device_Library/Core/Src/usbd_ctlreq.c" -mcpu=cortex-m7 -std=gnu11 -g3 -DDEBUG -DUSE_HAL_DRIVER -DSTM32F722xx -c -I../FATFS/Target -I../FATFS/App -I../USB_DEVICE/App -I../USB_DEVICE/Target -I../Core/Inc -I/Users/liufangzheng/STM32Cube/Repository/STM32Cube_FW_F7_V1.17.3/Drivers/STM32F7xx_HAL_Driver/Inc -I/Users/liufangzheng/STM32Cube/Repository/STM32Cube_FW_F7_V1.17.3/Drivers/STM32F7xx_HAL_Driver/Inc/Legacy -I/Users/liufangzheng/STM32Cube/Repository/STM32Cube_FW_F7_V1.17.3/Middlewares/Third_Party/FatFs/src -I/Users/liufangzheng/STM32Cube/Repository/STM32Cube_FW_F7_V1.17.3/Middlewares/ST/STM32_USB_Device_Library/Core/Inc -I/Users/liufangzheng/STM32Cube/Repository/STM32Cube_FW_F7_V1.17.3/Middlewares/ST/STM32_USB_Device_Library/Class/CDC/Inc -I/Users/liufangzheng/STM32Cube/Repository/STM32Cube_FW_F7_V1.17.3/Drivers/CMSIS/Device/ST/STM32F7xx/Include -I/Users/liufangzheng/STM32Cube/Repository/STM32Cube_FW_F7_V1.17.3/Drivers/CMSIS/Include -O0 -ffunction-sections -fdata-sections -Wall -fstack-usage -fcyclomatic-complexity -MMD -MP -MF"Middlewares/USB_Device_Library/usbd_ctlreq.d" -MT"Middlewares/USB_Device_Library/usbd_ctlreq.o" --specs=nano.specs -mfpu=fpv5-sp-d16 -mfloat-abi=hard -mthumb -o "Middlewares/USB_Device_Library/usbd_ctlreq.o"
arm-none-eabi-gcc "/Users/liufangzheng/STM32Cube/Repository/STM32Cube_FW_F7_V1.17.3/Middlewares/ST/STM32_USB_Device_Library/Core/Src/usbd_ioreq.c" -mcpu=cortex-m7 -std=gnu11 -g3 -DDEBUG -DUSE_HAL_DRIVER -DSTM32F722xx -c -I../FATFS/Target -I../FATFS/App -I../USB_DEVICE/App -I../USB_DEVICE/Target -I../Core/Inc -I/Users/liufangzheng/STM32Cube/Repository/STM32Cube_FW_F7_V1.17.3/Drivers/STM32F7xx_HAL_Driver/Inc -I/Users/liufangzheng/STM32Cube/Repository/STM32Cube_FW_F7_V1.17.3/Drivers/STM32F7xx_HAL_Driver/Inc/Legacy -I/Users/liufangzheng/STM32Cube/Repository/STM32Cube_FW_F7_V1.17.3/Middlewares/Third_Party/FatFs/src -I/Users/liufangzheng/STM32Cube/Repository/STM32Cube_FW_F7_V1.17.3/Middlewares/ST/STM32_USB_Device_Library/Core/Inc -I/Users/liufangzheng/STM32Cube/Repository/STM32Cube_FW_F7_V1.17.3/Middlewares/ST/STM32_USB_Device_Library/Class/CDC/Inc -I/Users/liufangzheng/STM32Cube/Repository/STM32Cube_FW_F7_V1.17.3/Drivers/CMSIS/Device/ST/STM32F7xx/Include -I/Users/liufangzheng/STM32Cube/Repository/STM32Cube_FW_F7_V1.17.3/Drivers/CMSIS/Include -O0 -ffunction-sections -fdata-sections -Wall -fstack-usage -fcyclomatic-complexity -MMD -MP -MF"Middlewares/USB_Device_Library/usbd_ioreq.d" -MT"Middlewares/USB_Device_Library/usbd_ioreq.o" --specs=nano.specs -mfpu=fpv5-sp-d16 -mfloat-abi=hard -mthumb -o "Middlewares/USB_Device_Library/usbd_ioreq.o"
arm-none-eabi-gcc "/Users/liufangzheng/STM32Cube/Repository/STM32Cube_FW_F7_V1.17.3/Middlewares/Third_Party/FatFs/src/diskio.c" -mcpu=cortex-m7 -std=gnu11 -g3 -DDEBUG -DUSE_HAL_DRIVER -DSTM32F722xx -c -I../FATFS/Target -I../FATFS/App -I../USB_DEVICE/App -I../USB_DEVICE/Target -I../Core/Inc -I/Users/liufangzheng/STM32Cube/Repository/STM32Cube_FW_F7_V1.17.3/Drivers/STM32F7xx_HAL_Driver/Inc -I/Users/liufangzheng/STM32Cube/Repository/STM32Cube_FW_F7_V1.17.3/Drivers/STM32F7xx_HAL_Driver/Inc/Legacy -I/Users/liufangzheng/STM32Cube/Repository/STM32Cube_FW_F7_V1.17.3/Middlewares/Third_Party/FatFs/src -I/Users/liufangzheng/STM32Cube/Repository/STM32Cube_FW_F7_V1.17.3/Middlewares/ST/STM32_USB_Device_Library/Core/Inc -I/Users/liufangzheng/STM32Cube/Repository/STM32Cube_FW_F7_V1.17.3/Middlewares/ST/STM32_USB_Device_Library/Class/CDC/Inc -I/Users/liufangzheng/STM32Cube/Repository/STM32Cube_FW_F7_V1.17.3/Drivers/CMSIS/Device/ST/STM32F7xx/Include -I/Users/liufangzheng/STM32Cube/Repository/STM32Cube_FW_F7_V1.17.3/Drivers/CMSIS/Include -O0 -ffunction-sections -fdata-sections -Wall -fstack-usage -fcyclomatic-complexity -MMD -MP -MF"Middlewares/FatFs/diskio.d" -MT"Middlewares/FatFs/diskio.o" --specs=nano.specs -mfpu=fpv5-sp-d16 -mfloat-abi=hard -mthumb -o "Middlewares/FatFs/diskio.o"
arm-none-eabi-gcc "/Users/liufangzheng/STM32Cube/Repository/STM32Cube_FW_F7_V1.17.3/Middlewares/Third_Party/FatFs/src/ff.c" -mcpu=cortex-m7 -std=gnu11 -g3 -DDEBUG -DUSE_HAL_DRIVER -DSTM32F722xx -c -I../FATFS/Target -I../FATFS/App -I../USB_DEVICE/App -I../USB_DEVICE/Target -I../Core/Inc -I/Users/liufangzheng/STM32Cube/Repository/STM32Cube_FW_F7_V1.17.3/Drivers/STM32F7xx_HAL_Driver/Inc -I/Users/liufangzheng/STM32Cube/Repository/STM32Cube_FW_F7_V1.17.3/Drivers/STM32F7xx_HAL_Driver/Inc/Legacy -I/Users/liufangzheng/STM32Cube/Repository/STM32Cube_FW_F7_V1.17.3/Middlewares/Third_Party/FatFs/src -I/Users/liufangzheng/STM32Cube/Repository/STM32Cube_FW_F7_V1.17.3/Middlewares/ST/STM32_USB_Device_Library/Core/Inc -I/Users/liufangzheng/STM32Cube/Repository/STM32Cube_FW_F7_V1.17.3/Middlewares/ST/STM32_USB_Device_Library/Class/CDC/Inc -I/Users/liufangzheng/STM32Cube/Repository/STM32Cube_FW_F7_V1.17.3/Drivers/CMSIS/Device/ST/STM32F7xx/Include -I/Users/liufangzheng/STM32Cube/Repository/STM32Cube_FW_F7_V1.17.3/Drivers/CMSIS/Include -O0 -ffunction-sections -fdata-sections -Wall -fstack-usage -fcyclomatic-complexity -MMD -MP -MF"Middlewares/FatFs/ff.d" -MT"Middlewares/FatFs/ff.o" --specs=nano.specs -mfpu=fpv5-sp-d16 -mfloat-abi=hard -mthumb -o "Middlewares/FatFs/ff.o"
arm-none-eabi-gcc "/Users/liufangzheng/STM32Cube/Repository/STM32Cube_FW_F7_V1.17.3/Middlewares/Third_Party/FatFs/src/ff_gen_drv.c" -mcpu=cortex-m7 -std=gnu11 -g3 -DDEBUG -DUSE_HAL_DRIVER -DSTM32F722xx -c -I../FATFS/Target -I../FATFS/App -I../USB_DEVICE/App -I../USB_DEVICE/Target -I../Core/Inc -I/Users/liufangzheng/STM32Cube/Repository/STM32Cube_FW_F7_V1.17.3/Drivers/STM32F7xx_HAL_Driver/Inc -I/Users/liufangzheng/STM32Cube/Repository/STM32Cube_FW_F7_V1.17.3/Drivers/STM32F7xx_HAL_Driver/Inc/Legacy -I/Users/liufangzheng/STM32Cube/Repository/STM32Cube_FW_F7_V1.17.3/Middlewares/Third_Party/FatFs/src -I/Users/liufangzheng/STM32Cube/Repository/STM32Cube_FW_F7_V1.17.3/Middlewares/ST/STM32_USB_Device_Library/Core/Inc -I/Users/liufangzheng/STM32Cube/Repository/STM32Cube_FW_F7_V1.17.3/Middlewares/ST/STM32_USB_Device_Library/Class/CDC/Inc -I/Users/liufangzheng/STM32Cube/Repository/STM32Cube_FW_F7_V1.17.3/Drivers/CMSIS/Device/ST/STM32F7xx/Include -I/Users/liufangzheng/STM32Cube/Repository/STM32Cube_FW_F7_V1.17.3/Drivers/CMSIS/Include -O0 -ffunction-sections -fdata-sections -Wall -fstack-usage -fcyclomatic-complexity -MMD -MP -MF"Middlewares/FatFs/ff_gen_drv.d" -MT"Middlewares/FatFs/ff_gen_drv.o" --specs=nano.specs -mfpu=fpv5-sp-d16 -mfloat-abi=hard -mthumb -o "Middlewares/FatFs/ff_gen_drv.o"
arm-none-eabi-gcc "/Users/liufangzheng/STM32Cube/Repository/STM32Cube_FW_F7_V1.17.3/Middlewares/Third_Party/FatFs/src/option/syscall.c" -mcpu=cortex-m7 -std=gnu11 -g3 -DDEBUG -DUSE_HAL_DRIVER -DSTM32F722xx -c -I../FATFS/Target -I../FATFS/App -I../USB_DEVICE/App -I../USB_DEVICE/Target -I../Core/Inc -I/Users/liufangzheng/STM32Cube/Repository/STM32Cube_FW_F7_V1.17.3/Drivers/STM32F7xx_HAL_Driver/Inc -I/Users/liufangzheng/STM32Cube/Repository/STM32Cube_FW_F7_V1.17.3/Drivers/STM32F7xx_HAL_Driver/Inc/Legacy -I/Users/liufangzheng/STM32Cube/Repository/STM32Cube_FW_F7_V1.17.3/Middlewares/Third_Party/FatFs/src -I/Users/liufangzheng/STM32Cube/Repository/STM32Cube_FW_F7_V1.17.3/Middlewares/ST/STM32_USB_Device_Library/Core/Inc -I/Users/liufangzheng/STM32Cube/Repository/STM32Cube_FW_F7_V1.17.3/Middlewares/ST/STM32_USB_Device_Library/Class/CDC/Inc -I/Users/liufangzheng/STM32Cube/Repository/STM32Cube_FW_F7_V1.17.3/Drivers/CMSIS/Device/ST/STM32F7xx/Include -I/Users/liufangzheng/STM32Cube/Repository/STM32Cube_FW_F7_V1.17.3/Drivers/CMSIS/Include -O0 -ffunction-sections -fdata-sections -Wall -fstack-usage -fcyclomatic-complexity -MMD -MP -MF"Middlewares/FatFs/syscall.d" -MT"Middlewares/FatFs/syscall.o" --specs=nano.specs -mfpu=fpv5-sp-d16 -mfloat-abi=hard -mthumb -o "Middlewares/FatFs/syscall.o"
arm-none-eabi-gcc "../FATFS/Target/user_diskio.c" -mcpu=cortex-m7 -std=gnu11 -g3 -DDEBUG -DUSE_HAL_DRIVER -DSTM32F722xx -c -I../FATFS/Target -I../FATFS/App -I../USB_DEVICE/App -I../USB_DEVICE/Target -I../Core/Inc -I/Users/liufangzheng/STM32Cube/Repository/STM32Cube_FW_F7_V1.17.3/Drivers/STM32F7xx_HAL_Driver/Inc -I/Users/liufangzheng/STM32Cube/Repository/STM32Cube_FW_F7_V1.17.3/Drivers/STM32F7xx_HAL_Driver/Inc/Legacy -I/Users/liufangzheng/STM32Cube/Repository/STM32Cube_FW_F7_V1.17.3/Middlewares/Third_Party/FatFs/src -I/Users/liufangzheng/STM32Cube/Repository/STM32Cube_FW_F7_V1.17.3/Middlewares/ST/STM32_USB_Device_Library/Core/Inc -I/Users/liufangzheng/STM32Cube/Repository/STM32Cube_FW_F7_V1.17.3/Middlewares/ST/STM32_USB_Device_Library/Class/CDC/Inc -I/Users/liufangzheng/STM32Cube/Repository/STM32Cube_FW_F7_V1.17.3/Drivers/CMSIS/Device/ST/STM32F7xx/Include -I/Users/liufangzheng/STM32Cube/Repository/STM32Cube_FW_F7_V1.17.3/Drivers/CMSIS/Include -O0 -ffunction-sections -fdata-sections -Wall -fstack-usage -fcyclomatic-complexity -MMD -MP -MF"FATFS/Target/user_diskio.d" -MT"FATFS/Target/user_diskio.o" --specs=nano.specs -mfpu=fpv5-sp-d16 -mfloat-abi=hard -mthumb -o "FATFS/Target/user_diskio.o"
arm-none-eabi-gcc "../FATFS/Target/user_diskio_spi.c" -mcpu=cortex-m7 -std=gnu11 -g3 -DDEBUG -DUSE_HAL_DRIVER -DSTM32F722xx -c -I../FATFS/Target -I../FATFS/App -I../USB_DEVICE/App -I../USB_DEVICE/Target -I../Core/Inc -I/Users/liufangzheng/STM32Cube/Repository/STM32Cube_FW_F7_V1.17.3/Drivers/STM32F7xx_HAL_Driver/Inc -I/Users/liufangzheng/STM32Cube/Repository/STM32Cube_FW_F7_V1.17.3/Drivers/STM32F7xx_HAL_Driver/Inc/Legacy -I/Users/liufangzheng/STM32Cube/Repository/STM32Cube_FW_F7_V1.17.3/Middlewares/Third_Party/FatFs/src -I/Users/liufangzheng/STM32Cube/Repository/STM32Cube_FW_F7_V1.17.3/Middlewares/ST/STM32_USB_Device_Library/Core/Inc -I/Users/liufangzheng/STM32Cube/Repository/STM32Cube_FW_F7_V1.17.3/Middlewares/ST/STM32_USB_Device_Library/Class/CDC/Inc -I/Users/liufangzheng/STM32Cube/Repository/STM32Cube_FW_F7_V1.17.3/Drivers/CMSIS/Device/ST/STM32F7xx/Include -I/Users/liufangzheng/STM32Cube/Repository/STM32Cube_FW_F7_V1.17.3/Drivers/CMSIS/Include -O0 -ffunction-sections -fdata-sections -Wall -fstack-usage -fcyclomatic-complexity -MMD -MP -MF"FATFS/Target/user_diskio_spi.d" -MT"FATFS/Target/user_diskio_spi.o" --specs=nano.specs -mfpu=fpv5-sp-d16 -mfloat-abi=hard -mthumb -o "FATFS/Target/user_diskio_spi.o"
arm-none-eabi-gcc "../FATFS/App/fatfs.c" -mcpu=cortex-m7 -std=gnu11 -g3 -DDEBUG -DUSE_HAL_DRIVER -DSTM32F722xx -c -I../FATFS/Target -I../FATFS/App -I../USB_DEVICE/App -I../USB_DEVICE/Target -I../Core/Inc -I/Users/liufangzheng/STM32Cube/Repository/STM32Cube_FW_F7_V1.17.3/Drivers/STM32F7xx_HAL_Driver/Inc -I/Users/liufangzheng/STM32Cube/Repository/STM32Cube_FW_F7_V1.17.3/Drivers/STM32F7xx_HAL_Driver/Inc/Legacy -I/Users/liufangzheng/STM32Cube/Repository/STM32Cube_FW_F7_V1.17.3/Middlewares/Third_Party/FatFs/src -I/Users/liufangzheng/STM32Cube/Repository/STM32Cube_FW_F7_V1.17.3/Middlewares/ST/STM32_USB_Device_Library/Core/Inc -I/Users/liufangzheng/STM32Cube/Repository/STM32Cube_FW_F7_V1.17.3/Middlewares/ST/STM32_USB_Device_Library/Class/CDC/Inc -I/Users/liufangzheng/STM32Cube/Repository/STM32Cube_FW_F7_V1.17.3/Drivers/CMSIS/Device/ST/STM32F7xx/Include -I/Users/liufangzheng/STM32Cube/Repository/STM32Cube_FW_F7_V1.17.3/Drivers/CMSIS/Include -O0 -ffunction-sections -fdata-sections -Wall -fstack-usage -fcyclomatic-complexity -MMD -MP -MF"FATFS/App/fatfs.d" -MT"FATFS/App/fatfs.o" --specs=nano.specs -mfpu=fpv5-sp-d16 -mfloat-abi=hard -mthumb -o "FATFS/App/fatfs.o"
arm-none-eabi-gcc "/Users/liufangzheng/STM32Cube/Repository/STM32Cube_FW_F7_V1.17.3/Drivers/STM32F7xx_HAL_Driver/Src/stm32f7xx_hal.c" -mcpu=cortex-m7 -std=gnu11 -g3 -DDEBUG -DUSE_HAL_DRIVER -DSTM32F722xx -c -I../FATFS/Target -I../FATFS/App -I../USB_DEVICE/App -I../USB_DEVICE/Target -I../Core/Inc -I/Users/liufangzheng/STM32Cube/Repository/STM32Cube_FW_F7_V1.17.3/Drivers/STM32F7xx_HAL_Driver/Inc -I/Users/liufangzheng/STM32Cube/Repository/STM32Cube_FW_F7_V1.17.3/Drivers/STM32F7xx_HAL_Driver/Inc/Legacy -I/Users/liufangzheng/STM32Cube/Repository/STM32Cube_FW_F7_V1.17.3/Middlewares/Third_Party/FatFs/src -I/Users/liufangzheng/STM32Cube/Repository/STM32Cube_FW_F7_V1.17.3/Middlewares/ST/STM32_USB_Device_Library/Core/Inc -I/Users/liufangzheng/STM32Cube/Repository/STM32Cube_FW_F7_V1.17.3/Middlewares/ST/STM32_USB_Device_Library/Class/CDC/Inc -I/Users/liufangzheng/STM32Cube/Repository/STM32Cube_FW_F7_V1.17.3/Drivers/CMSIS/Device/ST/STM32F7xx/Include -I/Users/liufangzheng/STM32Cube/Repository/STM32Cube_FW_F7_V1.17.3/Drivers/CMSIS/Include -O0 -ffunction-sections -fdata-sections -Wall -fstack-usage -fcyclomatic-complexity -MMD -MP -MF"Drivers/STM32F7xx_HAL_Driver/stm32f7xx_hal.d" -MT"Drivers/STM32F7xx_HAL_Driver/stm32f7xx_hal.o" --specs=nano.specs -mfpu=fpv5-sp-d16 -mfloat-abi=hard -mthumb -o "Drivers/STM32F7xx_HAL_Driver/stm32f7xx_hal.o"
arm-none-eabi-gcc "/Users/liufangzheng/STM32Cube/Repository/STM32Cube_FW_F7_V1.17.3/Drivers/STM32F7xx_HAL_Driver/Src/stm32f7xx_hal_cortex.c" -mcpu=cortex-m7 -std=gnu11 -g3 -DDEBUG -DUSE_HAL_DRIVER -DSTM32F722xx -c -I../FATFS/Target -I../FATFS/App -I../USB_DEVICE/App -I../USB_DEVICE/Target -I../Core/Inc -I/Users/liufangzheng/STM32Cube/Repository/STM32Cube_FW_F7_V1.17.3/Drivers/STM32F7xx_HAL_Driver/Inc -I/Users/liufangzheng/STM32Cube/Repository/STM32Cube_FW_F7_V1.17.3/Drivers/STM32F7xx_HAL_Driver/Inc/Legacy -I/Users/liufangzheng/STM32Cube/Repository/STM32Cube_FW_F7_V1.17.3/Middlewares/Third_Party/FatFs/src -I/Users/liufangzheng/STM32Cube/Repository/STM32Cube_FW_F7_V1.17.3/Middlewares/ST/STM32_USB_Device_Library/Core/Inc -I/Users/liufangzheng/STM32Cube/Repository/STM32Cube_FW_F7_V1.17.3/Middlewares/ST/STM32_USB_Device_Library/Class/CDC/Inc -I/Users/liufangzheng/STM32Cube/Repository/STM32Cube_FW_F7_V1.17.3/Drivers/CMSIS/Device/ST/STM32F7xx/Include -I/Users/liufangzheng/STM32Cube/Repository/STM32Cube_FW_F7_V1.17.3/Drivers/CMSIS/Include -O0 -ffunction-sections -fdata-sections -Wall -fstack-usage -fcyclomatic-complexity -MMD -MP -MF"Drivers/STM32F7xx_HAL_Driver/stm32f7xx_hal_cortex.d" -MT"Drivers/STM32F7xx_HAL_Driver/stm32f7xx_hal_cortex.o" --specs=nano.specs -mfpu=fpv5-sp-d16 -mfloat-abi=hard -mthumb -o "Drivers/STM32F7xx_HAL_Driver/stm32f7xx_hal_cortex.o"
arm-none-eabi-gcc "/Users/liufangzheng/STM32Cube/Repository/STM32Cube_FW_F7_V1.17.3/Drivers/STM32F7xx_HAL_Driver/Src/stm32f7xx_hal_dma.c" -mcpu=cortex-m7 -std=gnu11 -g3 -DDEBUG -DUSE_HAL_DRIVER -DSTM32F722xx -c -I../FATFS/Target -I../FATFS/App -I../USB_DEVICE/App -I../USB_DEVICE/Target -I../Core/Inc -I/Users/liufangzheng/STM32Cube/Repository/STM32Cube_FW_F7_V1.17.3/Drivers/STM32F7xx_HAL_Driver/Inc -I/Users/liufangzheng/STM32Cube/Repository/STM32Cube_FW_F7_V1.17.3/Drivers/STM32F7xx_HAL_Driver/Inc/Legacy -I/Users/liufangzheng/STM32Cube/Repository/STM32Cube_FW_F7_V1.17.3/Middlewares/Third_Party/FatFs/src -I/Users/liufangzheng/STM32Cube/Repository/STM32Cube_FW_F7_V1.17.3/Middlewares/ST/STM32_USB_Device_Library/Core/Inc -I/Users/liufangzheng/STM32Cube/Repository/STM32Cube_FW_F7_V1.17.3/Middlewares/ST/STM32_USB_Device_Library/Class/CDC/Inc -I/Users/liufangzheng/STM32Cube/Repository/STM32Cube_FW_F7_V1.17.3/Drivers/CMSIS/Device/ST/STM32F7xx/Include -I/Users/liufangzheng/STM32Cube/Repository/STM32Cube_FW_F7_V1.17.3/Drivers/CMSIS/Include -O0 -ffunction-sections -fdata-sections -Wall -fstack-usage -fcyclomatic-complexity -MMD -MP -MF"Drivers/STM32F7xx_HAL_Driver/stm32f7xx_hal_dma.d" -MT"Drivers/STM32F7xx_HAL_Driver/stm32f7xx_hal_dma.o" --specs=nano.specs -mfpu=fpv5-sp-d16 -mfloat-abi=hard -mthumb -o "Drivers/STM32F7xx_HAL_Driver/stm32f7xx_hal_dma.o"
arm-none-eabi-gcc "/Users/liufangzheng/STM32Cube/Repository/STM32Cube_FW_F7_V1.17.3/Drivers/STM32F7xx_HAL_Driver/Src/stm32f7xx_hal_dma_ex.c" -mcpu=cortex-m7 -std=gnu11 -g3 -DDEBUG -DUSE_HAL_DRIVER -DSTM32F722xx -c -I../FATFS/Target -I../FATFS/App -I../USB_DEVICE/App -I../USB_DEVICE/Target -I../Core/Inc -I/Users/liufangzheng/STM32Cube/Repository/STM32Cube_FW_F7_V1.17.3/Drivers/STM32F7xx_HAL_Driver/Inc -I/Users/liufangzheng/STM32Cube/Repository/STM32Cube_FW_F7_V1.17.3/Drivers/STM32F7xx_HAL_Driver/Inc/Legacy -I/Users/liufangzheng/STM32Cube/Repository/STM32Cube_FW_F7_V1.17.3/Middlewares/Third_Party/FatFs/src -I/Users/liufangzheng/STM32Cube/Repository/STM32Cube_FW_F7_V1.17.3/Middlewares/ST/STM32_USB_Device_Library/Core/Inc -I/Users/liufangzheng/STM32Cube/Repository/STM32Cube_FW_F7_V1.17.3/Middlewares/ST/STM32_USB_Device_Library/Class/CDC/Inc -I/Users/liufangzheng/STM32Cube/Repository/STM32Cube_FW_F7_V1.17.3/Drivers/CMSIS/Device/ST/STM32F7xx/Include -I/Users/liufangzheng/STM32Cube/Repository/STM32Cube_FW_F7_V1.17.3/Drivers/CMSIS/Include -O0 -ffunction-sections -fdata-sections -Wall -fstack-usage -fcyclomatic-complexity -MMD -MP -MF"Drivers/STM32F7xx_HAL_Driver/stm32f7xx_hal_dma_ex.d" -MT"Drivers/STM32F7xx_HAL_Driver/stm32f7xx_hal_dma_ex.o" --specs=nano.specs -mfpu=fpv5-sp-d16 -mfloat-abi=hard -mthumb -o "Drivers/STM32F7xx_HAL_Driver/stm32f7xx_hal_dma_ex.o"
arm-none-eabi-gcc "/Users/liufangzheng/STM32Cube/Repository/STM32Cube_FW_F7_V1.17.3/Drivers/STM32F7xx_HAL_Driver/Src/stm32f7xx_hal_exti.c" -mcpu=cortex-m7 -std=gnu11 -g3 -DDEBUG -DUSE_HAL_DRIVER -DSTM32F722xx -c -I../FATFS/Target -I../FATFS/App -I../USB_DEVICE/App -I../USB_DEVICE/Target -I../Core/Inc -I/Users/liufangzheng/STM32Cube/Repository/STM32Cube_FW_F7_V1.17.3/Drivers/STM32F7xx_HAL_Driver/Inc -I/Users/liufangzheng/STM32Cube/Repository/STM32Cube_FW_F7_V1.17.3/Drivers/STM32F7xx_HAL_Driver/Inc/Legacy -I/Users/liufangzheng/STM32Cube/Repository/STM32Cube_FW_F7_V1.17.3/Middlewares/Third_Party/FatFs/src -I/Users/liufangzheng/STM32Cube/Repository/STM32Cube_FW_F7_V1.17.3/Middlewares/ST/STM32_USB_Device_Library/Core/Inc -I/Users/liufangzheng/STM32Cube/Repository/STM32Cube_FW_F7_V1.17.3/Middlewares/ST/STM32_USB_Device_Library/Class/CDC/Inc -I/Users/liufangzheng/STM32Cube/Repository/STM32Cube_FW_F7_V1.17.3/Drivers/CMSIS/Device/ST/STM32F7xx/Include -I/Users/liufangzheng/STM32Cube/Repository/STM32Cube_FW_F7_V1.17.3/Drivers/CMSIS/Include -O0 -ffunction-sections -fdata-sections -Wall -fstack-usage -fcyclomatic-complexity -MMD -MP -MF"Drivers/STM32F7xx_HAL_Driver/stm32f7xx_hal_exti.d" -MT"Drivers/STM32F7xx_HAL_Driver/stm32f7xx_hal_exti.o" --specs=nano.specs -mfpu=fpv5-sp-d16 -mfloat-abi=hard -mthumb -o "Drivers/STM32F7xx_HAL_Driver/stm32f7xx_hal_exti.o"
arm-none-eabi-gcc "/Users/liufangzheng/STM32Cube/Repository/STM32Cube_FW_F7_V1.17.3/Drivers/STM32F7xx_HAL_Driver/Src/stm32f7xx_hal_flash.c" -mcpu=cortex-m7 -std=gnu11 -g3 -DDEBUG -DUSE_HAL_DRIVER -DSTM32F722xx -c -I../FATFS/Target -I../FATFS/App -I../USB_DEVICE/App -I../USB_DEVICE/Target -I../Core/Inc -I/Users/liufangzheng/STM32Cube/Repository/STM32Cube_FW_F7_V1.17.3/Drivers/STM32F7xx_HAL_Driver/Inc -I/Users/liufangzheng/STM32Cube/Repository/STM32Cube_FW_F7_V1.17.3/Drivers/STM32F7xx_HAL_Driver/Inc/Legacy -I/Users/liufangzheng/STM32Cube/Repository/STM32Cube_FW_F7_V1.17.3/Middlewares/Third_Party/FatFs/src -I/Users/liufangzheng/STM32Cube/Repository/STM32Cube_FW_F7_V1.17.3/Middlewares/ST/STM32_USB_Device_Library/Core/Inc -I/Users/liufangzheng/STM32Cube/Repository/STM32Cube_FW_F7_V1.17.3/Middlewares/ST/STM32_USB_Device_Library/Class/CDC/Inc -I/Users/liufangzheng/STM32Cube/Repository/STM32Cube_FW_F7_V1.17.3/Drivers/CMSIS/Device/ST/STM32F7xx/Include -I/Users/liufangzheng/STM32Cube/Repository/STM32Cube_FW_F7_V1.17.3/Drivers/CMSIS/Include -O0 -ffunction-sections -fdata-sections -Wall -fstack-usage -fcyclomatic-complexity -MMD -MP -MF"Drivers/STM32F7xx_HAL_Driver/stm32f7xx_hal_flash.d" -MT"Drivers/STM32F7xx_HAL_Driver/stm32f7xx_hal_flash.o" --specs=nano.specs -mfpu=fpv5-sp-d16 -mfloat-abi=hard -mthumb -o "Drivers/STM32F7xx_HAL_Driver/stm32f7xx_hal_flash.o"
arm-none-eabi-gcc "/Users/liufangzheng/STM32Cube/Repository/STM32Cube_FW_F7_V1.17.3/Drivers/STM32F7xx_HAL_Driver/Src/stm32f7xx_hal_flash_ex.c" -mcpu=cortex-m7 -std=gnu11 -g3 -DDEBUG -DUSE_HAL_DRIVER -DSTM32F722xx -c -I../FATFS/Target -I../FATFS/App -I../USB_DEVICE/App -I../USB_DEVICE/Target -I../Core/Inc -I/Users/liufangzheng/STM32Cube/Repository/STM32Cube_FW_F7_V1.17.3/Drivers/STM32F7xx_HAL_Driver/Inc -I/Users/liufangzheng/STM32Cube/Repository/STM32Cube_FW_F7_V1.17.3/Drivers/STM32F7xx_HAL_Driver/Inc/Legacy -I/Users/liufangzheng/STM32Cube/Repository/STM32Cube_FW_F7_V1.17.3/Middlewares/Third_Party/FatFs/src -I/Users/liufangzheng/STM32Cube/Repository/STM32Cube_FW_F7_V1.17.3/Middlewares/ST/STM32_USB_Device_Library/Core/Inc -I/Users/liufangzheng/STM32Cube/Repository/STM32Cube_FW_F7_V1.17.3/Middlewares/ST/STM32_USB_Device_Library/Class/CDC/Inc -I/Users/liufangzheng/STM32Cube/Repository/STM32Cube_FW_F7_V1.17.3/Drivers/CMSIS/Device/ST/STM32F7xx/Include -I/Users/liufangzheng/STM32Cube/Repository/STM32Cube_FW_F7_V1.17.3/Drivers/CMSIS/Include -O0 -ffunction-sections -fdata-sections -Wall -fstack-usage -fcyclomatic-complexity -MMD -MP -MF"Drivers/STM32F7xx_HAL_Driver/stm32f7xx_hal_flash_ex.d" -MT"Drivers/STM32F7xx_HAL_Driver/stm32f7xx_hal_flash_ex.o" --specs=nano.specs -mfpu=fpv5-sp-d16 -mfloat-abi=hard -mthumb -o "Drivers/STM32F7xx_HAL_Driver/stm32f7xx_hal_flash_ex.o"
arm-none-eabi-gcc "/Users/liufangzheng/STM32Cube/Repository/STM32Cube_FW_F7_V1.17.3/Drivers/STM32F7xx_HAL_Driver/Src/stm32f7xx_hal_gpio.c" -mcpu=cortex-m7 -std=gnu11 -g3 -DDEBUG -DUSE_HAL_DRIVER -DSTM32F722xx -c -I../FATFS/Target -I../FATFS/App -I../USB_DEVICE/App -I../USB_DEVICE/Target -I../Core/Inc -I/Users/liufangzheng/STM32Cube/Repository/STM32Cube_FW_F7_V1.17.3/Drivers/STM32F7xx_HAL_Driver/Inc -I/Users/liufangzheng/STM32Cube/Repository/STM32Cube_FW_F7_V1.17.3/Drivers/STM32F7xx_HAL_Driver/Inc/Legacy -I/Users/liufangzheng/STM32Cube/Repository/STM32Cube_FW_F7_V1.17.3/Middlewares/Third_Party/FatFs/src -I/Users/liufangzheng/STM32Cube/Repository/STM32Cube_FW_F7_V1.17.3/Middlewares/ST/STM32_USB_Device_Library/Core/Inc -I/Users/liufangzheng/STM32Cube/Repository/STM32Cube_FW_F7_V1.17.3/Middlewares/ST/STM32_USB_Device_Library/Class/CDC/Inc -I/Users/liufangzheng/STM32Cube/Repository/STM32Cube_FW_F7_V1.17.3/Drivers/CMSIS/Device/ST/STM32F7xx/Include -I/Users/liufangzheng/STM32Cube/Repository/STM32Cube_FW_F7_V1.17.3/Drivers/CMSIS/Include -O0 -ffunction-sections -fdata-sections -Wall -fstack-usage -fcyclomatic-complexity -MMD -MP -MF"Drivers/STM32F7xx_HAL_Driver/stm32f7xx_hal_gpio.d" -MT"Drivers/STM32F7xx_HAL_Driver/stm32f7xx_hal_gpio.o" --specs=nano.specs -mfpu=fpv5-sp-d16 -mfloat-abi=hard -mthumb -o "Drivers/STM32F7xx_HAL_Driver/stm32f7xx_hal_gpio.o"
arm-none-eabi-gcc "/Users/liufangzheng/STM32Cube/Repository/STM32Cube_FW_F7_V1.17.3/Drivers/STM32F7xx_HAL_Driver/Src/stm32f7xx_hal_i2c.c" -mcpu=cortex-m7 -std=gnu11 -g3 -DDEBUG -DUSE_HAL_DRIVER -DSTM32F722xx -c -I../FATFS/Target -I../FATFS/App -I../USB_DEVICE/App -I../USB_DEVICE/Target -I../Core/Inc -I/Users/liufangzheng/STM32Cube/Repository/STM32Cube_FW_F7_V1.17.3/Drivers/STM32F7xx_HAL_Driver/Inc -I/Users/liufangzheng/STM32Cube/Repository/STM32Cube_FW_F7_V1.17.3/Drivers/STM32F7xx_HAL_Driver/Inc/Legacy -I/Users/liufangzheng/STM32Cube/Repository/STM32Cube_FW_F7_V1.17.3/Middlewares/Third_Party/FatFs/src -I/Users/liufangzheng/STM32Cube/Repository/STM32Cube_FW_F7_V1.17.3/Middlewares/ST/STM32_USB_Device_Library/Core/Inc -I/Users/liufangzheng/STM32Cube/Repository/STM32Cube_FW_F7_V1.17.3/Middlewares/ST/STM32_USB_Device_Library/Class/CDC/Inc -I/Users/liufangzheng/STM32Cube/Repository/STM32Cube_FW_F7_V1.17.3/Drivers/CMSIS/Device/ST/STM32F7xx/Include -I/Users/liufangzheng/STM32Cube/Repository/STM32Cube_FW_F7_V1.17.3/Drivers/CMSIS/Include -O0 -ffunction-sections -fdata-sections -Wall -fstack-usage -fcyclomatic-complexity -MMD -MP -MF"Drivers/STM32F7xx_HAL_Driver/stm32f7xx_hal_i2c.d" -MT"Drivers/STM32F7xx_HAL_Driver/stm32f7xx_hal_i2c.o" --specs=nano.specs -mfpu=fpv5-sp-d16 -mfloat-abi=hard -mthumb -o "Drivers/STM32F7xx_HAL_Driver/stm32f7xx_hal_i2c.o"
arm-none-eabi-gcc "/Users/liufangzheng/STM32Cube/Repository/STM32Cube_FW_F7_V1.17.3/Drivers/STM32F7xx_HAL_Driver/Src/stm32f7xx_hal_i2c_ex.c" -mcpu=cortex-m7 -std=gnu11 -g3 -DDEBUG -DUSE_HAL_DRIVER -DSTM32F722xx -c -I../FATFS/Target -I../FATFS/App -I../USB_DEVICE/App -I../USB_DEVICE/Target -I../Core/Inc -I/Users/liufangzheng/STM32Cube/Repository/STM32Cube_FW_F7_V1.17.3/Drivers/STM32F7xx_HAL_Driver/Inc -I/Users/liufangzheng/STM32Cube/Repository/STM32Cube_FW_F7_V1.17.3/Drivers/STM32F7xx_HAL_Driver/Inc/Legacy -I/Users/liufangzheng/STM32Cube/Repository/STM32Cube_FW_F7_V1.17.3/Middlewares/Third_Party/FatFs/src -I/Users/liufangzheng/STM32Cube/Repository/STM32Cube_FW_F7_V1.17.3/Middlewares/ST/STM32_USB_Device_Library/Core/Inc -I/Users/liufangzheng/STM32Cube/Repository/STM32Cube_FW_F7_V1.17.3/Middlewares/ST/STM32_USB_Device_Library/Class/CDC/Inc -I/Users/liufangzheng/STM32Cube/Repository/STM32Cube_FW_F7_V1.17.3/Drivers/CMSIS/Device/ST/STM32F7xx/Include -I/Users/liufangzheng/STM32Cube/Repository/STM32Cube_FW_F7_V1.17.3/Drivers/CMSIS/Include -O0 -ffunction-sections -fdata-sections -Wall -fstack-usage -fcyclomatic-complexity -MMD -MP -MF"Drivers/STM32F7xx_HAL_Driver/stm32f7xx_hal_i2c_ex.d" -MT"Drivers/STM32F7xx_HAL_Driver/stm32f7xx_hal_i2c_ex.o" --specs=nano.specs -mfpu=fpv5-sp-d16 -mfloat-abi=hard -mthumb -o "Drivers/STM32F7xx_HAL_Driver/stm32f7xx_hal_i2c_ex.o"
arm-none-eabi-gcc "/Users/liufangzheng/STM32Cube/Repository/STM32Cube_FW_F7_V1.17.3/Drivers/STM32F7xx_HAL_Driver/Src/stm32f7xx_hal_pcd.c" -mcpu=cortex-m7 -std=gnu11 -g3 -DDEBUG -DUSE_HAL_DRIVER -DSTM32F722xx -c -I../FATFS/Target -I../FATFS/App -I../USB_DEVICE/App -I../USB_DEVICE/Target -I../Core/Inc -I/Users/liufangzheng/STM32Cube/Repository/STM32Cube_FW_F7_V1.17.3/Drivers/STM32F7xx_HAL_Driver/Inc -I/Users/liufangzheng/STM32Cube/Repository/STM32Cube_FW_F7_V1.17.3/Drivers/STM32F7xx_HAL_Driver/Inc/Legacy -I/Users/liufangzheng/STM32Cube/Repository/STM32Cube_FW_F7_V1.17.3/Middlewares/Third_Party/FatFs/src -I/Users/liufangzheng/STM32Cube/Repository/STM32Cube_FW_F7_V1.17.3/Middlewares/ST/STM32_USB_Device_Library/Core/Inc -I/Users/liufangzheng/STM32Cube/Repository/STM32Cube_FW_F7_V1.17.3/Middlewares/ST/STM32_USB_Device_Library/Class/CDC/Inc -I/Users/liufangzheng/STM32Cube/Repository/STM32Cube_FW_F7_V1.17.3/Drivers/CMSIS/Device/ST/STM32F7xx/Include -I/Users/liufangzheng/STM32Cube/Repository/STM32Cube_FW_F7_V1.17.3/Drivers/CMSIS/Include -O0 -ffunction-sections -fdata-sections -Wall -fstack-usage -fcyclomatic-complexity -MMD -MP -MF"Drivers/STM32F7xx_HAL_Driver/stm32f7xx_hal_pcd.d" -MT"Drivers/STM32F7xx_HAL_Driver/stm32f7xx_hal_pcd.o" --specs=nano.specs -mfpu=fpv5-sp-d16 -mfloat-abi=hard -mthumb -o "Drivers/STM32F7xx_HAL_Driver/stm32f7xx_hal_pcd.o"
arm-none-eabi-gcc "/Users/liufangzheng/STM32Cube/Repository/STM32Cube_FW_F7_V1.17.3/Drivers/STM32F7xx_HAL_Driver/Src/stm32f7xx_hal_pcd_ex.c" -mcpu=cortex-m7 -std=gnu11 -g3 -DDEBUG -DUSE_HAL_DRIVER -DSTM32F722xx -c -I../FATFS/Target -I../FATFS/App -I../USB_DEVICE/App -I../USB_DEVICE/Target -I../Core/Inc -I/Users/liufangzheng/STM32Cube/Repository/STM32Cube_FW_F7_V1.17.3/Drivers/STM32F7xx_HAL_Driver/Inc -I/Users/liufangzheng/STM32Cube/Repository/STM32Cube_FW_F7_V1.17.3/Drivers/STM32F7xx_HAL_Driver/Inc/Legacy -I/Users/liufangzheng/STM32Cube/Repository/STM32Cube_FW_F7_V1.17.3/Middlewares/Third_Party/FatFs/src -I/Users/liufangzheng/STM32Cube/Repository/STM32Cube_FW_F7_V1.17.3/Middlewares/ST/STM32_USB_Device_Library/Core/Inc -I/Users/liufangzheng/STM32Cube/Repository/STM32Cube_FW_F7_V1.17.3/Middlewares/ST/STM32_USB_Device_Library/Class/CDC/Inc -I/Users/liufangzheng/STM32Cube/Repository/STM32Cube_FW_F7_V1.17.3/Drivers/CMSIS/Device/ST/STM32F7xx/Include -I/Users/liufangzheng/STM32Cube/Repository/STM32Cube_FW_F7_V1.17.3/Drivers/CMSIS/Include -O0 -ffunction-sections -fdata-sections -Wall -fstack-usage -fcyclomatic-complexity -MMD -MP -MF"Drivers/STM32F7xx_HAL_Driver/stm32f7xx_hal_pcd_ex.d" -MT"Drivers/STM32F7xx_HAL_Driver/stm32f7xx_hal_pcd_ex.o" --specs=nano.specs -mfpu=fpv5-sp-d16 -mfloat-abi=hard -mthumb -o "Drivers/STM32F7xx_HAL_Driver/stm32f7xx_hal_pcd_ex.o"
arm-none-eabi-gcc "/Users/liufangzheng/STM32Cube/Repository/STM32Cube_FW_F7_V1.17.3/Drivers/STM32F7xx_HAL_Driver/Src/stm32f7xx_hal_pwr.c" -mcpu=cortex-m7 -std=gnu11 -g3 -DDEBUG -DUSE_HAL_DRIVER -DSTM32F722xx -c -I../FATFS/Target -I../FATFS/App -I../USB_DEVICE/App -I../USB_DEVICE/Target -I../Core/Inc -I/Users/liufangzheng/STM32Cube/Repository/STM32Cube_FW_F7_V1.17.3/Drivers/STM32F7xx_HAL_Driver/Inc -I/Users/liufangzheng/STM32Cube/Repository/STM32Cube_FW_F7_V1.17.3/Drivers/STM32F7xx_HAL_Driver/Inc/Legacy -I/Users/liufangzheng/STM32Cube/Repository/STM32Cube_FW_F7_V1.17.3/Middlewares/Third_Party/FatFs/src -I/Users/liufangzheng/STM32Cube/Repository/STM32Cube_FW_F7_V1.17.3/Middlewares/ST/STM32_USB_Device_Library/Core/Inc -I/Users/liufangzheng/STM32Cube/Repository/STM32Cube_FW_F7_V1.17.3/Middlewares/ST/STM32_USB_Device_Library/Class/CDC/Inc -I/Users/liufangzheng/STM32Cube/Repository/STM32Cube_FW_F7_V1.17.3/Drivers/CMSIS/Device/ST/STM32F7xx/Include -I/Users/liufangzheng/STM32Cube/Repository/STM32Cube_FW_F7_V1.17.3/Drivers/CMSIS/Include -O0 -ffunction-sections -fdata-sections -Wall -fstack-usage -fcyclomatic-complexity -MMD -MP -MF"Drivers/STM32F7xx_HAL_Driver/stm32f7xx_hal_pwr.d" -MT"Drivers/STM32F7xx_HAL_Driver/stm32f7xx_hal_pwr.o" --specs=nano.specs -mfpu=fpv5-sp-d16 -mfloat-abi=hard -mthumb -o "Drivers/STM32F7xx_HAL_Driver/stm32f7xx_hal_pwr.o"
arm-none-eabi-gcc "/Users/liufangzheng/STM32Cube/Repository/STM32Cube_FW_F7_V1.17.3/Drivers/STM32F7xx_HAL_Driver/Src/stm32f7xx_hal_pwr_ex.c" -mcpu=cortex-m7 -std=gnu11 -g3 -DDEBUG -DUSE_HAL_DRIVER -DSTM32F722xx -c -I../FATFS/Target -I../FATFS/App -I../USB_DEVICE/App -I../USB_DEVICE/Target -I../Core/Inc -I/Users/liufangzheng/STM32Cube/Repository/STM32Cube_FW_F7_V1.17.3/Drivers/STM32F7xx_HAL_Driver/Inc -I/Users/liufangzheng/STM32Cube/Repository/STM32Cube_FW_F7_V1.17.3/Drivers/STM32F7xx_HAL_Driver/Inc/Legacy -I/Users/liufangzheng/STM32Cube/Repository/STM32Cube_FW_F7_V1.17.3/Middlewares/Third_Party/FatFs/src -I/Users/liufangzheng/STM32Cube/Repository/STM32Cube_FW_F7_V1.17.3/Middlewares/ST/STM32_USB_Device_Library/Core/Inc -I/Users/liufangzheng/STM32Cube/Repository/STM32Cube_FW_F7_V1.17.3/Middlewares/ST/STM32_USB_Device_Library/Class/CDC/Inc -I/Users/liufangzheng/STM32Cube/Repository/STM32Cube_FW_F7_V1.17.3/Drivers/CMSIS/Device/ST/STM32F7xx/Include -I/Users/liufangzheng/STM32Cube/Repository/STM32Cube_FW_F7_V1.17.3/Drivers/CMSIS/Include -O0 -ffunction-sections -fdata-sections -Wall -fstack-usage -fcyclomatic-complexity -MMD -MP -MF"Drivers/STM32F7xx_HAL_Driver/stm32f7xx_hal_pwr_ex.d" -MT"Drivers/STM32F7xx_HAL_Driver/stm32f7xx_hal_pwr_ex.o" --specs=nano.specs -mfpu=fpv5-sp-d16 -mfloat-abi=hard -mthumb -o "Drivers/STM32F7xx_HAL_Driver/stm32f7xx_hal_pwr_ex.o"
arm-none-eabi-gcc "/Users/liufangzheng/STM32Cube/Repository/STM32Cube_FW_F7_V1.17.3/Drivers/STM32F7xx_HAL_Driver/Src/stm32f7xx_hal_rcc.c" -mcpu=cortex-m7 -std=gnu11 -g3 -DDEBUG -DUSE_HAL_DRIVER -DSTM32F722xx -c -I../FATFS/Target -I../FATFS/App -I../USB_DEVICE/App -I../USB_DEVICE/Target -I../Core/Inc -I/Users/liufangzheng/STM32Cube/Repository/STM32Cube_FW_F7_V1.17.3/Drivers/STM32F7xx_HAL_Driver/Inc -I/Users/liufangzheng/STM32Cube/Repository/STM32Cube_FW_F7_V1.17.3/Drivers/STM32F7xx_HAL_Driver/Inc/Legacy -I/Users/liufangzheng/STM32Cube/Repository/STM32Cube_FW_F7_V1.17.3/Middlewares/Third_Party/FatFs/src -I/Users/liufangzheng/STM32Cube/Repository/STM32Cube_FW_F7_V1.17.3/Middlewares/ST/STM32_USB_Device_Library/Core/Inc -I/Users/liufangzheng/STM32Cube/Repository/STM32Cube_FW_F7_V1.17.3/Middlewares/ST/STM32_USB_Device_Library/Class/CDC/Inc -I/Users/liufangzheng/STM32Cube/Repository/STM32Cube_FW_F7_V1.17.3/Drivers/CMSIS/Device/ST/STM32F7xx/Include -I/Users/liufangzheng/STM32Cube/Repository/STM32Cube_FW_F7_V1.17.3/Drivers/CMSIS/Include -O0 -ffunction-sections -fdata-sections -Wall -fstack-usage -fcyclomatic-complexity -MMD -MP -MF"Drivers/STM32F7xx_HAL_Driver/stm32f7xx_hal_rcc.d" -MT"Drivers/STM32F7xx_HAL_Driver/stm32f7xx_hal_rcc.o" --specs=nano.specs -mfpu=fpv5-sp-d16 -mfloat-abi=hard -mthumb -o "Drivers/STM32F7xx_HAL_Driver/stm32f7xx_hal_rcc.o"
arm-none-eabi-gcc "/Users/liufangzheng/STM32Cube/Repository/STM32Cube_FW_F7_V1.17.3/Drivers/STM32F7xx_HAL_Driver/Src/stm32f7xx_hal_rcc_ex.c" -mcpu=cortex-m7 -std=gnu11 -g3 -DDEBUG -DUSE_HAL_DRIVER -DSTM32F722xx -c -I../FATFS/Target -I../FATFS/App -I../USB_DEVICE/App -I../USB_DEVICE/Target -I../Core/Inc -I/Users/liufangzheng/STM32Cube/Repository/STM32Cube_FW_F7_V1.17.3/Drivers/STM32F7xx_HAL_Driver/Inc -I/Users/liufangzheng/STM32Cube/Repository/STM32Cube_FW_F7_V1.17.3/Drivers/STM32F7xx_HAL_Driver/Inc/Legacy -I/Users/liufangzheng/STM32Cube/Repository/STM32Cube_FW_F7_V1.17.3/Middlewares/Third_Party/FatFs/src -I/Users/liufangzheng/STM32Cube/Repository/STM32Cube_FW_F7_V1.17.3/Middlewares/ST/STM32_USB_Device_Library/Core/Inc -I/Users/liufangzheng/STM32Cube/Repository/STM32Cube_FW_F7_V1.17.3/Middlewares/ST/STM32_USB_Device_Library/Class/CDC/Inc -I/Users/liufangzheng/STM32Cube/Repository/STM32Cube_FW_F7_V1.17.3/Drivers/CMSIS/Device/ST/STM32F7xx/Include -I/Users/liufangzheng/STM32Cube/Repository/STM32Cube_FW_F7_V1.17.3/Drivers/CMSIS/Include -O0 -ffunction-sections -fdata-sections -Wall -fstack-usage -fcyclomatic-complexity -MMD -MP -MF"Drivers/STM32F7xx_HAL_Driver/stm32f7xx_hal_rcc_ex.d" -MT"Drivers/STM32F7xx_HAL_Driver/stm32f7xx_hal_rcc_ex.o" --specs=nano.specs -mfpu=fpv5-sp-d16 -mfloat-abi=hard -mthumb -o "Drivers/STM32F7xx_HAL_Driver/stm32f7xx_hal_rcc_ex.o"
arm-none-eabi-gcc "/Users/liufangzheng/STM32Cube/Repository/STM32Cube_FW_F7_V1.17.3/Drivers/STM32F7xx_HAL_Driver/Src/stm32f7xx_hal_spi.c" -mcpu=cortex-m7 -std=gnu11 -g3 -DDEBUG -DUSE_HAL_DRIVER -DSTM32F722xx -c -I../FATFS/Target -I../FATFS/App -I../USB_DEVICE/App -I../USB_DEVICE/Target -I../Core/Inc -I/Users/liufangzheng/STM32Cube/Repository/STM32Cube_FW_F7_V1.17.3/Drivers/STM32F7xx_HAL_Driver/Inc -I/Users/liufangzheng/STM32Cube/Repository/STM32Cube_FW_F7_V1.17.3/Drivers/STM32F7xx_HAL_Driver/Inc/Legacy -I/Users/liufangzheng/STM32Cube/Repository/STM32Cube_FW_F7_V1.17.3/Middlewares/Third_Party/FatFs/src -I/Users/liufangzheng/STM32Cube/Repository/STM32Cube_FW_F7_V1.17.3/Middlewares/ST/STM32_USB_Device_Library/Core/Inc -I/Users/liufangzheng/STM32Cube/Repository/STM32Cube_FW_F7_V1.17.3/Middlewares/ST/STM32_USB_Device_Library/Class/CDC/Inc -I/Users/liufangzheng/STM32Cube/Repository/STM32Cube_FW_F7_V1.17.3/Drivers/CMSIS/Device/ST/STM32F7xx/Include -I/Users/liufangzheng/STM32Cube/Repository/STM32Cube_FW_F7_V1.17.3/Drivers/CMSIS/Include -O0 -ffunction-sections -fdata-sections -Wall -fstack-usage -fcyclomatic-complexity -MMD -MP -MF"Drivers/STM32F7xx_HAL_Driver/stm32f7xx_hal_spi.d" -MT"Drivers/STM32F7xx_HAL_Driver/stm32f7xx_hal_spi.o" --specs=nano.specs -mfpu=fpv5-sp-d16 -mfloat-abi=hard -mthumb -o "Drivers/STM32F7xx_HAL_Driver/stm32f7xx_hal_spi.o"
arm-none-eabi-gcc "/Users/liufangzheng/STM32Cube/Repository/STM32Cube_FW_F7_V1.17.3/Drivers/STM32F7xx_HAL_Driver/Src/stm32f7xx_hal_spi_ex.c" -mcpu=cortex-m7 -std=gnu11 -g3 -DDEBUG -DUSE_HAL_DRIVER -DSTM32F722xx -c -I../FATFS/Target -I../FATFS/App -I../USB_DEVICE/App -I../USB_DEVICE/Target -I../Core/Inc -I/Users/liufangzheng/STM32Cube/Repository/STM32Cube_FW_F7_V1.17.3/Drivers/STM32F7xx_HAL_Driver/Inc -I/Users/liufangzheng/STM32Cube/Repository/STM32Cube_FW_F7_V1.17.3/Drivers/STM32F7xx_HAL_Driver/Inc/Legacy -I/Users/liufangzheng/STM32Cube/Repository/STM32Cube_FW_F7_V1.17.3/Middlewares/Third_Party/FatFs/src -I/Users/liufangzheng/STM32Cube/Repository/STM32Cube_FW_F7_V1.17.3/Middlewares/ST/STM32_USB_Device_Library/Core/Inc -I/Users/liufangzheng/STM32Cube/Repository/STM32Cube_FW_F7_V1.17.3/Middlewares/ST/STM32_USB_Device_Library/Class/CDC/Inc -I/Users/liufangzheng/STM32Cube/Repository/STM32Cube_FW_F7_V1.17.3/Drivers/CMSIS/Device/ST/STM32F7xx/Include -I/Users/liufangzheng/STM32Cube/Repository/STM32Cube_FW_F7_V1.17.3/Drivers/CMSIS/Include -O0 -ffunction-sections -fdata-sections -Wall -fstack-usage -fcyclomatic-complexity -MMD -MP -MF"Drivers/STM32F7xx_HAL_Driver/stm32f7xx_hal_spi_ex.d" -MT"Drivers/STM32F7xx_HAL_Driver/stm32f7xx_hal_spi_ex.o" --specs=nano.specs -mfpu=fpv5-sp-d16 -mfloat-abi=hard -mthumb -o "Drivers/STM32F7xx_HAL_Driver/stm32f7xx_hal_spi_ex.o"
arm-none-eabi-gcc "/Users/liufangzheng/STM32Cube/Repository/STM32Cube_FW_F7_V1.17.3/Drivers/STM32F7xx_HAL_Driver/Src/stm32f7xx_hal_tim.c" -mcpu=cortex-m7 -std=gnu11 -g3 -DDEBUG -DUSE_HAL_DRIVER -DSTM32F722xx -c -I../FATFS/Target -I../FATFS/App -I../USB_DEVICE/App -I../USB_DEVICE/Target -I../Core/Inc -I/Users/liufangzheng/STM32Cube/Repository/STM32Cube_FW_F7_V1.17.3/Drivers/STM32F7xx_HAL_Driver/Inc -I/Users/liufangzheng/STM32Cube/Repository/STM32Cube_FW_F7_V1.17.3/Drivers/STM32F7xx_HAL_Driver/Inc/Legacy -I/Users/liufangzheng/STM32Cube/Repository/STM32Cube_FW_F7_V1.17.3/Middlewares/Third_Party/FatFs/src -I/Users/liufangzheng/STM32Cube/Repository/STM32Cube_FW_F7_V1.17.3/Middlewares/ST/STM32_USB_Device_Library/Core/Inc -I/Users/liufangzheng/STM32Cube/Repository/STM32Cube_FW_F7_V1.17.3/Middlewares/ST/STM32_USB_Device_Library/Class/CDC/Inc -I/Users/liufangzheng/STM32Cube/Repository/STM32Cube_FW_F7_V1.17.3/Drivers/CMSIS/Device/ST/STM32F7xx/Include -I/Users/liufangzheng/STM32Cube/Repository/STM32Cube_FW_F7_V1.17.3/Drivers/CMSIS/Include -O0 -ffunction-sections -fdata-sections -Wall -fstack-usage -fcyclomatic-complexity -MMD -MP -MF"Drivers/STM32F7xx_HAL_Driver/stm32f7xx_hal_tim.d" -MT"Drivers/STM32F7xx_HAL_Driver/stm32f7xx_hal_tim.o" --specs=nano.specs -mfpu=fpv5-sp-d16 -mfloat-abi=hard -mthumb -o "Drivers/STM32F7xx_HAL_Driver/stm32f7xx_hal_tim.o"
arm-none-eabi-gcc "/Users/liufangzheng/STM32Cube/Repository/STM32Cube_FW_F7_V1.17.3/Drivers/STM32F7xx_HAL_Driver/Src/stm32f7xx_hal_tim_ex.c" -mcpu=cortex-m7 -std=gnu11 -g3 -DDEBUG -DUSE_HAL_DRIVER -DSTM32F722xx -c -I../FATFS/Target -I../FATFS/App -I../USB_DEVICE/App -I../USB_DEVICE/Target -I../Core/Inc -I/Users/liufangzheng/STM32Cube/Repository/STM32Cube_FW_F7_V1.17.3/Drivers/STM32F7xx_HAL_Driver/Inc -I/Users/liufangzheng/STM32Cube/Repository/STM32Cube_FW_F7_V1.17.3/Drivers/STM32F7xx_HAL_Driver/Inc/Legacy -I/Users/liufangzheng/STM32Cube/Repository/STM32Cube_FW_F7_V1.17.3/Middlewares/Third_Party/FatFs/src -I/Users/liufangzheng/STM32Cube/Repository/STM32Cube_FW_F7_V1.17.3/Middlewares/ST/STM32_USB_Device_Library/Core/Inc -I/Users/liufangzheng/STM32Cube/Repository/STM32Cube_FW_F7_V1.17.3/Middlewares/ST/STM32_USB_Device_Library/Class/CDC/Inc -I/Users/liufangzheng/STM32Cube/Repository/STM32Cube_FW_F7_V1.17.3/Drivers/CMSIS/Device/ST/STM32F7xx/Include -I/Users/liufangzheng/STM32Cube/Repository/STM32Cube_FW_F7_V1.17.3/Drivers/CMSIS/Include -O0 -ffunction-sections -fdata-sections -Wall -fstack-usage -fcyclomatic-complexity -MMD -MP -MF"Drivers/STM32F7xx_HAL_Driver/stm32f7xx_hal_tim_ex.d" -MT"Drivers/STM32F7xx_HAL_Driver/stm32f7xx_hal_tim_ex.o" --specs=nano.specs -mfpu=fpv5-sp-d16 -mfloat-abi=hard -mthumb -o "Drivers/STM32F7xx_HAL_Driver/stm32f7xx_hal_tim_ex.o"
arm-none-eabi-gcc "/Users/liufangzheng/STM32Cube/Repository/STM32Cube_FW_F7_V1.17.3/Drivers/STM32F7xx_HAL_Driver/Src/stm32f7xx_ll_usb.c" -mcpu=cortex-m7 -std=gnu11 -g3 -DDEBUG -DUSE_HAL_DRIVER -DSTM32F722xx -c -I../FATFS/Target -I../FATFS/App -I../USB_DEVICE/App -I../USB_DEVICE/Target -I../Core/Inc -I/Users/liufangzheng/STM32Cube/Repository/STM32Cube_FW_F7_V1.17.3/Drivers/STM32F7xx_HAL_Driver/Inc -I/Users/liufangzheng/STM32Cube/Repository/STM32Cube_FW_F7_V1.17.3/Drivers/STM32F7xx_HAL_Driver/Inc/Legacy -I/Users/liufangzheng/STM32Cube/Repository/STM32Cube_FW_F7_V1.17.3/Middlewares/Third_Party/FatFs/src -I/Users/liufangzheng/STM32Cube/Repository/STM32Cube_FW_F7_V1.17.3/Middlewares/ST/STM32_USB_Device_Library/Core/Inc -I/Users/liufangzheng/STM32Cube/Repository/STM32Cube_FW_F7_V1.17.3/Middlewares/ST/STM32_USB_Device_Library/Class/CDC/Inc -I/Users/liufangzheng/STM32Cube/Repository/STM32Cube_FW_F7_V1.17.3/Drivers/CMSIS/Device/ST/STM32F7xx/Include -I/Users/liufangzheng/STM32Cube/Repository/STM32Cube_FW_F7_V1.17.3/Drivers/CMSIS/Include -O0 -ffunction-sections -fdata-sections -Wall -fstack-usage -fcyclomatic-complexity -MMD -MP -MF"Drivers/STM32F7xx_HAL_Driver/stm32f7xx_ll_usb.d" -MT"Drivers/STM32F7xx_HAL_Driver/stm32f7xx_ll_usb.o" --specs=nano.specs -mfpu=fpv5-sp-d16 -mfloat-abi=hard -mthumb -o "Drivers/STM32F7xx_HAL_Driver/stm32f7xx_ll_usb.o"
arm-none-eabi-gcc -mcpu=cortex-m7 -g3 -DDEBUG -c -x assembler-with-cpp -MMD -MP -MF"Core/Startup/startup_stm32f722retx.d" -MT"Core/Startup/startup_stm32f722retx.o" --specs=nano.specs -mfpu=fpv5-sp-d16 -mfloat-abi=hard -mthumb -o "Core/Startup/startup_stm32f722retx.o" "../Core/Startup/startup_stm32f722retx.s"
arm-none-eabi-gcc "../Core/Src/ADS131M04.c" -mcpu=cortex-m7 -std=gnu11 -g3 -DDEBUG -DUSE_HAL_DRIVER -DSTM32F722xx -c -I../FATFS/Target -I../FATFS/App -I../USB_DEVICE/App -I../USB_DEVICE/Target -I../Core/Inc -I/Users/liufangzheng/STM32Cube/Repository/STM32Cube_FW_F7_V1.17.3/Drivers/STM32F7xx_HAL_Driver/Inc -I/Users/liufangzheng/STM32Cube/Repository/STM32Cube_FW_F7_V1.17.3/Drivers/STM32F7xx_HAL_Driver/Inc/Legacy -I/Users/liufangzheng/STM32Cube/Repository/STM32Cube_FW_F7_V1.17.3/Middlewares/Third_Party/FatFs/src -I/Users/liufangzheng/STM32Cube/Repository/STM32Cube_FW_F7_V1.17.3/Middlewares/ST/STM32_USB_Device_Library/Core/Inc -I/Users/liufangzheng/STM32Cube/Repository/STM32Cube_FW_F7_V1.17.3/Middlewares/ST/STM32_USB_Device_Library/Class/CDC/Inc -I/Users/liufangzheng/STM32Cube/Repository/STM32Cube_FW_F7_V1.17.3/Drivers/CMSIS/Device/ST/STM32F7xx/Include -I/Users/liufangzheng/STM32Cube/Repository/STM32Cube_FW_F7_V1.17.3/Drivers/CMSIS/Include -O0 -ffunction-sections -fdata-sections -Wall -fstack-usage -fcyclomatic-complexity -MMD -MP -MF"Core/Src/ADS131M04.d" -MT"Core/Src/ADS131M04.o" --specs=nano.specs -mfpu=fpv5-sp-d16 -mfloat-abi=hard -mthumb -o "Core/Src/ADS131M04.o"
arm-none-eabi-gcc "../Core/Src/main.c" -mcpu=cortex-m7 -std=gnu11 -g3 -DDEBUG -DUSE_HAL_DRIVER -DSTM32F722xx -c -I../FATFS/Target -I../FATFS/App -I../USB_DEVICE/App -I../USB_DEVICE/Target -I../Core/Inc -I/Users/liufangzheng/STM32Cube/Repository/STM32Cube_FW_F7_V1.17.3/Drivers/STM32F7xx_HAL_Driver/Inc -I/Users/liufangzheng/STM32Cube/Repository/STM32Cube_FW_F7_V1.17.3/Drivers/STM32F7xx_HAL_Driver/Inc/Legacy -I/Users/liufangzheng/STM32Cube/Repository/STM32Cube_FW_F7_V1.17.3/Middlewares/Third_Party/FatFs/src -I/Users/liufangzheng/STM32Cube/Repository/STM32Cube_FW_F7_V1.17.3/Middlewares/ST/STM32_USB_Device_Library/Core/Inc -I/Users/liufangzheng/STM32Cube/Repository/STM32Cube_FW_F7_V1.17.3/Middlewares/ST/STM32_USB_Device_Library/Class/CDC/Inc -I/Users/liufangzheng/STM32Cube/Repository/STM32Cube_FW_F7_V1.17.3/Drivers/CMSIS/Device/ST/STM32F7xx/Include -I/Users/liufangzheng/STM32Cube/Repository/STM32Cube_FW_F7_V1.17.3/Drivers/CMSIS/Include -O0 -ffunction-sections -fdata-sections -Wall -fstack-usage -fcyclomatic-complexity -MMD -MP -MF"Core/Src/main.d" -MT"Core/Src/main.o" --specs=nano.specs -mfpu=fpv5-sp-d16 -mfloat-abi=hard -mthumb -o "Core/Src/main.o"
arm-none-eabi-gcc "../Core/Src/microsd_fz.c" -mcpu=cortex-m7 -std=gnu11 -g3 -DDEBUG -DUSE_HAL_DRIVER -DSTM32F722xx -c -I../FATFS/Target -I../FATFS/App -I../USB_DEVICE/App -I../USB_DEVICE/Target -I../Core/Inc -I/Users/liufangzheng/STM32Cube/Repository/STM32Cube_FW_F7_V1.17.3/Drivers/STM32F7xx_HAL_Driver/Inc -I/Users/liufangzheng/STM32Cube/Repository/STM32Cube_FW_F7_V1.17.3/Drivers/STM32F7xx_HAL_Driver/Inc/Legacy -I/Users/liufangzheng/STM32Cube/Repository/STM32Cube_FW_F7_V1.17.3/Middlewares/Third_Party/FatFs/src -I/Users/liufangzheng/STM32Cube/Repository/STM32Cube_FW_F7_V1.17.3/Middlewares/ST/STM32_USB_Device_Library/Core/Inc -I/Users/liufangzheng/STM32Cube/Repository/STM32Cube_FW_F7_V1.17.3/Middlewares/ST/STM32_USB_Device_Library/Class/CDC/Inc -I/Users/liufangzheng/STM32Cube/Repository/STM32Cube_FW_F7_V1.17.3/Drivers/CMSIS/Device/ST/STM32F7xx/Include -I/Users/liufangzheng/STM32Cube/Repository/STM32Cube_FW_F7_V1.17.3/Drivers/CMSIS/Include -O0 -ffunction-sections -fdata-sections -Wall -fstack-usage -fcyclomatic-complexity -MMD -MP -MF"Core/Src/microsd_fz.d" -MT"Core/Src/microsd_fz.o" --specs=nano.specs -mfpu=fpv5-sp-d16 -mfloat-abi=hard -mthumb -o "Core/Src/microsd_fz.o"
arm-none-eabi-gcc "../Core/Src/stm32f7xx_hal_msp.c" -mcpu=cortex-m7 -std=gnu11 -g3 -DDEBUG -DUSE_HAL_DRIVER -DSTM32F722xx -c -I../FATFS/Target -I../FATFS/App -I../USB_DEVICE/App -I../USB_DEVICE/Target -I../Core/Inc -I/Users/liufangzheng/STM32Cube/Repository/STM32Cube_FW_F7_V1.17.3/Drivers/STM32F7xx_HAL_Driver/Inc -I/Users/liufangzheng/STM32Cube/Repository/STM32Cube_FW_F7_V1.17.3/Drivers/STM32F7xx_HAL_Driver/Inc/Legacy -I/Users/liufangzheng/STM32Cube/Repository/STM32Cube_FW_F7_V1.17.3/Middlewares/Third_Party/FatFs/src -I/Users/liufangzheng/STM32Cube/Repository/STM32Cube_FW_F7_V1.17.3/Middlewares/ST/STM32_USB_Device_Library/Core/Inc -I/Users/liufangzheng/STM32Cube/Repository/STM32Cube_FW_F7_V1.17.3/Middlewares/ST/STM32_USB_Device_Library/Class/CDC/Inc -I/Users/liufangzheng/STM32Cube/Repository/STM32Cube_FW_F7_V1.17.3/Drivers/CMSIS/Device/ST/STM32F7xx/Include -I/Users/liufangzheng/STM32Cube/Repository/STM32Cube_FW_F7_V1.17.3/Drivers/CMSIS/Include -O0 -ffunction-sections -fdata-sections -Wall -fstack-usage -fcyclomatic-complexity -MMD -MP -MF"Core/Src/stm32f7xx_hal_msp.d" -MT"Core/Src/stm32f7xx_hal_msp.o" --specs=nano.specs -mfpu=fpv5-sp-d16 -mfloat-abi=hard -mthumb -o "Core/Src/stm32f7xx_hal_msp.o"
arm-none-eabi-gcc "../Core/Src/stm32f7xx_it.c" -mcpu=cortex-m7 -std=gnu11 -g3 -DDEBUG -DUSE_HAL_DRIVER -DSTM32F722xx -c -I../FATFS/Target -I../FATFS/App -I../USB_DEVICE/App -I../USB_DEVICE/Target -I../Core/Inc -I/Users/liufangzheng/STM32Cube/Repository/STM32Cube_FW_F7_V1.17.3/Drivers/STM32F7xx_HAL_Driver/Inc -I/Users/liufangzheng/STM32Cube/Repository/STM32Cube_FW_F7_V1.17.3/Drivers/STM32F7xx_HAL_Driver/Inc/Legacy -I/Users/liufangzheng/STM32Cube/Repository/STM32Cube_FW_F7_V1.17.3/Middlewares/Third_Party/FatFs/src -I/Users/liufangzheng/STM32Cube/Repository/STM32Cube_FW_F7_V1.17.3/Middlewares/ST/STM32_USB_Device_Library/Core/Inc -I/Users/liufangzheng/STM32Cube/Repository/STM32Cube_FW_F7_V1.17.3/Middlewares/ST/STM32_USB_Device_Library/Class/CDC/Inc -I/Users/liufangzheng/STM32Cube/Repository/STM32Cube_FW_F7_V1.17.3/Drivers/CMSIS/Device/ST/STM32F7xx/Include -I/Users/liufangzheng/STM32Cube/Repository/STM32Cube_FW_F7_V1.17.3/Drivers/CMSIS/Include -O0 -ffunction-sections -fdata-sections -Wall -fstack-usage -fcyclomatic-complexity -MMD -MP -MF"Core/Src/stm32f7xx_it.d" -MT"Core/Src/stm32f7xx_it.o" --specs=nano.specs -mfpu=fpv5-sp-d16 -mfloat-abi=hard -mthumb -o "Core/Src/stm32f7xx_it.o"
arm-none-eabi-gcc "../Core/Src/syscalls.c" -mcpu=cortex-m7 -std=gnu11 -g3 -DDEBUG -DUSE_HAL_DRIVER -DSTM32F722xx -c -I../FATFS/Target -I../FATFS/App -I../USB_DEVICE/App -I../USB_DEVICE/Target -I../Core/Inc -I/Users/liufangzheng/STM32Cube/Repository/STM32Cube_FW_F7_V1.17.3/Drivers/STM32F7xx_HAL_Driver/Inc -I/Users/liufangzheng/STM32Cube/Repository/STM32Cube_FW_F7_V1.17.3/Drivers/STM32F7xx_HAL_Driver/Inc/Legacy -I/Users/liufangzheng/STM32Cube/Repository/STM32Cube_FW_F7_V1.17.3/Middlewares/Third_Party/FatFs/src -I/Users/liufangzheng/STM32Cube/Repository/STM32Cube_FW_F7_V1.17.3/Middlewares/ST/STM32_USB_Device_Library/Core/Inc -I/Users/liufangzheng/STM32Cube/Repository/STM32Cube_FW_F7_V1.17.3/Middlewares/ST/STM32_USB_Device_Library/Class/CDC/Inc -I/Users/liufangzheng/STM32Cube/Repository/STM32Cube_FW_F7_V1.17.3/Drivers/CMSIS/Device/ST/STM32F7xx/Include -I/Users/liufangzheng/STM32Cube/Repository/STM32Cube_FW_F7_V1.17.3/Drivers/CMSIS/Include -O0 -ffunction-sections -fdata-sections -Wall -fstack-usage -fcyclomatic-complexity -MMD -MP -MF"Core/Src/syscalls.d" -MT"Core/Src/syscalls.o" --specs=nano.specs -mfpu=fpv5-sp-d16 -mfloat-abi=hard -mthumb -o "Core/Src/syscalls.o"
arm-none-eabi-gcc "../Core/Src/sysmem.c" -mcpu=cortex-m7 -std=gnu11 -g3 -DDEBUG -DUSE_HAL_DRIVER -DSTM32F722xx -c -I../FATFS/Target -I../FATFS/App -I../USB_DEVICE/App -I../USB_DEVICE/Target -I../Core/Inc -I/Users/liufangzheng/STM32Cube/Repository/STM32Cube_FW_F7_V1.17.3/Drivers/STM32F7xx_HAL_Driver/Inc -I/Users/liufangzheng/STM32Cube/Repository/STM32Cube_FW_F7_V1.17.3/Drivers/STM32F7xx_HAL_Driver/Inc/Legacy -I/Users/liufangzheng/STM32Cube/Repository/STM32Cube_FW_F7_V1.17.3/Middlewares/Third_Party/FatFs/src -I/Users/liufangzheng/STM32Cube/Repository/STM32Cube_FW_F7_V1.17.3/Middlewares/ST/STM32_USB_Device_Library/Core/Inc -I/Users/liufangzheng/STM32Cube/Repository/STM32Cube_FW_F7_V1.17.3/Middlewares/ST/STM32_USB_Device_Library/Class/CDC/Inc -I/Users/liufangzheng/STM32Cube/Repository/STM32Cube_FW_F7_V1.17.3/Drivers/CMSIS/Device/ST/STM32F7xx/Include -I/Users/liufangzheng/STM32Cube/Repository/STM32Cube_FW_F7_V1.17.3/Drivers/CMSIS/Include -O0 -ffunction-sections -fdata-sections -Wall -fstack-usage -fcyclomatic-complexity -MMD -MP -MF"Core/Src/sysmem.d" -MT"Core/Src/sysmem.o" --specs=nano.specs -mfpu=fpv5-sp-d16 -mfloat-abi=hard -mthumb -o "Core/Src/sysmem.o"
arm-none-eabi-gcc "../Core/Src/system_stm32f7xx.c" -mcpu=cortex-m7 -std=gnu11 -g3 -DDEBUG -DUSE_HAL_DRIVER -DSTM32F722xx -c -I../FATFS/Target -I../FATFS/App -I../USB_DEVICE/App -I../USB_DEVICE/Target -I../Core/Inc -I/Users/liufangzheng/STM32Cube/Repository/STM32Cube_FW_F7_V1.17.3/Drivers/STM32F7xx_HAL_Driver/Inc -I/Users/liufangzheng/STM32Cube/Repository/STM32Cube_FW_F7_V1.17.3/Drivers/STM32F7xx_HAL_Driver/Inc/Legacy -I/Users/liufangzheng/STM32Cube/Repository/STM32Cube_FW_F7_V1.17.3/Middlewares/Third_Party/FatFs/src -I/Users/liufangzheng/STM32Cube/Repository/STM32Cube_FW_F7_V1.17.3/Middlewares/ST/STM32_USB_Device_Library/Core/Inc -I/Users/liufangzheng/STM32Cube/Repository/STM32Cube_FW_F7_V1.17.3/Middlewares/ST/STM32_USB_Device_Library/Class/CDC/Inc -I/Users/liufangzheng/STM32Cube/Repository/STM32Cube_FW_F7_V1.17.3/Drivers/CMSIS/Device/ST/STM32F7xx/Include -I/Users/liufangzheng/STM32Cube/Repository/STM32Cube_FW_F7_V1.17.3/Drivers/CMSIS/Include -O0 -ffunction-sections -fdata-sections -Wall -fstack-usage -fcyclomatic-complexity -MMD -MP -MF"Core/Src/system_stm32f7xx.d" -MT"Core/Src/system_stm32f7xx.o" --specs=nano.specs -mfpu=fpv5-sp-d16 -mfloat-abi=hard -mthumb -o "Core/Src/system_stm32f7xx.o"
arm-none-eabi-gcc -o "ADS131M04_DMA_MicroSD.elf" @"objects.list"   -mcpu=cortex-m7 -T"/Users/liufangzheng/Documents/Lab/github/HexSense_MIT/firmware/STM32F722/ADS131M04/ADS131M04_DMA_MicroSD/STM32F722RETX_FLASH.ld" --specs=nosys.specs -Wl,-Map="ADS131M04_DMA_MicroSD.map" -Wl,--gc-sections -static --specs=nano.specs -mfpu=fpv5-sp-d16 -mfloat-abi=hard -mthumb -Wl,--start-group -lc -lm -Wl,--end-group
/Applications/STM32CubeIDE.app/Contents/Eclipse/plugins/com.st.stm32cube.ide.mcu.externaltools.gnu-tools-for-stm32.13.3.rel1.macos64_1.0.0.202411102158/tools/bin/../lib/gcc/arm-none-eabi/13.3.1/../../../../arm-none-eabi/bin/ld: ./Core/Src/microsd_fz.o:/Users/liufangzheng/Documents/Lab/github/HexSense_MIT/firmware/STM32F722/ADS131M04/ADS131M04_DMA_MicroSD/Debug/../Core/Inc/microsd_fz.h:23: multiple definition of `HS_FILE_NAME'; ./Core/Src/main.o:/Users/liufangzheng/Documents/Lab/github/HexSense_MIT/firmware/STM32F722/ADS131M04/ADS131M04_DMA_MicroSD/Debug/../Core/Inc/microsd_fz.h:23: first defined here
collect2: error: ld returned 1 exit status
make: *** [makefile:70: ADS131M04_DMA_MicroSD.elf] Error 1
"make -j15 all" terminated with exit code 2. Build might be incomplete.
17:00:54 **** Incremental Build of configuration Debug for project ADS131M04_DMA_MicroSD ****
make -j15 all 
arm-none-eabi-gcc "../Core/Src/main.c" -mcpu=cortex-m7 -std=gnu11 -g3 -DDEBUG -DUSE_HAL_DRIVER -DSTM32F722xx -c -I../FATFS/Target -I../FATFS/App -I../USB_DEVICE/App -I../USB_DEVICE/Target -I../Core/Inc -I/Users/liufangzheng/STM32Cube/Repository/STM32Cube_FW_F7_V1.17.3/Drivers/STM32F7xx_HAL_Driver/Inc -I/Users/liufangzheng/STM32Cube/Repository/STM32Cube_FW_F7_V1.17.3/Drivers/STM32F7xx_HAL_Driver/Inc/Legacy -I/Users/liufangzheng/STM32Cube/Repository/STM32Cube_FW_F7_V1.17.3/Middlewares/Third_Party/FatFs/src -I/Users/liufangzheng/STM32Cube/Repository/STM32Cube_FW_F7_V1.17.3/Middlewares/ST/STM32_USB_Device_Library/Core/Inc -I/Users/liufangzheng/STM32Cube/Repository/STM32Cube_FW_F7_V1.17.3/Middlewares/ST/STM32_USB_Device_Library/Class/CDC/Inc -I/Users/liufangzheng/STM32Cube/Repository/STM32Cube_FW_F7_V1.17.3/Drivers/CMSIS/Device/ST/STM32F7xx/Include -I/Users/liufangzheng/STM32Cube/Repository/STM32Cube_FW_F7_V1.17.3/Drivers/CMSIS/Include -O0 -ffunction-sections -fdata-sections -Wall -fstack-usage -fcyclomatic-complexity -MMD -MP -MF"Core/Src/main.d" -MT"Core/Src/main.o" --specs=nano.specs -mfpu=fpv5-sp-d16 -mfloat-abi=hard -mthumb -o "Core/Src/main.o"
arm-none-eabi-gcc "../Core/Src/microsd_fz.c" -mcpu=cortex-m7 -std=gnu11 -g3 -DDEBUG -DUSE_HAL_DRIVER -DSTM32F722xx -c -I../FATFS/Target -I../FATFS/App -I../USB_DEVICE/App -I../USB_DEVICE/Target -I../Core/Inc -I/Users/liufangzheng/STM32Cube/Repository/STM32Cube_FW_F7_V1.17.3/Drivers/STM32F7xx_HAL_Driver/Inc -I/Users/liufangzheng/STM32Cube/Repository/STM32Cube_FW_F7_V1.17.3/Drivers/STM32F7xx_HAL_Driver/Inc/Legacy -I/Users/liufangzheng/STM32Cube/Repository/STM32Cube_FW_F7_V1.17.3/Middlewares/Third_Party/FatFs/src -I/Users/liufangzheng/STM32Cube/Repository/STM32Cube_FW_F7_V1.17.3/Middlewares/ST/STM32_USB_Device_Library/Core/Inc -I/Users/liufangzheng/STM32Cube/Repository/STM32Cube_FW_F7_V1.17.3/Middlewares/ST/STM32_USB_Device_Library/Class/CDC/Inc -I/Users/liufangzheng/STM32Cube/Repository/STM32Cube_FW_F7_V1.17.3/Drivers/CMSIS/Device/ST/STM32F7xx/Include -I/Users/liufangzheng/STM32Cube/Repository/STM32Cube_FW_F7_V1.17.3/Drivers/CMSIS/Include -O0 -ffunction-sections -fdata-sections -Wall -fstack-usage -fcyclomatic-complexity -MMD -MP -MF"Core/Src/microsd_fz.d" -MT"Core/Src/microsd_fz.o" --specs=nano.specs -mfpu=fpv5-sp-d16 -mfloat-abi=hard -mthumb -o "Core/Src/microsd_fz.o"
In file included from ../Core/Src/microsd_fz.c:9:
../Core/Inc/microsd_fz.h:23:20: warning: 'HS_FILE_NAME' initialized and declared 'extern'
   23 | extern const char *HS_FILE_NAME = "hexsense#1.txt"; // Default filename for operations
      |                    ^~~~~~~~~~~~
In file included from ../Core/Src/main.c:27:
../Core/Inc/microsd_fz.h:23:20: warning: 'HS_FILE_NAME' initialized and declared 'extern'
   23 | extern const char *HS_FILE_NAME = "hexsense#1.txt"; // Default filename for operations
      |                    ^~~~~~~~~~~~
arm-none-eabi-gcc -o "ADS131M04_DMA_MicroSD.elf" @"objects.list"   -mcpu=cortex-m7 -T"/Users/liufangzheng/Documents/Lab/github/HexSense_MIT/firmware/STM32F722/ADS131M04/ADS131M04_DMA_MicroSD/STM32F722RETX_FLASH.ld" --specs=nosys.specs -Wl,-Map="ADS131M04_DMA_MicroSD.map" -Wl,--gc-sections -static --specs=nano.specs -mfpu=fpv5-sp-d16 -mfloat-abi=hard -mthumb -Wl,--start-group -lc -lm -Wl,--end-group
/Applications/STM32CubeIDE.app/Contents/Eclipse/plugins/com.st.stm32cube.ide.mcu.externaltools.gnu-tools-for-stm32.13.3.rel1.macos64_1.0.0.202411102158/tools/bin/../lib/gcc/arm-none-eabi/13.3.1/../../../../arm-none-eabi/bin/ld: ./Core/Src/microsd_fz.o:/Users/liufangzheng/Documents/Lab/github/HexSense_MIT/firmware/STM32F722/ADS131M04/ADS131M04_DMA_MicroSD/Debug/../Core/Inc/microsd_fz.h:23: multiple definition of `HS_FILE_NAME'; ./Core/Src/main.o:/Users/liufangzheng/Documents/Lab/github/HexSense_MIT/firmware/STM32F722/ADS131M04/ADS131M04_DMA_MicroSD/Debug/../Core/Inc/microsd_fz.h:23: first defined here
collect2: error: ld returned 1 exit status
make: *** [makefile:70: ADS131M04_DMA_MicroSD.elf] Error 1
"make -j15 all" terminated with exit code 2. Build might be incomplete.
17:01:11 **** Incremental Build of configuration Debug for project ADS131M04_DMA_MicroSD ****
make -j15 all 
arm-none-eabi-gcc "../Core/Src/main.c" -mcpu=cortex-m7 -std=gnu11 -g3 -DDEBUG -DUSE_HAL_DRIVER -DSTM32F722xx -c -I../FATFS/Target -I../FATFS/App -I../USB_DEVICE/App -I../USB_DEVICE/Target -I../Core/Inc -I/Users/liufangzheng/STM32Cube/Repository/STM32Cube_FW_F7_V1.17.3/Drivers/STM32F7xx_HAL_Driver/Inc -I/Users/liufangzheng/STM32Cube/Repository/STM32Cube_FW_F7_V1.17.3/Drivers/STM32F7xx_HAL_Driver/Inc/Legacy -I/Users/liufangzheng/STM32Cube/Repository/STM32Cube_FW_F7_V1.17.3/Middlewares/Third_Party/FatFs/src -I/Users/liufangzheng/STM32Cube/Repository/STM32Cube_FW_F7_V1.17.3/Middlewares/ST/STM32_USB_Device_Library/Core/Inc -I/Users/liufangzheng/STM32Cube/Repository/STM32Cube_FW_F7_V1.17.3/Middlewares/ST/STM32_USB_Device_Library/Class/CDC/Inc -I/Users/liufangzheng/STM32Cube/Repository/STM32Cube_FW_F7_V1.17.3/Drivers/CMSIS/Device/ST/STM32F7xx/Include -I/Users/liufangzheng/STM32Cube/Repository/STM32Cube_FW_F7_V1.17.3/Drivers/CMSIS/Include -O0 -ffunction-sections -fdata-sections -Wall -fstack-usage -fcyclomatic-complexity -MMD -MP -MF"Core/Src/main.d" -MT"Core/Src/main.o" --specs=nano.specs -mfpu=fpv5-sp-d16 -mfloat-abi=hard -mthumb -o "Core/Src/main.o"
arm-none-eabi-gcc "../Core/Src/microsd_fz.c" -mcpu=cortex-m7 -std=gnu11 -g3 -DDEBUG -DUSE_HAL_DRIVER -DSTM32F722xx -c -I../FATFS/Target -I../FATFS/App -I../USB_DEVICE/App -I../USB_DEVICE/Target -I../Core/Inc -I/Users/liufangzheng/STM32Cube/Repository/STM32Cube_FW_F7_V1.17.3/Drivers/STM32F7xx_HAL_Driver/Inc -I/Users/liufangzheng/STM32Cube/Repository/STM32Cube_FW_F7_V1.17.3/Drivers/STM32F7xx_HAL_Driver/Inc/Legacy -I/Users/liufangzheng/STM32Cube/Repository/STM32Cube_FW_F7_V1.17.3/Middlewares/Third_Party/FatFs/src -I/Users/liufangzheng/STM32Cube/Repository/STM32Cube_FW_F7_V1.17.3/Middlewares/ST/STM32_USB_Device_Library/Core/Inc -I/Users/liufangzheng/STM32Cube/Repository/STM32Cube_FW_F7_V1.17.3/Middlewares/ST/STM32_USB_Device_Library/Class/CDC/Inc -I/Users/liufangzheng/STM32Cube/Repository/STM32Cube_FW_F7_V1.17.3/Drivers/CMSIS/Device/ST/STM32F7xx/Include -I/Users/liufangzheng/STM32Cube/Repository/STM32Cube_FW_F7_V1.17.3/Drivers/CMSIS/Include -O0 -ffunction-sections -fdata-sections -Wall -fstack-usage -fcyclomatic-complexity -MMD -MP -MF"Core/Src/microsd_fz.d" -MT"Core/Src/microsd_fz.o" --specs=nano.specs -mfpu=fpv5-sp-d16 -mfloat-abi=hard -mthumb -o "Core/Src/microsd_fz.o"
arm-none-eabi-gcc -o "ADS131M04_DMA_MicroSD.elf" @"objects.list"   -mcpu=cortex-m7 -T"/Users/liufangzheng/Documents/Lab/github/HexSense_MIT/firmware/STM32F722/ADS131M04/ADS131M04_DMA_MicroSD/STM32F722RETX_FLASH.ld" --specs=nosys.specs -Wl,-Map="ADS131M04_DMA_MicroSD.map" -Wl,--gc-sections -static --specs=nano.specs -mfpu=fpv5-sp-d16 -mfloat-abi=hard -mthumb -Wl,--start-group -lc -lm -Wl,--end-group
Finished building target: ADS131M04_DMA_MicroSD.elf
 
arm-none-eabi-size  ADS131M04_DMA_MicroSD.elf 
arm-none-eabi-objdump -h -S ADS131M04_DMA_MicroSD.elf  > "ADS131M04_DMA_MicroSD.list"
   text	   data	    bss	    dec	    hex	filename
  57200	    400	  10072	  67672	  10858	ADS131M04_DMA_MicroSD.elf
Finished building: default.size.stdout
 
Finished building: ADS131M04_DMA_MicroSD.list
 
17:01:14 **** Incremental Build of configuration Debug for project ADS131M04_DMA_MicroSD ****
make -j15 all 
arm-none-eabi-size  ADS131M04_DMA_MicroSD.elf 
   text	   data	    bss	    dec	    hex	filename
  57200	    400	  10072	  67672	  10858	ADS131M04_DMA_MicroSD.elf
Finished building: default.size.stdout
 
17:02:24 **** Incremental Build of configuration Debug for project ADS131M04_DMA_MicroSD ****
make -j15 all 
arm-none-eabi-gcc "../Core/Src/main.c" -mcpu=cortex-m7 -std=gnu11 -g3 -DDEBUG -DUSE_HAL_DRIVER -DSTM32F722xx -c -I../FATFS/Target -I../FATFS/App -I../USB_DEVICE/App -I../USB_DEVICE/Target -I../Core/Inc -I/Users/liufangzheng/STM32Cube/Repository/STM32Cube_FW_F7_V1.17.3/Drivers/STM32F7xx_HAL_Driver/Inc -I/Users/liufangzheng/STM32Cube/Repository/STM32Cube_FW_F7_V1.17.3/Drivers/STM32F7xx_HAL_Driver/Inc/Legacy -I/Users/liufangzheng/STM32Cube/Repository/STM32Cube_FW_F7_V1.17.3/Middlewares/Third_Party/FatFs/src -I/Users/liufangzheng/STM32Cube/Repository/STM32Cube_FW_F7_V1.17.3/Middlewares/ST/STM32_USB_Device_Library/Core/Inc -I/Users/liufangzheng/STM32Cube/Repository/STM32Cube_FW_F7_V1.17.3/Middlewares/ST/STM32_USB_Device_Library/Class/CDC/Inc -I/Users/liufangzheng/STM32Cube/Repository/STM32Cube_FW_F7_V1.17.3/Drivers/CMSIS/Device/ST/STM32F7xx/Include -I/Users/liufangzheng/STM32Cube/Repository/STM32Cube_FW_F7_V1.17.3/Drivers/CMSIS/Include -O0 -ffunction-sections -fdata-sections -Wall -fstack-usage -fcyclomatic-complexity -MMD -MP -MF"Core/Src/main.d" -MT"Core/Src/main.o" --specs=nano.specs -mfpu=fpv5-sp-d16 -mfloat-abi=hard -mthumb -o "Core/Src/main.o"
arm-none-eabi-gcc -o "ADS131M04_DMA_MicroSD.elf" @"objects.list"   -mcpu=cortex-m7 -T"/Users/liufangzheng/Documents/Lab/github/HexSense_MIT/firmware/STM32F722/ADS131M04/ADS131M04_DMA_MicroSD/STM32F722RETX_FLASH.ld" --specs=nosys.specs -Wl,-Map="ADS131M04_DMA_MicroSD.map" -Wl,--gc-sections -static --specs=nano.specs -mfpu=fpv5-sp-d16 -mfloat-abi=hard -mthumb -Wl,--start-group -lc -lm -Wl,--end-group
Finished building target: ADS131M04_DMA_MicroSD.elf
 
arm-none-eabi-size  ADS131M04_DMA_MicroSD.elf 
arm-none-eabi-objdump -h -S ADS131M04_DMA_MicroSD.elf  > "ADS131M04_DMA_MicroSD.list"
   text	   data	    bss	    dec	    hex	filename
  57196	    396	  10068	  67660	  1084c	ADS131M04_DMA_MicroSD.elf
Finished building: default.size.stdout
 
Finished building: ADS131M04_DMA_MicroSD.list
 
17:05:51 **** Incremental Build of configuration Debug for project ADS131M04_DMA_MicroSD ****
make -j15 all 
arm-none-eabi-gcc "../Core/Src/microsd_fz.c" -mcpu=cortex-m7 -std=gnu11 -g3 -DDEBUG -DUSE_HAL_DRIVER -DSTM32F722xx -c -I../FATFS/Target -I../FATFS/App -I../USB_DEVICE/App -I../USB_DEVICE/Target -I../Core/Inc -I/Users/liufangzheng/STM32Cube/Repository/STM32Cube_FW_F7_V1.17.3/Drivers/STM32F7xx_HAL_Driver/Inc -I/Users/liufangzheng/STM32Cube/Repository/STM32Cube_FW_F7_V1.17.3/Drivers/STM32F7xx_HAL_Driver/Inc/Legacy -I/Users/liufangzheng/STM32Cube/Repository/STM32Cube_FW_F7_V1.17.3/Middlewares/Third_Party/FatFs/src -I/Users/liufangzheng/STM32Cube/Repository/STM32Cube_FW_F7_V1.17.3/Middlewares/ST/STM32_USB_Device_Library/Core/Inc -I/Users/liufangzheng/STM32Cube/Repository/STM32Cube_FW_F7_V1.17.3/Middlewares/ST/STM32_USB_Device_Library/Class/CDC/Inc -I/Users/liufangzheng/STM32Cube/Repository/STM32Cube_FW_F7_V1.17.3/Drivers/CMSIS/Device/ST/STM32F7xx/Include -I/Users/liufangzheng/STM32Cube/Repository/STM32Cube_FW_F7_V1.17.3/Drivers/CMSIS/Include -O0 -ffunction-sections -fdata-sections -Wall -fstack-usage -fcyclomatic-complexity -MMD -MP -MF"Core/Src/microsd_fz.d" -MT"Core/Src/microsd_fz.o" --specs=nano.specs -mfpu=fpv5-sp-d16 -mfloat-abi=hard -mthumb -o "Core/Src/microsd_fz.o"
arm-none-eabi-gcc -o "ADS131M04_DMA_MicroSD.elf" @"objects.list"   -mcpu=cortex-m7 -T"/Users/liufangzheng/Documents/Lab/github/HexSense_MIT/firmware/STM32F722/ADS131M04/ADS131M04_DMA_MicroSD/STM32F722RETX_FLASH.ld" --specs=nosys.specs -Wl,-Map="ADS131M04_DMA_MicroSD.map" -Wl,--gc-sections -static --specs=nano.specs -mfpu=fpv5-sp-d16 -mfloat-abi=hard -mthumb -Wl,--start-group -lc -lm -Wl,--end-group
Finished building target: ADS131M04_DMA_MicroSD.elf
 
arm-none-eabi-size  ADS131M04_DMA_MicroSD.elf 
arm-none-eabi-objdump -h -S ADS131M04_DMA_MicroSD.elf  > "ADS131M04_DMA_MicroSD.list"
   text	   data	    bss	    dec	    hex	filename
  57196	    396	  10068	  67660	  1084c	ADS131M04_DMA_MicroSD.elf
Finished building: default.size.stdout
 
Finished building: ADS131M04_DMA_MicroSD.list
 
17:07:39 **** Incremental Build of configuration Debug for project ADS131M04_DMA_MicroSD ****
make -j15 all 
arm-none-eabi-gcc "../Core/Src/microsd_fz.c" -mcpu=cortex-m7 -std=gnu11 -g3 -DDEBUG -DUSE_HAL_DRIVER -DSTM32F722xx -c -I../FATFS/Target -I../FATFS/App -I../USB_DEVICE/App -I../USB_DEVICE/Target -I../Core/Inc -I/Users/liufangzheng/STM32Cube/Repository/STM32Cube_FW_F7_V1.17.3/Drivers/STM32F7xx_HAL_Driver/Inc -I/Users/liufangzheng/STM32Cube/Repository/STM32Cube_FW_F7_V1.17.3/Drivers/STM32F7xx_HAL_Driver/Inc/Legacy -I/Users/liufangzheng/STM32Cube/Repository/STM32Cube_FW_F7_V1.17.3/Middlewares/Third_Party/FatFs/src -I/Users/liufangzheng/STM32Cube/Repository/STM32Cube_FW_F7_V1.17.3/Middlewares/ST/STM32_USB_Device_Library/Core/Inc -I/Users/liufangzheng/STM32Cube/Repository/STM32Cube_FW_F7_V1.17.3/Middlewares/ST/STM32_USB_Device_Library/Class/CDC/Inc -I/Users/liufangzheng/STM32Cube/Repository/STM32Cube_FW_F7_V1.17.3/Drivers/CMSIS/Device/ST/STM32F7xx/Include -I/Users/liufangzheng/STM32Cube/Repository/STM32Cube_FW_F7_V1.17.3/Drivers/CMSIS/Include -O0 -ffunction-sections -fdata-sections -Wall -fstack-usage -fcyclomatic-complexity -MMD -MP -MF"Core/Src/microsd_fz.d" -MT"Core/Src/microsd_fz.o" --specs=nano.specs -mfpu=fpv5-sp-d16 -mfloat-abi=hard -mthumb -o "Core/Src/microsd_fz.o"
arm-none-eabi-gcc -o "ADS131M04_DMA_MicroSD.elf" @"objects.list"   -mcpu=cortex-m7 -T"/Users/liufangzheng/Documents/Lab/github/HexSense_MIT/firmware/STM32F722/ADS131M04/ADS131M04_DMA_MicroSD/STM32F722RETX_FLASH.ld" --specs=nosys.specs -Wl,-Map="ADS131M04_DMA_MicroSD.map" -Wl,--gc-sections -static --specs=nano.specs -mfpu=fpv5-sp-d16 -mfloat-abi=hard -mthumb -Wl,--start-group -lc -lm -Wl,--end-group
Finished building target: ADS131M04_DMA_MicroSD.elf
 
arm-none-eabi-size  ADS131M04_DMA_MicroSD.elf 
arm-none-eabi-objdump -h -S ADS131M04_DMA_MicroSD.elf  > "ADS131M04_DMA_MicroSD.list"
   text	   data	    bss	    dec	    hex	filename
  56140	    396	  10068	  66604	  1042c	ADS131M04_DMA_MicroSD.elf
Finished building: default.size.stdout
 
Finished building: ADS131M04_DMA_MicroSD.list
 
17:08:45 **** Incremental Build of configuration Debug for project ADS131M04_DMA_MicroSD ****
make -j15 all 
arm-none-eabi-gcc "../Core/Src/main.c" -mcpu=cortex-m7 -std=gnu11 -g3 -DDEBUG -DUSE_HAL_DRIVER -DSTM32F722xx -c -I../FATFS/Target -I../FATFS/App -I../USB_DEVICE/App -I../USB_DEVICE/Target -I../Core/Inc -I/Users/liufangzheng/STM32Cube/Repository/STM32Cube_FW_F7_V1.17.3/Drivers/STM32F7xx_HAL_Driver/Inc -I/Users/liufangzheng/STM32Cube/Repository/STM32Cube_FW_F7_V1.17.3/Drivers/STM32F7xx_HAL_Driver/Inc/Legacy -I/Users/liufangzheng/STM32Cube/Repository/STM32Cube_FW_F7_V1.17.3/Middlewares/Third_Party/FatFs/src -I/Users/liufangzheng/STM32Cube/Repository/STM32Cube_FW_F7_V1.17.3/Middlewares/ST/STM32_USB_Device_Library/Core/Inc -I/Users/liufangzheng/STM32Cube/Repository/STM32Cube_FW_F7_V1.17.3/Middlewares/ST/STM32_USB_Device_Library/Class/CDC/Inc -I/Users/liufangzheng/STM32Cube/Repository/STM32Cube_FW_F7_V1.17.3/Drivers/CMSIS/Device/ST/STM32F7xx/Include -I/Users/liufangzheng/STM32Cube/Repository/STM32Cube_FW_F7_V1.17.3/Drivers/CMSIS/Include -O0 -ffunction-sections -fdata-sections -Wall -fstack-usage -fcyclomatic-complexity -MMD -MP -MF"Core/Src/main.d" -MT"Core/Src/main.o" --specs=nano.specs -mfpu=fpv5-sp-d16 -mfloat-abi=hard -mthumb -o "Core/Src/main.o"
arm-none-eabi-gcc "../Core/Src/microsd_fz.c" -mcpu=cortex-m7 -std=gnu11 -g3 -DDEBUG -DUSE_HAL_DRIVER -DSTM32F722xx -c -I../FATFS/Target -I../FATFS/App -I../USB_DEVICE/App -I../USB_DEVICE/Target -I../Core/Inc -I/Users/liufangzheng/STM32Cube/Repository/STM32Cube_FW_F7_V1.17.3/Drivers/STM32F7xx_HAL_Driver/Inc -I/Users/liufangzheng/STM32Cube/Repository/STM32Cube_FW_F7_V1.17.3/Drivers/STM32F7xx_HAL_Driver/Inc/Legacy -I/Users/liufangzheng/STM32Cube/Repository/STM32Cube_FW_F7_V1.17.3/Middlewares/Third_Party/FatFs/src -I/Users/liufangzheng/STM32Cube/Repository/STM32Cube_FW_F7_V1.17.3/Middlewares/ST/STM32_USB_Device_Library/Core/Inc -I/Users/liufangzheng/STM32Cube/Repository/STM32Cube_FW_F7_V1.17.3/Middlewares/ST/STM32_USB_Device_Library/Class/CDC/Inc -I/Users/liufangzheng/STM32Cube/Repository/STM32Cube_FW_F7_V1.17.3/Drivers/CMSIS/Device/ST/STM32F7xx/Include -I/Users/liufangzheng/STM32Cube/Repository/STM32Cube_FW_F7_V1.17.3/Drivers/CMSIS/Include -O0 -ffunction-sections -fdata-sections -Wall -fstack-usage -fcyclomatic-complexity -MMD -MP -MF"Core/Src/microsd_fz.d" -MT"Core/Src/microsd_fz.o" --specs=nano.specs -mfpu=fpv5-sp-d16 -mfloat-abi=hard -mthumb -o "Core/Src/microsd_fz.o"
arm-none-eabi-gcc -o "ADS131M04_DMA_MicroSD.elf" @"objects.list"   -mcpu=cortex-m7 -T"/Users/liufangzheng/Documents/Lab/github/HexSense_MIT/firmware/STM32F722/ADS131M04/ADS131M04_DMA_MicroSD/STM32F722RETX_FLASH.ld" --specs=nosys.specs -Wl,-Map="ADS131M04_DMA_MicroSD.map" -Wl,--gc-sections -static --specs=nano.specs -mfpu=fpv5-sp-d16 -mfloat-abi=hard -mthumb -Wl,--start-group -lc -lm -Wl,--end-group
Finished building target: ADS131M04_DMA_MicroSD.elf
 
arm-none-eabi-size  ADS131M04_DMA_MicroSD.elf 
arm-none-eabi-objdump -h -S ADS131M04_DMA_MicroSD.elf  > "ADS131M04_DMA_MicroSD.list"
   text	   data	    bss	    dec	    hex	filename
  56136	    396	  10068	  66600	  10428	ADS131M04_DMA_MicroSD.elf
Finished building: default.size.stdout
 
Finished building: ADS131M04_DMA_MicroSD.list
 
17:11:12 **** Incremental Build of configuration Debug for project ADS131M04_DMA_MicroSD ****
make -j15 all 
arm-none-eabi-gcc "../Core/Src/main.c" -mcpu=cortex-m7 -std=gnu11 -g3 -DDEBUG -DUSE_HAL_DRIVER -DSTM32F722xx -c -I../FATFS/Target -I../FATFS/App -I../USB_DEVICE/App -I../USB_DEVICE/Target -I../Core/Inc -I/Users/liufangzheng/STM32Cube/Repository/STM32Cube_FW_F7_V1.17.3/Drivers/STM32F7xx_HAL_Driver/Inc -I/Users/liufangzheng/STM32Cube/Repository/STM32Cube_FW_F7_V1.17.3/Drivers/STM32F7xx_HAL_Driver/Inc/Legacy -I/Users/liufangzheng/STM32Cube/Repository/STM32Cube_FW_F7_V1.17.3/Middlewares/Third_Party/FatFs/src -I/Users/liufangzheng/STM32Cube/Repository/STM32Cube_FW_F7_V1.17.3/Middlewares/ST/STM32_USB_Device_Library/Core/Inc -I/Users/liufangzheng/STM32Cube/Repository/STM32Cube_FW_F7_V1.17.3/Middlewares/ST/STM32_USB_Device_Library/Class/CDC/Inc -I/Users/liufangzheng/STM32Cube/Repository/STM32Cube_FW_F7_V1.17.3/Drivers/CMSIS/Device/ST/STM32F7xx/Include -I/Users/liufangzheng/STM32Cube/Repository/STM32Cube_FW_F7_V1.17.3/Drivers/CMSIS/Include -O0 -ffunction-sections -fdata-sections -Wall -fstack-usage -fcyclomatic-complexity -MMD -MP -MF"Core/Src/main.d" -MT"Core/Src/main.o" --specs=nano.specs -mfpu=fpv5-sp-d16 -mfloat-abi=hard -mthumb -o "Core/Src/main.o"
arm-none-eabi-gcc "../Core/Src/microsd_fz.c" -mcpu=cortex-m7 -std=gnu11 -g3 -DDEBUG -DUSE_HAL_DRIVER -DSTM32F722xx -c -I../FATFS/Target -I../FATFS/App -I../USB_DEVICE/App -I../USB_DEVICE/Target -I../Core/Inc -I/Users/liufangzheng/STM32Cube/Repository/STM32Cube_FW_F7_V1.17.3/Drivers/STM32F7xx_HAL_Driver/Inc -I/Users/liufangzheng/STM32Cube/Repository/STM32Cube_FW_F7_V1.17.3/Drivers/STM32F7xx_HAL_Driver/Inc/Legacy -I/Users/liufangzheng/STM32Cube/Repository/STM32Cube_FW_F7_V1.17.3/Middlewares/Third_Party/FatFs/src -I/Users/liufangzheng/STM32Cube/Repository/STM32Cube_FW_F7_V1.17.3/Middlewares/ST/STM32_USB_Device_Library/Core/Inc -I/Users/liufangzheng/STM32Cube/Repository/STM32Cube_FW_F7_V1.17.3/Middlewares/ST/STM32_USB_Device_Library/Class/CDC/Inc -I/Users/liufangzheng/STM32Cube/Repository/STM32Cube_FW_F7_V1.17.3/Drivers/CMSIS/Device/ST/STM32F7xx/Include -I/Users/liufangzheng/STM32Cube/Repository/STM32Cube_FW_F7_V1.17.3/Drivers/CMSIS/Include -O0 -ffunction-sections -fdata-sections -Wall -fstack-usage -fcyclomatic-complexity -MMD -MP -MF"Core/Src/microsd_fz.d" -MT"Core/Src/microsd_fz.o" --specs=nano.specs -mfpu=fpv5-sp-d16 -mfloat-abi=hard -mthumb -o "Core/Src/microsd_fz.o"
arm-none-eabi-gcc -o "ADS131M04_DMA_MicroSD.elf" @"objects.list"   -mcpu=cortex-m7 -T"/Users/liufangzheng/Documents/Lab/github/HexSense_MIT/firmware/STM32F722/ADS131M04/ADS131M04_DMA_MicroSD/STM32F722RETX_FLASH.ld" --specs=nosys.specs -Wl,-Map="ADS131M04_DMA_MicroSD.map" -Wl,--gc-sections -static --specs=nano.specs -mfpu=fpv5-sp-d16 -mfloat-abi=hard -mthumb -Wl,--start-group -lc -lm -Wl,--end-group
Finished building target: ADS131M04_DMA_MicroSD.elf
 
arm-none-eabi-size  ADS131M04_DMA_MicroSD.elf 
arm-none-eabi-objdump -h -S ADS131M04_DMA_MicroSD.elf  > "ADS131M04_DMA_MicroSD.list"
   text	   data	    bss	    dec	    hex	filename
  56152	    396	  10068	  66616	  10438	ADS131M04_DMA_MicroSD.elf
Finished building: default.size.stdout
 
Finished building: ADS131M04_DMA_MicroSD.list
 
17:13:36 **** Incremental Build of configuration Debug for project ADS131M04_DMA_MicroSD ****
make -j15 all 
[...]
arm-none-eabi-objdump -h -S ADS131M04_DMA_MicroSD.elf  > "ADS131M04_DMA_MicroSD.list"
   text	   data	    bss	    dec	    hex	filename
  47516	    372	  27124	  75012	  12504	ADS131M04_DMA_MicroSD.elf
Finished building: default.size.stdout
 
Finished building: ADS131M04_DMA_MicroSD.list
 
23:19:44 **** Incremental Build of configuration Debug for project ADS131M04_DMA_MicroSD ****
make -j15 all 
arm-none-eabi-gcc "../Core/Src/ADS131M04.c" -mcpu=cortex-m7 -std=gnu11 -g3 -DDEBUG -DUSE_HAL_DRIVER -DSTM32F722xx -c -I../FATFS/Target -I../FATFS/App -I../USB_DEVICE/App -I../USB_DEVICE/Target -I../Core/Inc -I/Users/liufangzheng/STM32Cube/Repository/STM32Cube_FW_F7_V1.17.3/Drivers/STM32F7xx_HAL_Driver/Inc -I/Users/liufangzheng/STM32Cube/Repository/STM32Cube_FW_F7_V1.17.3/Drivers/STM32F7xx_HAL_Driver/Inc/Legacy -I/Users/liufangzheng/STM32Cube/Repository/STM32Cube_FW_F7_V1.17.3/Middlewares/Third_Party/FatFs/src -I/Users/liufangzheng/STM32Cube/Repository/STM32Cube_FW_F7_V1.17.3/Middlewares/ST/STM32_USB_Device_Library/Core/Inc -I/Users/liufangzheng/STM32Cube/Repository/STM32Cube_FW_F7_V1.17.3/Middlewares/ST/STM32_USB_Device_Library/Class/CDC/Inc -I/Users/liufangzheng/STM32Cube/Repository/STM32Cube_FW_F7_V1.17.3/Drivers/CMSIS/Device/ST/STM32F7xx/Include -I/Users/liufangzheng/STM32Cube/Repository/STM32Cube_FW_F7_V1.17.3/Drivers/CMSIS/Include -O0 -ffunction-sections -fdata-sections -Wall -fstack-usage -fcyclomatic-complexity -MMD -MP -MF"Core/Src/ADS131M04.d" -MT"Core/Src/ADS131M04.o" --specs=nano.specs -mfpu=fpv5-sp-d16 -mfloat-abi=hard -mthumb -o "Core/Src/ADS131M04.o"
arm-none-eabi-gcc "../Core/Src/main.c" -mcpu=cortex-m7 -std=gnu11 -g3 -DDEBUG -DUSE_HAL_DRIVER -DSTM32F722xx -c -I../FATFS/Target -I../FATFS/App -I../USB_DEVICE/App -I../USB_DEVICE/Target -I../Core/Inc -I/Users/liufangzheng/STM32Cube/Repository/STM32Cube_FW_F7_V1.17.3/Drivers/STM32F7xx_HAL_Driver/Inc -I/Users/liufangzheng/STM32Cube/Repository/STM32Cube_FW_F7_V1.17.3/Drivers/STM32F7xx_HAL_Driver/Inc/Legacy -I/Users/liufangzheng/STM32Cube/Repository/STM32Cube_FW_F7_V1.17.3/Middlewares/Third_Party/FatFs/src -I/Users/liufangzheng/STM32Cube/Repository/STM32Cube_FW_F7_V1.17.3/Middlewares/ST/STM32_USB_Device_Library/Core/Inc -I/Users/liufangzheng/STM32Cube/Repository/STM32Cube_FW_F7_V1.17.3/Middlewares/ST/STM32_USB_Device_Library/Class/CDC/Inc -I/Users/liufangzheng/STM32Cube/Repository/STM32Cube_FW_F7_V1.17.3/Drivers/CMSIS/Device/ST/STM32F7xx/Include -I/Users/liufangzheng/STM32Cube/Repository/STM32Cube_FW_F7_V1.17.3/Drivers/CMSIS/Include -O0 -ffunction-sections -fdata-sections -Wall -fstack-usage -fcyclomatic-complexity -MMD -MP -MF"Core/Src/main.d" -MT"Core/Src/main.o" --specs=nano.specs -mfpu=fpv5-sp-d16 -mfloat-abi=hard -mthumb -o "Core/Src/main.o"
arm-none-eabi-gcc "../Core/Src/microsd_fz.c" -mcpu=cortex-m7 -std=gnu11 -g3 -DDEBUG -DUSE_HAL_DRIVER -DSTM32F722xx -c -I../FATFS/Target -I../FATFS/App -I../USB_DEVICE/App -I../USB_DEVICE/Target -I../Core/Inc -I/Users/liufangzheng/STM32Cube/Repository/STM32Cube_FW_F7_V1.17.3/Drivers/STM32F7xx_HAL_Driver/Inc -I/Users/liufangzheng/STM32Cube/Repository/STM32Cube_FW_F7_V1.17.3/Drivers/STM32F7xx_HAL_Driver/Inc/Legacy -I/Users/liufangzheng/STM32Cube/Repository/STM32Cube_FW_F7_V1.17.3/Middlewares/Third_Party/FatFs/src -I/Users/liufangzheng/STM32Cube/Repository/STM32Cube_FW_F7_V1.17.3/Middlewares/ST/STM32_USB_Device_Library/Core/Inc -I/Users/liufangzheng/STM32Cube/Repository/STM32Cube_FW_F7_V1.17.3/Middlewares/ST/STM32_USB_Device_Library/Class/CDC/Inc -I/Users/liufangzheng/STM32Cube/Repository/STM32Cube_FW_F7_V1.17.3/Drivers/CMSIS/Device/ST/STM32F7xx/Include -I/Users/liufangzheng/STM32Cube/Repository/STM32Cube_FW_F7_V1.17.3/Drivers/CMSIS/Include -O0 -ffunction-sections -fdata-sections -Wall -fstack-usage -fcyclomatic-complexity -MMD -MP -MF"Core/Src/microsd_fz.d" -MT"Core/Src/microsd_fz.o" --specs=nano.specs -mfpu=fpv5-sp-d16 -mfloat-abi=hard -mthumb -o "Core/Src/microsd_fz.o"
../Core/Src/ADS131M04.c:16:32: error: initializer element is not constant
   16 | uint8_t *ADS_data_buffer2rec = ADS_data_buffer; // Second buffer for receiving data
      |                                ^~~~~~~~~~~~~~~
../Core/Src/main.c: In function 'main':
../Core/Src/main.c:72:21: error: expected ')' before ';' token
   72 | #define TIMES2REC 10; // Number of times to record data before stopping
      |                     ^
../Core/Src/main.c:172:13: note: in expansion of macro 'TIMES2REC'
  172 |     if (i < TIMES2REC) {
      |             ^~~~~~~~~
../Core/Src/main.c:172:8: note: to match this '('
  172 |     if (i < TIMES2REC) {
      |        ^
../Core/Src/main.c:72:21: error: expected ')' before ';' token
   72 | #define TIMES2REC 10; // Number of times to record data before stopping
      |                     ^
../Core/Src/main.c:186:20: note: in expansion of macro 'TIMES2REC'
  186 |           if (i == TIMES2REC) {
      |                    ^~~~~~~~~
../Core/Src/main.c:186:14: note: to match this '('
  186 |           if (i == TIMES2REC) {
      |              ^
make: *** [Core/Src/subdir.mk:40: Core/Src/ADS131M04.o] Error 1
make: *** Waiting for unfinished jobs....
make: *** [Core/Src/subdir.mk:40: Core/Src/main.o] Error 1
"make -j15 all" terminated with exit code 2. Build might be incomplete.
23:19:57 **** Incremental Build of configuration Debug for project ADS131M04_DMA_MicroSD ****
make -j15 all 
arm-none-eabi-gcc "../Core/Src/ADS131M04.c" -mcpu=cortex-m7 -std=gnu11 -g3 -DDEBUG -DUSE_HAL_DRIVER -DSTM32F722xx -c -I../FATFS/Target -I../FATFS/App -I../USB_DEVICE/App -I../USB_DEVICE/Target -I../Core/Inc -I/Users/liufangzheng/STM32Cube/Repository/STM32Cube_FW_F7_V1.17.3/Drivers/STM32F7xx_HAL_Driver/Inc -I/Users/liufangzheng/STM32Cube/Repository/STM32Cube_FW_F7_V1.17.3/Drivers/STM32F7xx_HAL_Driver/Inc/Legacy -I/Users/liufangzheng/STM32Cube/Repository/STM32Cube_FW_F7_V1.17.3/Middlewares/Third_Party/FatFs/src -I/Users/liufangzheng/STM32Cube/Repository/STM32Cube_FW_F7_V1.17.3/Middlewares/ST/STM32_USB_Device_Library/Core/Inc -I/Users/liufangzheng/STM32Cube/Repository/STM32Cube_FW_F7_V1.17.3/Middlewares/ST/STM32_USB_Device_Library/Class/CDC/Inc -I/Users/liufangzheng/STM32Cube/Repository/STM32Cube_FW_F7_V1.17.3/Drivers/CMSIS/Device/ST/STM32F7xx/Include -I/Users/liufangzheng/STM32Cube/Repository/STM32Cube_FW_F7_V1.17.3/Drivers/CMSIS/Include -O0 -ffunction-sections -fdata-sections -Wall -fstack-usage -fcyclomatic-complexity -MMD -MP -MF"Core/Src/ADS131M04.d" -MT"Core/Src/ADS131M04.o" --specs=nano.specs -mfpu=fpv5-sp-d16 -mfloat-abi=hard -mthumb -o "Core/Src/ADS131M04.o"
arm-none-eabi-gcc "../Core/Src/main.c" -mcpu=cortex-m7 -std=gnu11 -g3 -DDEBUG -DUSE_HAL_DRIVER -DSTM32F722xx -c -I../FATFS/Target -I../FATFS/App -I../USB_DEVICE/App -I../USB_DEVICE/Target -I../Core/Inc -I/Users/liufangzheng/STM32Cube/Repository/STM32Cube_FW_F7_V1.17.3/Drivers/STM32F7xx_HAL_Driver/Inc -I/Users/liufangzheng/STM32Cube/Repository/STM32Cube_FW_F7_V1.17.3/Drivers/STM32F7xx_HAL_Driver/Inc/Legacy -I/Users/liufangzheng/STM32Cube/Repository/STM32Cube_FW_F7_V1.17.3/Middlewares/Third_Party/FatFs/src -I/Users/liufangzheng/STM32Cube/Repository/STM32Cube_FW_F7_V1.17.3/Middlewares/ST/STM32_USB_Device_Library/Core/Inc -I/Users/liufangzheng/STM32Cube/Repository/STM32Cube_FW_F7_V1.17.3/Middlewares/ST/STM32_USB_Device_Library/Class/CDC/Inc -I/Users/liufangzheng/STM32Cube/Repository/STM32Cube_FW_F7_V1.17.3/Drivers/CMSIS/Device/ST/STM32F7xx/Include -I/Users/liufangzheng/STM32Cube/Repository/STM32Cube_FW_F7_V1.17.3/Drivers/CMSIS/Include -O0 -ffunction-sections -fdata-sections -Wall -fstack-usage -fcyclomatic-complexity -MMD -MP -MF"Core/Src/main.d" -MT"Core/Src/main.o" --specs=nano.specs -mfpu=fpv5-sp-d16 -mfloat-abi=hard -mthumb -o "Core/Src/main.o"
../Core/Src/main.c: In function 'main':
../Core/Src/main.c:72:21: error: expected ')' before ';' token
   72 | #define TIMES2REC 10; // Number of times to record data before stopping
      |                     ^
../Core/Src/main.c:172:13: note: in expansion of macro 'TIMES2REC'
  172 |     if (i < TIMES2REC) {
      |             ^~~~~~~~~
../Core/Src/main.c:172:8: note: to match this '('
  172 |     if (i < TIMES2REC) {
      |        ^
../Core/Src/main.c:72:21: error: expected ')' before ';' token
   72 | #define TIMES2REC 10; // Number of times to record data before stopping
      |                     ^
../Core/Src/main.c:186:20: note: in expansion of macro 'TIMES2REC'
  186 |           if (i == TIMES2REC) {
      |                    ^~~~~~~~~
../Core/Src/main.c:186:14: note: to match this '('
  186 |           if (i == TIMES2REC) {
      |              ^
make: *** [Core/Src/subdir.mk:40: Core/Src/main.o] Error 1
make: *** Waiting for unfinished jobs....
"make -j15 all" terminated with exit code 2. Build might be incomplete.
23:20:05 **** Incremental Build of configuration Debug for project ADS131M04_DMA_MicroSD ****
make -j15 all 
arm-none-eabi-gcc "../Core/Src/main.c" -mcpu=cortex-m7 -std=gnu11 -g3 -DDEBUG -DUSE_HAL_DRIVER -DSTM32F722xx -c -I../FATFS/Target -I../FATFS/App -I../USB_DEVICE/App -I../USB_DEVICE/Target -I../Core/Inc -I/Users/liufangzheng/STM32Cube/Repository/STM32Cube_FW_F7_V1.17.3/Drivers/STM32F7xx_HAL_Driver/Inc -I/Users/liufangzheng/STM32Cube/Repository/STM32Cube_FW_F7_V1.17.3/Drivers/STM32F7xx_HAL_Driver/Inc/Legacy -I/Users/liufangzheng/STM32Cube/Repository/STM32Cube_FW_F7_V1.17.3/Middlewares/Third_Party/FatFs/src -I/Users/liufangzheng/STM32Cube/Repository/STM32Cube_FW_F7_V1.17.3/Middlewares/ST/STM32_USB_Device_Library/Core/Inc -I/Users/liufangzheng/STM32Cube/Repository/STM32Cube_FW_F7_V1.17.3/Middlewares/ST/STM32_USB_Device_Library/Class/CDC/Inc -I/Users/liufangzheng/STM32Cube/Repository/STM32Cube_FW_F7_V1.17.3/Drivers/CMSIS/Device/ST/STM32F7xx/Include -I/Users/liufangzheng/STM32Cube/Repository/STM32Cube_FW_F7_V1.17.3/Drivers/CMSIS/Include -O0 -ffunction-sections -fdata-sections -Wall -fstack-usage -fcyclomatic-complexity -MMD -MP -MF"Core/Src/main.d" -MT"Core/Src/main.o" --specs=nano.specs -mfpu=fpv5-sp-d16 -mfloat-abi=hard -mthumb -o "Core/Src/main.o"
arm-none-eabi-gcc -o "ADS131M04_DMA_MicroSD.elf" @"objects.list"   -mcpu=cortex-m7 -T"/Users/liufangzheng/Documents/Lab/github/HexSense_MIT/firmware/STM32F722/ADS131M04/ADS131M04_DMA_MicroSD/STM32F722RETX_FLASH.ld" --specs=nosys.specs -Wl,-Map="ADS131M04_DMA_MicroSD.map" -Wl,--gc-sections -static --specs=nano.specs -mfpu=fpv5-sp-d16 -mfloat-abi=hard -mthumb -Wl,--start-group -lc -lm -Wl,--end-group
Finished building target: ADS131M04_DMA_MicroSD.elf
 
arm-none-eabi-size  ADS131M04_DMA_MicroSD.elf 
arm-none-eabi-objdump -h -S ADS131M04_DMA_MicroSD.elf  > "ADS131M04_DMA_MicroSD.list"
   text	   data	    bss	    dec	    hex	filename
  61600	    392	  82288	 144280	  23398	ADS131M04_DMA_MicroSD.elf
Finished building: default.size.stdout
 
Finished building: ADS131M04_DMA_MicroSD.list
 
23:21:52 **** Incremental Build of configuration Debug for project ADS131M04_DMA_MicroSD ****
make -j15 all 
arm-none-eabi-gcc "../Core/Src/ADS131M04.c" -mcpu=cortex-m7 -std=gnu11 -g3 -DDEBUG -DUSE_HAL_DRIVER -DSTM32F722xx -c -I../FATFS/Target -I../FATFS/App -I../USB_DEVICE/App -I../USB_DEVICE/Target -I../Core/Inc -I/Users/liufangzheng/STM32Cube/Repository/STM32Cube_FW_F7_V1.17.3/Drivers/STM32F7xx_HAL_Driver/Inc -I/Users/liufangzheng/STM32Cube/Repository/STM32Cube_FW_F7_V1.17.3/Drivers/STM32F7xx_HAL_Driver/Inc/Legacy -I/Users/liufangzheng/STM32Cube/Repository/STM32Cube_FW_F7_V1.17.3/Middlewares/Third_Party/FatFs/src -I/Users/liufangzheng/STM32Cube/Repository/STM32Cube_FW_F7_V1.17.3/Middlewares/ST/STM32_USB_Device_Library/Core/Inc -I/Users/liufangzheng/STM32Cube/Repository/STM32Cube_FW_F7_V1.17.3/Middlewares/ST/STM32_USB_Device_Library/Class/CDC/Inc -I/Users/liufangzheng/STM32Cube/Repository/STM32Cube_FW_F7_V1.17.3/Drivers/CMSIS/Device/ST/STM32F7xx/Include -I/Users/liufangzheng/STM32Cube/Repository/STM32Cube_FW_F7_V1.17.3/Drivers/CMSIS/Include -O0 -ffunction-sections -fdata-sections -Wall -fstack-usage -fcyclomatic-complexity -MMD -MP -MF"Core/Src/ADS131M04.d" -MT"Core/Src/ADS131M04.o" --specs=nano.specs -mfpu=fpv5-sp-d16 -mfloat-abi=hard -mthumb -o "Core/Src/ADS131M04.o"
arm-none-eabi-gcc "../Core/Src/main.c" -mcpu=cortex-m7 -std=gnu11 -g3 -DDEBUG -DUSE_HAL_DRIVER -DSTM32F722xx -c -I../FATFS/Target -I../FATFS/App -I../USB_DEVICE/App -I../USB_DEVICE/Target -I../Core/Inc -I/Users/liufangzheng/STM32Cube/Repository/STM32Cube_FW_F7_V1.17.3/Drivers/STM32F7xx_HAL_Driver/Inc -I/Users/liufangzheng/STM32Cube/Repository/STM32Cube_FW_F7_V1.17.3/Drivers/STM32F7xx_HAL_Driver/Inc/Legacy -I/Users/liufangzheng/STM32Cube/Repository/STM32Cube_FW_F7_V1.17.3/Middlewares/Third_Party/FatFs/src -I/Users/liufangzheng/STM32Cube/Repository/STM32Cube_FW_F7_V1.17.3/Middlewares/ST/STM32_USB_Device_Library/Core/Inc -I/Users/liufangzheng/STM32Cube/Repository/STM32Cube_FW_F7_V1.17.3/Middlewares/ST/STM32_USB_Device_Library/Class/CDC/Inc -I/Users/liufangzheng/STM32Cube/Repository/STM32Cube_FW_F7_V1.17.3/Drivers/CMSIS/Device/ST/STM32F7xx/Include -I/Users/liufangzheng/STM32Cube/Repository/STM32Cube_FW_F7_V1.17.3/Drivers/CMSIS/Include -O0 -ffunction-sections -fdata-sections -Wall -fstack-usage -fcyclomatic-complexity -MMD -MP -MF"Core/Src/main.d" -MT"Core/Src/main.o" --specs=nano.specs -mfpu=fpv5-sp-d16 -mfloat-abi=hard -mthumb -o "Core/Src/main.o"
arm-none-eabi-gcc "../Core/Src/microsd_fz.c" -mcpu=cortex-m7 -std=gnu11 -g3 -DDEBUG -DUSE_HAL_DRIVER -DSTM32F722xx -c -I../FATFS/Target -I../FATFS/App -I../USB_DEVICE/App -I../USB_DEVICE/Target -I../Core/Inc -I/Users/liufangzheng/STM32Cube/Repository/STM32Cube_FW_F7_V1.17.3/Drivers/STM32F7xx_HAL_Driver/Inc -I/Users/liufangzheng/STM32Cube/Repository/STM32Cube_FW_F7_V1.17.3/Drivers/STM32F7xx_HAL_Driver/Inc/Legacy -I/Users/liufangzheng/STM32Cube/Repository/STM32Cube_FW_F7_V1.17.3/Middlewares/Third_Party/FatFs/src -I/Users/liufangzheng/STM32Cube/Repository/STM32Cube_FW_F7_V1.17.3/Middlewares/ST/STM32_USB_Device_Library/Core/Inc -I/Users/liufangzheng/STM32Cube/Repository/STM32Cube_FW_F7_V1.17.3/Middlewares/ST/STM32_USB_Device_Library/Class/CDC/Inc -I/Users/liufangzheng/STM32Cube/Repository/STM32Cube_FW_F7_V1.17.3/Drivers/CMSIS/Device/ST/STM32F7xx/Include -I/Users/liufangzheng/STM32Cube/Repository/STM32Cube_FW_F7_V1.17.3/Drivers/CMSIS/Include -O0 -ffunction-sections -fdata-sections -Wall -fstack-usage -fcyclomatic-complexity -MMD -MP -MF"Core/Src/microsd_fz.d" -MT"Core/Src/microsd_fz.o" --specs=nano.specs -mfpu=fpv5-sp-d16 -mfloat-abi=hard -mthumb -o "Core/Src/microsd_fz.o"
arm-none-eabi-gcc -o "ADS131M04_DMA_MicroSD.elf" @"objects.list"   -mcpu=cortex-m7 -T"/Users/liufangzheng/Documents/Lab/github/HexSense_MIT/firmware/STM32F722/ADS131M04/ADS131M04_DMA_MicroSD/STM32F722RETX_FLASH.ld" --specs=nosys.specs -Wl,-Map="ADS131M04_DMA_MicroSD.map" -Wl,--gc-sections -static --specs=nano.specs -mfpu=fpv5-sp-d16 -mfloat-abi=hard -mthumb -Wl,--start-group -lc -lm -Wl,--end-group
Finished building target: ADS131M04_DMA_MicroSD.elf
 
arm-none-eabi-size  ADS131M04_DMA_MicroSD.elf 
arm-none-eabi-objdump -h -S ADS131M04_DMA_MicroSD.elf  > "ADS131M04_DMA_MicroSD.list"
   text	   data	    bss	    dec	    hex	filename
  61600	    392	  82288	 144280	  23398	ADS131M04_DMA_MicroSD.elf
Finished building: default.size.stdout
 
Finished building: ADS131M04_DMA_MicroSD.list
 
23:22:03 **** Incremental Build of configuration Debug for project ADS131M04_DMA_MicroSD ****
make -j15 all 
arm-none-eabi-size  ADS131M04_DMA_MicroSD.elf 
   text	   data	    bss	    dec	    hex	filename
  61600	    392	  82288	 144280	  23398	ADS131M04_DMA_MicroSD.elf
Finished building: default.size.stdout
 
23:23:40 **** Incremental Build of configuration Debug for project ADS131M04_DMA_MicroSD ****
make -j15 all 
arm-none-eabi-gcc "../Core/Src/main.c" -mcpu=cortex-m7 -std=gnu11 -g3 -DDEBUG -DUSE_HAL_DRIVER -DSTM32F722xx -c -I../FATFS/Target -I../FATFS/App -I../USB_DEVICE/App -I../USB_DEVICE/Target -I../Core/Inc -I/Users/liufangzheng/STM32Cube/Repository/STM32Cube_FW_F7_V1.17.3/Drivers/STM32F7xx_HAL_Driver/Inc -I/Users/liufangzheng/STM32Cube/Repository/STM32Cube_FW_F7_V1.17.3/Drivers/STM32F7xx_HAL_Driver/Inc/Legacy -I/Users/liufangzheng/STM32Cube/Repository/STM32Cube_FW_F7_V1.17.3/Middlewares/Third_Party/FatFs/src -I/Users/liufangzheng/STM32Cube/Repository/STM32Cube_FW_F7_V1.17.3/Middlewares/ST/STM32_USB_Device_Library/Core/Inc -I/Users/liufangzheng/STM32Cube/Repository/STM32Cube_FW_F7_V1.17.3/Middlewares/ST/STM32_USB_Device_Library/Class/CDC/Inc -I/Users/liufangzheng/STM32Cube/Repository/STM32Cube_FW_F7_V1.17.3/Drivers/CMSIS/Device/ST/STM32F7xx/Include -I/Users/liufangzheng/STM32Cube/Repository/STM32Cube_FW_F7_V1.17.3/Drivers/CMSIS/Include -O0 -ffunction-sections -fdata-sections -Wall -fstack-usage -fcyclomatic-complexity -MMD -MP -MF"Core/Src/main.d" -MT"Core/Src/main.o" --specs=nano.specs -mfpu=fpv5-sp-d16 -mfloat-abi=hard -mthumb -o "Core/Src/main.o"
arm-none-eabi-gcc -o "ADS131M04_DMA_MicroSD.elf" @"objects.list"   -mcpu=cortex-m7 -T"/Users/liufangzheng/Documents/Lab/github/HexSense_MIT/firmware/STM32F722/ADS131M04/ADS131M04_DMA_MicroSD/STM32F722RETX_FLASH.ld" --specs=nosys.specs -Wl,-Map="ADS131M04_DMA_MicroSD.map" -Wl,--gc-sections -static --specs=nano.specs -mfpu=fpv5-sp-d16 -mfloat-abi=hard -mthumb -Wl,--start-group -lc -lm -Wl,--end-group
Finished building target: ADS131M04_DMA_MicroSD.elf
 
arm-none-eabi-size  ADS131M04_DMA_MicroSD.elf 
arm-none-eabi-objdump -h -S ADS131M04_DMA_MicroSD.elf  > "ADS131M04_DMA_MicroSD.list"
   text	   data	    bss	    dec	    hex	filename
  61600	    392	  82288	 144280	  23398	ADS131M04_DMA_MicroSD.elf
Finished building: default.size.stdout
 
Finished building: ADS131M04_DMA_MicroSD.list
 
23:27:32 **** Incremental Build of configuration Debug for project ADS131M04_DMA_MicroSD ****
make -j15 all 
arm-none-eabi-gcc "../Core/Src/main.c" -mcpu=cortex-m7 -std=gnu11 -g3 -DDEBUG -DUSE_HAL_DRIVER -DSTM32F722xx -c -I../FATFS/Target -I../FATFS/App -I../USB_DEVICE/App -I../USB_DEVICE/Target -I../Core/Inc -I/Users/liufangzheng/STM32Cube/Repository/STM32Cube_FW_F7_V1.17.3/Drivers/STM32F7xx_HAL_Driver/Inc -I/Users/liufangzheng/STM32Cube/Repository/STM32Cube_FW_F7_V1.17.3/Drivers/STM32F7xx_HAL_Driver/Inc/Legacy -I/Users/liufangzheng/STM32Cube/Repository/STM32Cube_FW_F7_V1.17.3/Middlewares/Third_Party/FatFs/src -I/Users/liufangzheng/STM32Cube/Repository/STM32Cube_FW_F7_V1.17.3/Middlewares/ST/STM32_USB_Device_Library/Core/Inc -I/Users/liufangzheng/STM32Cube/Repository/STM32Cube_FW_F7_V1.17.3/Middlewares/ST/STM32_USB_Device_Library/Class/CDC/Inc -I/Users/liufangzheng/STM32Cube/Repository/STM32Cube_FW_F7_V1.17.3/Drivers/CMSIS/Device/ST/STM32F7xx/Include -I/Users/liufangzheng/STM32Cube/Repository/STM32Cube_FW_F7_V1.17.3/Drivers/CMSIS/Include -O0 -ffunction-sections -fdata-sections -Wall -fstack-usage -fcyclomatic-complexity -MMD -MP -MF"Core/Src/main.d" -MT"Core/Src/main.o" --specs=nano.specs -mfpu=fpv5-sp-d16 -mfloat-abi=hard -mthumb -o "Core/Src/main.o"
../Core/Src/main.c: In function 'main':
../Core/Src/main.c:187:13: warning: implicit declaration of function 'ADS_CS_HIGH' [-Wimplicit-function-declaration]
  187 |             ADS_CS_HIGH(); // Set CS high to stop communication
      |             ^~~~~~~~~~~
arm-none-eabi-gcc -o "ADS131M04_DMA_MicroSD.elf" @"objects.list"   -mcpu=cortex-m7 -T"/Users/liufangzheng/Documents/Lab/github/HexSense_MIT/firmware/STM32F722/ADS131M04/ADS131M04_DMA_MicroSD/STM32F722RETX_FLASH.ld" --specs=nosys.specs -Wl,-Map="ADS131M04_DMA_MicroSD.map" -Wl,--gc-sections -static --specs=nano.specs -mfpu=fpv5-sp-d16 -mfloat-abi=hard -mthumb -Wl,--start-group -lc -lm -Wl,--end-group
Finished building target: ADS131M04_DMA_MicroSD.elf
 
arm-none-eabi-size  ADS131M04_DMA_MicroSD.elf 
arm-none-eabi-objdump -h -S ADS131M04_DMA_MicroSD.elf  > "ADS131M04_DMA_MicroSD.list"
   text	   data	    bss	    dec	    hex	filename
  61604	    392	  82288	 144284	  2339c	ADS131M04_DMA_MicroSD.elf
Finished building: default.size.stdout
 
Finished building: ADS131M04_DMA_MicroSD.list
 
