10:38:46 **** Build of configuration Debug for project lora ****
make -j15 all 
arm-none-eabi-gcc "../USB_DEVICE/Target/usbd_conf.c" -mcpu=cortex-m7 -std=gnu11 -g3 -DDEBUG -DUSE_HAL_DRIVER -DSTM32F722xx -c -I../Core/Inc -I/Users/liufangzheng/STM32Cube/Repository/STM32Cube_FW_F7_V1.17.3/Drivers/STM32F7xx_HAL_Driver/Inc -I/Users/liufangzheng/STM32Cube/Repository/STM32Cube_FW_F7_V1.17.3/Drivers/STM32F7xx_HAL_Driver/Inc/Legacy -I/Users/liufangzheng/STM32Cube/Repository/STM32Cube_FW_F7_V1.17.3/Drivers/CMSIS/Device/ST/STM32F7xx/Include -I/Users/liufangzheng/STM32Cube/Repository/STM32Cube_FW_F7_V1.17.3/Drivers/CMSIS/Include -I../FATFS/Target -I../FATFS/App -I../USB_DEVICE/App -I../USB_DEVICE/Target -I/Users/liufangzheng/STM32Cube/Repository/STM32Cube_FW_F7_V1.17.3/Middlewares/Third_Party/FatFs/src -I/Users/liufangzheng/STM32Cube/Repository/STM32Cube_FW_F7_V1.17.3/Middlewares/ST/STM32_USB_Device_Library/Core/Inc -I/Users/liufangzheng/STM32Cube/Repository/STM32Cube_FW_F7_V1.17.3/Middlewares/ST/STM32_USB_Device_Library/Class/CDC/Inc -O0 -ffunction-sections -fdata-sections -Wall -fstack-usage -fcyclomatic-complexity -MMD -MP -MF"USB_DEVICE/Target/usbd_conf.d" -MT"USB_DEVICE/Target/usbd_conf.o" --specs=nano.specs -mfpu=fpv5-sp-d16 -mfloat-abi=hard -mthumb -o "USB_DEVICE/Target/usbd_conf.o"
arm-none-eabi-gcc "../USB_DEVICE/App/usb_device.c" -mcpu=cortex-m7 -std=gnu11 -g3 -DDEBUG -DUSE_HAL_DRIVER -DSTM32F722xx -c -I../Core/Inc -I/Users/liufangzheng/STM32Cube/Repository/STM32Cube_FW_F7_V1.17.3/Drivers/STM32F7xx_HAL_Driver/Inc -I/Users/liufangzheng/STM32Cube/Repository/STM32Cube_FW_F7_V1.17.3/Drivers/STM32F7xx_HAL_Driver/Inc/Legacy -I/Users/liufangzheng/STM32Cube/Repository/STM32Cube_FW_F7_V1.17.3/Drivers/CMSIS/Device/ST/STM32F7xx/Include -I/Users/liufangzheng/STM32Cube/Repository/STM32Cube_FW_F7_V1.17.3/Drivers/CMSIS/Include -I../FATFS/Target -I../FATFS/App -I../USB_DEVICE/App -I../USB_DEVICE/Target -I/Users/liufangzheng/STM32Cube/Repository/STM32Cube_FW_F7_V1.17.3/Middlewares/Third_Party/FatFs/src -I/Users/liufangzheng/STM32Cube/Repository/STM32Cube_FW_F7_V1.17.3/Middlewares/ST/STM32_USB_Device_Library/Core/Inc -I/Users/liufangzheng/STM32Cube/Repository/STM32Cube_FW_F7_V1.17.3/Middlewares/ST/STM32_USB_Device_Library/Class/CDC/Inc -O0 -ffunction-sections -fdata-sections -Wall -fstack-usage -fcyclomatic-complexity -MMD -MP -MF"USB_DEVICE/App/usb_device.d" -MT"USB_DEVICE/App/usb_device.o" --specs=nano.specs -mfpu=fpv5-sp-d16 -mfloat-abi=hard -mthumb -o "USB_DEVICE/App/usb_device.o"
arm-none-eabi-gcc "../USB_DEVICE/App/usbd_cdc_if.c" -mcpu=cortex-m7 -std=gnu11 -g3 -DDEBUG -DUSE_HAL_DRIVER -DSTM32F722xx -c -I../Core/Inc -I/Users/liufangzheng/STM32Cube/Repository/STM32Cube_FW_F7_V1.17.3/Drivers/STM32F7xx_HAL_Driver/Inc -I/Users/liufangzheng/STM32Cube/Repository/STM32Cube_FW_F7_V1.17.3/Drivers/STM32F7xx_HAL_Driver/Inc/Legacy -I/Users/liufangzheng/STM32Cube/Repository/STM32Cube_FW_F7_V1.17.3/Drivers/CMSIS/Device/ST/STM32F7xx/Include -I/Users/liufangzheng/STM32Cube/Repository/STM32Cube_FW_F7_V1.17.3/Drivers/CMSIS/Include -I../FATFS/Target -I../FATFS/App -I../USB_DEVICE/App -I../USB_DEVICE/Target -I/Users/liufangzheng/STM32Cube/Repository/STM32Cube_FW_F7_V1.17.3/Middlewares/Third_Party/FatFs/src -I/Users/liufangzheng/STM32Cube/Repository/STM32Cube_FW_F7_V1.17.3/Middlewares/ST/STM32_USB_Device_Library/Core/Inc -I/Users/liufangzheng/STM32Cube/Repository/STM32Cube_FW_F7_V1.17.3/Middlewares/ST/STM32_USB_Device_Library/Class/CDC/Inc -O0 -ffunction-sections -fdata-sections -Wall -fstack-usage -fcyclomatic-complexity -MMD -MP -MF"USB_DEVICE/App/usbd_cdc_if.d" -MT"USB_DEVICE/App/usbd_cdc_if.o" --specs=nano.specs -mfpu=fpv5-sp-d16 -mfloat-abi=hard -mthumb -o "USB_DEVICE/App/usbd_cdc_if.o"
arm-none-eabi-gcc "../USB_DEVICE/App/usbd_desc.c" -mcpu=cortex-m7 -std=gnu11 -g3 -DDEBUG -DUSE_HAL_DRIVER -DSTM32F722xx -c -I../Core/Inc -I/Users/liufangzheng/STM32Cube/Repository/STM32Cube_FW_F7_V1.17.3/Drivers/STM32F7xx_HAL_Driver/Inc -I/Users/liufangzheng/STM32Cube/Repository/STM32Cube_FW_F7_V1.17.3/Drivers/STM32F7xx_HAL_Driver/Inc/Legacy -I/Users/liufangzheng/STM32Cube/Repository/STM32Cube_FW_F7_V1.17.3/Drivers/CMSIS/Device/ST/STM32F7xx/Include -I/Users/liufangzheng/STM32Cube/Repository/STM32Cube_FW_F7_V1.17.3/Drivers/CMSIS/Include -I../FATFS/Target -I../FATFS/App -I../USB_DEVICE/App -I../USB_DEVICE/Target -I/Users/liufangzheng/STM32Cube/Repository/STM32Cube_FW_F7_V1.17.3/Middlewares/Third_Party/FatFs/src -I/Users/liufangzheng/STM32Cube/Repository/STM32Cube_FW_F7_V1.17.3/Middlewares/ST/STM32_USB_Device_Library/Core/Inc -I/Users/liufangzheng/STM32Cube/Repository/STM32Cube_FW_F7_V1.17.3/Middlewares/ST/STM32_USB_Device_Library/Class/CDC/Inc -O0 -ffunction-sections -fdata-sections -Wall -fstack-usage -fcyclomatic-complexity -MMD -MP -MF"USB_DEVICE/App/usbd_desc.d" -MT"USB_DEVICE/App/usbd_desc.o" --specs=nano.specs -mfpu=fpv5-sp-d16 -mfloat-abi=hard -mthumb -o "USB_DEVICE/App/usbd_desc.o"
arm-none-eabi-gcc "/Users/liufangzheng/STM32Cube/Repository/STM32Cube_FW_F7_V1.17.3/Middlewares/ST/STM32_USB_Device_Library/Class/CDC/Src/usbd_cdc.c" -mcpu=cortex-m7 -std=gnu11 -g3 -DDEBUG -DUSE_HAL_DRIVER -DSTM32F722xx -c -I../Core/Inc -I/Users/liufangzheng/STM32Cube/Repository/STM32Cube_FW_F7_V1.17.3/Drivers/STM32F7xx_HAL_Driver/Inc -I/Users/liufangzheng/STM32Cube/Repository/STM32Cube_FW_F7_V1.17.3/Drivers/STM32F7xx_HAL_Driver/Inc/Legacy -I/Users/liufangzheng/STM32Cube/Repository/STM32Cube_FW_F7_V1.17.3/Drivers/CMSIS/Device/ST/STM32F7xx/Include -I/Users/liufangzheng/STM32Cube/Repository/STM32Cube_FW_F7_V1.17.3/Drivers/CMSIS/Include -I../FATFS/Target -I../FATFS/App -I../USB_DEVICE/App -I../USB_DEVICE/Target -I/Users/liufangzheng/STM32Cube/Repository/STM32Cube_FW_F7_V1.17.3/Middlewares/Third_Party/FatFs/src -I/Users/liufangzheng/STM32Cube/Repository/STM32Cube_FW_F7_V1.17.3/Middlewares/ST/STM32_USB_Device_Library/Core/Inc -I/Users/liufangzheng/STM32Cube/Repository/STM32Cube_FW_F7_V1.17.3/Middlewares/ST/STM32_USB_Device_Library/Class/CDC/Inc -O0 -ffunction-sections -fdata-sections -Wall -fstack-usage -fcyclomatic-complexity -MMD -MP -MF"Middlewares/USB_Device_Library/usbd_cdc.d" -MT"Middlewares/USB_Device_Library/usbd_cdc.o" --specs=nano.specs -mfpu=fpv5-sp-d16 -mfloat-abi=hard -mthumb -o "Middlewares/USB_Device_Library/usbd_cdc.o"
arm-none-eabi-gcc "/Users/liufangzheng/STM32Cube/Repository/STM32Cube_FW_F7_V1.17.3/Middlewares/ST/STM32_USB_Device_Library/Core/Src/usbd_core.c" -mcpu=cortex-m7 -std=gnu11 -g3 -DDEBUG -DUSE_HAL_DRIVER -DSTM32F722xx -c -I../Core/Inc -I/Users/liufangzheng/STM32Cube/Repository/STM32Cube_FW_F7_V1.17.3/Drivers/STM32F7xx_HAL_Driver/Inc -I/Users/liufangzheng/STM32Cube/Repository/STM32Cube_FW_F7_V1.17.3/Drivers/STM32F7xx_HAL_Driver/Inc/Legacy -I/Users/liufangzheng/STM32Cube/Repository/STM32Cube_FW_F7_V1.17.3/Drivers/CMSIS/Device/ST/STM32F7xx/Include -I/Users/liufangzheng/STM32Cube/Repository/STM32Cube_FW_F7_V1.17.3/Drivers/CMSIS/Include -I../FATFS/Target -I../FATFS/App -I../USB_DEVICE/App -I../USB_DEVICE/Target -I/Users/liufangzheng/STM32Cube/Repository/STM32Cube_FW_F7_V1.17.3/Middlewares/Third_Party/FatFs/src -I/Users/liufangzheng/STM32Cube/Repository/STM32Cube_FW_F7_V1.17.3/Middlewares/ST/STM32_USB_Device_Library/Core/Inc -I/Users/liufangzheng/STM32Cube/Repository/STM32Cube_FW_F7_V1.17.3/Middlewares/ST/STM32_USB_Device_Library/Class/CDC/Inc -O0 -ffunction-sections -fdata-sections -Wall -fstack-usage -fcyclomatic-complexity -MMD -MP -MF"Middlewares/USB_Device_Library/usbd_core.d" -MT"Middlewares/USB_Device_Library/usbd_core.o" --specs=nano.specs -mfpu=fpv5-sp-d16 -mfloat-abi=hard -mthumb -o "Middlewares/USB_Device_Library/usbd_core.o"
arm-none-eabi-gcc "/Users/liufangzheng/STM32Cube/Repository/STM32Cube_FW_F7_V1.17.3/Middlewares/ST/STM32_USB_Device_Library/Core/Src/usbd_ctlreq.c" -mcpu=cortex-m7 -std=gnu11 -g3 -DDEBUG -DUSE_HAL_DRIVER -DSTM32F722xx -c -I../Core/Inc -I/Users/liufangzheng/STM32Cube/Repository/STM32Cube_FW_F7_V1.17.3/Drivers/STM32F7xx_HAL_Driver/Inc -I/Users/liufangzheng/STM32Cube/Repository/STM32Cube_FW_F7_V1.17.3/Drivers/STM32F7xx_HAL_Driver/Inc/Legacy -I/Users/liufangzheng/STM32Cube/Repository/STM32Cube_FW_F7_V1.17.3/Drivers/CMSIS/Device/ST/STM32F7xx/Include -I/Users/liufangzheng/STM32Cube/Repository/STM32Cube_FW_F7_V1.17.3/Drivers/CMSIS/Include -I../FATFS/Target -I../FATFS/App -I../USB_DEVICE/App -I../USB_DEVICE/Target -I/Users/liufangzheng/STM32Cube/Repository/STM32Cube_FW_F7_V1.17.3/Middlewares/Third_Party/FatFs/src -I/Users/liufangzheng/STM32Cube/Repository/STM32Cube_FW_F7_V1.17.3/Middlewares/ST/STM32_USB_Device_Library/Core/Inc -I/Users/liufangzheng/STM32Cube/Repository/STM32Cube_FW_F7_V1.17.3/Middlewares/ST/STM32_USB_Device_Library/Class/CDC/Inc -O0 -ffunction-sections -fdata-sections -Wall -fstack-usage -fcyclomatic-complexity -MMD -MP -MF"Middlewares/USB_Device_Library/usbd_ctlreq.d" -MT"Middlewares/USB_Device_Library/usbd_ctlreq.o" --specs=nano.specs -mfpu=fpv5-sp-d16 -mfloat-abi=hard -mthumb -o "Middlewares/USB_Device_Library/usbd_ctlreq.o"
arm-none-eabi-gcc "/Users/liufangzheng/STM32Cube/Repository/STM32Cube_FW_F7_V1.17.3/Middlewares/ST/STM32_USB_Device_Library/Core/Src/usbd_ioreq.c" -mcpu=cortex-m7 -std=gnu11 -g3 -DDEBUG -DUSE_HAL_DRIVER -DSTM32F722xx -c -I../Core/Inc -I/Users/liufangzheng/STM32Cube/Repository/STM32Cube_FW_F7_V1.17.3/Drivers/STM32F7xx_HAL_Driver/Inc -I/Users/liufangzheng/STM32Cube/Repository/STM32Cube_FW_F7_V1.17.3/Drivers/STM32F7xx_HAL_Driver/Inc/Legacy -I/Users/liufangzheng/STM32Cube/Repository/STM32Cube_FW_F7_V1.17.3/Drivers/CMSIS/Device/ST/STM32F7xx/Include -I/Users/liufangzheng/STM32Cube/Repository/STM32Cube_FW_F7_V1.17.3/Drivers/CMSIS/Include -I../FATFS/Target -I../FATFS/App -I../USB_DEVICE/App -I../USB_DEVICE/Target -I/Users/liufangzheng/STM32Cube/Repository/STM32Cube_FW_F7_V1.17.3/Middlewares/Third_Party/FatFs/src -I/Users/liufangzheng/STM32Cube/Repository/STM32Cube_FW_F7_V1.17.3/Middlewares/ST/STM32_USB_Device_Library/Core/Inc -I/Users/liufangzheng/STM32Cube/Repository/STM32Cube_FW_F7_V1.17.3/Middlewares/ST/STM32_USB_Device_Library/Class/CDC/Inc -O0 -ffunction-sections -fdata-sections -Wall -fstack-usage -fcyclomatic-complexity -MMD -MP -MF"Middlewares/USB_Device_Library/usbd_ioreq.d" -MT"Middlewares/USB_Device_Library/usbd_ioreq.o" --specs=nano.specs -mfpu=fpv5-sp-d16 -mfloat-abi=hard -mthumb -o "Middlewares/USB_Device_Library/usbd_ioreq.o"
arm-none-eabi-gcc "/Users/liufangzheng/STM32Cube/Repository/STM32Cube_FW_F7_V1.17.3/Middlewares/Third_Party/FatFs/src/diskio.c" -mcpu=cortex-m7 -std=gnu11 -g3 -DDEBUG -DUSE_HAL_DRIVER -DSTM32F722xx -c -I../Core/Inc -I/Users/liufangzheng/STM32Cube/Repository/STM32Cube_FW_F7_V1.17.3/Drivers/STM32F7xx_HAL_Driver/Inc -I/Users/liufangzheng/STM32Cube/Repository/STM32Cube_FW_F7_V1.17.3/Drivers/STM32F7xx_HAL_Driver/Inc/Legacy -I/Users/liufangzheng/STM32Cube/Repository/STM32Cube_FW_F7_V1.17.3/Drivers/CMSIS/Device/ST/STM32F7xx/Include -I/Users/liufangzheng/STM32Cube/Repository/STM32Cube_FW_F7_V1.17.3/Drivers/CMSIS/Include -I../FATFS/Target -I../FATFS/App -I../USB_DEVICE/App -I../USB_DEVICE/Target -I/Users/liufangzheng/STM32Cube/Repository/STM32Cube_FW_F7_V1.17.3/Middlewares/Third_Party/FatFs/src -I/Users/liufangzheng/STM32Cube/Repository/STM32Cube_FW_F7_V1.17.3/Middlewares/ST/STM32_USB_Device_Library/Core/Inc -I/Users/liufangzheng/STM32Cube/Repository/STM32Cube_FW_F7_V1.17.3/Middlewares/ST/STM32_USB_Device_Library/Class/CDC/Inc -O0 -ffunction-sections -fdata-sections -Wall -fstack-usage -fcyclomatic-complexity -MMD -MP -MF"Middlewares/FatFs/diskio.d" -MT"Middlewares/FatFs/diskio.o" --specs=nano.specs -mfpu=fpv5-sp-d16 -mfloat-abi=hard -mthumb -o "Middlewares/FatFs/diskio.o"
arm-none-eabi-gcc "/Users/liufangzheng/STM32Cube/Repository/STM32Cube_FW_F7_V1.17.3/Middlewares/Third_Party/FatFs/src/ff.c" -mcpu=cortex-m7 -std=gnu11 -g3 -DDEBUG -DUSE_HAL_DRIVER -DSTM32F722xx -c -I../Core/Inc -I/Users/liufangzheng/STM32Cube/Repository/STM32Cube_FW_F7_V1.17.3/Drivers/STM32F7xx_HAL_Driver/Inc -I/Users/liufangzheng/STM32Cube/Repository/STM32Cube_FW_F7_V1.17.3/Drivers/STM32F7xx_HAL_Driver/Inc/Legacy -I/Users/liufangzheng/STM32Cube/Repository/STM32Cube_FW_F7_V1.17.3/Drivers/CMSIS/Device/ST/STM32F7xx/Include -I/Users/liufangzheng/STM32Cube/Repository/STM32Cube_FW_F7_V1.17.3/Drivers/CMSIS/Include -I../FATFS/Target -I../FATFS/App -I../USB_DEVICE/App -I../USB_DEVICE/Target -I/Users/liufangzheng/STM32Cube/Repository/STM32Cube_FW_F7_V1.17.3/Middlewares/Third_Party/FatFs/src -I/Users/liufangzheng/STM32Cube/Repository/STM32Cube_FW_F7_V1.17.3/Middlewares/ST/STM32_USB_Device_Library/Core/Inc -I/Users/liufangzheng/STM32Cube/Repository/STM32Cube_FW_F7_V1.17.3/Middlewares/ST/STM32_USB_Device_Library/Class/CDC/Inc -O0 -ffunction-sections -fdata-sections -Wall -fstack-usage -fcyclomatic-complexity -MMD -MP -MF"Middlewares/FatFs/ff.d" -MT"Middlewares/FatFs/ff.o" --specs=nano.specs -mfpu=fpv5-sp-d16 -mfloat-abi=hard -mthumb -o "Middlewares/FatFs/ff.o"
arm-none-eabi-gcc "/Users/liufangzheng/STM32Cube/Repository/STM32Cube_FW_F7_V1.17.3/Middlewares/Third_Party/FatFs/src/ff_gen_drv.c" -mcpu=cortex-m7 -std=gnu11 -g3 -DDEBUG -DUSE_HAL_DRIVER -DSTM32F722xx -c -I../Core/Inc -I/Users/liufangzheng/STM32Cube/Repository/STM32Cube_FW_F7_V1.17.3/Drivers/STM32F7xx_HAL_Driver/Inc -I/Users/liufangzheng/STM32Cube/Repository/STM32Cube_FW_F7_V1.17.3/Drivers/STM32F7xx_HAL_Driver/Inc/Legacy -I/Users/liufangzheng/STM32Cube/Repository/STM32Cube_FW_F7_V1.17.3/Drivers/CMSIS/Device/ST/STM32F7xx/Include -I/Users/liufangzheng/STM32Cube/Repository/STM32Cube_FW_F7_V1.17.3/Drivers/CMSIS/Include -I../FATFS/Target -I../FATFS/App -I../USB_DEVICE/App -I../USB_DEVICE/Target -I/Users/liufangzheng/STM32Cube/Repository/STM32Cube_FW_F7_V1.17.3/Middlewares/Third_Party/FatFs/src -I/Users/liufangzheng/STM32Cube/Repository/STM32Cube_FW_F7_V1.17.3/Middlewares/ST/STM32_USB_Device_Library/Core/Inc -I/Users/liufangzheng/STM32Cube/Repository/STM32Cube_FW_F7_V1.17.3/Middlewares/ST/STM32_USB_Device_Library/Class/CDC/Inc -O0 -ffunction-sections -fdata-sections -Wall -fstack-usage -fcyclomatic-complexity -MMD -MP -MF"Middlewares/FatFs/ff_gen_drv.d" -MT"Middlewares/FatFs/ff_gen_drv.o" --specs=nano.specs -mfpu=fpv5-sp-d16 -mfloat-abi=hard -mthumb -o "Middlewares/FatFs/ff_gen_drv.o"
arm-none-eabi-gcc "/Users/liufangzheng/STM32Cube/Repository/STM32Cube_FW_F7_V1.17.3/Middlewares/Third_Party/FatFs/src/option/syscall.c" -mcpu=cortex-m7 -std=gnu11 -g3 -DDEBUG -DUSE_HAL_DRIVER -DSTM32F722xx -c -I../Core/Inc -I/Users/liufangzheng/STM32Cube/Repository/STM32Cube_FW_F7_V1.17.3/Drivers/STM32F7xx_HAL_Driver/Inc -I/Users/liufangzheng/STM32Cube/Repository/STM32Cube_FW_F7_V1.17.3/Drivers/STM32F7xx_HAL_Driver/Inc/Legacy -I/Users/liufangzheng/STM32Cube/Repository/STM32Cube_FW_F7_V1.17.3/Drivers/CMSIS/Device/ST/STM32F7xx/Include -I/Users/liufangzheng/STM32Cube/Repository/STM32Cube_FW_F7_V1.17.3/Drivers/CMSIS/Include -I../FATFS/Target -I../FATFS/App -I../USB_DEVICE/App -I../USB_DEVICE/Target -I/Users/liufangzheng/STM32Cube/Repository/STM32Cube_FW_F7_V1.17.3/Middlewares/Third_Party/FatFs/src -I/Users/liufangzheng/STM32Cube/Repository/STM32Cube_FW_F7_V1.17.3/Middlewares/ST/STM32_USB_Device_Library/Core/Inc -I/Users/liufangzheng/STM32Cube/Repository/STM32Cube_FW_F7_V1.17.3/Middlewares/ST/STM32_USB_Device_Library/Class/CDC/Inc -O0 -ffunction-sections -fdata-sections -Wall -fstack-usage -fcyclomatic-complexity -MMD -MP -MF"Middlewares/FatFs/syscall.d" -MT"Middlewares/FatFs/syscall.o" --specs=nano.specs -mfpu=fpv5-sp-d16 -mfloat-abi=hard -mthumb -o "Middlewares/FatFs/syscall.o"
arm-none-eabi-gcc "../FATFS/Target/user_diskio.c" -mcpu=cortex-m7 -std=gnu11 -g3 -DDEBUG -DUSE_HAL_DRIVER -DSTM32F722xx -c -I../Core/Inc -I/Users/liufangzheng/STM32Cube/Repository/STM32Cube_FW_F7_V1.17.3/Drivers/STM32F7xx_HAL_Driver/Inc -I/Users/liufangzheng/STM32Cube/Repository/STM32Cube_FW_F7_V1.17.3/Drivers/STM32F7xx_HAL_Driver/Inc/Legacy -I/Users/liufangzheng/STM32Cube/Repository/STM32Cube_FW_F7_V1.17.3/Drivers/CMSIS/Device/ST/STM32F7xx/Include -I/Users/liufangzheng/STM32Cube/Repository/STM32Cube_FW_F7_V1.17.3/Drivers/CMSIS/Include -I../FATFS/Target -I../FATFS/App -I../USB_DEVICE/App -I../USB_DEVICE/Target -I/Users/liufangzheng/STM32Cube/Repository/STM32Cube_FW_F7_V1.17.3/Middlewares/Third_Party/FatFs/src -I/Users/liufangzheng/STM32Cube/Repository/STM32Cube_FW_F7_V1.17.3/Middlewares/ST/STM32_USB_Device_Library/Core/Inc -I/Users/liufangzheng/STM32Cube/Repository/STM32Cube_FW_F7_V1.17.3/Middlewares/ST/STM32_USB_Device_Library/Class/CDC/Inc -O0 -ffunction-sections -fdata-sections -Wall -fstack-usage -fcyclomatic-complexity -MMD -MP -MF"FATFS/Target/user_diskio.d" -MT"FATFS/Target/user_diskio.o" --specs=nano.specs -mfpu=fpv5-sp-d16 -mfloat-abi=hard -mthumb -o "FATFS/Target/user_diskio.o"
arm-none-eabi-gcc "../FATFS/App/fatfs.c" -mcpu=cortex-m7 -std=gnu11 -g3 -DDEBUG -DUSE_HAL_DRIVER -DSTM32F722xx -c -I../Core/Inc -I/Users/liufangzheng/STM32Cube/Repository/STM32Cube_FW_F7_V1.17.3/Drivers/STM32F7xx_HAL_Driver/Inc -I/Users/liufangzheng/STM32Cube/Repository/STM32Cube_FW_F7_V1.17.3/Drivers/STM32F7xx_HAL_Driver/Inc/Legacy -I/Users/liufangzheng/STM32Cube/Repository/STM32Cube_FW_F7_V1.17.3/Drivers/CMSIS/Device/ST/STM32F7xx/Include -I/Users/liufangzheng/STM32Cube/Repository/STM32Cube_FW_F7_V1.17.3/Drivers/CMSIS/Include -I../FATFS/Target -I../FATFS/App -I../USB_DEVICE/App -I../USB_DEVICE/Target -I/Users/liufangzheng/STM32Cube/Repository/STM32Cube_FW_F7_V1.17.3/Middlewares/Third_Party/FatFs/src -I/Users/liufangzheng/STM32Cube/Repository/STM32Cube_FW_F7_V1.17.3/Middlewares/ST/STM32_USB_Device_Library/Core/Inc -I/Users/liufangzheng/STM32Cube/Repository/STM32Cube_FW_F7_V1.17.3/Middlewares/ST/STM32_USB_Device_Library/Class/CDC/Inc -O0 -ffunction-sections -fdata-sections -Wall -fstack-usage -fcyclomatic-complexity -MMD -MP -MF"FATFS/App/fatfs.d" -MT"FATFS/App/fatfs.o" --specs=nano.specs -mfpu=fpv5-sp-d16 -mfloat-abi=hard -mthumb -o "FATFS/App/fatfs.o"
arm-none-eabi-gcc "/Users/liufangzheng/STM32Cube/Repository/STM32Cube_FW_F7_V1.17.3/Drivers/STM32F7xx_HAL_Driver/Src/stm32f7xx_hal.c" -mcpu=cortex-m7 -std=gnu11 -g3 -DDEBUG -DUSE_HAL_DRIVER -DSTM32F722xx -c -I../Core/Inc -I/Users/liufangzheng/STM32Cube/Repository/STM32Cube_FW_F7_V1.17.3/Drivers/STM32F7xx_HAL_Driver/Inc -I/Users/liufangzheng/STM32Cube/Repository/STM32Cube_FW_F7_V1.17.3/Drivers/STM32F7xx_HAL_Driver/Inc/Legacy -I/Users/liufangzheng/STM32Cube/Repository/STM32Cube_FW_F7_V1.17.3/Drivers/CMSIS/Device/ST/STM32F7xx/Include -I/Users/liufangzheng/STM32Cube/Repository/STM32Cube_FW_F7_V1.17.3/Drivers/CMSIS/Include -I../FATFS/Target -I../FATFS/App -I../USB_DEVICE/App -I../USB_DEVICE/Target -I/Users/liufangzheng/STM32Cube/Repository/STM32Cube_FW_F7_V1.17.3/Middlewares/Third_Party/FatFs/src -I/Users/liufangzheng/STM32Cube/Repository/STM32Cube_FW_F7_V1.17.3/Middlewares/ST/STM32_USB_Device_Library/Core/Inc -I/Users/liufangzheng/STM32Cube/Repository/STM32Cube_FW_F7_V1.17.3/Middlewares/ST/STM32_USB_Device_Library/Class/CDC/Inc -O0 -ffunction-sections -fdata-sections -Wall -fstack-usage -fcyclomatic-complexity -MMD -MP -MF"Drivers/STM32F7xx_HAL_Driver/stm32f7xx_hal.d" -MT"Drivers/STM32F7xx_HAL_Driver/stm32f7xx_hal.o" --specs=nano.specs -mfpu=fpv5-sp-d16 -mfloat-abi=hard -mthumb -o "Drivers/STM32F7xx_HAL_Driver/stm32f7xx_hal.o"
arm-none-eabi-gcc "/Users/liufangzheng/STM32Cube/Repository/STM32Cube_FW_F7_V1.17.3/Drivers/STM32F7xx_HAL_Driver/Src/stm32f7xx_hal_cortex.c" -mcpu=cortex-m7 -std=gnu11 -g3 -DDEBUG -DUSE_HAL_DRIVER -DSTM32F722xx -c -I../Core/Inc -I/Users/liufangzheng/STM32Cube/Repository/STM32Cube_FW_F7_V1.17.3/Drivers/STM32F7xx_HAL_Driver/Inc -I/Users/liufangzheng/STM32Cube/Repository/STM32Cube_FW_F7_V1.17.3/Drivers/STM32F7xx_HAL_Driver/Inc/Legacy -I/Users/liufangzheng/STM32Cube/Repository/STM32Cube_FW_F7_V1.17.3/Drivers/CMSIS/Device/ST/STM32F7xx/Include -I/Users/liufangzheng/STM32Cube/Repository/STM32Cube_FW_F7_V1.17.3/Drivers/CMSIS/Include -I../FATFS/Target -I../FATFS/App -I../USB_DEVICE/App -I../USB_DEVICE/Target -I/Users/liufangzheng/STM32Cube/Repository/STM32Cube_FW_F7_V1.17.3/Middlewares/Third_Party/FatFs/src -I/Users/liufangzheng/STM32Cube/Repository/STM32Cube_FW_F7_V1.17.3/Middlewares/ST/STM32_USB_Device_Library/Core/Inc -I/Users/liufangzheng/STM32Cube/Repository/STM32Cube_FW_F7_V1.17.3/Middlewares/ST/STM32_USB_Device_Library/Class/CDC/Inc -O0 -ffunction-sections -fdata-sections -Wall -fstack-usage -fcyclomatic-complexity -MMD -MP -MF"Drivers/STM32F7xx_HAL_Driver/stm32f7xx_hal_cortex.d" -MT"Drivers/STM32F7xx_HAL_Driver/stm32f7xx_hal_cortex.o" --specs=nano.specs -mfpu=fpv5-sp-d16 -mfloat-abi=hard -mthumb -o "Drivers/STM32F7xx_HAL_Driver/stm32f7xx_hal_cortex.o"
arm-none-eabi-gcc "/Users/liufangzheng/STM32Cube/Repository/STM32Cube_FW_F7_V1.17.3/Drivers/STM32F7xx_HAL_Driver/Src/stm32f7xx_hal_dma.c" -mcpu=cortex-m7 -std=gnu11 -g3 -DDEBUG -DUSE_HAL_DRIVER -DSTM32F722xx -c -I../Core/Inc -I/Users/liufangzheng/STM32Cube/Repository/STM32Cube_FW_F7_V1.17.3/Drivers/STM32F7xx_HAL_Driver/Inc -I/Users/liufangzheng/STM32Cube/Repository/STM32Cube_FW_F7_V1.17.3/Drivers/STM32F7xx_HAL_Driver/Inc/Legacy -I/Users/liufangzheng/STM32Cube/Repository/STM32Cube_FW_F7_V1.17.3/Drivers/CMSIS/Device/ST/STM32F7xx/Include -I/Users/liufangzheng/STM32Cube/Repository/STM32Cube_FW_F7_V1.17.3/Drivers/CMSIS/Include -I../FATFS/Target -I../FATFS/App -I../USB_DEVICE/App -I../USB_DEVICE/Target -I/Users/liufangzheng/STM32Cube/Repository/STM32Cube_FW_F7_V1.17.3/Middlewares/Third_Party/FatFs/src -I/Users/liufangzheng/STM32Cube/Repository/STM32Cube_FW_F7_V1.17.3/Middlewares/ST/STM32_USB_Device_Library/Core/Inc -I/Users/liufangzheng/STM32Cube/Repository/STM32Cube_FW_F7_V1.17.3/Middlewares/ST/STM32_USB_Device_Library/Class/CDC/Inc -O0 -ffunction-sections -fdata-sections -Wall -fstack-usage -fcyclomatic-complexity -MMD -MP -MF"Drivers/STM32F7xx_HAL_Driver/stm32f7xx_hal_dma.d" -MT"Drivers/STM32F7xx_HAL_Driver/stm32f7xx_hal_dma.o" --specs=nano.specs -mfpu=fpv5-sp-d16 -mfloat-abi=hard -mthumb -o "Drivers/STM32F7xx_HAL_Driver/stm32f7xx_hal_dma.o"
arm-none-eabi-gcc "/Users/liufangzheng/STM32Cube/Repository/STM32Cube_FW_F7_V1.17.3/Drivers/STM32F7xx_HAL_Driver/Src/stm32f7xx_hal_dma_ex.c" -mcpu=cortex-m7 -std=gnu11 -g3 -DDEBUG -DUSE_HAL_DRIVER -DSTM32F722xx -c -I../Core/Inc -I/Users/liufangzheng/STM32Cube/Repository/STM32Cube_FW_F7_V1.17.3/Drivers/STM32F7xx_HAL_Driver/Inc -I/Users/liufangzheng/STM32Cube/Repository/STM32Cube_FW_F7_V1.17.3/Drivers/STM32F7xx_HAL_Driver/Inc/Legacy -I/Users/liufangzheng/STM32Cube/Repository/STM32Cube_FW_F7_V1.17.3/Drivers/CMSIS/Device/ST/STM32F7xx/Include -I/Users/liufangzheng/STM32Cube/Repository/STM32Cube_FW_F7_V1.17.3/Drivers/CMSIS/Include -I../FATFS/Target -I../FATFS/App -I../USB_DEVICE/App -I../USB_DEVICE/Target -I/Users/liufangzheng/STM32Cube/Repository/STM32Cube_FW_F7_V1.17.3/Middlewares/Third_Party/FatFs/src -I/Users/liufangzheng/STM32Cube/Repository/STM32Cube_FW_F7_V1.17.3/Middlewares/ST/STM32_USB_Device_Library/Core/Inc -I/Users/liufangzheng/STM32Cube/Repository/STM32Cube_FW_F7_V1.17.3/Middlewares/ST/STM32_USB_Device_Library/Class/CDC/Inc -O0 -ffunction-sections -fdata-sections -Wall -fstack-usage -fcyclomatic-complexity -MMD -MP -MF"Drivers/STM32F7xx_HAL_Driver/stm32f7xx_hal_dma_ex.d" -MT"Drivers/STM32F7xx_HAL_Driver/stm32f7xx_hal_dma_ex.o" --specs=nano.specs -mfpu=fpv5-sp-d16 -mfloat-abi=hard -mthumb -o "Drivers/STM32F7xx_HAL_Driver/stm32f7xx_hal_dma_ex.o"
arm-none-eabi-gcc "/Users/liufangzheng/STM32Cube/Repository/STM32Cube_FW_F7_V1.17.3/Drivers/STM32F7xx_HAL_Driver/Src/stm32f7xx_hal_exti.c" -mcpu=cortex-m7 -std=gnu11 -g3 -DDEBUG -DUSE_HAL_DRIVER -DSTM32F722xx -c -I../Core/Inc -I/Users/liufangzheng/STM32Cube/Repository/STM32Cube_FW_F7_V1.17.3/Drivers/STM32F7xx_HAL_Driver/Inc -I/Users/liufangzheng/STM32Cube/Repository/STM32Cube_FW_F7_V1.17.3/Drivers/STM32F7xx_HAL_Driver/Inc/Legacy -I/Users/liufangzheng/STM32Cube/Repository/STM32Cube_FW_F7_V1.17.3/Drivers/CMSIS/Device/ST/STM32F7xx/Include -I/Users/liufangzheng/STM32Cube/Repository/STM32Cube_FW_F7_V1.17.3/Drivers/CMSIS/Include -I../FATFS/Target -I../FATFS/App -I../USB_DEVICE/App -I../USB_DEVICE/Target -I/Users/liufangzheng/STM32Cube/Repository/STM32Cube_FW_F7_V1.17.3/Middlewares/Third_Party/FatFs/src -I/Users/liufangzheng/STM32Cube/Repository/STM32Cube_FW_F7_V1.17.3/Middlewares/ST/STM32_USB_Device_Library/Core/Inc -I/Users/liufangzheng/STM32Cube/Repository/STM32Cube_FW_F7_V1.17.3/Middlewares/ST/STM32_USB_Device_Library/Class/CDC/Inc -O0 -ffunction-sections -fdata-sections -Wall -fstack-usage -fcyclomatic-complexity -MMD -MP -MF"Drivers/STM32F7xx_HAL_Driver/stm32f7xx_hal_exti.d" -MT"Drivers/STM32F7xx_HAL_Driver/stm32f7xx_hal_exti.o" --specs=nano.specs -mfpu=fpv5-sp-d16 -mfloat-abi=hard -mthumb -o "Drivers/STM32F7xx_HAL_Driver/stm32f7xx_hal_exti.o"
arm-none-eabi-gcc "/Users/liufangzheng/STM32Cube/Repository/STM32Cube_FW_F7_V1.17.3/Drivers/STM32F7xx_HAL_Driver/Src/stm32f7xx_hal_flash.c" -mcpu=cortex-m7 -std=gnu11 -g3 -DDEBUG -DUSE_HAL_DRIVER -DSTM32F722xx -c -I../Core/Inc -I/Users/liufangzheng/STM32Cube/Repository/STM32Cube_FW_F7_V1.17.3/Drivers/STM32F7xx_HAL_Driver/Inc -I/Users/liufangzheng/STM32Cube/Repository/STM32Cube_FW_F7_V1.17.3/Drivers/STM32F7xx_HAL_Driver/Inc/Legacy -I/Users/liufangzheng/STM32Cube/Repository/STM32Cube_FW_F7_V1.17.3/Drivers/CMSIS/Device/ST/STM32F7xx/Include -I/Users/liufangzheng/STM32Cube/Repository/STM32Cube_FW_F7_V1.17.3/Drivers/CMSIS/Include -I../FATFS/Target -I../FATFS/App -I../USB_DEVICE/App -I../USB_DEVICE/Target -I/Users/liufangzheng/STM32Cube/Repository/STM32Cube_FW_F7_V1.17.3/Middlewares/Third_Party/FatFs/src -I/Users/liufangzheng/STM32Cube/Repository/STM32Cube_FW_F7_V1.17.3/Middlewares/ST/STM32_USB_Device_Library/Core/Inc -I/Users/liufangzheng/STM32Cube/Repository/STM32Cube_FW_F7_V1.17.3/Middlewares/ST/STM32_USB_Device_Library/Class/CDC/Inc -O0 -ffunction-sections -fdata-sections -Wall -fstack-usage -fcyclomatic-complexity -MMD -MP -MF"Drivers/STM32F7xx_HAL_Driver/stm32f7xx_hal_flash.d" -MT"Drivers/STM32F7xx_HAL_Driver/stm32f7xx_hal_flash.o" --specs=nano.specs -mfpu=fpv5-sp-d16 -mfloat-abi=hard -mthumb -o "Drivers/STM32F7xx_HAL_Driver/stm32f7xx_hal_flash.o"
arm-none-eabi-gcc "/Users/liufangzheng/STM32Cube/Repository/STM32Cube_FW_F7_V1.17.3/Drivers/STM32F7xx_HAL_Driver/Src/stm32f7xx_hal_flash_ex.c" -mcpu=cortex-m7 -std=gnu11 -g3 -DDEBUG -DUSE_HAL_DRIVER -DSTM32F722xx -c -I../Core/Inc -I/Users/liufangzheng/STM32Cube/Repository/STM32Cube_FW_F7_V1.17.3/Drivers/STM32F7xx_HAL_Driver/Inc -I/Users/liufangzheng/STM32Cube/Repository/STM32Cube_FW_F7_V1.17.3/Drivers/STM32F7xx_HAL_Driver/Inc/Legacy -I/Users/liufangzheng/STM32Cube/Repository/STM32Cube_FW_F7_V1.17.3/Drivers/CMSIS/Device/ST/STM32F7xx/Include -I/Users/liufangzheng/STM32Cube/Repository/STM32Cube_FW_F7_V1.17.3/Drivers/CMSIS/Include -I../FATFS/Target -I../FATFS/App -I../USB_DEVICE/App -I../USB_DEVICE/Target -I/Users/liufangzheng/STM32Cube/Repository/STM32Cube_FW_F7_V1.17.3/Middlewares/Third_Party/FatFs/src -I/Users/liufangzheng/STM32Cube/Repository/STM32Cube_FW_F7_V1.17.3/Middlewares/ST/STM32_USB_Device_Library/Core/Inc -I/Users/liufangzheng/STM32Cube/Repository/STM32Cube_FW_F7_V1.17.3/Middlewares/ST/STM32_USB_Device_Library/Class/CDC/Inc -O0 -ffunction-sections -fdata-sections -Wall -fstack-usage -fcyclomatic-complexity -MMD -MP -MF"Drivers/STM32F7xx_HAL_Driver/stm32f7xx_hal_flash_ex.d" -MT"Drivers/STM32F7xx_HAL_Driver/stm32f7xx_hal_flash_ex.o" --specs=nano.specs -mfpu=fpv5-sp-d16 -mfloat-abi=hard -mthumb -o "Drivers/STM32F7xx_HAL_Driver/stm32f7xx_hal_flash_ex.o"
arm-none-eabi-gcc "/Users/liufangzheng/STM32Cube/Repository/STM32Cube_FW_F7_V1.17.3/Drivers/STM32F7xx_HAL_Driver/Src/stm32f7xx_hal_gpio.c" -mcpu=cortex-m7 -std=gnu11 -g3 -DDEBUG -DUSE_HAL_DRIVER -DSTM32F722xx -c -I../Core/Inc -I/Users/liufangzheng/STM32Cube/Repository/STM32Cube_FW_F7_V1.17.3/Drivers/STM32F7xx_HAL_Driver/Inc -I/Users/liufangzheng/STM32Cube/Repository/STM32Cube_FW_F7_V1.17.3/Drivers/STM32F7xx_HAL_Driver/Inc/Legacy -I/Users/liufangzheng/STM32Cube/Repository/STM32Cube_FW_F7_V1.17.3/Drivers/CMSIS/Device/ST/STM32F7xx/Include -I/Users/liufangzheng/STM32Cube/Repository/STM32Cube_FW_F7_V1.17.3/Drivers/CMSIS/Include -I../FATFS/Target -I../FATFS/App -I../USB_DEVICE/App -I../USB_DEVICE/Target -I/Users/liufangzheng/STM32Cube/Repository/STM32Cube_FW_F7_V1.17.3/Middlewares/Third_Party/FatFs/src -I/Users/liufangzheng/STM32Cube/Repository/STM32Cube_FW_F7_V1.17.3/Middlewares/ST/STM32_USB_Device_Library/Core/Inc -I/Users/liufangzheng/STM32Cube/Repository/STM32Cube_FW_F7_V1.17.3/Middlewares/ST/STM32_USB_Device_Library/Class/CDC/Inc -O0 -ffunction-sections -fdata-sections -Wall -fstack-usage -fcyclomatic-complexity -MMD -MP -MF"Drivers/STM32F7xx_HAL_Driver/stm32f7xx_hal_gpio.d" -MT"Drivers/STM32F7xx_HAL_Driver/stm32f7xx_hal_gpio.o" --specs=nano.specs -mfpu=fpv5-sp-d16 -mfloat-abi=hard -mthumb -o "Drivers/STM32F7xx_HAL_Driver/stm32f7xx_hal_gpio.o"
arm-none-eabi-gcc "/Users/liufangzheng/STM32Cube/Repository/STM32Cube_FW_F7_V1.17.3/Drivers/STM32F7xx_HAL_Driver/Src/stm32f7xx_hal_i2c.c" -mcpu=cortex-m7 -std=gnu11 -g3 -DDEBUG -DUSE_HAL_DRIVER -DSTM32F722xx -c -I../Core/Inc -I/Users/liufangzheng/STM32Cube/Repository/STM32Cube_FW_F7_V1.17.3/Drivers/STM32F7xx_HAL_Driver/Inc -I/Users/liufangzheng/STM32Cube/Repository/STM32Cube_FW_F7_V1.17.3/Drivers/STM32F7xx_HAL_Driver/Inc/Legacy -I/Users/liufangzheng/STM32Cube/Repository/STM32Cube_FW_F7_V1.17.3/Drivers/CMSIS/Device/ST/STM32F7xx/Include -I/Users/liufangzheng/STM32Cube/Repository/STM32Cube_FW_F7_V1.17.3/Drivers/CMSIS/Include -I../FATFS/Target -I../FATFS/App -I../USB_DEVICE/App -I../USB_DEVICE/Target -I/Users/liufangzheng/STM32Cube/Repository/STM32Cube_FW_F7_V1.17.3/Middlewares/Third_Party/FatFs/src -I/Users/liufangzheng/STM32Cube/Repository/STM32Cube_FW_F7_V1.17.3/Middlewares/ST/STM32_USB_Device_Library/Core/Inc -I/Users/liufangzheng/STM32Cube/Repository/STM32Cube_FW_F7_V1.17.3/Middlewares/ST/STM32_USB_Device_Library/Class/CDC/Inc -O0 -ffunction-sections -fdata-sections -Wall -fstack-usage -fcyclomatic-complexity -MMD -MP -MF"Drivers/STM32F7xx_HAL_Driver/stm32f7xx_hal_i2c.d" -MT"Drivers/STM32F7xx_HAL_Driver/stm32f7xx_hal_i2c.o" --specs=nano.specs -mfpu=fpv5-sp-d16 -mfloat-abi=hard -mthumb -o "Drivers/STM32F7xx_HAL_Driver/stm32f7xx_hal_i2c.o"
arm-none-eabi-gcc "/Users/liufangzheng/STM32Cube/Repository/STM32Cube_FW_F7_V1.17.3/Drivers/STM32F7xx_HAL_Driver/Src/stm32f7xx_hal_i2c_ex.c" -mcpu=cortex-m7 -std=gnu11 -g3 -DDEBUG -DUSE_HAL_DRIVER -DSTM32F722xx -c -I../Core/Inc -I/Users/liufangzheng/STM32Cube/Repository/STM32Cube_FW_F7_V1.17.3/Drivers/STM32F7xx_HAL_Driver/Inc -I/Users/liufangzheng/STM32Cube/Repository/STM32Cube_FW_F7_V1.17.3/Drivers/STM32F7xx_HAL_Driver/Inc/Legacy -I/Users/liufangzheng/STM32Cube/Repository/STM32Cube_FW_F7_V1.17.3/Drivers/CMSIS/Device/ST/STM32F7xx/Include -I/Users/liufangzheng/STM32Cube/Repository/STM32Cube_FW_F7_V1.17.3/Drivers/CMSIS/Include -I../FATFS/Target -I../FATFS/App -I../USB_DEVICE/App -I../USB_DEVICE/Target -I/Users/liufangzheng/STM32Cube/Repository/STM32Cube_FW_F7_V1.17.3/Middlewares/Third_Party/FatFs/src -I/Users/liufangzheng/STM32Cube/Repository/STM32Cube_FW_F7_V1.17.3/Middlewares/ST/STM32_USB_Device_Library/Core/Inc -I/Users/liufangzheng/STM32Cube/Repository/STM32Cube_FW_F7_V1.17.3/Middlewares/ST/STM32_USB_Device_Library/Class/CDC/Inc -O0 -ffunction-sections -fdata-sections -Wall -fstack-usage -fcyclomatic-complexity -MMD -MP -MF"Drivers/STM32F7xx_HAL_Driver/stm32f7xx_hal_i2c_ex.d" -MT"Drivers/STM32F7xx_HAL_Driver/stm32f7xx_hal_i2c_ex.o" --specs=nano.specs -mfpu=fpv5-sp-d16 -mfloat-abi=hard -mthumb -o "Drivers/STM32F7xx_HAL_Driver/stm32f7xx_hal_i2c_ex.o"
arm-none-eabi-gcc "/Users/liufangzheng/STM32Cube/Repository/STM32Cube_FW_F7_V1.17.3/Drivers/STM32F7xx_HAL_Driver/Src/stm32f7xx_hal_pcd.c" -mcpu=cortex-m7 -std=gnu11 -g3 -DDEBUG -DUSE_HAL_DRIVER -DSTM32F722xx -c -I../Core/Inc -I/Users/liufangzheng/STM32Cube/Repository/STM32Cube_FW_F7_V1.17.3/Drivers/STM32F7xx_HAL_Driver/Inc -I/Users/liufangzheng/STM32Cube/Repository/STM32Cube_FW_F7_V1.17.3/Drivers/STM32F7xx_HAL_Driver/Inc/Legacy -I/Users/liufangzheng/STM32Cube/Repository/STM32Cube_FW_F7_V1.17.3/Drivers/CMSIS/Device/ST/STM32F7xx/Include -I/Users/liufangzheng/STM32Cube/Repository/STM32Cube_FW_F7_V1.17.3/Drivers/CMSIS/Include -I../FATFS/Target -I../FATFS/App -I../USB_DEVICE/App -I../USB_DEVICE/Target -I/Users/liufangzheng/STM32Cube/Repository/STM32Cube_FW_F7_V1.17.3/Middlewares/Third_Party/FatFs/src -I/Users/liufangzheng/STM32Cube/Repository/STM32Cube_FW_F7_V1.17.3/Middlewares/ST/STM32_USB_Device_Library/Core/Inc -I/Users/liufangzheng/STM32Cube/Repository/STM32Cube_FW_F7_V1.17.3/Middlewares/ST/STM32_USB_Device_Library/Class/CDC/Inc -O0 -ffunction-sections -fdata-sections -Wall -fstack-usage -fcyclomatic-complexity -MMD -MP -MF"Drivers/STM32F7xx_HAL_Driver/stm32f7xx_hal_pcd.d" -MT"Drivers/STM32F7xx_HAL_Driver/stm32f7xx_hal_pcd.o" --specs=nano.specs -mfpu=fpv5-sp-d16 -mfloat-abi=hard -mthumb -o "Drivers/STM32F7xx_HAL_Driver/stm32f7xx_hal_pcd.o"
arm-none-eabi-gcc "/Users/liufangzheng/STM32Cube/Repository/STM32Cube_FW_F7_V1.17.3/Drivers/STM32F7xx_HAL_Driver/Src/stm32f7xx_hal_pcd_ex.c" -mcpu=cortex-m7 -std=gnu11 -g3 -DDEBUG -DUSE_HAL_DRIVER -DSTM32F722xx -c -I../Core/Inc -I/Users/liufangzheng/STM32Cube/Repository/STM32Cube_FW_F7_V1.17.3/Drivers/STM32F7xx_HAL_Driver/Inc -I/Users/liufangzheng/STM32Cube/Repository/STM32Cube_FW_F7_V1.17.3/Drivers/STM32F7xx_HAL_Driver/Inc/Legacy -I/Users/liufangzheng/STM32Cube/Repository/STM32Cube_FW_F7_V1.17.3/Drivers/CMSIS/Device/ST/STM32F7xx/Include -I/Users/liufangzheng/STM32Cube/Repository/STM32Cube_FW_F7_V1.17.3/Drivers/CMSIS/Include -I../FATFS/Target -I../FATFS/App -I../USB_DEVICE/App -I../USB_DEVICE/Target -I/Users/liufangzheng/STM32Cube/Repository/STM32Cube_FW_F7_V1.17.3/Middlewares/Third_Party/FatFs/src -I/Users/liufangzheng/STM32Cube/Repository/STM32Cube_FW_F7_V1.17.3/Middlewares/ST/STM32_USB_Device_Library/Core/Inc -I/Users/liufangzheng/STM32Cube/Repository/STM32Cube_FW_F7_V1.17.3/Middlewares/ST/STM32_USB_Device_Library/Class/CDC/Inc -O0 -ffunction-sections -fdata-sections -Wall -fstack-usage -fcyclomatic-complexity -MMD -MP -MF"Drivers/STM32F7xx_HAL_Driver/stm32f7xx_hal_pcd_ex.d" -MT"Drivers/STM32F7xx_HAL_Driver/stm32f7xx_hal_pcd_ex.o" --specs=nano.specs -mfpu=fpv5-sp-d16 -mfloat-abi=hard -mthumb -o "Drivers/STM32F7xx_HAL_Driver/stm32f7xx_hal_pcd_ex.o"
arm-none-eabi-gcc "/Users/liufangzheng/STM32Cube/Repository/STM32Cube_FW_F7_V1.17.3/Drivers/STM32F7xx_HAL_Driver/Src/stm32f7xx_hal_pwr.c" -mcpu=cortex-m7 -std=gnu11 -g3 -DDEBUG -DUSE_HAL_DRIVER -DSTM32F722xx -c -I../Core/Inc -I/Users/liufangzheng/STM32Cube/Repository/STM32Cube_FW_F7_V1.17.3/Drivers/STM32F7xx_HAL_Driver/Inc -I/Users/liufangzheng/STM32Cube/Repository/STM32Cube_FW_F7_V1.17.3/Drivers/STM32F7xx_HAL_Driver/Inc/Legacy -I/Users/liufangzheng/STM32Cube/Repository/STM32Cube_FW_F7_V1.17.3/Drivers/CMSIS/Device/ST/STM32F7xx/Include -I/Users/liufangzheng/STM32Cube/Repository/STM32Cube_FW_F7_V1.17.3/Drivers/CMSIS/Include -I../FATFS/Target -I../FATFS/App -I../USB_DEVICE/App -I../USB_DEVICE/Target -I/Users/liufangzheng/STM32Cube/Repository/STM32Cube_FW_F7_V1.17.3/Middlewares/Third_Party/FatFs/src -I/Users/liufangzheng/STM32Cube/Repository/STM32Cube_FW_F7_V1.17.3/Middlewares/ST/STM32_USB_Device_Library/Core/Inc -I/Users/liufangzheng/STM32Cube/Repository/STM32Cube_FW_F7_V1.17.3/Middlewares/ST/STM32_USB_Device_Library/Class/CDC/Inc -O0 -ffunction-sections -fdata-sections -Wall -fstack-usage -fcyclomatic-complexity -MMD -MP -MF"Drivers/STM32F7xx_HAL_Driver/stm32f7xx_hal_pwr.d" -MT"Drivers/STM32F7xx_HAL_Driver/stm32f7xx_hal_pwr.o" --specs=nano.specs -mfpu=fpv5-sp-d16 -mfloat-abi=hard -mthumb -o "Drivers/STM32F7xx_HAL_Driver/stm32f7xx_hal_pwr.o"
arm-none-eabi-gcc "/Users/liufangzheng/STM32Cube/Repository/STM32Cube_FW_F7_V1.17.3/Drivers/STM32F7xx_HAL_Driver/Src/stm32f7xx_hal_pwr_ex.c" -mcpu=cortex-m7 -std=gnu11 -g3 -DDEBUG -DUSE_HAL_DRIVER -DSTM32F722xx -c -I../Core/Inc -I/Users/liufangzheng/STM32Cube/Repository/STM32Cube_FW_F7_V1.17.3/Drivers/STM32F7xx_HAL_Driver/Inc -I/Users/liufangzheng/STM32Cube/Repository/STM32Cube_FW_F7_V1.17.3/Drivers/STM32F7xx_HAL_Driver/Inc/Legacy -I/Users/liufangzheng/STM32Cube/Repository/STM32Cube_FW_F7_V1.17.3/Drivers/CMSIS/Device/ST/STM32F7xx/Include -I/Users/liufangzheng/STM32Cube/Repository/STM32Cube_FW_F7_V1.17.3/Drivers/CMSIS/Include -I../FATFS/Target -I../FATFS/App -I../USB_DEVICE/App -I../USB_DEVICE/Target -I/Users/liufangzheng/STM32Cube/Repository/STM32Cube_FW_F7_V1.17.3/Middlewares/Third_Party/FatFs/src -I/Users/liufangzheng/STM32Cube/Repository/STM32Cube_FW_F7_V1.17.3/Middlewares/ST/STM32_USB_Device_Library/Core/Inc -I/Users/liufangzheng/STM32Cube/Repository/STM32Cube_FW_F7_V1.17.3/Middlewares/ST/STM32_USB_Device_Library/Class/CDC/Inc -O0 -ffunction-sections -fdata-sections -Wall -fstack-usage -fcyclomatic-complexity -MMD -MP -MF"Drivers/STM32F7xx_HAL_Driver/stm32f7xx_hal_pwr_ex.d" -MT"Drivers/STM32F7xx_HAL_Driver/stm32f7xx_hal_pwr_ex.o" --specs=nano.specs -mfpu=fpv5-sp-d16 -mfloat-abi=hard -mthumb -o "Drivers/STM32F7xx_HAL_Driver/stm32f7xx_hal_pwr_ex.o"
arm-none-eabi-gcc "/Users/liufangzheng/STM32Cube/Repository/STM32Cube_FW_F7_V1.17.3/Drivers/STM32F7xx_HAL_Driver/Src/stm32f7xx_hal_rcc.c" -mcpu=cortex-m7 -std=gnu11 -g3 -DDEBUG -DUSE_HAL_DRIVER -DSTM32F722xx -c -I../Core/Inc -I/Users/liufangzheng/STM32Cube/Repository/STM32Cube_FW_F7_V1.17.3/Drivers/STM32F7xx_HAL_Driver/Inc -I/Users/liufangzheng/STM32Cube/Repository/STM32Cube_FW_F7_V1.17.3/Drivers/STM32F7xx_HAL_Driver/Inc/Legacy -I/Users/liufangzheng/STM32Cube/Repository/STM32Cube_FW_F7_V1.17.3/Drivers/CMSIS/Device/ST/STM32F7xx/Include -I/Users/liufangzheng/STM32Cube/Repository/STM32Cube_FW_F7_V1.17.3/Drivers/CMSIS/Include -I../FATFS/Target -I../FATFS/App -I../USB_DEVICE/App -I../USB_DEVICE/Target -I/Users/liufangzheng/STM32Cube/Repository/STM32Cube_FW_F7_V1.17.3/Middlewares/Third_Party/FatFs/src -I/Users/liufangzheng/STM32Cube/Repository/STM32Cube_FW_F7_V1.17.3/Middlewares/ST/STM32_USB_Device_Library/Core/Inc -I/Users/liufangzheng/STM32Cube/Repository/STM32Cube_FW_F7_V1.17.3/Middlewares/ST/STM32_USB_Device_Library/Class/CDC/Inc -O0 -ffunction-sections -fdata-sections -Wall -fstack-usage -fcyclomatic-complexity -MMD -MP -MF"Drivers/STM32F7xx_HAL_Driver/stm32f7xx_hal_rcc.d" -MT"Drivers/STM32F7xx_HAL_Driver/stm32f7xx_hal_rcc.o" --specs=nano.specs -mfpu=fpv5-sp-d16 -mfloat-abi=hard -mthumb -o "Drivers/STM32F7xx_HAL_Driver/stm32f7xx_hal_rcc.o"
arm-none-eabi-gcc "/Users/liufangzheng/STM32Cube/Repository/STM32Cube_FW_F7_V1.17.3/Drivers/STM32F7xx_HAL_Driver/Src/stm32f7xx_hal_rcc_ex.c" -mcpu=cortex-m7 -std=gnu11 -g3 -DDEBUG -DUSE_HAL_DRIVER -DSTM32F722xx -c -I../Core/Inc -I/Users/liufangzheng/STM32Cube/Repository/STM32Cube_FW_F7_V1.17.3/Drivers/STM32F7xx_HAL_Driver/Inc -I/Users/liufangzheng/STM32Cube/Repository/STM32Cube_FW_F7_V1.17.3/Drivers/STM32F7xx_HAL_Driver/Inc/Legacy -I/Users/liufangzheng/STM32Cube/Repository/STM32Cube_FW_F7_V1.17.3/Drivers/CMSIS/Device/ST/STM32F7xx/Include -I/Users/liufangzheng/STM32Cube/Repository/STM32Cube_FW_F7_V1.17.3/Drivers/CMSIS/Include -I../FATFS/Target -I../FATFS/App -I../USB_DEVICE/App -I../USB_DEVICE/Target -I/Users/liufangzheng/STM32Cube/Repository/STM32Cube_FW_F7_V1.17.3/Middlewares/Third_Party/FatFs/src -I/Users/liufangzheng/STM32Cube/Repository/STM32Cube_FW_F7_V1.17.3/Middlewares/ST/STM32_USB_Device_Library/Core/Inc -I/Users/liufangzheng/STM32Cube/Repository/STM32Cube_FW_F7_V1.17.3/Middlewares/ST/STM32_USB_Device_Library/Class/CDC/Inc -O0 -ffunction-sections -fdata-sections -Wall -fstack-usage -fcyclomatic-complexity -MMD -MP -MF"Drivers/STM32F7xx_HAL_Driver/stm32f7xx_hal_rcc_ex.d" -MT"Drivers/STM32F7xx_HAL_Driver/stm32f7xx_hal_rcc_ex.o" --specs=nano.specs -mfpu=fpv5-sp-d16 -mfloat-abi=hard -mthumb -o "Drivers/STM32F7xx_HAL_Driver/stm32f7xx_hal_rcc_ex.o"
arm-none-eabi-gcc "/Users/liufangzheng/STM32Cube/Repository/STM32Cube_FW_F7_V1.17.3/Drivers/STM32F7xx_HAL_Driver/Src/stm32f7xx_hal_spi.c" -mcpu=cortex-m7 -std=gnu11 -g3 -DDEBUG -DUSE_HAL_DRIVER -DSTM32F722xx -c -I../Core/Inc -I/Users/liufangzheng/STM32Cube/Repository/STM32Cube_FW_F7_V1.17.3/Drivers/STM32F7xx_HAL_Driver/Inc -I/Users/liufangzheng/STM32Cube/Repository/STM32Cube_FW_F7_V1.17.3/Drivers/STM32F7xx_HAL_Driver/Inc/Legacy -I/Users/liufangzheng/STM32Cube/Repository/STM32Cube_FW_F7_V1.17.3/Drivers/CMSIS/Device/ST/STM32F7xx/Include -I/Users/liufangzheng/STM32Cube/Repository/STM32Cube_FW_F7_V1.17.3/Drivers/CMSIS/Include -I../FATFS/Target -I../FATFS/App -I../USB_DEVICE/App -I../USB_DEVICE/Target -I/Users/liufangzheng/STM32Cube/Repository/STM32Cube_FW_F7_V1.17.3/Middlewares/Third_Party/FatFs/src -I/Users/liufangzheng/STM32Cube/Repository/STM32Cube_FW_F7_V1.17.3/Middlewares/ST/STM32_USB_Device_Library/Core/Inc -I/Users/liufangzheng/STM32Cube/Repository/STM32Cube_FW_F7_V1.17.3/Middlewares/ST/STM32_USB_Device_Library/Class/CDC/Inc -O0 -ffunction-sections -fdata-sections -Wall -fstack-usage -fcyclomatic-complexity -MMD -MP -MF"Drivers/STM32F7xx_HAL_Driver/stm32f7xx_hal_spi.d" -MT"Drivers/STM32F7xx_HAL_Driver/stm32f7xx_hal_spi.o" --specs=nano.specs -mfpu=fpv5-sp-d16 -mfloat-abi=hard -mthumb -o "Drivers/STM32F7xx_HAL_Driver/stm32f7xx_hal_spi.o"
arm-none-eabi-gcc "/Users/liufangzheng/STM32Cube/Repository/STM32Cube_FW_F7_V1.17.3/Drivers/STM32F7xx_HAL_Driver/Src/stm32f7xx_hal_spi_ex.c" -mcpu=cortex-m7 -std=gnu11 -g3 -DDEBUG -DUSE_HAL_DRIVER -DSTM32F722xx -c -I../Core/Inc -I/Users/liufangzheng/STM32Cube/Repository/STM32Cube_FW_F7_V1.17.3/Drivers/STM32F7xx_HAL_Driver/Inc -I/Users/liufangzheng/STM32Cube/Repository/STM32Cube_FW_F7_V1.17.3/Drivers/STM32F7xx_HAL_Driver/Inc/Legacy -I/Users/liufangzheng/STM32Cube/Repository/STM32Cube_FW_F7_V1.17.3/Drivers/CMSIS/Device/ST/STM32F7xx/Include -I/Users/liufangzheng/STM32Cube/Repository/STM32Cube_FW_F7_V1.17.3/Drivers/CMSIS/Include -I../FATFS/Target -I../FATFS/App -I../USB_DEVICE/App -I../USB_DEVICE/Target -I/Users/liufangzheng/STM32Cube/Repository/STM32Cube_FW_F7_V1.17.3/Middlewares/Third_Party/FatFs/src -I/Users/liufangzheng/STM32Cube/Repository/STM32Cube_FW_F7_V1.17.3/Middlewares/ST/STM32_USB_Device_Library/Core/Inc -I/Users/liufangzheng/STM32Cube/Repository/STM32Cube_FW_F7_V1.17.3/Middlewares/ST/STM32_USB_Device_Library/Class/CDC/Inc -O0 -ffunction-sections -fdata-sections -Wall -fstack-usage -fcyclomatic-complexity -MMD -MP -MF"Drivers/STM32F7xx_HAL_Driver/stm32f7xx_hal_spi_ex.d" -MT"Drivers/STM32F7xx_HAL_Driver/stm32f7xx_hal_spi_ex.o" --specs=nano.specs -mfpu=fpv5-sp-d16 -mfloat-abi=hard -mthumb -o "Drivers/STM32F7xx_HAL_Driver/stm32f7xx_hal_spi_ex.o"
arm-none-eabi-gcc "/Users/liufangzheng/STM32Cube/Repository/STM32Cube_FW_F7_V1.17.3/Drivers/STM32F7xx_HAL_Driver/Src/stm32f7xx_ll_usb.c" -mcpu=cortex-m7 -std=gnu11 -g3 -DDEBUG -DUSE_HAL_DRIVER -DSTM32F722xx -c -I../Core/Inc -I/Users/liufangzheng/STM32Cube/Repository/STM32Cube_FW_F7_V1.17.3/Drivers/STM32F7xx_HAL_Driver/Inc -I/Users/liufangzheng/STM32Cube/Repository/STM32Cube_FW_F7_V1.17.3/Drivers/STM32F7xx_HAL_Driver/Inc/Legacy -I/Users/liufangzheng/STM32Cube/Repository/STM32Cube_FW_F7_V1.17.3/Drivers/CMSIS/Device/ST/STM32F7xx/Include -I/Users/liufangzheng/STM32Cube/Repository/STM32Cube_FW_F7_V1.17.3/Drivers/CMSIS/Include -I../FATFS/Target -I../FATFS/App -I../USB_DEVICE/App -I../USB_DEVICE/Target -I/Users/liufangzheng/STM32Cube/Repository/STM32Cube_FW_F7_V1.17.3/Middlewares/Third_Party/FatFs/src -I/Users/liufangzheng/STM32Cube/Repository/STM32Cube_FW_F7_V1.17.3/Middlewares/ST/STM32_USB_Device_Library/Core/Inc -I/Users/liufangzheng/STM32Cube/Repository/STM32Cube_FW_F7_V1.17.3/Middlewares/ST/STM32_USB_Device_Library/Class/CDC/Inc -O0 -ffunction-sections -fdata-sections -Wall -fstack-usage -fcyclomatic-complexity -MMD -MP -MF"Drivers/STM32F7xx_HAL_Driver/stm32f7xx_ll_usb.d" -MT"Drivers/STM32F7xx_HAL_Driver/stm32f7xx_ll_usb.o" --specs=nano.specs -mfpu=fpv5-sp-d16 -mfloat-abi=hard -mthumb -o "Drivers/STM32F7xx_HAL_Driver/stm32f7xx_ll_usb.o"
arm-none-eabi-gcc -mcpu=cortex-m7 -g3 -DDEBUG -c -x assembler-with-cpp -MMD -MP -MF"Core/Startup/startup_stm32f722retx.d" -MT"Core/Startup/startup_stm32f722retx.o" --specs=nano.specs -mfpu=fpv5-sp-d16 -mfloat-abi=hard -mthumb -o "Core/Startup/startup_stm32f722retx.o" "../Core/Startup/startup_stm32f722retx.s"
arm-none-eabi-gcc "../Core/Src/main.c" -mcpu=cortex-m7 -std=gnu11 -g3 -DDEBUG -DUSE_HAL_DRIVER -DSTM32F722xx -c -I../Core/Inc -I/Users/liufangzheng/STM32Cube/Repository/STM32Cube_FW_F7_V1.17.3/Drivers/STM32F7xx_HAL_Driver/Inc -I/Users/liufangzheng/STM32Cube/Repository/STM32Cube_FW_F7_V1.17.3/Drivers/STM32F7xx_HAL_Driver/Inc/Legacy -I/Users/liufangzheng/STM32Cube/Repository/STM32Cube_FW_F7_V1.17.3/Drivers/CMSIS/Device/ST/STM32F7xx/Include -I/Users/liufangzheng/STM32Cube/Repository/STM32Cube_FW_F7_V1.17.3/Drivers/CMSIS/Include -I../FATFS/Target -I../FATFS/App -I../USB_DEVICE/App -I../USB_DEVICE/Target -I/Users/liufangzheng/STM32Cube/Repository/STM32Cube_FW_F7_V1.17.3/Middlewares/Third_Party/FatFs/src -I/Users/liufangzheng/STM32Cube/Repository/STM32Cube_FW_F7_V1.17.3/Middlewares/ST/STM32_USB_Device_Library/Core/Inc -I/Users/liufangzheng/STM32Cube/Repository/STM32Cube_FW_F7_V1.17.3/Middlewares/ST/STM32_USB_Device_Library/Class/CDC/Inc -O0 -ffunction-sections -fdata-sections -Wall -fstack-usage -fcyclomatic-complexity -MMD -MP -MF"Core/Src/main.d" -MT"Core/Src/main.o" --specs=nano.specs -mfpu=fpv5-sp-d16 -mfloat-abi=hard -mthumb -o "Core/Src/main.o"
arm-none-eabi-gcc "../Core/Src/stm32f7xx_hal_msp.c" -mcpu=cortex-m7 -std=gnu11 -g3 -DDEBUG -DUSE_HAL_DRIVER -DSTM32F722xx -c -I../Core/Inc -I/Users/liufangzheng/STM32Cube/Repository/STM32Cube_FW_F7_V1.17.3/Drivers/STM32F7xx_HAL_Driver/Inc -I/Users/liufangzheng/STM32Cube/Repository/STM32Cube_FW_F7_V1.17.3/Drivers/STM32F7xx_HAL_Driver/Inc/Legacy -I/Users/liufangzheng/STM32Cube/Repository/STM32Cube_FW_F7_V1.17.3/Drivers/CMSIS/Device/ST/STM32F7xx/Include -I/Users/liufangzheng/STM32Cube/Repository/STM32Cube_FW_F7_V1.17.3/Drivers/CMSIS/Include -I../FATFS/Target -I../FATFS/App -I../USB_DEVICE/App -I../USB_DEVICE/Target -I/Users/liufangzheng/STM32Cube/Repository/STM32Cube_FW_F7_V1.17.3/Middlewares/Third_Party/FatFs/src -I/Users/liufangzheng/STM32Cube/Repository/STM32Cube_FW_F7_V1.17.3/Middlewares/ST/STM32_USB_Device_Library/Core/Inc -I/Users/liufangzheng/STM32Cube/Repository/STM32Cube_FW_F7_V1.17.3/Middlewares/ST/STM32_USB_Device_Library/Class/CDC/Inc -O0 -ffunction-sections -fdata-sections -Wall -fstack-usage -fcyclomatic-complexity -MMD -MP -MF"Core/Src/stm32f7xx_hal_msp.d" -MT"Core/Src/stm32f7xx_hal_msp.o" --specs=nano.specs -mfpu=fpv5-sp-d16 -mfloat-abi=hard -mthumb -o "Core/Src/stm32f7xx_hal_msp.o"
arm-none-eabi-gcc "../Core/Src/stm32f7xx_it.c" -mcpu=cortex-m7 -std=gnu11 -g3 -DDEBUG -DUSE_HAL_DRIVER -DSTM32F722xx -c -I../Core/Inc -I/Users/liufangzheng/STM32Cube/Repository/STM32Cube_FW_F7_V1.17.3/Drivers/STM32F7xx_HAL_Driver/Inc -I/Users/liufangzheng/STM32Cube/Repository/STM32Cube_FW_F7_V1.17.3/Drivers/STM32F7xx_HAL_Driver/Inc/Legacy -I/Users/liufangzheng/STM32Cube/Repository/STM32Cube_FW_F7_V1.17.3/Drivers/CMSIS/Device/ST/STM32F7xx/Include -I/Users/liufangzheng/STM32Cube/Repository/STM32Cube_FW_F7_V1.17.3/Drivers/CMSIS/Include -I../FATFS/Target -I../FATFS/App -I../USB_DEVICE/App -I../USB_DEVICE/Target -I/Users/liufangzheng/STM32Cube/Repository/STM32Cube_FW_F7_V1.17.3/Middlewares/Third_Party/FatFs/src -I/Users/liufangzheng/STM32Cube/Repository/STM32Cube_FW_F7_V1.17.3/Middlewares/ST/STM32_USB_Device_Library/Core/Inc -I/Users/liufangzheng/STM32Cube/Repository/STM32Cube_FW_F7_V1.17.3/Middlewares/ST/STM32_USB_Device_Library/Class/CDC/Inc -O0 -ffunction-sections -fdata-sections -Wall -fstack-usage -fcyclomatic-complexity -MMD -MP -MF"Core/Src/stm32f7xx_it.d" -MT"Core/Src/stm32f7xx_it.o" --specs=nano.specs -mfpu=fpv5-sp-d16 -mfloat-abi=hard -mthumb -o "Core/Src/stm32f7xx_it.o"
arm-none-eabi-gcc "../Core/Src/syscalls.c" -mcpu=cortex-m7 -std=gnu11 -g3 -DDEBUG -DUSE_HAL_DRIVER -DSTM32F722xx -c -I../Core/Inc -I/Users/liufangzheng/STM32Cube/Repository/STM32Cube_FW_F7_V1.17.3/Drivers/STM32F7xx_HAL_Driver/Inc -I/Users/liufangzheng/STM32Cube/Repository/STM32Cube_FW_F7_V1.17.3/Drivers/STM32F7xx_HAL_Driver/Inc/Legacy -I/Users/liufangzheng/STM32Cube/Repository/STM32Cube_FW_F7_V1.17.3/Drivers/CMSIS/Device/ST/STM32F7xx/Include -I/Users/liufangzheng/STM32Cube/Repository/STM32Cube_FW_F7_V1.17.3/Drivers/CMSIS/Include -I../FATFS/Target -I../FATFS/App -I../USB_DEVICE/App -I../USB_DEVICE/Target -I/Users/liufangzheng/STM32Cube/Repository/STM32Cube_FW_F7_V1.17.3/Middlewares/Third_Party/FatFs/src -I/Users/liufangzheng/STM32Cube/Repository/STM32Cube_FW_F7_V1.17.3/Middlewares/ST/STM32_USB_Device_Library/Core/Inc -I/Users/liufangzheng/STM32Cube/Repository/STM32Cube_FW_F7_V1.17.3/Middlewares/ST/STM32_USB_Device_Library/Class/CDC/Inc -O0 -ffunction-sections -fdata-sections -Wall -fstack-usage -fcyclomatic-complexity -MMD -MP -MF"Core/Src/syscalls.d" -MT"Core/Src/syscalls.o" --specs=nano.specs -mfpu=fpv5-sp-d16 -mfloat-abi=hard -mthumb -o "Core/Src/syscalls.o"
arm-none-eabi-gcc "../Core/Src/sysmem.c" -mcpu=cortex-m7 -std=gnu11 -g3 -DDEBUG -DUSE_HAL_DRIVER -DSTM32F722xx -c -I../Core/Inc -I/Users/liufangzheng/STM32Cube/Repository/STM32Cube_FW_F7_V1.17.3/Drivers/STM32F7xx_HAL_Driver/Inc -I/Users/liufangzheng/STM32Cube/Repository/STM32Cube_FW_F7_V1.17.3/Drivers/STM32F7xx_HAL_Driver/Inc/Legacy -I/Users/liufangzheng/STM32Cube/Repository/STM32Cube_FW_F7_V1.17.3/Drivers/CMSIS/Device/ST/STM32F7xx/Include -I/Users/liufangzheng/STM32Cube/Repository/STM32Cube_FW_F7_V1.17.3/Drivers/CMSIS/Include -I../FATFS/Target -I../FATFS/App -I../USB_DEVICE/App -I../USB_DEVICE/Target -I/Users/liufangzheng/STM32Cube/Repository/STM32Cube_FW_F7_V1.17.3/Middlewares/Third_Party/FatFs/src -I/Users/liufangzheng/STM32Cube/Repository/STM32Cube_FW_F7_V1.17.3/Middlewares/ST/STM32_USB_Device_Library/Core/Inc -I/Users/liufangzheng/STM32Cube/Repository/STM32Cube_FW_F7_V1.17.3/Middlewares/ST/STM32_USB_Device_Library/Class/CDC/Inc -O0 -ffunction-sections -fdata-sections -Wall -fstack-usage -fcyclomatic-complexity -MMD -MP -MF"Core/Src/sysmem.d" -MT"Core/Src/sysmem.o" --specs=nano.specs -mfpu=fpv5-sp-d16 -mfloat-abi=hard -mthumb -o "Core/Src/sysmem.o"
arm-none-eabi-gcc "../Core/Src/system_stm32f7xx.c" -mcpu=cortex-m7 -std=gnu11 -g3 -DDEBUG -DUSE_HAL_DRIVER -DSTM32F722xx -c -I../Core/Inc -I/Users/liufangzheng/STM32Cube/Repository/STM32Cube_FW_F7_V1.17.3/Drivers/STM32F7xx_HAL_Driver/Inc -I/Users/liufangzheng/STM32Cube/Repository/STM32Cube_FW_F7_V1.17.3/Drivers/STM32F7xx_HAL_Driver/Inc/Legacy -I/Users/liufangzheng/STM32Cube/Repository/STM32Cube_FW_F7_V1.17.3/Drivers/CMSIS/Device/ST/STM32F7xx/Include -I/Users/liufangzheng/STM32Cube/Repository/STM32Cube_FW_F7_V1.17.3/Drivers/CMSIS/Include -I../FATFS/Target -I../FATFS/App -I../USB_DEVICE/App -I../USB_DEVICE/Target -I/Users/liufangzheng/STM32Cube/Repository/STM32Cube_FW_F7_V1.17.3/Middlewares/Third_Party/FatFs/src -I/Users/liufangzheng/STM32Cube/Repository/STM32Cube_FW_F7_V1.17.3/Middlewares/ST/STM32_USB_Device_Library/Core/Inc -I/Users/liufangzheng/STM32Cube/Repository/STM32Cube_FW_F7_V1.17.3/Middlewares/ST/STM32_USB_Device_Library/Class/CDC/Inc -O0 -ffunction-sections -fdata-sections -Wall -fstack-usage -fcyclomatic-complexity -MMD -MP -MF"Core/Src/system_stm32f7xx.d" -MT"Core/Src/system_stm32f7xx.o" --specs=nano.specs -mfpu=fpv5-sp-d16 -mfloat-abi=hard -mthumb -o "Core/Src/system_stm32f7xx.o"
arm-none-eabi-gcc -o "lora.elf" @"objects.list"   -mcpu=cortex-m7 -T"/Users/liufangzheng/Documents/Lab/github/HexSense_MIT/firmware/STM32F722/lora/lora/STM32F722RETX_FLASH.ld" --specs=nosys.specs -Wl,-Map="lora.map" -Wl,--gc-sections -static --specs=nano.specs -mfpu=fpv5-sp-d16 -mfloat-abi=hard -mthumb -Wl,--start-group -lc -lm -Wl,--end-group
Finished building target: lora.elf
 
arm-none-eabi-size  lora.elf 
arm-none-eabi-objdump -h -S lora.elf  > "lora.list"
   text	   data	    bss	    dec	    hex	filename
  36036	    380	   8716	  45132	   b04c	lora.elf
Finished building: default.size.stdout
 
Finished building: lora.list
 
10:38:55 **** Incremental Build of configuration Debug for project lora ****
make -j15 all 
arm-none-eabi-size  lora.elf 
   text	   data	    bss	    dec	    hex	filename
  36036	    380	   8716	  45132	   b04c	lora.elf
Finished building: default.size.stdout
 
10:39:23 **** Incremental Build of configuration Debug for project lora ****
make -j15 all 
arm-none-eabi-size  lora.elf 
   text	   data	    bss	    dec	    hex	filename
  36036	    380	   8716	  45132	   b04c	lora.elf
Finished building: default.size.stdout
 
10:40:51 **** Incremental Build of configuration Debug for project lora ****
make -j15 all 
arm-none-eabi-gcc "../USB_DEVICE/App/usbd_cdc_if.c" -mcpu=cortex-m7 -std=gnu11 -g3 -DDEBUG -DUSE_HAL_DRIVER -DSTM32F722xx -c -I../Core/Inc -I/Users/liufangzheng/STM32Cube/Repository/STM32Cube_FW_F7_V1.17.3/Drivers/STM32F7xx_HAL_Driver/Inc -I/Users/liufangzheng/STM32Cube/Repository/STM32Cube_FW_F7_V1.17.3/Drivers/STM32F7xx_HAL_Driver/Inc/Legacy -I/Users/liufangzheng/STM32Cube/Repository/STM32Cube_FW_F7_V1.17.3/Drivers/CMSIS/Device/ST/STM32F7xx/Include -I/Users/liufangzheng/STM32Cube/Repository/STM32Cube_FW_F7_V1.17.3/Drivers/CMSIS/Include -I../FATFS/Target -I../FATFS/App -I../USB_DEVICE/App -I../USB_DEVICE/Target -I/Users/liufangzheng/STM32Cube/Repository/STM32Cube_FW_F7_V1.17.3/Middlewares/Third_Party/FatFs/src -I/Users/liufangzheng/STM32Cube/Repository/STM32Cube_FW_F7_V1.17.3/Middlewares/ST/STM32_USB_Device_Library/Core/Inc -I/Users/liufangzheng/STM32Cube/Repository/STM32Cube_FW_F7_V1.17.3/Middlewares/ST/STM32_USB_Device_Library/Class/CDC/Inc -O0 -ffunction-sections -fdata-sections -Wall -fstack-usage -fcyclomatic-complexity -MMD -MP -MF"USB_DEVICE/App/usbd_cdc_if.d" -MT"USB_DEVICE/App/usbd_cdc_if.o" --specs=nano.specs -mfpu=fpv5-sp-d16 -mfloat-abi=hard -mthumb -o "USB_DEVICE/App/usbd_cdc_if.o"
arm-none-eabi-gcc -o "lora.elf" @"objects.list"   -mcpu=cortex-m7 -T"/Users/liufangzheng/Documents/Lab/github/HexSense_MIT/firmware/STM32F722/lora/lora/STM32F722RETX_FLASH.ld" --specs=nosys.specs -Wl,-Map="lora.map" -Wl,--gc-sections -static --specs=nano.specs -mfpu=fpv5-sp-d16 -mfloat-abi=hard -mthumb -Wl,--start-group -lc -lm -Wl,--end-group
Finished building target: lora.elf
 
arm-none-eabi-size  lora.elf 
arm-none-eabi-objdump -h -S lora.elf  > "lora.list"
   text	   data	    bss	    dec	    hex	filename
  36288	    380	   8716	  45384	   b148	lora.elf
Finished building: default.size.stdout
 
Finished building: lora.list
 
10:41:18 **** Incremental Build of configuration Debug for project lora ****
make -j15 all 
arm-none-eabi-size  lora.elf 
   text	   data	    bss	    dec	    hex	filename
  36288	    380	   8716	  45384	   b148	lora.elf
Finished building: default.size.stdout
 
10:57:25 **** Incremental Build of configuration Debug for project lora ****
make -j15 all 
arm-none-eabi-gcc "../USB_DEVICE/Target/usbd_conf.c" -mcpu=cortex-m7 -std=gnu11 -g3 -DDEBUG -DUSE_HAL_DRIVER -DSTM32F722xx -c -I../Core/Inc -I/Users/liufangzheng/STM32Cube/Repository/STM32Cube_FW_F7_V1.17.3/Drivers/STM32F7xx_HAL_Driver/Inc -I/Users/liufangzheng/STM32Cube/Repository/STM32Cube_FW_F7_V1.17.3/Drivers/STM32F7xx_HAL_Driver/Inc/Legacy -I/Users/liufangzheng/STM32Cube/Repository/STM32Cube_FW_F7_V1.17.3/Drivers/CMSIS/Device/ST/STM32F7xx/Include -I/Users/liufangzheng/STM32Cube/Repository/STM32Cube_FW_F7_V1.17.3/Drivers/CMSIS/Include -I../FATFS/Target -I../FATFS/App -I../USB_DEVICE/App -I../USB_DEVICE/Target -I/Users/liufangzheng/STM32Cube/Repository/STM32Cube_FW_F7_V1.17.3/Middlewares/Third_Party/FatFs/src -I/Users/liufangzheng/STM32Cube/Repository/STM32Cube_FW_F7_V1.17.3/Middlewares/ST/STM32_USB_Device_Library/Core/Inc -I/Users/liufangzheng/STM32Cube/Repository/STM32Cube_FW_F7_V1.17.3/Middlewares/ST/STM32_USB_Device_Library/Class/CDC/Inc -O0 -ffunction-sections -fdata-sections -Wall -fstack-usage -fcyclomatic-complexity -MMD -MP -MF"USB_DEVICE/Target/usbd_conf.d" -MT"USB_DEVICE/Target/usbd_conf.o" --specs=nano.specs -mfpu=fpv5-sp-d16 -mfloat-abi=hard -mthumb -o "USB_DEVICE/Target/usbd_conf.o"
arm-none-eabi-gcc "../USB_DEVICE/App/usb_device.c" -mcpu=cortex-m7 -std=gnu11 -g3 -DDEBUG -DUSE_HAL_DRIVER -DSTM32F722xx -c -I../Core/Inc -I/Users/liufangzheng/STM32Cube/Repository/STM32Cube_FW_F7_V1.17.3/Drivers/STM32F7xx_HAL_Driver/Inc -I/Users/liufangzheng/STM32Cube/Repository/STM32Cube_FW_F7_V1.17.3/Drivers/STM32F7xx_HAL_Driver/Inc/Legacy -I/Users/liufangzheng/STM32Cube/Repository/STM32Cube_FW_F7_V1.17.3/Drivers/CMSIS/Device/ST/STM32F7xx/Include -I/Users/liufangzheng/STM32Cube/Repository/STM32Cube_FW_F7_V1.17.3/Drivers/CMSIS/Include -I../FATFS/Target -I../FATFS/App -I../USB_DEVICE/App -I../USB_DEVICE/Target -I/Users/liufangzheng/STM32Cube/Repository/STM32Cube_FW_F7_V1.17.3/Middlewares/Third_Party/FatFs/src -I/Users/liufangzheng/STM32Cube/Repository/STM32Cube_FW_F7_V1.17.3/Middlewares/ST/STM32_USB_Device_Library/Core/Inc -I/Users/liufangzheng/STM32Cube/Repository/STM32Cube_FW_F7_V1.17.3/Middlewares/ST/STM32_USB_Device_Library/Class/CDC/Inc -O0 -ffunction-sections -fdata-sections -Wall -fstack-usage -fcyclomatic-complexity -MMD -MP -MF"USB_DEVICE/App/usb_device.d" -MT"USB_DEVICE/App/usb_device.o" --specs=nano.specs -mfpu=fpv5-sp-d16 -mfloat-abi=hard -mthumb -o "USB_DEVICE/App/usb_device.o"
arm-none-eabi-gcc "../USB_DEVICE/App/usbd_cdc_if.c" -mcpu=cortex-m7 -std=gnu11 -g3 -DDEBUG -DUSE_HAL_DRIVER -DSTM32F722xx -c -I../Core/Inc -I/Users/liufangzheng/STM32Cube/Repository/STM32Cube_FW_F7_V1.17.3/Drivers/STM32F7xx_HAL_Driver/Inc -I/Users/liufangzheng/STM32Cube/Repository/STM32Cube_FW_F7_V1.17.3/Drivers/STM32F7xx_HAL_Driver/Inc/Legacy -I/Users/liufangzheng/STM32Cube/Repository/STM32Cube_FW_F7_V1.17.3/Drivers/CMSIS/Device/ST/STM32F7xx/Include -I/Users/liufangzheng/STM32Cube/Repository/STM32Cube_FW_F7_V1.17.3/Drivers/CMSIS/Include -I../FATFS/Target -I../FATFS/App -I../USB_DEVICE/App -I../USB_DEVICE/Target -I/Users/liufangzheng/STM32Cube/Repository/STM32Cube_FW_F7_V1.17.3/Middlewares/Third_Party/FatFs/src -I/Users/liufangzheng/STM32Cube/Repository/STM32Cube_FW_F7_V1.17.3/Middlewares/ST/STM32_USB_Device_Library/Core/Inc -I/Users/liufangzheng/STM32Cube/Repository/STM32Cube_FW_F7_V1.17.3/Middlewares/ST/STM32_USB_Device_Library/Class/CDC/Inc -O0 -ffunction-sections -fdata-sections -Wall -fstack-usage -fcyclomatic-complexity -MMD -MP -MF"USB_DEVICE/App/usbd_cdc_if.d" -MT"USB_DEVICE/App/usbd_cdc_if.o" --specs=nano.specs -mfpu=fpv5-sp-d16 -mfloat-abi=hard -mthumb -o "USB_DEVICE/App/usbd_cdc_if.o"
arm-none-eabi-gcc "../USB_DEVICE/App/usbd_desc.c" -mcpu=cortex-m7 -std=gnu11 -g3 -DDEBUG -DUSE_HAL_DRIVER -DSTM32F722xx -c -I../Core/Inc -I/Users/liufangzheng/STM32Cube/Repository/STM32Cube_FW_F7_V1.17.3/Drivers/STM32F7xx_HAL_Driver/Inc -I/Users/liufangzheng/STM32Cube/Repository/STM32Cube_FW_F7_V1.17.3/Drivers/STM32F7xx_HAL_Driver/Inc/Legacy -I/Users/liufangzheng/STM32Cube/Repository/STM32Cube_FW_F7_V1.17.3/Drivers/CMSIS/Device/ST/STM32F7xx/Include -I/Users/liufangzheng/STM32Cube/Repository/STM32Cube_FW_F7_V1.17.3/Drivers/CMSIS/Include -I../FATFS/Target -I../FATFS/App -I../USB_DEVICE/App -I../USB_DEVICE/Target -I/Users/liufangzheng/STM32Cube/Repository/STM32Cube_FW_F7_V1.17.3/Middlewares/Third_Party/FatFs/src -I/Users/liufangzheng/STM32Cube/Repository/STM32Cube_FW_F7_V1.17.3/Middlewares/ST/STM32_USB_Device_Library/Core/Inc -I/Users/liufangzheng/STM32Cube/Repository/STM32Cube_FW_F7_V1.17.3/Middlewares/ST/STM32_USB_Device_Library/Class/CDC/Inc -O0 -ffunction-sections -fdata-sections -Wall -fstack-usage -fcyclomatic-complexity -MMD -MP -MF"USB_DEVICE/App/usbd_desc.d" -MT"USB_DEVICE/App/usbd_desc.o" --specs=nano.specs -mfpu=fpv5-sp-d16 -mfloat-abi=hard -mthumb -o "USB_DEVICE/App/usbd_desc.o"
arm-none-eabi-gcc "/Users/liufangzheng/STM32Cube/Repository/STM32Cube_FW_F7_V1.17.3/Middlewares/ST/STM32_USB_Device_Library/Class/CDC/Src/usbd_cdc.c" -mcpu=cortex-m7 -std=gnu11 -g3 -DDEBUG -DUSE_HAL_DRIVER -DSTM32F722xx -c -I../Core/Inc -I/Users/liufangzheng/STM32Cube/Repository/STM32Cube_FW_F7_V1.17.3/Drivers/STM32F7xx_HAL_Driver/Inc -I/Users/liufangzheng/STM32Cube/Repository/STM32Cube_FW_F7_V1.17.3/Drivers/STM32F7xx_HAL_Driver/Inc/Legacy -I/Users/liufangzheng/STM32Cube/Repository/STM32Cube_FW_F7_V1.17.3/Drivers/CMSIS/Device/ST/STM32F7xx/Include -I/Users/liufangzheng/STM32Cube/Repository/STM32Cube_FW_F7_V1.17.3/Drivers/CMSIS/Include -I../FATFS/Target -I../FATFS/App -I../USB_DEVICE/App -I../USB_DEVICE/Target -I/Users/liufangzheng/STM32Cube/Repository/STM32Cube_FW_F7_V1.17.3/Middlewares/Third_Party/FatFs/src -I/Users/liufangzheng/STM32Cube/Repository/STM32Cube_FW_F7_V1.17.3/Middlewares/ST/STM32_USB_Device_Library/Core/Inc -I/Users/liufangzheng/STM32Cube/Repository/STM32Cube_FW_F7_V1.17.3/Middlewares/ST/STM32_USB_Device_Library/Class/CDC/Inc -O0 -ffunction-sections -fdata-sections -Wall -fstack-usage -fcyclomatic-complexity -MMD -MP -MF"Middlewares/USB_Device_Library/usbd_cdc.d" -MT"Middlewares/USB_Device_Library/usbd_cdc.o" --specs=nano.specs -mfpu=fpv5-sp-d16 -mfloat-abi=hard -mthumb -o "Middlewares/USB_Device_Library/usbd_cdc.o"
arm-none-eabi-gcc "/Users/liufangzheng/STM32Cube/Repository/STM32Cube_FW_F7_V1.17.3/Middlewares/ST/STM32_USB_Device_Library/Core/Src/usbd_core.c" -mcpu=cortex-m7 -std=gnu11 -g3 -DDEBUG -DUSE_HAL_DRIVER -DSTM32F722xx -c -I../Core/Inc -I/Users/liufangzheng/STM32Cube/Repository/STM32Cube_FW_F7_V1.17.3/Drivers/STM32F7xx_HAL_Driver/Inc -I/Users/liufangzheng/STM32Cube/Repository/STM32Cube_FW_F7_V1.17.3/Drivers/STM32F7xx_HAL_Driver/Inc/Legacy -I/Users/liufangzheng/STM32Cube/Repository/STM32Cube_FW_F7_V1.17.3/Drivers/CMSIS/Device/ST/STM32F7xx/Include -I/Users/liufangzheng/STM32Cube/Repository/STM32Cube_FW_F7_V1.17.3/Drivers/CMSIS/Include -I../FATFS/Target -I../FATFS/App -I../USB_DEVICE/App -I../USB_DEVICE/Target -I/Users/liufangzheng/STM32Cube/Repository/STM32Cube_FW_F7_V1.17.3/Middlewares/Third_Party/FatFs/src -I/Users/liufangzheng/STM32Cube/Repository/STM32Cube_FW_F7_V1.17.3/Middlewares/ST/STM32_USB_Device_Library/Core/Inc -I/Users/liufangzheng/STM32Cube/Repository/STM32Cube_FW_F7_V1.17.3/Middlewares/ST/STM32_USB_Device_Library/Class/CDC/Inc -O0 -ffunction-sections -fdata-sections -Wall -fstack-usage -fcyclomatic-complexity -MMD -MP -MF"Middlewares/USB_Device_Library/usbd_core.d" -MT"Middlewares/USB_Device_Library/usbd_core.o" --specs=nano.specs -mfpu=fpv5-sp-d16 -mfloat-abi=hard -mthumb -o "Middlewares/USB_Device_Library/usbd_core.o"
arm-none-eabi-gcc "/Users/liufangzheng/STM32Cube/Repository/STM32Cube_FW_F7_V1.17.3/Middlewares/ST/STM32_USB_Device_Library/Core/Src/usbd_ctlreq.c" -mcpu=cortex-m7 -std=gnu11 -g3 -DDEBUG -DUSE_HAL_DRIVER -DSTM32F722xx -c -I../Core/Inc -I/Users/liufangzheng/STM32Cube/Repository/STM32Cube_FW_F7_V1.17.3/Drivers/STM32F7xx_HAL_Driver/Inc -I/Users/liufangzheng/STM32Cube/Repository/STM32Cube_FW_F7_V1.17.3/Drivers/STM32F7xx_HAL_Driver/Inc/Legacy -I/Users/liufangzheng/STM32Cube/Repository/STM32Cube_FW_F7_V1.17.3/Drivers/CMSIS/Device/ST/STM32F7xx/Include -I/Users/liufangzheng/STM32Cube/Repository/STM32Cube_FW_F7_V1.17.3/Drivers/CMSIS/Include -I../FATFS/Target -I../FATFS/App -I../USB_DEVICE/App -I../USB_DEVICE/Target -I/Users/liufangzheng/STM32Cube/Repository/STM32Cube_FW_F7_V1.17.3/Middlewares/Third_Party/FatFs/src -I/Users/liufangzheng/STM32Cube/Repository/STM32Cube_FW_F7_V1.17.3/Middlewares/ST/STM32_USB_Device_Library/Core/Inc -I/Users/liufangzheng/STM32Cube/Repository/STM32Cube_FW_F7_V1.17.3/Middlewares/ST/STM32_USB_Device_Library/Class/CDC/Inc -O0 -ffunction-sections -fdata-sections -Wall -fstack-usage -fcyclomatic-complexity -MMD -MP -MF"Middlewares/USB_Device_Library/usbd_ctlreq.d" -MT"Middlewares/USB_Device_Library/usbd_ctlreq.o" --specs=nano.specs -mfpu=fpv5-sp-d16 -mfloat-abi=hard -mthumb -o "Middlewares/USB_Device_Library/usbd_ctlreq.o"
arm-none-eabi-gcc "/Users/liufangzheng/STM32Cube/Repository/STM32Cube_FW_F7_V1.17.3/Middlewares/ST/STM32_USB_Device_Library/Core/Src/usbd_ioreq.c" -mcpu=cortex-m7 -std=gnu11 -g3 -DDEBUG -DUSE_HAL_DRIVER -DSTM32F722xx -c -I../Core/Inc -I/Users/liufangzheng/STM32Cube/Repository/STM32Cube_FW_F7_V1.17.3/Drivers/STM32F7xx_HAL_Driver/Inc -I/Users/liufangzheng/STM32Cube/Repository/STM32Cube_FW_F7_V1.17.3/Drivers/STM32F7xx_HAL_Driver/Inc/Legacy -I/Users/liufangzheng/STM32Cube/Repository/STM32Cube_FW_F7_V1.17.3/Drivers/CMSIS/Device/ST/STM32F7xx/Include -I/Users/liufangzheng/STM32Cube/Repository/STM32Cube_FW_F7_V1.17.3/Drivers/CMSIS/Include -I../FATFS/Target -I../FATFS/App -I../USB_DEVICE/App -I../USB_DEVICE/Target -I/Users/liufangzheng/STM32Cube/Repository/STM32Cube_FW_F7_V1.17.3/Middlewares/Third_Party/FatFs/src -I/Users/liufangzheng/STM32Cube/Repository/STM32Cube_FW_F7_V1.17.3/Middlewares/ST/STM32_USB_Device_Library/Core/Inc -I/Users/liufangzheng/STM32Cube/Repository/STM32Cube_FW_F7_V1.17.3/Middlewares/ST/STM32_USB_Device_Library/Class/CDC/Inc -O0 -ffunction-sections -fdata-sections -Wall -fstack-usage -fcyclomatic-complexity -MMD -MP -MF"Middlewares/USB_Device_Library/usbd_ioreq.d" -MT"Middlewares/USB_Device_Library/usbd_ioreq.o" --specs=nano.specs -mfpu=fpv5-sp-d16 -mfloat-abi=hard -mthumb -o "Middlewares/USB_Device_Library/usbd_ioreq.o"
arm-none-eabi-gcc "/Users/liufangzheng/STM32Cube/Repository/STM32Cube_FW_F7_V1.17.3/Middlewares/Third_Party/FatFs/src/diskio.c" -mcpu=cortex-m7 -std=gnu11 -g3 -DDEBUG -DUSE_HAL_DRIVER -DSTM32F722xx -c -I../Core/Inc -I/Users/liufangzheng/STM32Cube/Repository/STM32Cube_FW_F7_V1.17.3/Drivers/STM32F7xx_HAL_Driver/Inc -I/Users/liufangzheng/STM32Cube/Repository/STM32Cube_FW_F7_V1.17.3/Drivers/STM32F7xx_HAL_Driver/Inc/Legacy -I/Users/liufangzheng/STM32Cube/Repository/STM32Cube_FW_F7_V1.17.3/Drivers/CMSIS/Device/ST/STM32F7xx/Include -I/Users/liufangzheng/STM32Cube/Repository/STM32Cube_FW_F7_V1.17.3/Drivers/CMSIS/Include -I../FATFS/Target -I../FATFS/App -I../USB_DEVICE/App -I../USB_DEVICE/Target -I/Users/liufangzheng/STM32Cube/Repository/STM32Cube_FW_F7_V1.17.3/Middlewares/Third_Party/FatFs/src -I/Users/liufangzheng/STM32Cube/Repository/STM32Cube_FW_F7_V1.17.3/Middlewares/ST/STM32_USB_Device_Library/Core/Inc -I/Users/liufangzheng/STM32Cube/Repository/STM32Cube_FW_F7_V1.17.3/Middlewares/ST/STM32_USB_Device_Library/Class/CDC/Inc -O0 -ffunction-sections -fdata-sections -Wall -fstack-usage -fcyclomatic-complexity -MMD -MP -MF"Middlewares/FatFs/diskio.d" -MT"Middlewares/FatFs/diskio.o" --specs=nano.specs -mfpu=fpv5-sp-d16 -mfloat-abi=hard -mthumb -o "Middlewares/FatFs/diskio.o"
arm-none-eabi-gcc "/Users/liufangzheng/STM32Cube/Repository/STM32Cube_FW_F7_V1.17.3/Middlewares/Third_Party/FatFs/src/ff.c" -mcpu=cortex-m7 -std=gnu11 -g3 -DDEBUG -DUSE_HAL_DRIVER -DSTM32F722xx -c -I../Core/Inc -I/Users/liufangzheng/STM32Cube/Repository/STM32Cube_FW_F7_V1.17.3/Drivers/STM32F7xx_HAL_Driver/Inc -I/Users/liufangzheng/STM32Cube/Repository/STM32Cube_FW_F7_V1.17.3/Drivers/STM32F7xx_HAL_Driver/Inc/Legacy -I/Users/liufangzheng/STM32Cube/Repository/STM32Cube_FW_F7_V1.17.3/Drivers/CMSIS/Device/ST/STM32F7xx/Include -I/Users/liufangzheng/STM32Cube/Repository/STM32Cube_FW_F7_V1.17.3/Drivers/CMSIS/Include -I../FATFS/Target -I../FATFS/App -I../USB_DEVICE/App -I../USB_DEVICE/Target -I/Users/liufangzheng/STM32Cube/Repository/STM32Cube_FW_F7_V1.17.3/Middlewares/Third_Party/FatFs/src -I/Users/liufangzheng/STM32Cube/Repository/STM32Cube_FW_F7_V1.17.3/Middlewares/ST/STM32_USB_Device_Library/Core/Inc -I/Users/liufangzheng/STM32Cube/Repository/STM32Cube_FW_F7_V1.17.3/Middlewares/ST/STM32_USB_Device_Library/Class/CDC/Inc -O0 -ffunction-sections -fdata-sections -Wall -fstack-usage -fcyclomatic-complexity -MMD -MP -MF"Middlewares/FatFs/ff.d" -MT"Middlewares/FatFs/ff.o" --specs=nano.specs -mfpu=fpv5-sp-d16 -mfloat-abi=hard -mthumb -o "Middlewares/FatFs/ff.o"
arm-none-eabi-gcc "/Users/liufangzheng/STM32Cube/Repository/STM32Cube_FW_F7_V1.17.3/Middlewares/Third_Party/FatFs/src/ff_gen_drv.c" -mcpu=cortex-m7 -std=gnu11 -g3 -DDEBUG -DUSE_HAL_DRIVER -DSTM32F722xx -c -I../Core/Inc -I/Users/liufangzheng/STM32Cube/Repository/STM32Cube_FW_F7_V1.17.3/Drivers/STM32F7xx_HAL_Driver/Inc -I/Users/liufangzheng/STM32Cube/Repository/STM32Cube_FW_F7_V1.17.3/Drivers/STM32F7xx_HAL_Driver/Inc/Legacy -I/Users/liufangzheng/STM32Cube/Repository/STM32Cube_FW_F7_V1.17.3/Drivers/CMSIS/Device/ST/STM32F7xx/Include -I/Users/liufangzheng/STM32Cube/Repository/STM32Cube_FW_F7_V1.17.3/Drivers/CMSIS/Include -I../FATFS/Target -I../FATFS/App -I../USB_DEVICE/App -I../USB_DEVICE/Target -I/Users/liufangzheng/STM32Cube/Repository/STM32Cube_FW_F7_V1.17.3/Middlewares/Third_Party/FatFs/src -I/Users/liufangzheng/STM32Cube/Repository/STM32Cube_FW_F7_V1.17.3/Middlewares/ST/STM32_USB_Device_Library/Core/Inc -I/Users/liufangzheng/STM32Cube/Repository/STM32Cube_FW_F7_V1.17.3/Middlewares/ST/STM32_USB_Device_Library/Class/CDC/Inc -O0 -ffunction-sections -fdata-sections -Wall -fstack-usage -fcyclomatic-complexity -MMD -MP -MF"Middlewares/FatFs/ff_gen_drv.d" -MT"Middlewares/FatFs/ff_gen_drv.o" --specs=nano.specs -mfpu=fpv5-sp-d16 -mfloat-abi=hard -mthumb -o "Middlewares/FatFs/ff_gen_drv.o"
arm-none-eabi-gcc "/Users/liufangzheng/STM32Cube/Repository/STM32Cube_FW_F7_V1.17.3/Middlewares/Third_Party/FatFs/src/option/syscall.c" -mcpu=cortex-m7 -std=gnu11 -g3 -DDEBUG -DUSE_HAL_DRIVER -DSTM32F722xx -c -I../Core/Inc -I/Users/liufangzheng/STM32Cube/Repository/STM32Cube_FW_F7_V1.17.3/Drivers/STM32F7xx_HAL_Driver/Inc -I/Users/liufangzheng/STM32Cube/Repository/STM32Cube_FW_F7_V1.17.3/Drivers/STM32F7xx_HAL_Driver/Inc/Legacy -I/Users/liufangzheng/STM32Cube/Repository/STM32Cube_FW_F7_V1.17.3/Drivers/CMSIS/Device/ST/STM32F7xx/Include -I/Users/liufangzheng/STM32Cube/Repository/STM32Cube_FW_F7_V1.17.3/Drivers/CMSIS/Include -I../FATFS/Target -I../FATFS/App -I../USB_DEVICE/App -I../USB_DEVICE/Target -I/Users/liufangzheng/STM32Cube/Repository/STM32Cube_FW_F7_V1.17.3/Middlewares/Third_Party/FatFs/src -I/Users/liufangzheng/STM32Cube/Repository/STM32Cube_FW_F7_V1.17.3/Middlewares/ST/STM32_USB_Device_Library/Core/Inc -I/Users/liufangzheng/STM32Cube/Repository/STM32Cube_FW_F7_V1.17.3/Middlewares/ST/STM32_USB_Device_Library/Class/CDC/Inc -O0 -ffunction-sections -fdata-sections -Wall -fstack-usage -fcyclomatic-complexity -MMD -MP -MF"Middlewares/FatFs/syscall.d" -MT"Middlewares/FatFs/syscall.o" --specs=nano.specs -mfpu=fpv5-sp-d16 -mfloat-abi=hard -mthumb -o "Middlewares/FatFs/syscall.o"
arm-none-eabi-gcc "../FATFS/Target/user_diskio.c" -mcpu=cortex-m7 -std=gnu11 -g3 -DDEBUG -DUSE_HAL_DRIVER -DSTM32F722xx -c -I../Core/Inc -I/Users/liufangzheng/STM32Cube/Repository/STM32Cube_FW_F7_V1.17.3/Drivers/STM32F7xx_HAL_Driver/Inc -I/Users/liufangzheng/STM32Cube/Repository/STM32Cube_FW_F7_V1.17.3/Drivers/STM32F7xx_HAL_Driver/Inc/Legacy -I/Users/liufangzheng/STM32Cube/Repository/STM32Cube_FW_F7_V1.17.3/Drivers/CMSIS/Device/ST/STM32F7xx/Include -I/Users/liufangzheng/STM32Cube/Repository/STM32Cube_FW_F7_V1.17.3/Drivers/CMSIS/Include -I../FATFS/Target -I../FATFS/App -I../USB_DEVICE/App -I../USB_DEVICE/Target -I/Users/liufangzheng/STM32Cube/Repository/STM32Cube_FW_F7_V1.17.3/Middlewares/Third_Party/FatFs/src -I/Users/liufangzheng/STM32Cube/Repository/STM32Cube_FW_F7_V1.17.3/Middlewares/ST/STM32_USB_Device_Library/Core/Inc -I/Users/liufangzheng/STM32Cube/Repository/STM32Cube_FW_F7_V1.17.3/Middlewares/ST/STM32_USB_Device_Library/Class/CDC/Inc -O0 -ffunction-sections -fdata-sections -Wall -fstack-usage -fcyclomatic-complexity -MMD -MP -MF"FATFS/Target/user_diskio.d" -MT"FATFS/Target/user_diskio.o" --specs=nano.specs -mfpu=fpv5-sp-d16 -mfloat-abi=hard -mthumb -o "FATFS/Target/user_diskio.o"
arm-none-eabi-gcc "../FATFS/App/fatfs.c" -mcpu=cortex-m7 -std=gnu11 -g3 -DDEBUG -DUSE_HAL_DRIVER -DSTM32F722xx -c -I../Core/Inc -I/Users/liufangzheng/STM32Cube/Repository/STM32Cube_FW_F7_V1.17.3/Drivers/STM32F7xx_HAL_Driver/Inc -I/Users/liufangzheng/STM32Cube/Repository/STM32Cube_FW_F7_V1.17.3/Drivers/STM32F7xx_HAL_Driver/Inc/Legacy -I/Users/liufangzheng/STM32Cube/Repository/STM32Cube_FW_F7_V1.17.3/Drivers/CMSIS/Device/ST/STM32F7xx/Include -I/Users/liufangzheng/STM32Cube/Repository/STM32Cube_FW_F7_V1.17.3/Drivers/CMSIS/Include -I../FATFS/Target -I../FATFS/App -I../USB_DEVICE/App -I../USB_DEVICE/Target -I/Users/liufangzheng/STM32Cube/Repository/STM32Cube_FW_F7_V1.17.3/Middlewares/Third_Party/FatFs/src -I/Users/liufangzheng/STM32Cube/Repository/STM32Cube_FW_F7_V1.17.3/Middlewares/ST/STM32_USB_Device_Library/Core/Inc -I/Users/liufangzheng/STM32Cube/Repository/STM32Cube_FW_F7_V1.17.3/Middlewares/ST/STM32_USB_Device_Library/Class/CDC/Inc -O0 -ffunction-sections -fdata-sections -Wall -fstack-usage -fcyclomatic-complexity -MMD -MP -MF"FATFS/App/fatfs.d" -MT"FATFS/App/fatfs.o" --specs=nano.specs -mfpu=fpv5-sp-d16 -mfloat-abi=hard -mthumb -o "FATFS/App/fatfs.o"
arm-none-eabi-gcc "../Core/Src/lora_fz.c" -mcpu=cortex-m7 -std=gnu11 -g3 -DDEBUG -DUSE_HAL_DRIVER -DSTM32F722xx -c -I../Core/Inc -I/Users/liufangzheng/STM32Cube/Repository/STM32Cube_FW_F7_V1.17.3/Drivers/STM32F7xx_HAL_Driver/Inc -I/Users/liufangzheng/STM32Cube/Repository/STM32Cube_FW_F7_V1.17.3/Drivers/STM32F7xx_HAL_Driver/Inc/Legacy -I/Users/liufangzheng/STM32Cube/Repository/STM32Cube_FW_F7_V1.17.3/Drivers/CMSIS/Device/ST/STM32F7xx/Include -I/Users/liufangzheng/STM32Cube/Repository/STM32Cube_FW_F7_V1.17.3/Drivers/CMSIS/Include -I../FATFS/Target -I../FATFS/App -I../USB_DEVICE/App -I../USB_DEVICE/Target -I/Users/liufangzheng/STM32Cube/Repository/STM32Cube_FW_F7_V1.17.3/Middlewares/Third_Party/FatFs/src -I/Users/liufangzheng/STM32Cube/Repository/STM32Cube_FW_F7_V1.17.3/Middlewares/ST/STM32_USB_Device_Library/Core/Inc -I/Users/liufangzheng/STM32Cube/Repository/STM32Cube_FW_F7_V1.17.3/Middlewares/ST/STM32_USB_Device_Library/Class/CDC/Inc -O0 -ffunction-sections -fdata-sections -Wall -fstack-usage -fcyclomatic-complexity -MMD -MP -MF"Core/Src/lora_fz.d" -MT"Core/Src/lora_fz.o" --specs=nano.specs -mfpu=fpv5-sp-d16 -mfloat-abi=hard -mthumb -o "Core/Src/lora_fz.o"
In file included from ../Core/Src/lora_fz.c:8:
../Core/Inc/lora_fz.h:30:1: error: unknown type name 'u_int8_t'; did you mean 'uint8_t'?
   30 | u_int8_t RF95_ReadReg(u_int8_t addr);
      | ^~~~~~~~
      | uint8_t
../Core/Inc/lora_fz.h:30:23: error: unknown type name 'u_int8_t'; did you mean 'uint8_t'?
   30 | u_int8_t RF95_ReadReg(u_int8_t addr);
      |                       ^~~~~~~~
      |                       uint8_t
../Core/Inc/lora_fz.h:32:18: error: unknown type name 'Role'
   32 | void RF9597_Init(Role role,
      |                  ^~~~
../Core/Inc/lora_fz.h:33:41: error: expected ';', ',' or ')' before '=' token
   33 |                  unsigned int frequency = 915E6,
      |                                         ^
make: *** [Core/Src/subdir.mk:37: Core/Src/lora_fz.o] Error 1
make: *** Waiting for unfinished jobs....
"make -j15 all" terminated with exit code 2. Build might be incomplete.
10:58:02 **** Incremental Build of configuration Debug for project lora ****
make -j15 all 
arm-none-eabi-gcc "../Core/Src/lora_fz.c" -mcpu=cortex-m7 -std=gnu11 -g3 -DDEBUG -DUSE_HAL_DRIVER -DSTM32F722xx -c -I../Core/Inc -I/Users/liufangzheng/STM32Cube/Repository/STM32Cube_FW_F7_V1.17.3/Drivers/STM32F7xx_HAL_Driver/Inc -I/Users/liufangzheng/STM32Cube/Repository/STM32Cube_FW_F7_V1.17.3/Drivers/STM32F7xx_HAL_Driver/Inc/Legacy -I/Users/liufangzheng/STM32Cube/Repository/STM32Cube_FW_F7_V1.17.3/Drivers/CMSIS/Device/ST/STM32F7xx/Include -I/Users/liufangzheng/STM32Cube/Repository/STM32Cube_FW_F7_V1.17.3/Drivers/CMSIS/Include -I../FATFS/Target -I../FATFS/App -I../USB_DEVICE/App -I../USB_DEVICE/Target -I/Users/liufangzheng/STM32Cube/Repository/STM32Cube_FW_F7_V1.17.3/Middlewares/Third_Party/FatFs/src -I/Users/liufangzheng/STM32Cube/Repository/STM32Cube_FW_F7_V1.17.3/Middlewares/ST/STM32_USB_Device_Library/Core/Inc -I/Users/liufangzheng/STM32Cube/Repository/STM32Cube_FW_F7_V1.17.3/Middlewares/ST/STM32_USB_Device_Library/Class/CDC/Inc -O0 -ffunction-sections -fdata-sections -Wall -fstack-usage -fcyclomatic-complexity -MMD -MP -MF"Core/Src/lora_fz.d" -MT"Core/Src/lora_fz.o" --specs=nano.specs -mfpu=fpv5-sp-d16 -mfloat-abi=hard -mthumb -o "Core/Src/lora_fz.o"
arm-none-eabi-gcc "../Core/Src/main.c" -mcpu=cortex-m7 -std=gnu11 -g3 -DDEBUG -DUSE_HAL_DRIVER -DSTM32F722xx -c -I../Core/Inc -I/Users/liufangzheng/STM32Cube/Repository/STM32Cube_FW_F7_V1.17.3/Drivers/STM32F7xx_HAL_Driver/Inc -I/Users/liufangzheng/STM32Cube/Repository/STM32Cube_FW_F7_V1.17.3/Drivers/STM32F7xx_HAL_Driver/Inc/Legacy -I/Users/liufangzheng/STM32Cube/Repository/STM32Cube_FW_F7_V1.17.3/Drivers/CMSIS/Device/ST/STM32F7xx/Include -I/Users/liufangzheng/STM32Cube/Repository/STM32Cube_FW_F7_V1.17.3/Drivers/CMSIS/Include -I../FATFS/Target -I../FATFS/App -I../USB_DEVICE/App -I../USB_DEVICE/Target -I/Users/liufangzheng/STM32Cube/Repository/STM32Cube_FW_F7_V1.17.3/Middlewares/Third_Party/FatFs/src -I/Users/liufangzheng/STM32Cube/Repository/STM32Cube_FW_F7_V1.17.3/Middlewares/ST/STM32_USB_Device_Library/Core/Inc -I/Users/liufangzheng/STM32Cube/Repository/STM32Cube_FW_F7_V1.17.3/Middlewares/ST/STM32_USB_Device_Library/Class/CDC/Inc -O0 -ffunction-sections -fdata-sections -Wall -fstack-usage -fcyclomatic-complexity -MMD -MP -MF"Core/Src/main.d" -MT"Core/Src/main.o" --specs=nano.specs -mfpu=fpv5-sp-d16 -mfloat-abi=hard -mthumb -o "Core/Src/main.o"
arm-none-eabi-gcc "../Core/Src/stm32f7xx_hal_msp.c" -mcpu=cortex-m7 -std=gnu11 -g3 -DDEBUG -DUSE_HAL_DRIVER -DSTM32F722xx -c -I../Core/Inc -I/Users/liufangzheng/STM32Cube/Repository/STM32Cube_FW_F7_V1.17.3/Drivers/STM32F7xx_HAL_Driver/Inc -I/Users/liufangzheng/STM32Cube/Repository/STM32Cube_FW_F7_V1.17.3/Drivers/STM32F7xx_HAL_Driver/Inc/Legacy -I/Users/liufangzheng/STM32Cube/Repository/STM32Cube_FW_F7_V1.17.3/Drivers/CMSIS/Device/ST/STM32F7xx/Include -I/Users/liufangzheng/STM32Cube/Repository/STM32Cube_FW_F7_V1.17.3/Drivers/CMSIS/Include -I../FATFS/Target -I../FATFS/App -I../USB_DEVICE/App -I../USB_DEVICE/Target -I/Users/liufangzheng/STM32Cube/Repository/STM32Cube_FW_F7_V1.17.3/Middlewares/Third_Party/FatFs/src -I/Users/liufangzheng/STM32Cube/Repository/STM32Cube_FW_F7_V1.17.3/Middlewares/ST/STM32_USB_Device_Library/Core/Inc -I/Users/liufangzheng/STM32Cube/Repository/STM32Cube_FW_F7_V1.17.3/Middlewares/ST/STM32_USB_Device_Library/Class/CDC/Inc -O0 -ffunction-sections -fdata-sections -Wall -fstack-usage -fcyclomatic-complexity -MMD -MP -MF"Core/Src/stm32f7xx_hal_msp.d" -MT"Core/Src/stm32f7xx_hal_msp.o" --specs=nano.specs -mfpu=fpv5-sp-d16 -mfloat-abi=hard -mthumb -o "Core/Src/stm32f7xx_hal_msp.o"
arm-none-eabi-gcc "../Core/Src/stm32f7xx_it.c" -mcpu=cortex-m7 -std=gnu11 -g3 -DDEBUG -DUSE_HAL_DRIVER -DSTM32F722xx -c -I../Core/Inc -I/Users/liufangzheng/STM32Cube/Repository/STM32Cube_FW_F7_V1.17.3/Drivers/STM32F7xx_HAL_Driver/Inc -I/Users/liufangzheng/STM32Cube/Repository/STM32Cube_FW_F7_V1.17.3/Drivers/STM32F7xx_HAL_Driver/Inc/Legacy -I/Users/liufangzheng/STM32Cube/Repository/STM32Cube_FW_F7_V1.17.3/Drivers/CMSIS/Device/ST/STM32F7xx/Include -I/Users/liufangzheng/STM32Cube/Repository/STM32Cube_FW_F7_V1.17.3/Drivers/CMSIS/Include -I../FATFS/Target -I../FATFS/App -I../USB_DEVICE/App -I../USB_DEVICE/Target -I/Users/liufangzheng/STM32Cube/Repository/STM32Cube_FW_F7_V1.17.3/Middlewares/Third_Party/FatFs/src -I/Users/liufangzheng/STM32Cube/Repository/STM32Cube_FW_F7_V1.17.3/Middlewares/ST/STM32_USB_Device_Library/Core/Inc -I/Users/liufangzheng/STM32Cube/Repository/STM32Cube_FW_F7_V1.17.3/Middlewares/ST/STM32_USB_Device_Library/Class/CDC/Inc -O0 -ffunction-sections -fdata-sections -Wall -fstack-usage -fcyclomatic-complexity -MMD -MP -MF"Core/Src/stm32f7xx_it.d" -MT"Core/Src/stm32f7xx_it.o" --specs=nano.specs -mfpu=fpv5-sp-d16 -mfloat-abi=hard -mthumb -o "Core/Src/stm32f7xx_it.o"
[...]
 
Finished building: lora.list
 
19:48:43 **** Incremental Build of configuration Debug for project lora ****
make -j15 all 
arm-none-eabi-gcc "../Core/Src/lora_fz.c" -mcpu=cortex-m7 -std=gnu11 -g3 -DDEBUG -DUSE_HAL_DRIVER -DSTM32F722xx -c -I../Core/Inc -I/Users/liufangzheng/STM32Cube/Repository/STM32Cube_FW_F7_V1.17.3/Drivers/STM32F7xx_HAL_Driver/Inc -I/Users/liufangzheng/STM32Cube/Repository/STM32Cube_FW_F7_V1.17.3/Drivers/STM32F7xx_HAL_Driver/Inc/Legacy -I/Users/liufangzheng/STM32Cube/Repository/STM32Cube_FW_F7_V1.17.3/Drivers/CMSIS/Device/ST/STM32F7xx/Include -I/Users/liufangzheng/STM32Cube/Repository/STM32Cube_FW_F7_V1.17.3/Drivers/CMSIS/Include -I../FATFS/Target -I../FATFS/App -I../USB_DEVICE/App -I../USB_DEVICE/Target -I/Users/liufangzheng/STM32Cube/Repository/STM32Cube_FW_F7_V1.17.3/Middlewares/Third_Party/FatFs/src -I/Users/liufangzheng/STM32Cube/Repository/STM32Cube_FW_F7_V1.17.3/Middlewares/ST/STM32_USB_Device_Library/Core/Inc -I/Users/liufangzheng/STM32Cube/Repository/STM32Cube_FW_F7_V1.17.3/Middlewares/ST/STM32_USB_Device_Library/Class/CDC/Inc -O0 -ffunction-sections -fdata-sections -Wall -fstack-usage -fcyclomatic-complexity -MMD -MP -MF"Core/Src/lora_fz.d" -MT"Core/Src/lora_fz.o" --specs=nano.specs -mfpu=fpv5-sp-d16 -mfloat-abi=hard -mthumb -o "Core/Src/lora_fz.o"
arm-none-eabi-gcc "../Core/Src/main.c" -mcpu=cortex-m7 -std=gnu11 -g3 -DDEBUG -DUSE_HAL_DRIVER -DSTM32F722xx -c -I../Core/Inc -I/Users/liufangzheng/STM32Cube/Repository/STM32Cube_FW_F7_V1.17.3/Drivers/STM32F7xx_HAL_Driver/Inc -I/Users/liufangzheng/STM32Cube/Repository/STM32Cube_FW_F7_V1.17.3/Drivers/STM32F7xx_HAL_Driver/Inc/Legacy -I/Users/liufangzheng/STM32Cube/Repository/STM32Cube_FW_F7_V1.17.3/Drivers/CMSIS/Device/ST/STM32F7xx/Include -I/Users/liufangzheng/STM32Cube/Repository/STM32Cube_FW_F7_V1.17.3/Drivers/CMSIS/Include -I../FATFS/Target -I../FATFS/App -I../USB_DEVICE/App -I../USB_DEVICE/Target -I/Users/liufangzheng/STM32Cube/Repository/STM32Cube_FW_F7_V1.17.3/Middlewares/Third_Party/FatFs/src -I/Users/liufangzheng/STM32Cube/Repository/STM32Cube_FW_F7_V1.17.3/Middlewares/ST/STM32_USB_Device_Library/Core/Inc -I/Users/liufangzheng/STM32Cube/Repository/STM32Cube_FW_F7_V1.17.3/Middlewares/ST/STM32_USB_Device_Library/Class/CDC/Inc -O0 -ffunction-sections -fdata-sections -Wall -fstack-usage -fcyclomatic-complexity -MMD -MP -MF"Core/Src/main.d" -MT"Core/Src/main.o" --specs=nano.specs -mfpu=fpv5-sp-d16 -mfloat-abi=hard -mthumb -o "Core/Src/main.o"
arm-none-eabi-gcc -o "lora.elf" @"objects.list"   -mcpu=cortex-m7 -T"/Users/liufangzheng/Documents/Lab/github/HexSense_MIT/firmware/STM32F722/lora/lora/STM32F722RETX_FLASH.ld" --specs=nosys.specs -Wl,-Map="lora.map" -Wl,--gc-sections -static --specs=nano.specs -mfpu=fpv5-sp-d16 -mfloat-abi=hard -mthumb -Wl,--start-group -lc -lm -Wl,--end-group
Finished building target: lora.elf
 
arm-none-eabi-size  lora.elf 
arm-none-eabi-objdump -h -S lora.elf  > "lora.list"
   text	   data	    bss	    dec	    hex	filename
  41780	    392	   8720	  50892	   c6cc	lora.elf
Finished building: default.size.stdout
 
Finished building: lora.list
 
19:48:58 **** Incremental Build of configuration Debug for project lora ****
make -j15 all 
arm-none-eabi-size  lora.elf 
   text	   data	    bss	    dec	    hex	filename
  41780	    392	   8720	  50892	   c6cc	lora.elf
Finished building: default.size.stdout
 
19:51:26 **** Incremental Build of configuration Debug for project lora ****
make -j15 all 
arm-none-eabi-gcc "../Core/Src/lora_fz.c" -mcpu=cortex-m7 -std=gnu11 -g3 -DDEBUG -DUSE_HAL_DRIVER -DSTM32F722xx -c -I../Core/Inc -I/Users/liufangzheng/STM32Cube/Repository/STM32Cube_FW_F7_V1.17.3/Drivers/STM32F7xx_HAL_Driver/Inc -I/Users/liufangzheng/STM32Cube/Repository/STM32Cube_FW_F7_V1.17.3/Drivers/STM32F7xx_HAL_Driver/Inc/Legacy -I/Users/liufangzheng/STM32Cube/Repository/STM32Cube_FW_F7_V1.17.3/Drivers/CMSIS/Device/ST/STM32F7xx/Include -I/Users/liufangzheng/STM32Cube/Repository/STM32Cube_FW_F7_V1.17.3/Drivers/CMSIS/Include -I../FATFS/Target -I../FATFS/App -I../USB_DEVICE/App -I../USB_DEVICE/Target -I/Users/liufangzheng/STM32Cube/Repository/STM32Cube_FW_F7_V1.17.3/Middlewares/Third_Party/FatFs/src -I/Users/liufangzheng/STM32Cube/Repository/STM32Cube_FW_F7_V1.17.3/Middlewares/ST/STM32_USB_Device_Library/Core/Inc -I/Users/liufangzheng/STM32Cube/Repository/STM32Cube_FW_F7_V1.17.3/Middlewares/ST/STM32_USB_Device_Library/Class/CDC/Inc -O0 -ffunction-sections -fdata-sections -Wall -fstack-usage -fcyclomatic-complexity -MMD -MP -MF"Core/Src/lora_fz.d" -MT"Core/Src/lora_fz.o" --specs=nano.specs -mfpu=fpv5-sp-d16 -mfloat-abi=hard -mthumb -o "Core/Src/lora_fz.o"
arm-none-eabi-gcc "../Core/Src/main.c" -mcpu=cortex-m7 -std=gnu11 -g3 -DDEBUG -DUSE_HAL_DRIVER -DSTM32F722xx -c -I../Core/Inc -I/Users/liufangzheng/STM32Cube/Repository/STM32Cube_FW_F7_V1.17.3/Drivers/STM32F7xx_HAL_Driver/Inc -I/Users/liufangzheng/STM32Cube/Repository/STM32Cube_FW_F7_V1.17.3/Drivers/STM32F7xx_HAL_Driver/Inc/Legacy -I/Users/liufangzheng/STM32Cube/Repository/STM32Cube_FW_F7_V1.17.3/Drivers/CMSIS/Device/ST/STM32F7xx/Include -I/Users/liufangzheng/STM32Cube/Repository/STM32Cube_FW_F7_V1.17.3/Drivers/CMSIS/Include -I../FATFS/Target -I../FATFS/App -I../USB_DEVICE/App -I../USB_DEVICE/Target -I/Users/liufangzheng/STM32Cube/Repository/STM32Cube_FW_F7_V1.17.3/Middlewares/Third_Party/FatFs/src -I/Users/liufangzheng/STM32Cube/Repository/STM32Cube_FW_F7_V1.17.3/Middlewares/ST/STM32_USB_Device_Library/Core/Inc -I/Users/liufangzheng/STM32Cube/Repository/STM32Cube_FW_F7_V1.17.3/Middlewares/ST/STM32_USB_Device_Library/Class/CDC/Inc -O0 -ffunction-sections -fdata-sections -Wall -fstack-usage -fcyclomatic-complexity -MMD -MP -MF"Core/Src/main.d" -MT"Core/Src/main.o" --specs=nano.specs -mfpu=fpv5-sp-d16 -mfloat-abi=hard -mthumb -o "Core/Src/main.o"
arm-none-eabi-gcc -o "lora.elf" @"objects.list"   -mcpu=cortex-m7 -T"/Users/liufangzheng/Documents/Lab/github/HexSense_MIT/firmware/STM32F722/lora/lora/STM32F722RETX_FLASH.ld" --specs=nosys.specs -Wl,-Map="lora.map" -Wl,--gc-sections -static --specs=nano.specs -mfpu=fpv5-sp-d16 -mfloat-abi=hard -mthumb -Wl,--start-group -lc -lm -Wl,--end-group
Finished building target: lora.elf
 
arm-none-eabi-size  lora.elf 
arm-none-eabi-objdump -h -S lora.elf  > "lora.list"
   text	   data	    bss	    dec	    hex	filename
  41788	    392	   8720	  50900	   c6d4	lora.elf
Finished building: default.size.stdout
 
Finished building: lora.list
 
19:51:47 **** Incremental Build of configuration Debug for project lora ****
make -j15 all 
arm-none-eabi-gcc "../Core/Src/main.c" -mcpu=cortex-m7 -std=gnu11 -g3 -DDEBUG -DUSE_HAL_DRIVER -DSTM32F722xx -c -I../Core/Inc -I/Users/liufangzheng/STM32Cube/Repository/STM32Cube_FW_F7_V1.17.3/Drivers/STM32F7xx_HAL_Driver/Inc -I/Users/liufangzheng/STM32Cube/Repository/STM32Cube_FW_F7_V1.17.3/Drivers/STM32F7xx_HAL_Driver/Inc/Legacy -I/Users/liufangzheng/STM32Cube/Repository/STM32Cube_FW_F7_V1.17.3/Drivers/CMSIS/Device/ST/STM32F7xx/Include -I/Users/liufangzheng/STM32Cube/Repository/STM32Cube_FW_F7_V1.17.3/Drivers/CMSIS/Include -I../FATFS/Target -I../FATFS/App -I../USB_DEVICE/App -I../USB_DEVICE/Target -I/Users/liufangzheng/STM32Cube/Repository/STM32Cube_FW_F7_V1.17.3/Middlewares/Third_Party/FatFs/src -I/Users/liufangzheng/STM32Cube/Repository/STM32Cube_FW_F7_V1.17.3/Middlewares/ST/STM32_USB_Device_Library/Core/Inc -I/Users/liufangzheng/STM32Cube/Repository/STM32Cube_FW_F7_V1.17.3/Middlewares/ST/STM32_USB_Device_Library/Class/CDC/Inc -O0 -ffunction-sections -fdata-sections -Wall -fstack-usage -fcyclomatic-complexity -MMD -MP -MF"Core/Src/main.d" -MT"Core/Src/main.o" --specs=nano.specs -mfpu=fpv5-sp-d16 -mfloat-abi=hard -mthumb -o "Core/Src/main.o"
arm-none-eabi-gcc -o "lora.elf" @"objects.list"   -mcpu=cortex-m7 -T"/Users/liufangzheng/Documents/Lab/github/HexSense_MIT/firmware/STM32F722/lora/lora/STM32F722RETX_FLASH.ld" --specs=nosys.specs -Wl,-Map="lora.map" -Wl,--gc-sections -static --specs=nano.specs -mfpu=fpv5-sp-d16 -mfloat-abi=hard -mthumb -Wl,--start-group -lc -lm -Wl,--end-group
Finished building target: lora.elf
 
arm-none-eabi-size  lora.elf 
arm-none-eabi-objdump -h -S lora.elf  > "lora.list"
   text	   data	    bss	    dec	    hex	filename
  41788	    392	   8720	  50900	   c6d4	lora.elf
Finished building: default.size.stdout
 
Finished building: lora.list
 
19:53:18 **** Incremental Build of configuration Debug for project lora ****
make -j15 all 
arm-none-eabi-gcc "../Core/Src/main.c" -mcpu=cortex-m7 -std=gnu11 -g3 -DDEBUG -DUSE_HAL_DRIVER -DSTM32F722xx -c -I../Core/Inc -I/Users/liufangzheng/STM32Cube/Repository/STM32Cube_FW_F7_V1.17.3/Drivers/STM32F7xx_HAL_Driver/Inc -I/Users/liufangzheng/STM32Cube/Repository/STM32Cube_FW_F7_V1.17.3/Drivers/STM32F7xx_HAL_Driver/Inc/Legacy -I/Users/liufangzheng/STM32Cube/Repository/STM32Cube_FW_F7_V1.17.3/Drivers/CMSIS/Device/ST/STM32F7xx/Include -I/Users/liufangzheng/STM32Cube/Repository/STM32Cube_FW_F7_V1.17.3/Drivers/CMSIS/Include -I../FATFS/Target -I../FATFS/App -I../USB_DEVICE/App -I../USB_DEVICE/Target -I/Users/liufangzheng/STM32Cube/Repository/STM32Cube_FW_F7_V1.17.3/Middlewares/Third_Party/FatFs/src -I/Users/liufangzheng/STM32Cube/Repository/STM32Cube_FW_F7_V1.17.3/Middlewares/ST/STM32_USB_Device_Library/Core/Inc -I/Users/liufangzheng/STM32Cube/Repository/STM32Cube_FW_F7_V1.17.3/Middlewares/ST/STM32_USB_Device_Library/Class/CDC/Inc -O0 -ffunction-sections -fdata-sections -Wall -fstack-usage -fcyclomatic-complexity -MMD -MP -MF"Core/Src/main.d" -MT"Core/Src/main.o" --specs=nano.specs -mfpu=fpv5-sp-d16 -mfloat-abi=hard -mthumb -o "Core/Src/main.o"
arm-none-eabi-gcc -o "lora.elf" @"objects.list"   -mcpu=cortex-m7 -T"/Users/liufangzheng/Documents/Lab/github/HexSense_MIT/firmware/STM32F722/lora/lora/STM32F722RETX_FLASH.ld" --specs=nosys.specs -Wl,-Map="lora.map" -Wl,--gc-sections -static --specs=nano.specs -mfpu=fpv5-sp-d16 -mfloat-abi=hard -mthumb -Wl,--start-group -lc -lm -Wl,--end-group
Finished building target: lora.elf
 
arm-none-eabi-size  lora.elf 
arm-none-eabi-objdump -h -S lora.elf  > "lora.list"
   text	   data	    bss	    dec	    hex	filename
  41788	    392	   8720	  50900	   c6d4	lora.elf
Finished building: default.size.stdout
 
Finished building: lora.list
 
19:53:33 **** Incremental Build of configuration Debug for project lora ****
make -j15 all 
arm-none-eabi-size  lora.elf 
   text	   data	    bss	    dec	    hex	filename
  41788	    392	   8720	  50900	   c6d4	lora.elf
Finished building: default.size.stdout
 
19:53:49 **** Incremental Build of configuration Debug for project lora ****
make -j15 all 
arm-none-eabi-gcc "../Core/Src/main.c" -mcpu=cortex-m7 -std=gnu11 -g3 -DDEBUG -DUSE_HAL_DRIVER -DSTM32F722xx -c -I../Core/Inc -I/Users/liufangzheng/STM32Cube/Repository/STM32Cube_FW_F7_V1.17.3/Drivers/STM32F7xx_HAL_Driver/Inc -I/Users/liufangzheng/STM32Cube/Repository/STM32Cube_FW_F7_V1.17.3/Drivers/STM32F7xx_HAL_Driver/Inc/Legacy -I/Users/liufangzheng/STM32Cube/Repository/STM32Cube_FW_F7_V1.17.3/Drivers/CMSIS/Device/ST/STM32F7xx/Include -I/Users/liufangzheng/STM32Cube/Repository/STM32Cube_FW_F7_V1.17.3/Drivers/CMSIS/Include -I../FATFS/Target -I../FATFS/App -I../USB_DEVICE/App -I../USB_DEVICE/Target -I/Users/liufangzheng/STM32Cube/Repository/STM32Cube_FW_F7_V1.17.3/Middlewares/Third_Party/FatFs/src -I/Users/liufangzheng/STM32Cube/Repository/STM32Cube_FW_F7_V1.17.3/Middlewares/ST/STM32_USB_Device_Library/Core/Inc -I/Users/liufangzheng/STM32Cube/Repository/STM32Cube_FW_F7_V1.17.3/Middlewares/ST/STM32_USB_Device_Library/Class/CDC/Inc -O0 -ffunction-sections -fdata-sections -Wall -fstack-usage -fcyclomatic-complexity -MMD -MP -MF"Core/Src/main.d" -MT"Core/Src/main.o" --specs=nano.specs -mfpu=fpv5-sp-d16 -mfloat-abi=hard -mthumb -o "Core/Src/main.o"
arm-none-eabi-gcc -o "lora.elf" @"objects.list"   -mcpu=cortex-m7 -T"/Users/liufangzheng/Documents/Lab/github/HexSense_MIT/firmware/STM32F722/lora/lora/STM32F722RETX_FLASH.ld" --specs=nosys.specs -Wl,-Map="lora.map" -Wl,--gc-sections -static --specs=nano.specs -mfpu=fpv5-sp-d16 -mfloat-abi=hard -mthumb -Wl,--start-group -lc -lm -Wl,--end-group
Finished building target: lora.elf
 
arm-none-eabi-size  lora.elf 
arm-none-eabi-objdump -h -S lora.elf  > "lora.list"
   text	   data	    bss	    dec	    hex	filename
  41788	    392	   8720	  50900	   c6d4	lora.elf
Finished building: default.size.stdout
 
Finished building: lora.list
 
19:57:09 **** Incremental Build of configuration Debug for project lora ****
make -j15 all 
arm-none-eabi-gcc "../Core/Src/lora_fz.c" -mcpu=cortex-m7 -std=gnu11 -g3 -DDEBUG -DUSE_HAL_DRIVER -DSTM32F722xx -c -I../Core/Inc -I/Users/liufangzheng/STM32Cube/Repository/STM32Cube_FW_F7_V1.17.3/Drivers/STM32F7xx_HAL_Driver/Inc -I/Users/liufangzheng/STM32Cube/Repository/STM32Cube_FW_F7_V1.17.3/Drivers/STM32F7xx_HAL_Driver/Inc/Legacy -I/Users/liufangzheng/STM32Cube/Repository/STM32Cube_FW_F7_V1.17.3/Drivers/CMSIS/Device/ST/STM32F7xx/Include -I/Users/liufangzheng/STM32Cube/Repository/STM32Cube_FW_F7_V1.17.3/Drivers/CMSIS/Include -I../FATFS/Target -I../FATFS/App -I../USB_DEVICE/App -I../USB_DEVICE/Target -I/Users/liufangzheng/STM32Cube/Repository/STM32Cube_FW_F7_V1.17.3/Middlewares/Third_Party/FatFs/src -I/Users/liufangzheng/STM32Cube/Repository/STM32Cube_FW_F7_V1.17.3/Middlewares/ST/STM32_USB_Device_Library/Core/Inc -I/Users/liufangzheng/STM32Cube/Repository/STM32Cube_FW_F7_V1.17.3/Middlewares/ST/STM32_USB_Device_Library/Class/CDC/Inc -O0 -ffunction-sections -fdata-sections -Wall -fstack-usage -fcyclomatic-complexity -MMD -MP -MF"Core/Src/lora_fz.d" -MT"Core/Src/lora_fz.o" --specs=nano.specs -mfpu=fpv5-sp-d16 -mfloat-abi=hard -mthumb -o "Core/Src/lora_fz.o"
arm-none-eabi-gcc "../Core/Src/main.c" -mcpu=cortex-m7 -std=gnu11 -g3 -DDEBUG -DUSE_HAL_DRIVER -DSTM32F722xx -c -I../Core/Inc -I/Users/liufangzheng/STM32Cube/Repository/STM32Cube_FW_F7_V1.17.3/Drivers/STM32F7xx_HAL_Driver/Inc -I/Users/liufangzheng/STM32Cube/Repository/STM32Cube_FW_F7_V1.17.3/Drivers/STM32F7xx_HAL_Driver/Inc/Legacy -I/Users/liufangzheng/STM32Cube/Repository/STM32Cube_FW_F7_V1.17.3/Drivers/CMSIS/Device/ST/STM32F7xx/Include -I/Users/liufangzheng/STM32Cube/Repository/STM32Cube_FW_F7_V1.17.3/Drivers/CMSIS/Include -I../FATFS/Target -I../FATFS/App -I../USB_DEVICE/App -I../USB_DEVICE/Target -I/Users/liufangzheng/STM32Cube/Repository/STM32Cube_FW_F7_V1.17.3/Middlewares/Third_Party/FatFs/src -I/Users/liufangzheng/STM32Cube/Repository/STM32Cube_FW_F7_V1.17.3/Middlewares/ST/STM32_USB_Device_Library/Core/Inc -I/Users/liufangzheng/STM32Cube/Repository/STM32Cube_FW_F7_V1.17.3/Middlewares/ST/STM32_USB_Device_Library/Class/CDC/Inc -O0 -ffunction-sections -fdata-sections -Wall -fstack-usage -fcyclomatic-complexity -MMD -MP -MF"Core/Src/main.d" -MT"Core/Src/main.o" --specs=nano.specs -mfpu=fpv5-sp-d16 -mfloat-abi=hard -mthumb -o "Core/Src/main.o"
arm-none-eabi-gcc -o "lora.elf" @"objects.list"   -mcpu=cortex-m7 -T"/Users/liufangzheng/Documents/Lab/github/HexSense_MIT/firmware/STM32F722/lora/lora/STM32F722RETX_FLASH.ld" --specs=nosys.specs -Wl,-Map="lora.map" -Wl,--gc-sections -static --specs=nano.specs -mfpu=fpv5-sp-d16 -mfloat-abi=hard -mthumb -Wl,--start-group -lc -lm -Wl,--end-group
Finished building target: lora.elf
 
arm-none-eabi-size  lora.elf 
arm-none-eabi-objdump -h -S lora.elf  > "lora.list"
   text	   data	    bss	    dec	    hex	filename
  41824	    392	   8720	  50936	   c6f8	lora.elf
Finished building: default.size.stdout
 
Finished building: lora.list
 
19:57:23 **** Incremental Build of configuration Debug for project lora ****
make -j15 all 
arm-none-eabi-size  lora.elf 
   text	   data	    bss	    dec	    hex	filename
  41824	    392	   8720	  50936	   c6f8	lora.elf
Finished building: default.size.stdout
 
19:59:08 **** Incremental Build of configuration Debug for project lora ****
make -j15 all 
arm-none-eabi-gcc "../Core/Src/main.c" -mcpu=cortex-m7 -std=gnu11 -g3 -DDEBUG -DUSE_HAL_DRIVER -DSTM32F722xx -c -I../Core/Inc -I/Users/liufangzheng/STM32Cube/Repository/STM32Cube_FW_F7_V1.17.3/Drivers/STM32F7xx_HAL_Driver/Inc -I/Users/liufangzheng/STM32Cube/Repository/STM32Cube_FW_F7_V1.17.3/Drivers/STM32F7xx_HAL_Driver/Inc/Legacy -I/Users/liufangzheng/STM32Cube/Repository/STM32Cube_FW_F7_V1.17.3/Drivers/CMSIS/Device/ST/STM32F7xx/Include -I/Users/liufangzheng/STM32Cube/Repository/STM32Cube_FW_F7_V1.17.3/Drivers/CMSIS/Include -I../FATFS/Target -I../FATFS/App -I../USB_DEVICE/App -I../USB_DEVICE/Target -I/Users/liufangzheng/STM32Cube/Repository/STM32Cube_FW_F7_V1.17.3/Middlewares/Third_Party/FatFs/src -I/Users/liufangzheng/STM32Cube/Repository/STM32Cube_FW_F7_V1.17.3/Middlewares/ST/STM32_USB_Device_Library/Core/Inc -I/Users/liufangzheng/STM32Cube/Repository/STM32Cube_FW_F7_V1.17.3/Middlewares/ST/STM32_USB_Device_Library/Class/CDC/Inc -O0 -ffunction-sections -fdata-sections -Wall -fstack-usage -fcyclomatic-complexity -MMD -MP -MF"Core/Src/main.d" -MT"Core/Src/main.o" --specs=nano.specs -mfpu=fpv5-sp-d16 -mfloat-abi=hard -mthumb -o "Core/Src/main.o"
arm-none-eabi-gcc -o "lora.elf" @"objects.list"   -mcpu=cortex-m7 -T"/Users/liufangzheng/Documents/Lab/github/HexSense_MIT/firmware/STM32F722/lora/lora/STM32F722RETX_FLASH.ld" --specs=nosys.specs -Wl,-Map="lora.map" -Wl,--gc-sections -static --specs=nano.specs -mfpu=fpv5-sp-d16 -mfloat-abi=hard -mthumb -Wl,--start-group -lc -lm -Wl,--end-group
Finished building target: lora.elf
 
arm-none-eabi-size  lora.elf 
arm-none-eabi-objdump -h -S lora.elf  > "lora.list"
   text	   data	    bss	    dec	    hex	filename
  41832	    392	   8720	  50944	   c700	lora.elf
Finished building: default.size.stdout
 
Finished building: lora.list
 
19:59:18 **** Incremental Build of configuration Debug for project lora ****
make -j15 all 
arm-none-eabi-size  lora.elf 
   text	   data	    bss	    dec	    hex	filename
  41832	    392	   8720	  50944	   c700	lora.elf
Finished building: default.size.stdout
 
20:01:02 **** Incremental Build of configuration Debug for project lora ****
make -j15 all 
arm-none-eabi-gcc "../Core/Src/main.c" -mcpu=cortex-m7 -std=gnu11 -g3 -DDEBUG -DUSE_HAL_DRIVER -DSTM32F722xx -c -I../Core/Inc -I/Users/liufangzheng/STM32Cube/Repository/STM32Cube_FW_F7_V1.17.3/Drivers/STM32F7xx_HAL_Driver/Inc -I/Users/liufangzheng/STM32Cube/Repository/STM32Cube_FW_F7_V1.17.3/Drivers/STM32F7xx_HAL_Driver/Inc/Legacy -I/Users/liufangzheng/STM32Cube/Repository/STM32Cube_FW_F7_V1.17.3/Drivers/CMSIS/Device/ST/STM32F7xx/Include -I/Users/liufangzheng/STM32Cube/Repository/STM32Cube_FW_F7_V1.17.3/Drivers/CMSIS/Include -I../FATFS/Target -I../FATFS/App -I../USB_DEVICE/App -I../USB_DEVICE/Target -I/Users/liufangzheng/STM32Cube/Repository/STM32Cube_FW_F7_V1.17.3/Middlewares/Third_Party/FatFs/src -I/Users/liufangzheng/STM32Cube/Repository/STM32Cube_FW_F7_V1.17.3/Middlewares/ST/STM32_USB_Device_Library/Core/Inc -I/Users/liufangzheng/STM32Cube/Repository/STM32Cube_FW_F7_V1.17.3/Middlewares/ST/STM32_USB_Device_Library/Class/CDC/Inc -O0 -ffunction-sections -fdata-sections -Wall -fstack-usage -fcyclomatic-complexity -MMD -MP -MF"Core/Src/main.d" -MT"Core/Src/main.o" --specs=nano.specs -mfpu=fpv5-sp-d16 -mfloat-abi=hard -mthumb -o "Core/Src/main.o"
arm-none-eabi-gcc -o "lora.elf" @"objects.list"   -mcpu=cortex-m7 -T"/Users/liufangzheng/Documents/Lab/github/HexSense_MIT/firmware/STM32F722/lora/lora/STM32F722RETX_FLASH.ld" --specs=nosys.specs -Wl,-Map="lora.map" -Wl,--gc-sections -static --specs=nano.specs -mfpu=fpv5-sp-d16 -mfloat-abi=hard -mthumb -Wl,--start-group -lc -lm -Wl,--end-group
Finished building target: lora.elf
 
arm-none-eabi-size  lora.elf 
arm-none-eabi-objdump -h -S lora.elf  > "lora.list"
   text	   data	    bss	    dec	    hex	filename
  41824	    392	   8720	  50936	   c6f8	lora.elf
Finished building: default.size.stdout
 
Finished building: lora.list
 
20:01:13 **** Incremental Build of configuration Debug for project lora ****
make -j15 all 
arm-none-eabi-size  lora.elf 
   text	   data	    bss	    dec	    hex	filename
  41824	    392	   8720	  50936	   c6f8	lora.elf
Finished building: default.size.stdout
 
